COCS release pipeline — tag=release-pipeline-rehearsal-worktree-2026-09-22-2 target=windows mode=DRY-RUN
  state    /tmp/opencode/cocs-release-release-pipeline-rehearsal-worktree-2026-09-22-2 (created, append-only)
  run      runs/20260922T173544Z-2500585
[1/6] preflight
  warn     HEAD is detached; releasing the commit directly (no local branch recorded)
  HEAD     13b9372da4d6 (detached)
  tag      release-pipeline-rehearsal-worktree-2026-09-22-2 is free on godot and in mojomast/cocs-godot
  tree     clean (0 verification report file(s) exempt, 0 untracked recorded)
  godot    4.5.2.stable.official.6ce3de25a (/home/mojo/.hermes-instances/fresh/workspace/godot-toolchain/Godot_v4.5.2-stable_linux.x86_64)
  archive  editor.zip 67.3 MiB sha512 ✓
  archive  templates.tpz 1290.4 MiB sha512 ✓
  notes    port/combat-expansion/RELEASE_NOTES.md (4573 bytes) title "COCS: DESTINATIONS — combat expansion (development prerelease)"
  workflow windows-demo.yml on ref main (tag input present)
  warn     frozen commit 13b9372da4d6 is not on godot yet; the tag would target refs/heads/main instead
  ✔ preflight 2.09s (ok)
[2/6] verification
  env      GODOT_BIN, PORT=0, TMPDIR=/tmp/opencode, XDG_* under runtime
  DRY-RUN  python3 tools/godot-dev/verify.py
  ○ verification 0s (skipped-dry-run)
[3/6] package
  state    /tmp/opencode/cocs-release-release-pipeline-rehearsal-worktree-2026-09-22-2/package-state
  DRY-RUN  python3 tools/godot-package/build.py --target windows --state /tmp/opencode/cocs-release-release-pipeline-rehearsal-worktree-2026-09-22-2/package-state --archive-directory /home/mojo/.hermes-instances/fresh/workspace/godot-toolchain --operator-models source-operators
  ○ package 0s (skipped-dry-run)
[4/6] publish
  archive  (planned by the package step; no bytes to publish in a dry run)
  target   refs/heads/main
  DRY-RUN  gh release create release-pipeline-rehearsal-worktree-2026-09-22-2 "cocs-native-<target>.zip" "cocs-native-<target>.zip.sha256" --repo mojomast/cocs-godot --title "COCS: DESTINATIONS — combat expansion (development prerelease)" --notes-file /tmp/opencode/cocs-release-rehearsal/port/combat-expansion/RELEASE_NOTES.md --prerelease --target refs/heads/main
  ○ publish 0s (skipped-dry-run)
[5/6] verify
  DRY-RUN  gh workflow run windows-demo.yml --repo mojomast/cocs-godot --ref main -f tag=release-pipeline-rehearsal-worktree-2026-09-22-2
  note     dry run: the hosted run URL only exists after an --execute publish
  ○ verify 0s (skipped-dry-run)
[6/6] push
  DRY-RUN  git push godot 13b9372da4d69ab96d9bfd691549abffb39b4764:refs/heads/main
  note     dry run: the push above is planned and only happens after a passing hosted run
  ○ push 0s (skipped-dry-run)

DRY RUN complete — no build, release, workflow dispatch or push was performed.
Re-run with --execute to perform the 6 steps.
summary: /tmp/opencode/cocs-release-release-pipeline-rehearsal-worktree-2026-09-22-2/runs/20260922T173544Z-2500585/summary.json
