Godot Engine v4.5.2.stable.official.6ce3de25a - https://godotengine.org
WARNING: Could not set V-Sync mode, as changing V-Sync mode is not supported by the graphics driver.
     at: set_use_vsync (platform/linuxbsd/x11/gl_manager_x11.cpp:364)
OpenGL API 4.5 (Core Profile) Mesa 25.2.8-0ubuntu0.25.10.2 - Compatibility - Using Device: Mesa - llvmpipe (LLVM 20.1.8, 256 bits)

R5_NATIVE_CAPTURE res://../tools/godot-multiplayer/new-maps/gravemill-foundry/revision5/evidence/native/overview-accepted-finish-before.png
R5_NATIVE_CAPTURE res://../tools/godot-multiplayer/new-maps/gravemill-foundry/revision5/evidence/native/crusher-eye-accepted-finish-before.png
R5_NATIVE_CAPTURE res://../tools/godot-multiplayer/new-maps/gravemill-foundry/revision5/evidence/native/crusher-maintenance-accepted-finish-before.png
R5_NATIVE_CAPTURE res://../tools/godot-multiplayer/new-maps/gravemill-foundry/revision5/evidence/native/furnace-eye-accepted-finish-before.png
R5_NATIVE_CAPTURE res://../tools/godot-multiplayer/new-maps/gravemill-foundry/revision5/evidence/native/transfer-eye-accepted-finish-before.png
R5_NATIVE_CAPTURE res://../tools/godot-multiplayer/new-maps/gravemill-foundry/revision5/evidence/native/kiln-eye-accepted-finish-before.png
R5_NATIVE_CAPTURE res://../tools/godot-multiplayer/new-maps/gravemill-foundry/revision5/evidence/native/crusher-roofline-accepted-finish-before.png
R5_NATIVE_CAPTURE res://../tools/godot-multiplayer/new-maps/gravemill-foundry/revision5/evidence/native/furnace-skyline-accepted-finish-before.png
R5_NATIVE_CAPTURE res://../tools/godot-multiplayer/new-maps/gravemill-foundry/revision5/evidence/native/cooling-eye-accepted-finish-before.png
R5_NATIVE_CAPTURE res://../tools/godot-multiplayer/new-maps/gravemill-foundry/revision5/evidence/native/bunker-player-accepted-finish-before.png
R5_NATIVE_CAPTURE res://../tools/godot-multiplayer/new-maps/gravemill-foundry/revision5/evidence/native/tipple-player-accepted-finish-before.png
R5_NATIVE_CAPTURE res://../tools/godot-multiplayer/new-maps/gravemill-foundry/revision5/evidence/native/overview-candidate-runtime-r5.png
R5_NATIVE_CAPTURE res://../tools/godot-multiplayer/new-maps/gravemill-foundry/revision5/evidence/native/crusher-eye-candidate-runtime-r5.png
R5_NATIVE_CAPTURE res://../tools/godot-multiplayer/new-maps/gravemill-foundry/revision5/evidence/native/crusher-maintenance-candidate-runtime-r5.png
R5_NATIVE_CAPTURE res://../tools/godot-multiplayer/new-maps/gravemill-foundry/revision5/evidence/native/furnace-eye-candidate-runtime-r5.png
R5_NATIVE_CAPTURE res://../tools/godot-multiplayer/new-maps/gravemill-foundry/revision5/evidence/native/transfer-eye-candidate-runtime-r5.png
R5_NATIVE_CAPTURE res://../tools/godot-multiplayer/new-maps/gravemill-foundry/revision5/evidence/native/kiln-eye-candidate-runtime-r5.png
R5_NATIVE_CAPTURE res://../tools/godot-multiplayer/new-maps/gravemill-foundry/revision5/evidence/native/crusher-roofline-candidate-runtime-r5.png
R5_NATIVE_CAPTURE res://../tools/godot-multiplayer/new-maps/gravemill-foundry/revision5/evidence/native/furnace-skyline-candidate-runtime-r5.png
R5_NATIVE_CAPTURE res://../tools/godot-multiplayer/new-maps/gravemill-foundry/revision5/evidence/native/cooling-eye-candidate-runtime-r5.png
R5_NATIVE_CAPTURE res://../tools/godot-multiplayer/new-maps/gravemill-foundry/revision5/evidence/native/bunker-player-candidate-runtime-r5.png
R5_NATIVE_CAPTURE res://../tools/godot-multiplayer/new-maps/gravemill-foundry/revision5/evidence/native/tipple-player-candidate-runtime-r5.png
R5_CAPTURE_COMPLETE 22
