13:56:58 | INFO: Data are loaded, start creating Blender stuff
13:56:58 | INFO: Blender create Mesh node batch-soot
13:56:58 | INFO: Blender create Mesh node batch-mineral
13:56:58 | INFO: Blender create Mesh node batch-copper
13:56:58 | INFO: Blender create Mesh node batch-brass
13:56:58 | INFO: Blender create Mesh node batch-ore
13:56:58 | INFO: Blender create Mesh node batch-orange
13:56:58 | INFO: Blender create Mesh node batch-chalk
13:56:58 | INFO: Blender create Mesh node batch-cooling-floor
13:56:59 | INFO: glTF import finished in 0.09s
Info: Packed 30 file(s)
Info: Saved as "gravemill-foundry-revision5.blend"
INFO Draco mesh compression is available, use library at /home/mojo/.tmp-on-disk/cocs-blender-toolchain/blender-4.5.14-linux-x64/4.5/scripts/addons_core/io_scene_gltf2/libextern_draco.so
13:56:59 | INFO: Starting glTF 2.0 export
13:56:59 | INFO: Extracting primitive: G1.headframe.0.cable.001
13:56:59 | INFO: Primitives created: 1
13:56:59 | INFO: Extracting primitive: G1.headframe.0.crossrail.001
13:56:59 | INFO: Primitives created: 1
13:56:59 | INFO: Extracting primitive: G1.headframe.0.hookblock.001
13:56:59 | INFO: Primitives created: 1
13:56:59 | INFO: Extracting primitive: G2.furnace.0.casing.003
13:56:59 | INFO: Primitives created: 1
13:56:59 | INFO: Extracting primitive: G2.furnace.0.tap-platform.001
13:56:59 | INFO: Primitives created: 1
13:56:59 | INFO: Extracting primitive: G3.tipple.51.arch.001
13:56:59 | INFO: Primitives created: 1
13:56:59 | INFO: Extracting primitive: G3.tipple.51.grain-deck.001
13:56:59 | INFO: Primitives created: 1
13:56:59 | INFO: Extracting primitive: G5.bunker.0.surge.001
13:56:59 | INFO: Primitives created: 1
13:56:59 | INFO: Extracting primitive: batch-soot
13:56:59 | INFO: Primitives created: 1
13:56:59 | INFO: Extracting primitive: batch-mineral
13:56:59 | INFO: Primitives created: 1
13:56:59 | INFO: Extracting primitive: batch-copper
13:56:59 | INFO: Primitives created: 1
13:56:59 | INFO: Extracting primitive: batch-brass
13:56:59 | INFO: Primitives created: 1
13:56:59 | INFO: Extracting primitive: batch-ore
13:56:59 | INFO: Primitives created: 1
13:56:59 | INFO: Extracting primitive: batch-orange
13:56:59 | INFO: Primitives created: 1
13:56:59 | INFO: Extracting primitive: batch-chalk
13:56:59 | INFO: Primitives created: 1
13:56:59 | INFO: Extracting primitive: batch-cooling-floor
13:56:59 | INFO: Primitives created: 1
13:56:59 | INFO: Finished glTF 2.0 export in 0.2819960117340088 s

FOUNDRY_R5_EXPORT {"sourceObjects": 270, "exportBatches": 16, "master": {"sha256": "9daa85cd9a2622b28cc4c0639288bf2b9b0f08ca124a4aa0bed64db246fbeaeb", "bytes": 5937518}, "glb": {"sha256": "fdedc5b44a8a1ecd322ce08986c15360978e95274c512f1522195ffd584ea203", "bytes": 12389736}}
Blender 4.5.14 LTS (hash 62c1db4208e8 built 2026-09-15 01:31:19)

Blender quit
