$ git rev-parse HEAD
13b9372da4d69ab96d9bfd691549abffb39b4764
$ git status --porcelain=v1 -uall
$ python3 tools/godot-dev/verify.py
gate-runner-tests: PASS
ci-artifact-tests: PASS
export-tests: PASS
moth-export: PASS
gltf-sides: FAIL
TAP version 13
# node:internal/modules/package_json_reader:314
#   throw new ERR_MODULE_NOT_FOUND(packageName, fileURLToPath(base), null);
#         ^
# Error [ERR_MODULE_NOT_FOUND]: Cannot find package 'three' imported from /tmp/opencode/cocs-release-rehearsal/tools/godot-export/gltf_side.test.mjs
#     at Object.getPackageJSONURL (node:internal/modules/package_json_reader:314:9)
#     at packageResolve (node:internal/modules/esm/resolve:768:81)
#     at moduleResolve (node:internal/modules/esm/resolve:855:18)
#     at defaultResolve (node:internal/modules/esm/resolve:985:11)
#     at \#cachedDefaultResolve (node:internal/modules/esm/loader:747:20)
#     at ModuleLoader.resolve (node:internal/modules/esm/loader:724:38)
#     at ModuleLoader.getModuleJobForImport (node:internal/modules/esm/loader:320:38)
#     at ModuleJob._link (node:internal/modules/esm/module_job:182:49) {
#   code: 'ERR_MODULE_NOT_FOUND'
# }
# Node.js v22.23.1
# Subtest: tools/godot-export/gltf_side.test.mjs
not ok 1 - tools/godot-export/gltf_side.test.mjs
  ---
  duration_ms: 21.003843
  type: 'test'
  location: '/tmp/opencode/cocs-release-rehearsal/tools/godot-export/gltf_side.test.mjs:1:1'
  failureType: 'testCodeFailure'
  exitCode: 1
  signal: ~
  error: 'test failed'
  code: 'ERR_TEST_FAILURE'
  ...
1..1
# tests 1
# suites 0
# pass 0
# fail 1
# cancelled 0
# skipped 0
# todo 0
# duration_ms 24.896302

