TAP version 13
# Subtest: GEAR saves the career profile but an existing actor keeps its loadout until next match
ok 1 - GEAR saves the career profile but an existing actor keeps its loadout until next match
  ---
  duration_ms: 21.418525
  type: 'test'
  ...
# Subtest: source room issues owned welcome, profile read, start and progression update
ok 2 - source room issues owned welcome, profile read, start and progression update
  ---
  duration_ms: 1219.385081
  type: 'test'
  ...
# Subtest: list answers rooms with the exact summary fields the browser renders
ok 3 - list answers rooms with the exact summary fields the browser renders
  ---
  duration_ms: 22.285248
  type: 'test'
  ...
# Subtest: chat is room-scoped, sanitized, and shared with a seated spectator
ok 4 - chat is room-scoped, sanitized, and shared with a seated spectator
  ---
  duration_ms: 14.14006
  type: 'test'
  ...
# Subtest: the source ceiling counts UTF-16 units and trims JS whitespace
ok 5 - the source ceiling counts UTF-16 units and trims JS whitespace
  ---
  duration_ms: 403.457629
  type: 'test'
  ...
# Subtest: the 300 ms source floor drops a same-peer chat burst
ok 6 - the 300 ms source floor drops a same-peer chat burst
  ---
  duration_ms: 404.409503
  type: 'test'
  ...
# Subtest: chat without a seat and an unknown verb answer a correlated error
ok 7 - chat without a seat and an unknown verb answer a correlated error
  ---
  duration_ms: 2.208919
  type: 'test'
  ...
# Subtest: source authority survives close and recreation with the same profile, award and gear
ok 8 - source authority survives close and recreation with the same profile, award and gear
  ---
  duration_ms: 20.462313
  type: 'test'
  ...
# Subtest: owned authority and external guest coexist; only the same authority scope contends
ok 9 - owned authority and external guest coexist; only the same authority scope contends
  ---
  duration_ms: 1.099059
  type: 'test'
  ...
# Subtest: malformed existing store blocks minting and releases lease; stale crash lease is reclaimable
ok 10 - malformed existing store blocks minting and releases lease; stale crash lease is reclaimable
  ---
  duration_ms: 0.557444
  type: 'test'
  ...
# Subtest: shared legacy credentials migrate only the requested scope without deleting the original
ok 11 - shared legacy credentials migrate only the requested scope without deleting the original
  ---
  duration_ms: 0.660387
  type: 'test'
  ...
# Subtest: competing process cannot open an owned store; crashed owner lease is recovered
ok 12 - competing process cannot open an owned store; crashed owner lease is recovered
  ---
  duration_ms: 30.593031
  type: 'test'
  ...
# Subtest: package Horde synthetic factory: exit
ok 13 - package Horde synthetic factory: exit
  ---
  duration_ms: 79.609697
  type: 'test'
  ...
# Subtest: package Horde synthetic factory: native-failure
ok 14 - package Horde synthetic factory: native-failure
  ---
  duration_ms: 66.246132
  type: 'test'
  ...
# Subtest: package Horde synthetic factory: native-crash
ok 15 - package Horde synthetic factory: native-crash
  ---
  duration_ms: 68.613808
  type: 'test'
  ...
# Subtest: package Horde synthetic factory: missing-native
ok 16 - package Horde synthetic factory: missing-native
  ---
  duration_ms: 58.926801
  type: 'test'
  ...
# Subtest: package Horde synthetic factory: interrupt
ok 17 - package Horde synthetic factory: interrupt
  ---
  duration_ms: 167.142266
  type: 'test'
  ...
# Subtest: package Horde synthetic factory: terminate
ok 18 - package Horde synthetic factory: terminate
  ---
  duration_ms: 184.875248
  type: 'test'
  ...
# Subtest: package Horde synthetic factory: server-failure
ok 19 - package Horde synthetic factory: server-failure
  ---
  duration_ms: 348.812419
  type: 'test'
  ...
# Subtest: package Horde synthetic factory: listen-failure
ok 20 - package Horde synthetic factory: listen-failure
  ---
  duration_ms: 34.443404
  type: 'test'
  ...
# Subtest: package Horde synthetic factory: factory-failure
ok 21 - package Horde synthetic factory: factory-failure
  ---
  duration_ms: 35.614198
  type: 'test'
  ...
# Subtest: package Horde synthetic factory: wrong-service
ok 22 - package Horde synthetic factory: wrong-service
  ---
  duration_ms: 49.915539
  type: 'test'
  ...
# Subtest: package Horde synthetic factory: wrong-transport
ok 23 - package Horde synthetic factory: wrong-transport
  ---
  duration_ms: 51.279415
  type: 'test'
  ...
# Subtest: package Horde synthetic factory: string-transport
ok 24 - package Horde synthetic factory: string-transport
  ---
  duration_ms: 50.724585
  type: 'test'
  ...
# Subtest: package Horde synthetic factory: wrong-local
ok 25 - package Horde synthetic factory: wrong-local
  ---
  duration_ms: 48.694362
  type: 'test'
  ...
# Subtest: package Horde synthetic factory: wrong-port
ok 26 - package Horde synthetic factory: wrong-port
  ---
  duration_ms: 55.271303
  type: 'test'
  ...
# Subtest: package Horde synthetic factory: bad-args
ok 27 - package Horde synthetic factory: bad-args
  ---
  duration_ms: 24.010831
  type: 'test'
  ...
# Subtest: dev Horde synthetic factory: exit
ok 28 - dev Horde synthetic factory: exit
  ---
  duration_ms: 85.645584
  type: 'test'
  ...
# Subtest: dev Horde synthetic factory: native-failure
ok 29 - dev Horde synthetic factory: native-failure
  ---
  duration_ms: 88.051161
  type: 'test'
  ...
# Subtest: dev Horde synthetic factory: native-crash
ok 30 - dev Horde synthetic factory: native-crash
  ---
  duration_ms: 94.131121
  type: 'test'
  ...
# Subtest: dev Horde synthetic factory: missing-native
ok 31 - dev Horde synthetic factory: missing-native
  ---
  duration_ms: 28.356702
  type: 'test'
  ...
# Subtest: dev Horde synthetic factory: interrupt
ok 32 - dev Horde synthetic factory: interrupt
  ---
  duration_ms: 191.378149
  type: 'test'
  ...
# Subtest: dev Horde synthetic factory: terminate
ok 33 - dev Horde synthetic factory: terminate
  ---
  duration_ms: 191.555662
  type: 'test'
  ...
# Subtest: dev Horde synthetic factory: server-failure
ok 34 - dev Horde synthetic factory: server-failure
  ---
  duration_ms: 363.884505
  type: 'test'
  ...
# Subtest: dev Horde synthetic factory: listen-failure
ok 35 - dev Horde synthetic factory: listen-failure
  ---
  duration_ms: 48.631033
  type: 'test'
  ...
# Subtest: dev Horde synthetic factory: factory-failure
ok 36 - dev Horde synthetic factory: factory-failure
  ---
  duration_ms: 56.505014
  type: 'test'
  ...
# Subtest: dev Horde synthetic factory: wrong-service
ok 37 - dev Horde synthetic factory: wrong-service
  ---
  duration_ms: 72.635653
  type: 'test'
  ...
# Subtest: dev Horde synthetic factory: wrong-transport
ok 38 - dev Horde synthetic factory: wrong-transport
  ---
  duration_ms: 65.997217
  type: 'test'
  ...
# Subtest: dev Horde synthetic factory: string-transport
ok 39 - dev Horde synthetic factory: string-transport
  ---
  duration_ms: 69.012194
  type: 'test'
  ...
# Subtest: dev Horde synthetic factory: wrong-local
ok 40 - dev Horde synthetic factory: wrong-local
  ---
  duration_ms: 65.138207
  type: 'test'
  ...
# Subtest: dev Horde synthetic factory: wrong-port
ok 41 - dev Horde synthetic factory: wrong-port
  ---
  duration_ms: 70.351002
  type: 'test'
  ...
# Subtest: dev Horde synthetic factory: bad-args
ok 42 - dev Horde synthetic factory: bad-args
  ---
  duration_ms: 20.879585
  type: 'test'
  ...
# Subtest: package: external authority ownership and cleanup on exit
ok 43 - package: external authority ownership and cleanup on exit
  ---
  duration_ms: 56.898772
  type: 'test'
  ...
# Subtest: package: external authority ownership and cleanup on native-failure
ok 44 - package: external authority ownership and cleanup on native-failure
  ---
  duration_ms: 45.539471
  type: 'test'
  ...
# Subtest: package: external authority ownership and cleanup on missing-native
ok 45 - package: external authority ownership and cleanup on missing-native
  ---
  duration_ms: 28.183458
  type: 'test'
  ...
# Subtest: dev: external authority ownership and cleanup on exit
ok 46 - dev: external authority ownership and cleanup on exit
  ---
  duration_ms: 66.679985
  type: 'test'
  ...
# Subtest: dev: external authority ownership and cleanup on native-failure
ok 47 - dev: external authority ownership and cleanup on native-failure
  ---
  duration_ms: 54.255269
  type: 'test'
  ...
# Subtest: dev: external authority ownership and cleanup on missing-native
ok 48 - dev: external authority ownership and cleanup on missing-native
  ---
  duration_ms: 24.49652
  type: 'test'
  ...
# Subtest: valid Linux package passes end to end
ok 49 - valid Linux package passes end to end
  ---
  duration_ms: 104.341679
  type: 'test'
  ...
# Subtest: valid Windows package structure passes without executing the engine
ok 50 - valid Windows package structure passes without executing the engine
  ---
  duration_ms: 100.394775
  type: 'test'
  ...
# Subtest: a career-capable recorded launcher requires its committed helper even if the inventory is forged
ok 51 - a career-capable recorded launcher requires its committed helper even if the inventory is forged
  ---
  duration_ms: 135.940975
  type: 'test'
  ...
# Subtest: a genuinely new source module (Cinderwake horde-stages style) is discovered dynamically
ok 52 - a genuinely new source module (Cinderwake horde-stages style) is discovered dynamically
  ---
  duration_ms: 88.276764
  type: 'test'
  ...
# Subtest: a valid older artifact still passes from an advanced, dirty checkout with a bogus ambient contract
ok 53 - a valid older artifact still passes from an advanced, dirty checkout with a bogus ambient contract
  ---
  duration_ms: 93.346521
  type: 'test'
  ...
# Subtest: changed runtime bytes fail the exact inventory
ok 54 - changed runtime bytes fail the exact inventory
  ---
  duration_ms: 40.486606
  type: 'test'
  ...
# Subtest: changed runtime bytes with a refreshed manifest fail the git anchor
ok 55 - changed runtime bytes with a refreshed manifest fail the git anchor
  ---
  duration_ms: 50.454439
  type: 'test'
  ...
# Subtest: an extra file not in the manifest fails
ok 56 - an extra file not in the manifest fails
  ---
  duration_ms: 38.64685
  type: 'test'
  ...
# Subtest: an uninventoried runtime file inside the inventory fails
ok 57 - an uninventoried runtime file inside the inventory fails
  ---
  duration_ms: 40.975572
  type: 'test'
  ...
# Subtest: an extra bundled dependency fails
ok 58 - an extra bundled dependency fails
  ---
  duration_ms: 37.920128
  type: 'test'
  ...
# Subtest: a missing packaged file fails
ok 59 - a missing packaged file fails
  ---
  duration_ms: 36.615163
  type: 'test'
  ...
# Subtest: a shipped test module fails even when the closure claims it
ok 60 - a shipped test module fails even when the closure claims it
  ---
  duration_ms: 40.684647
  type: 'test'
  ...
# Subtest: a missing ws LICENSE fails
ok 61 - a missing ws LICENSE fails
  ---
  duration_ms: 39.47452
  type: 'test'
  ...
# Subtest: a missing settings_path helper fails
ok 62 - a missing settings_path helper fails
  ---
  duration_ms: 41.919259
  type: 'test'
  ...
# Subtest: a settings_path helper without the shared export fails
ok 63 - a settings_path helper without the shared export fails
  ---
  duration_ms: 40.570973
  type: 'test'
  ...
# Subtest: a forged launcher and forged file hash cannot claim the recorded commit
ok 64 - a forged launcher and forged file hash cannot claim the recorded commit
  ---
  duration_ms: 55.538864
  type: 'test'
  ...
# Subtest: a forged catalog.json cannot claim the recorded map selection
ok 65 - a forged catalog.json cannot claim the recorded map selection
  ---
  duration_ms: 58.466308
  type: 'test'
  ...
# Subtest: dropping a module from disk, manifest and closure fails committed discovery
ok 66 - dropping a module from disk, manifest and closure fails committed discovery
  ---
  duration_ms: 85.831382
  type: 'test'
  ...
# Subtest: a provided manifest that disagrees with the package manifest fails
ok 67 - a provided manifest that disagrees with the package manifest fails
  ---
  duration_ms: 39.214583
  type: 'test'
  ...
# Subtest: a provided manifestPath that disagrees with the package manifest fails
ok 68 - a provided manifestPath that disagrees with the package manifest fails
  ---
  duration_ms: 37.459284
  type: 'test'
  ...
# Subtest: a wrong port commit fails against the recorded commit
ok 69 - a wrong port commit fails against the recorded commit
  ---
  duration_ms: 40.575653
  type: 'test'
  ...
# Subtest: a wrong source commit fails against the recorded source lock
ok 70 - a wrong source commit fails against the recorded source lock
  ---
  duration_ms: 43.540096
  type: 'test'
  ...
# Subtest: missing source metadata fails closed
ok 71 - missing source metadata fails closed
  ---
  duration_ms: 39.993402
  type: 'test'
  ...
# Subtest: a future manifest schema version fails closed
ok 72 - a future manifest schema version fails closed
  ---
  duration_ms: 46.142701
  type: 'test'
  ...
# Subtest: optional fields a future lane might add are not required
ok 73 - optional fields a future lane might add are not required
  ---
  duration_ms: 82.166818
  type: 'test'
  ...
# Subtest: a valid derivative-bound package passes
ok 74 - a valid derivative-bound package passes
  ---
  duration_ms: 105.560473
  type: 'test'
  ...
# Subtest: a derivative that adds a reviewed source module passes
ok 75 - a derivative that adds a reviewed source module passes
  ---
  duration_ms: 109.207153
  type: 'test'
  ...
# Subtest: a derivative-added source module outside runtime_files fails
ok 76 - a derivative-added source module outside runtime_files fails
  ---
  duration_ms: 65.680974
  type: 'test'
  ...
# Subtest: a tampered recorded committed contract hash fails
ok 77 - a tampered recorded committed contract hash fails
  ---
  duration_ms: 56.112428
  type: 'test'
  ...
# Subtest: a tampered recorded contract source commit fails
ok 78 - a tampered recorded contract source commit fails
  ---
  duration_ms: 56.006631
  type: 'test'
  ...
# Subtest: a mismatched recorded derivative commit fails
ok 79 - a mismatched recorded derivative commit fails
  ---
  duration_ms: 49.928333
  type: 'test'
  ...
# Subtest: the optional horde-map data family is hashed, anchored and shipped
ok 80 - the optional horde-map data family is hashed, anchored and shipped
  ---
  duration_ms: 93.926368
  type: 'test'
  ...
# Subtest: a tampered horde-map data byte fails the port-commit anchor
ok 81 - a tampered horde-map data byte fails the port-commit anchor
  ---
  duration_ms: 57.822312
  type: 'test'
  ...
# Subtest: an absent hordeDataFiles closure field stays valid on the baseline
ok 82 - an absent hordeDataFiles closure field stays valid on the baseline
  ---
  duration_ms: 87.769563
  type: 'test'
  ...
# Subtest: validation is independent of the caller working directory
ok 83 - validation is independent of the caller working directory
  ---
  duration_ms: 93.679955
  type: 'test'
  ...
# Subtest: the CLI reports JSON and a nonzero exit on failure
ok 84 - the CLI reports JSON and a nonzero exit on failure
  ---
  duration_ms: 148.773906
  type: 'test'
  ...
# Subtest: dev: three menu/combat/LATTICE/sports cycles preserve settings and close owned listeners
ok 85 - dev: three menu/combat/LATTICE/sports cycles preserve settings and close owned listeners
  ---
  duration_ms: 404.327899
  type: 'test'
  ...
# Subtest: package: three menu/combat/LATTICE/sports cycles preserve settings and close owned listeners
ok 86 - package: three menu/combat/LATTICE/sports cycles preserve settings and close owned listeners
  ---
  duration_ms: 384.902479
  type: 'test'
  ...
1..86
# tests 86
# suites 0
# pass 86
# fail 0
# cancelled 0
# skipped 0
# todo 0
# duration_ms 11047.175792
