Godot Engine v4.5.2.stable.official.6ce3de25a - https://godotengine.org
WARNING: Could not set V-Sync mode, as changing V-Sync mode is not supported by the graphics driver.
     at: set_use_vsync (platform/linuxbsd/x11/gl_manager_x11.cpp:364)
OpenGL API 4.5 (Core Profile) Mesa 25.2.8-0ubuntu0.25.10.2 - Compatibility - Using Device: Mesa - llvmpipe (LLVM 20.1.8, 256 bits)

SPORT_SAMPLE {"ack":0,"actor":0,"ball":null,"camera":[65.0,48.0,70.0],"engaged":false,"focused":true,"phase":"countdown","render":[-44.0,0.0,-71.0],"seconds":0.355017666666667,"seq":1,"stage":-1,"v":{"altitude":0.0,"driver":0.0,"flight":false,"gunner":null,"health":300.0,"heat":0.0,"id":0.0,"kind":"puma","maxHealth":300.0,"overheated":false,"passengers":[],"pitchBody":0.0,"respawnTimer":0.0,"roll":0.0,"turretYaw":0.0,"vx":0.0,"vy":0.0,"vz":0.0,"x":-44.0,"y":0.0,"yaw":1.571,"z":-71.0}}
SPORT_SAMPLE {"ack":5,"actor":0,"ball":null,"camera":[-53.0,5.0,-70.9981689453125],"engaged":false,"focused":true,"phase":"countdown","render":[-44.0,0.0,-71.0],"seconds":0.575620666666667,"seq":8,"stage":-1,"v":{"altitude":0.0,"driver":0.0,"flight":false,"gunner":null,"health":300.0,"heat":0.0,"id":0.0,"kind":"puma","maxHealth":300.0,"overheated":false,"passengers":[],"pitchBody":0.0,"respawnTimer":0.0,"roll":0.0,"turretYaw":0.0,"vx":0.0,"vy":0.0,"vz":0.0,"x":-44.0,"y":0.0,"yaw":1.571,"z":-71.0}}
SPORT_SAMPLE {"ack":8,"actor":0,"ball":null,"camera":[-53.0,5.0,-70.9981689453125],"engaged":false,"focused":true,"phase":"countdown","render":[-44.0,0.0,-71.0],"seconds":0.779536333333333,"seq":14,"stage":-1,"v":{"altitude":0.0,"driver":0.0,"flight":false,"gunner":null,"health":300.0,"heat":0.0,"id":0.0,"kind":"puma","maxHealth":300.0,"overheated":false,"passengers":[],"pitchBody":0.0,"respawnTimer":0.0,"roll":0.0,"turretYaw":0.0,"vx":0.0,"vy":0.0,"vz":0.0,"x":-44.0,"y":0.0,"yaw":1.571,"z":-71.0}}
SPORT_SAMPLE {"ack":12,"actor":0,"ball":null,"camera":[-53.0,5.0,-70.9981689453125],"engaged":false,"focused":true,"phase":"countdown","render":[-44.0,0.0,-71.0],"seconds":0.983703,"seq":20,"stage":-1,"v":{"altitude":0.0,"driver":0.0,"flight":false,"gunner":null,"health":300.0,"heat":0.0,"id":0.0,"kind":"puma","maxHealth":300.0,"overheated":false,"passengers":[],"pitchBody":0.0,"respawnTimer":0.0,"roll":0.0,"turretYaw":0.0,"vx":0.0,"vy":0.0,"vz":0.0,"x":-44.0,"y":0.0,"yaw":1.571,"z":-71.0}}
SPORT_SAMPLE {"ack":15,"actor":0,"ball":null,"camera":[-53.0,5.0,-70.9981689453125],"engaged":false,"focused":true,"phase":"countdown","render":[-44.0,0.0,-71.0],"seconds":1.18541366666667,"seq":26,"stage":-1,"v":{"altitude":0.0,"driver":0.0,"flight":false,"gunner":null,"health":300.0,"heat":0.0,"id":0.0,"kind":"puma","maxHealth":300.0,"overheated":false,"passengers":[],"pitchBody":0.0,"respawnTimer":0.0,"roll":0.0,"turretYaw":0.0,"vx":0.0,"vy":0.0,"vz":0.0,"x":-44.0,"y":0.0,"yaw":1.571,"z":-71.0}}
SPORT_SAMPLE {"ack":19,"actor":0,"ball":null,"camera":[-53.0,5.0,-70.9981689453125],"engaged":false,"focused":true,"phase":"countdown","render":[-44.0,0.0,-71.0],"seconds":1.38692881818182,"seq":33,"stage":-1,"v":{"altitude":0.0,"driver":0.0,"flight":false,"gunner":null,"health":300.0,"heat":0.0,"id":0.0,"kind":"puma","maxHealth":300.0,"overheated":false,"passengers":[],"pitchBody":0.0,"respawnTimer":0.0,"roll":0.0,"turretYaw":0.0,"vx":0.0,"vy":0.0,"vz":0.0,"x":-44.0,"y":0.0,"yaw":1.571,"z":-71.0}}
SPORT_SAMPLE {"ack":22,"actor":0,"ball":null,"camera":[-53.0,5.0,-70.9981689453125],"engaged":false,"focused":true,"phase":"countdown","render":[-44.0,0.0,-71.0],"seconds":1.59151533333333,"seq":39,"stage":-1,"v":{"altitude":0.0,"driver":0.0,"flight":false,"gunner":null,"health":300.0,"heat":0.0,"id":0.0,"kind":"puma","maxHealth":300.0,"overheated":false,"passengers":[],"pitchBody":0.0,"respawnTimer":0.0,"roll":0.0,"turretYaw":0.0,"vx":0.0,"vy":0.0,"vz":0.0,"x":-44.0,"y":0.0,"yaw":1.571,"z":-71.0}}
SPORT_SAMPLE {"ack":26,"actor":0,"ball":null,"camera":[-53.0,5.0,-70.9981689453125],"engaged":false,"focused":true,"phase":"countdown","render":[-44.0,0.0,-71.0],"seconds":1.79807866666667,"seq":46,"stage":-1,"v":{"altitude":0.0,"driver":0.0,"flight":false,"gunner":null,"health":300.0,"heat":0.0,"id":0.0,"kind":"puma","maxHealth":300.0,"overheated":false,"passengers":[],"pitchBody":0.0,"respawnTimer":0.0,"roll":0.0,"turretYaw":0.0,"vx":0.0,"vy":0.0,"vz":0.0,"x":-44.0,"y":0.0,"yaw":1.571,"z":-71.0}}
SPORT_SAMPLE {"ack":29,"actor":0,"ball":null,"camera":[-53.0,5.0,-70.9981689453125],"engaged":false,"focused":true,"phase":"countdown","render":[-44.0,0.0,-71.0],"seconds":2.00691225925926,"seq":52,"stage":-1,"v":{"altitude":0.0,"driver":0.0,"flight":false,"gunner":null,"health":300.0,"heat":0.0,"id":0.0,"kind":"puma","maxHealth":300.0,"overheated":false,"passengers":[],"pitchBody":0.0,"respawnTimer":0.0,"roll":0.0,"turretYaw":0.0,"vx":0.0,"vy":0.0,"vz":0.0,"x":-44.0,"y":0.0,"yaw":1.571,"z":-71.0}}
SPORT_SAMPLE {"ack":32,"actor":0,"ball":null,"camera":[-53.0,5.0,-70.9981689453125],"engaged":false,"focused":true,"phase":"countdown","render":[-44.0,0.0,-71.0],"seconds":2.218891,"seq":58,"stage":-1,"v":{"altitude":0.0,"driver":0.0,"flight":false,"gunner":null,"health":300.0,"heat":0.0,"id":0.0,"kind":"puma","maxHealth":300.0,"overheated":false,"passengers":[],"pitchBody":0.0,"respawnTimer":0.0,"roll":0.0,"turretYaw":0.0,"vx":0.0,"vy":0.0,"vz":0.0,"x":-44.0,"y":0.0,"yaw":1.571,"z":-71.0}}
SPORT_SAMPLE {"ack":36,"actor":0,"ball":null,"camera":[-53.0,5.0,-70.9981689453125],"engaged":false,"focused":true,"phase":"countdown","render":[-44.0,0.0,-71.0],"seconds":2.43030303030303,"seq":65,"stage":-1,"v":{"altitude":0.0,"driver":0.0,"flight":false,"gunner":null,"health":300.0,"heat":0.0,"id":0.0,"kind":"puma","maxHealth":300.0,"overheated":false,"passengers":[],"pitchBody":0.0,"respawnTimer":0.0,"roll":0.0,"turretYaw":0.0,"vx":0.0,"vy":0.0,"vz":0.0,"x":-44.0,"y":0.0,"yaw":1.571,"z":-71.0}}
SPORT_SAMPLE {"ack":40,"actor":0,"ball":null,"camera":[-53.0,5.0,-70.9981689453125],"engaged":false,"focused":true,"phase":"countdown","render":[-44.0,0.0,-71.0],"seconds":2.64242424242424,"seq":71,"stage":-1,"v":{"altitude":0.0,"driver":0.0,"flight":false,"gunner":null,"health":300.0,"heat":0.0,"id":0.0,"kind":"puma","maxHealth":300.0,"overheated":false,"passengers":[],"pitchBody":0.0,"respawnTimer":0.0,"roll":0.0,"turretYaw":0.0,"vx":0.0,"vy":0.0,"vz":0.0,"x":-44.0,"y":0.0,"yaw":1.571,"z":-71.0}}
SPORT_SAMPLE {"ack":43,"actor":0,"ball":null,"camera":[-53.0,5.0,-70.9981689453125],"engaged":false,"focused":true,"phase":"countdown","render":[-44.0,0.0,-71.0],"seconds":2.85454545454545,"seq":78,"stage":-1,"v":{"altitude":0.0,"driver":0.0,"flight":false,"gunner":null,"health":300.0,"heat":0.0,"id":0.0,"kind":"puma","maxHealth":300.0,"overheated":false,"passengers":[],"pitchBody":0.0,"respawnTimer":0.0,"roll":0.0,"turretYaw":0.0,"vx":0.0,"vy":0.0,"vz":0.0,"x":-44.0,"y":0.0,"yaw":1.571,"z":-71.0}}
SPORT_SAMPLE {"ack":47,"actor":0,"ball":null,"camera":[-53.0,5.0,-70.9981689453125],"engaged":false,"focused":true,"phase":"countdown","render":[-44.0,0.0,-71.0],"seconds":3.07517,"seq":85,"stage":-1,"v":{"altitude":0.0,"driver":0.0,"flight":false,"gunner":null,"health":300.0,"heat":0.0,"id":0.0,"kind":"puma","maxHealth":300.0,"overheated":false,"passengers":[],"pitchBody":0.0,"respawnTimer":0.0,"roll":0.0,"turretYaw":0.0,"vx":0.0,"vy":0.0,"vz":0.0,"x":-44.0,"y":0.0,"yaw":1.571,"z":-71.0}}
SPORT_EVENT {"key":87,"pressed":false,"seconds":3.23333333333333}
SPORT_EVENT {"key":83,"pressed":false,"seconds":3.23333333333333}
SPORT_EVENT {"key":65,"pressed":false,"seconds":3.23333333333333}
SPORT_EVENT {"key":68,"pressed":false,"seconds":3.23333333333333}
SPORT_EVENT {"key":32,"pressed":false,"seconds":3.23333333333333}
SPORT_EVENT {"key":4194325,"pressed":false,"seconds":3.23333333333333}
SPORT_EVENT {"key":82,"pressed":false,"seconds":3.23333333333333}
SPORT_EVENT {"key":4194309,"pressed":true,"seconds":3.23333333333333}
SPORT_EVENT {"key":4194309,"pressed":false,"seconds":3.23333333333333}
SPORT_EVENT {"key":87,"pressed":true,"seconds":3.23333333333333}
SPORT_STAGE {"seconds":3.23333333333333,"stage":0}
SPORT_SAMPLE {"ack":52,"actor":0,"ball":null,"camera":[-52.993236541748,5.0,-70.9981689453125],"engaged":true,"focused":true,"phase":"racing","render":[-43.9459991455078,0.0,-71.0],"seconds":3.39166666666667,"seq":94,"stage":0,"v":{"altitude":0.0,"driver":0.0,"flight":false,"gunner":null,"health":300.0,"heat":0.0,"id":0.0,"kind":"puma","maxHealth":300.0,"overheated":false,"passengers":[],"pitchBody":0.038,"respawnTimer":0.0,"roll":0.0,"turretYaw":0.0,"vx":1.084,"vy":0.0,"vz":0.0,"x":-43.946,"y":0.0,"yaw":1.571,"z":-71.0}}
SPORT_SAMPLE {"ack":55,"actor":0,"ball":null,"camera":[-52.6759223937988,5.0,-70.9981689453125],"engaged":true,"focused":true,"phase":"racing","render":[-43.318000793457,0.0,-71.0],"seconds":3.60754166666667,"seq":101,"stage":0,"v":{"altitude":0.0,"driver":0.0,"flight":false,"gunner":null,"health":300.0,"heat":0.0,"id":0.0,"kind":"puma","maxHealth":300.0,"overheated":false,"passengers":[],"pitchBody":0.07,"respawnTimer":0.0,"roll":0.0,"turretYaw":0.0,"vx":4.066,"vy":0.0,"vz":0.0,"x":-43.318,"y":0.0,"yaw":1.571,"z":-71.0}}
SPORT_SAMPLE {"ack":59,"actor":0,"ball":null,"camera":[-51.9088325500488,5.0,-70.9981689453125],"engaged":true,"focused":true,"phase":"racing","render":[-42.2400016784668,0.0,-71.0],"seconds":3.81085966666667,"seq":107,"stage":0,"v":{"altitude":0.0,"driver":0.0,"flight":false,"gunner":null,"health":300.0,"heat":0.0,"id":0.0,"kind":"puma","maxHealth":300.0,"overheated":false,"passengers":[],"pitchBody":0.071,"respawnTimer":0.0,"roll":0.0,"turretYaw":0.0,"vx":6.478,"vy":0.0,"vz":0.0,"x":-42.24,"y":0.0,"yaw":1.571,"z":-71.0}}
SPORT_SAMPLE {"ack":62,"actor":0,"ball":null,"camera":[-50.5915107727051,5.0,-70.9981689453125],"engaged":true,"focused":true,"phase":"racing","render":[-40.7019996643066,0.0,-71.0],"seconds":4.01851851851852,"seq":113,"stage":0,"v":{"altitude":0.0,"driver":0.0,"flight":false,"gunner":null,"health":300.0,"heat":0.0,"id":0.0,"kind":"puma","maxHealth":300.0,"overheated":false,"passengers":[],"pitchBody":0.067,"respawnTimer":0.0,"roll":0.0,"turretYaw":0.0,"vx":8.685,"vy":0.0,"vz":0.0,"x":-40.702,"y":0.0,"yaw":1.571,"z":-71.0}}
SPORT_SAMPLE {"ack":66,"actor":0,"ball":null,"camera":[-48.6661987304688,5.0,-70.9981689453125],"engaged":true,"focused":true,"phase":"racing","render":[-38.3860015869141,0.0,-71.0],"seconds":4.22592592592592,"seq":120,"stage":0,"v":{"altitude":0.0,"driver":0.0,"flight":false,"gunner":null,"health":300.0,"heat":0.0,"id":0.0,"kind":"puma","maxHealth":300.0,"overheated":false,"passengers":[],"pitchBody":0.058,"respawnTimer":0.0,"roll":0.0,"turretYaw":0.0,"vx":10.941,"vy":0.0,"vz":0.0,"x":-38.386,"y":0.0,"yaw":1.571,"z":-71.0}}
SPORT_SAMPLE {"ack":69,"actor":0,"ball":null,"camera":[-46.4809303283691,5.0,-70.9981689453125],"engaged":true,"focused":true,"phase":"racing","render":[-36.015998840332,0.0,-71.0],"seconds":4.43333333333333,"seq":126,"stage":0,"v":{"altitude":0.0,"driver":0.0,"flight":false,"gunner":null,"health":300.0,"heat":0.0,"id":0.0,"kind":"puma","maxHealth":300.0,"overheated":false,"passengers":[],"pitchBody":0.05,"respawnTimer":0.0,"roll":0.0,"turretYaw":0.0,"vx":12.583,"vy":0.0,"vz":0.0,"x":-36.016,"y":0.0,"yaw":1.571,"z":-71.0}}
SPORT_SAMPLE {"ack":73,"actor":0,"ball":null,"camera":[-43.8229598999023,5.0,-70.9981689453125],"engaged":true,"focused":true,"phase":"racing","render":[-33.3460006713867,0.0,-71.0],"seconds":4.64074074074073,"seq":132,"stage":0,"v":{"altitude":0.0,"driver":0.0,"flight":false,"gunner":null,"health":300.0,"heat":0.0,"id":0.0,"kind":"puma","maxHealth":300.0,"overheated":false,"passengers":[],"pitchBody":0.042,"respawnTimer":0.0,"roll":0.0,"turretYaw":0.0,"vx":13.959,"vy":0.0,"vz":0.0,"x":-33.346,"y":0.0,"yaw":1.571,"z":-71.0}}
SPORT_EVENT {"key":87,"pressed":false,"seconds":4.72962962962962}
SPORT_EVENT {"key":83,"pressed":false,"seconds":4.72962962962962}
SPORT_EVENT {"key":65,"pressed":false,"seconds":4.72962962962962}
SPORT_EVENT {"key":68,"pressed":false,"seconds":4.72962962962962}
SPORT_EVENT {"key":32,"pressed":false,"seconds":4.72962962962962}
SPORT_EVENT {"key":4194325,"pressed":false,"seconds":4.72962962962962}
SPORT_EVENT {"key":82,"pressed":false,"seconds":4.72962962962962}
SPORT_EVENT {"key":87,"pressed":true,"seconds":4.72962962962962}
SPORT_EVENT {"key":68,"pressed":true,"seconds":4.72962962962962}
SPORT_STAGE {"seconds":4.72962962962962,"stage":1}
SPORT_SAMPLE {"ack":77,"actor":0,"ball":null,"camera":[-39.7272186279297,5.0,-70.0434341430664],"engaged":true,"focused":true,"phase":"racing","render":[-29.4130001068115,0.0,-71.0449981689453],"seconds":4.9074074074074,"seq":140,"stage":1,"v":{"altitude":0.0,"driver":0.0,"flight":false,"gunner":null,"health":300.0,"heat":0.0,"id":0.0,"kind":"puma","maxHealth":300.0,"overheated":false,"passengers":[],"pitchBody":0.023,"respawnTimer":0.0,"roll":-0.193,"turretYaw":0.0,"vx":15.262,"vy":0.0,"vz":-1.113,"x":-29.413,"y":0.0,"yaw":1.82,"z":-71.045}}
SPORT_SAMPLE {"ack":82,"actor":0,"ball":null,"camera":[-35.4674682617188,5.0,-67.3524017333984],"engaged":true,"focused":true,"phase":"racing","render":[-26.0160007476807,0.0,-72.0100021362305],"seconds":5.12293966666665,"seq":147,"stage":1,"v":{"altitude":0.0,"driver":0.0,"flight":false,"gunner":null,"health":300.0,"heat":0.0,"id":0.0,"kind":"puma","maxHealth":300.0,"overheated":false,"passengers":[],"pitchBody":-0.006,"respawnTimer":0.0,"roll":-0.326,"turretYaw":0.0,"vx":13.46,"vy":0.0,"vz":-6.709,"x":-26.016,"y":0.0,"yaw":2.244,"z":-72.01}}
SPORT_SAMPLE {"ack":87,"actor":0,"ball":null,"camera":[-30.4746551513672,5.0,-66.301025390625],"engaged":true,"focused":true,"phase":"racing","render":[-23.3360004425049,0.0,-74.1220016479492],"seconds":5.34138766666665,"seq":154,"stage":1,"v":{"altitude":0.0,"driver":0.0,"flight":false,"gunner":null,"health":300.0,"heat":0.0,"id":0.0,"kind":"puma","maxHealth":300.0,"overheated":false,"passengers":[],"pitchBody":-0.015,"respawnTimer":0.0,"roll":-0.346,"turretYaw":0.0,"vx":9.529,"vy":0.0,"vz":-10.802,"x":-23.336,"y":0.0,"yaw":2.633,"z":-74.122}}
SPORT_SAMPLE {"ack":92,"actor":0,"ball":null,"camera":[-25.461275100708,5.0,-66.8882675170898],"engaged":true,"focused":true,"phase":"racing","render":[-21.9130001068115,0.0,-76.5380020141602],"seconds":5.54494066666665,"seq":160,"stage":1,"v":{"altitude":0.0,"driver":0.0,"flight":false,"gunner":null,"health":300.0,"heat":0.0,"id":0.0,"kind":"puma","maxHealth":300.0,"overheated":false,"passengers":[],"pitchBody":-0.017,"respawnTimer":0.0,"roll":-0.349,"turretYaw":0.0,"vx":4.878,"vy":0.0,"vz":-12.98,"x":-21.913,"y":0.0,"yaw":3.033,"z":-76.538}}
SPORT_SAMPLE {"ack":98,"actor":0,"ball":null,"camera":[-20.5370025634766,5.0,-69.3378372192383],"engaged":true,"focused":true,"phase":"racing","render":[-21.55299949646,0.0,-79.2429962158203],"seconds":5.75317133333332,"seq":167,"stage":1,"v":{"altitude":0.0,"driver":0.0,"flight":false,"gunner":null,"health":300.0,"heat":0.0,"id":0.0,"kind":"puma","maxHealth":300.0,"overheated":false,"passengers":[],"pitchBody":-0.009,"respawnTimer":0.0,"roll":-0.269,"turretYaw":0.0,"vx":-0.068,"vy":0.0,"vz":-0.194,"x":-21.553,"y":0.0,"yaw":3.501,"z":-79.243}}
SPORT_SAMPLE {"ack":104,"actor":0,"ball":null,"camera":[-17.7788791656494,5.0,-71.1008911132812],"engaged":true,"focused":true,"phase":"racing","render":[-21.5830001831055,0.0,-79.3160018920898],"seconds":5.96146442857141,"seq":173,"stage":1,"v":{"altitude":0.0,"driver":0.0,"flight":false,"gunner":null,"health":300.0,"heat":0.0,"id":0.0,"kind":"puma","maxHealth":300.0,"overheated":false,"passengers":[],"pitchBody":0.003,"respawnTimer":0.0,"roll":-0.059,"turretYaw":0.0,"vx":0.0,"vy":0.0,"vz":0.0,"x":-21.583,"y":0.0,"yaw":3.715,"z":-79.316}}
SPORT_SAMPLE {"ack":109,"actor":0,"ball":null,"camera":[-15.9736862182617,5.0,-72.3329849243164],"engaged":true,"focused":true,"phase":"racing","render":[-21.5830001831055,0.0,-79.3160018920898],"seconds":6.17448433333332,"seq":180,"stage":1,"v":{"altitude":0.0,"driver":0.0,"flight":false,"gunner":null,"health":300.0,"heat":0.0,"id":0.0,"kind":"puma","maxHealth":300.0,"overheated":false,"passengers":[],"pitchBody":0.001,"respawnTimer":0.0,"roll":-0.009,"turretYaw":0.0,"vx":0.0,"vy":0.0,"vz":0.0,"x":-21.583,"y":0.0,"yaw":3.942,"z":-79.316}}
SPORT_EVENT {"key":87,"pressed":false,"seconds":6.21337322222221}
SPORT_EVENT {"key":83,"pressed":false,"seconds":6.21337322222221}
SPORT_EVENT {"key":65,"pressed":false,"seconds":6.21337322222221}
SPORT_EVENT {"key":68,"pressed":false,"seconds":6.21337322222221}
SPORT_EVENT {"key":32,"pressed":false,"seconds":6.21337322222221}
SPORT_EVENT {"key":4194325,"pressed":false,"seconds":6.21337322222221}
SPORT_EVENT {"key":82,"pressed":false,"seconds":6.21337322222221}
SPORT_EVENT {"key":32,"pressed":true,"seconds":6.21337322222221}
SPORT_STAGE {"seconds":6.21337322222221,"stage":2}
SPORT_SAMPLE {"ack":114,"actor":0,"ball":null,"camera":[-14.8241319656372,5.0,-73.4106369018555],"engaged":true,"focused":true,"phase":"racing","render":[-21.5830001831055,0.0,-79.3160018920898],"seconds":6.39149975757574,"seq":186,"stage":2,"v":{"altitude":0.0,"driver":0.0,"flight":false,"gunner":null,"health":300.0,"heat":0.0,"id":0.0,"kind":"puma","maxHealth":300.0,"overheated":false,"passengers":[],"pitchBody":0.0,"respawnTimer":0.0,"roll":-0.002,"turretYaw":0.0,"vx":0.0,"vy":0.0,"vz":0.0,"x":-21.583,"y":0.0,"yaw":4.026,"z":-79.316}}
SPORT_SAMPLE {"ack":120,"actor":0,"ball":null,"camera":[-14.64439868927,5.0,-73.5891647338867],"engaged":true,"focused":true,"phase":"racing","render":[-21.5830001831055,0.0,-79.3160018920898],"seconds":6.60816642424241,"seq":193,"stage":2,"v":{"altitude":0.0,"driver":0.0,"flight":false,"gunner":null,"health":300.0,"heat":0.0,"id":0.0,"kind":"puma","maxHealth":300.0,"overheated":false,"passengers":[],"pitchBody":0.0,"respawnTimer":0.0,"roll":0.0,"turretYaw":0.0,"vx":0.0,"vy":0.0,"vz":0.0,"x":-21.583,"y":0.0,"yaw":4.026,"z":-79.316}}
SPORT_SAMPLE {"ack":125,"actor":0,"ball":null,"camera":[-14.6242752075195,5.0,-73.6091537475586],"engaged":true,"focused":true,"phase":"racing","render":[-21.5830001831055,0.0,-79.3160018920898],"seconds":6.80900199999998,"seq":199,"stage":2,"v":{"altitude":0.0,"driver":0.0,"flight":false,"gunner":null,"health":300.0,"heat":0.0,"id":0.0,"kind":"puma","maxHealth":300.0,"overheated":false,"passengers":[],"pitchBody":0.0,"respawnTimer":0.0,"roll":0.0,"turretYaw":0.0,"vx":0.0,"vy":0.0,"vz":0.0,"x":-21.583,"y":0.0,"yaw":4.026,"z":-79.316}}
SPORT_SAMPLE {"ack":130,"actor":0,"ball":null,"camera":[-14.6215286254883,5.0,-73.6118850708008],"engaged":true,"focused":true,"phase":"racing","render":[-21.5830001831055,0.0,-79.3160018920898],"seconds":7.01973766666665,"seq":205,"stage":2,"v":{"altitude":0.0,"driver":0.0,"flight":false,"gunner":null,"health":300.0,"heat":0.0,"id":0.0,"kind":"puma","maxHealth":300.0,"overheated":false,"passengers":[],"pitchBody":0.0,"respawnTimer":0.0,"roll":0.0,"turretYaw":0.0,"vx":0.0,"vy":0.0,"vz":0.0,"x":-21.583,"y":0.0,"yaw":4.026,"z":-79.316}}
SPORT_SAMPLE {"ack":135,"actor":0,"ball":null,"camera":[-14.6211919784546,5.0,-73.6122207641602],"engaged":true,"focused":true,"phase":"racing","render":[-21.5830001831055,0.0,-79.3160018920898],"seconds":7.22958615151513,"seq":211,"stage":2,"v":{"altitude":0.0,"driver":0.0,"flight":false,"gunner":null,"health":300.0,"heat":0.0,"id":0.0,"kind":"puma","maxHealth":300.0,"overheated":false,"passengers":[],"pitchBody":0.0,"respawnTimer":0.0,"roll":0.0,"turretYaw":0.0,"vx":0.0,"vy":0.0,"vz":0.0,"x":-21.583,"y":0.0,"yaw":4.026,"z":-79.316}}
SPORT_SAMPLE {"ack":140,"actor":0,"ball":null,"camera":[-14.6211500167847,5.0,-73.6122512817383],"engaged":true,"focused":true,"phase":"racing","render":[-21.5830001831055,0.0,-79.3160018920898],"seconds":7.43804499999998,"seq":217,"stage":2,"v":{"altitude":0.0,"driver":0.0,"flight":false,"gunner":null,"health":300.0,"heat":0.0,"id":0.0,"kind":"puma","maxHealth":300.0,"overheated":false,"passengers":[],"pitchBody":0.0,"respawnTimer":0.0,"roll":0.0,"turretYaw":0.0,"vx":0.0,"vy":0.0,"vz":0.0,"x":-21.583,"y":0.0,"yaw":4.026,"z":-79.316}}
SPORT_SAMPLE {"ack":145,"actor":0,"ball":null,"camera":[-14.6211462020874,5.0,-73.6122512817383],"engaged":true,"focused":true,"phase":"racing","render":[-21.5830001831055,0.0,-79.3160018920898],"seconds":7.64474133333331,"seq":223,"stage":2,"v":{"altitude":0.0,"driver":0.0,"flight":false,"gunner":null,"health":300.0,"heat":0.0,"id":0.0,"kind":"puma","maxHealth":300.0,"overheated":false,"passengers":[],"pitchBody":0.0,"respawnTimer":0.0,"roll":0.0,"turretYaw":0.0,"vx":0.0,"vy":0.0,"vz":0.0,"x":-21.583,"y":0.0,"yaw":4.026,"z":-79.316}}
SPORT_EVENT {"key":87,"pressed":false,"seconds":7.70585244444442}
SPORT_EVENT {"key":83,"pressed":false,"seconds":7.70585244444442}
SPORT_EVENT {"key":65,"pressed":false,"seconds":7.70585244444442}
SPORT_EVENT {"key":68,"pressed":false,"seconds":7.70585244444442}
SPORT_EVENT {"key":32,"pressed":false,"seconds":7.70585244444442}
SPORT_EVENT {"key":4194325,"pressed":false,"seconds":7.70585244444442}
SPORT_EVENT {"key":82,"pressed":false,"seconds":7.70585244444442}
SPORT_EVENT {"key":83,"pressed":true,"seconds":7.70585244444442}
SPORT_STAGE {"seconds":7.70585244444442,"stage":3}
SPORT_SAMPLE {"ack":150,"actor":0,"ball":null,"camera":[-14.6170711517334,5.0,-73.60888671875],"engaged":true,"focused":true,"phase":"racing","render":[-21.5669994354248,0.0,-79.3030014038086],"seconds":7.86881540740738,"seq":230,"stage":3,"v":{"altitude":0.0,"driver":0.0,"flight":false,"gunner":null,"health":300.0,"heat":0.0,"id":0.0,"kind":"puma","maxHealth":300.0,"overheated":false,"passengers":[],"pitchBody":-0.014,"respawnTimer":0.0,"roll":0.0,"turretYaw":0.0,"vx":0.316,"vy":0.0,"vz":0.259,"x":-21.567,"y":0.0,"yaw":4.026,"z":-79.303}}
SPORT_SAMPLE {"ack":156,"actor":0,"ball":null,"camera":[-14.5312347412109,5.0,-73.5382080078125],"engaged":true,"focused":true,"phase":"racing","render":[-21.3840007781982,0.0,-79.1520004272461],"seconds":8.07107566666664,"seq":237,"stage":3,"v":{"altitude":0.0,"driver":0.0,"flight":false,"gunner":null,"health":300.0,"heat":0.0,"id":0.0,"kind":"puma","maxHealth":300.0,"overheated":false,"passengers":[],"pitchBody":-0.027,"respawnTimer":0.0,"roll":0.0,"turretYaw":0.0,"vx":1.194,"vy":0.0,"vz":0.978,"x":-21.384,"y":0.0,"yaw":4.026,"z":-79.152}}
SPORT_SCREENSHOT 0
SPORT_SAMPLE {"ack":159,"actor":0,"ball":null,"camera":[-14.3549814224243,5.0,-73.393669128418],"engaged":true,"focused":true,"phase":"racing","render":[-21.1870002746582,0.0,-78.9909973144531],"seconds":8.34540333333331,"seq":241,"stage":3,"v":{"altitude":0.0,"driver":0.0,"flight":false,"gunner":null,"health":300.0,"heat":0.0,"id":0.0,"kind":"puma","maxHealth":300.0,"overheated":false,"passengers":[],"pitchBody":-0.028,"respawnTimer":0.0,"roll":0.0,"turretYaw":0.0,"vx":1.687,"vy":0.0,"vz":1.382,"x":-21.187,"y":0.0,"yaw":4.026,"z":-78.991}}
SPORT_SAMPLE {"ack":165,"actor":0,"ball":null,"camera":[-13.6084051132202,5.0,-72.7821197509766],"engaged":true,"focused":true,"phase":"racing","render":[-20.2150001525879,0.0,-78.1940002441406],"seconds":8.55965499999998,"seq":253,"stage":3,"v":{"altitude":0.0,"driver":0.0,"flight":false,"gunner":null,"health":300.0,"heat":0.0,"id":0.0,"kind":"puma","maxHealth":300.0,"overheated":false,"passengers":[],"pitchBody":-0.027,"respawnTimer":0.0,"roll":0.0,"turretYaw":0.0,"vx":3.098,"vy":0.0,"vz":2.539,"x":-20.215,"y":0.0,"yaw":4.026,"z":-78.194}}
SPORT_SAMPLE {"ack":169,"actor":0,"ball":null,"camera":[-12.9287691116333,5.0,-72.2251892089844],"engaged":true,"focused":true,"phase":"racing","render":[-19.5230007171631,0.0,-77.6279983520508],"seconds":8.76382166666665,"seq":259,"stage":3,"v":{"altitude":0.0,"driver":0.0,"flight":false,"gunner":null,"health":300.0,"heat":0.0,"id":0.0,"kind":"puma","maxHealth":300.0,"overheated":false,"passengers":[],"pitchBody":-0.025,"respawnTimer":0.0,"roll":0.0,"turretYaw":0.0,"vx":3.751,"vy":0.0,"vz":3.074,"x":-19.523,"y":0.0,"yaw":4.026,"z":-77.628}}
SPORT_SAMPLE {"ack":174,"actor":0,"ball":null,"camera":[-12.139536857605,5.0,-71.5784606933594],"engaged":true,"focused":true,"phase":"racing","render":[-18.7059993743896,0.0,-76.9580001831055],"seconds":8.96752537037035,"seq":265,"stage":3,"v":{"altitude":0.0,"driver":0.0,"flight":false,"gunner":null,"health":300.0,"heat":0.0,"id":0.0,"kind":"puma","maxHealth":300.0,"overheated":false,"passengers":[],"pitchBody":-0.024,"respawnTimer":0.0,"roll":0.0,"turretYaw":0.0,"vx":4.362,"vy":0.0,"vz":3.574,"x":-18.706,"y":0.0,"yaw":4.026,"z":-76.958}}
SPORT_SAMPLE {"ack":180,"actor":0,"ball":null,"camera":[-11.2147579193115,5.0,-70.8208389282227],"engaged":true,"focused":true,"phase":"racing","render":[-17.6350002288818,0.0,-76.0800018310547],"seconds":9.18040808080806,"seq":272,"stage":3,"v":{"altitude":0.0,"driver":0.0,"flight":false,"gunner":null,"health":300.0,"heat":0.0,"id":0.0,"kind":"puma","maxHealth":300.0,"overheated":false,"passengers":[],"pitchBody":-0.008,"respawnTimer":0.0,"roll":0.0,"turretYaw":0.0,"vx":4.641,"vy":0.0,"vz":3.803,"x":-17.635,"y":0.0,"yaw":4.026,"z":-76.08}}
SPORT_EVENT {"key":87,"pressed":false,"seconds":9.21944444444443}
SPORT_EVENT {"key":83,"pressed":false,"seconds":9.21944444444443}
SPORT_EVENT {"key":65,"pressed":false,"seconds":9.21944444444443}
SPORT_EVENT {"key":68,"pressed":false,"seconds":9.21944444444443}
SPORT_EVENT {"key":32,"pressed":false,"seconds":9.21944444444443}
SPORT_EVENT {"key":4194325,"pressed":false,"seconds":9.21944444444443}
SPORT_EVENT {"key":82,"pressed":false,"seconds":9.21944444444443}
SPORT_EVENT {"key":4194305,"pressed":true,"seconds":9.21944444444443}
SPORT_EVENT {"key":4194305,"pressed":false,"seconds":9.21944444444443}
SPORT_EVENT {"key":87,"pressed":true,"seconds":9.21944444444443}
SPORT_STAGE {"seconds":9.21944444444443,"stage":4}
SPORT_SAMPLE {"ack":185,"actor":0,"ball":null,"camera":[-10.2076148986816,5.0,-69.9955139160156],"engaged":false,"focused":true,"phase":"racing","render":[-16.7259998321533,0.0,-75.3359985351562],"seconds":9.39444444444442,"seq":278,"stage":4,"v":{"altitude":0.0,"driver":0.0,"flight":false,"gunner":null,"health":300.0,"heat":0.0,"id":0.0,"kind":"puma","maxHealth":300.0,"overheated":false,"passengers":[],"pitchBody":0.01,"respawnTimer":0.0,"roll":0.0,"turretYaw":0.0,"vx":4.353,"vy":0.0,"vz":3.567,"x":-16.726,"y":0.0,"yaw":4.026,"z":-75.336}}
SPORT_SAMPLE {"ack":191,"actor":0,"ball":null,"camera":[-9.29011535644531,5.0,-69.2436676025391],"engaged":false,"focused":true,"phase":"racing","render":[-15.7779998779297,0.0,-74.5589981079102],"seconds":9.60833333333331,"seq":285,"stage":4,"v":{"altitude":0.0,"driver":0.0,"flight":false,"gunner":null,"health":300.0,"heat":0.0,"id":0.0,"kind":"puma","maxHealth":300.0,"overheated":false,"passengers":[],"pitchBody":0.016,"respawnTimer":0.0,"roll":0.0,"turretYaw":0.0,"vx":3.814,"vy":0.0,"vz":3.125,"x":-15.778,"y":0.0,"yaw":4.026,"z":-74.559}}
SPORT_SAMPLE {"ack":196,"actor":0,"ball":null,"camera":[-8.44040393829346,5.0,-68.5474624633789],"engaged":false,"focused":true,"phase":"racing","render":[-15.0620002746582,0.0,-73.9729995727539],"seconds":9.82222222222219,"seq":291,"stage":4,"v":{"altitude":0.0,"driver":0.0,"flight":false,"gunner":null,"health":300.0,"heat":0.0,"id":0.0,"kind":"puma","maxHealth":300.0,"overheated":false,"passengers":[],"pitchBody":0.016,"respawnTimer":0.0,"roll":0.0,"turretYaw":0.0,"vx":3.386,"vy":0.0,"vz":2.775,"x":-15.062,"y":0.0,"yaw":4.026,"z":-73.973}}
SPORT_SAMPLE {"ack":202,"actor":0,"ball":null,"camera":[-7.76485013961792,5.0,-67.9939651489258],"engaged":false,"focused":true,"phase":"racing","render":[-14.4289999008179,0.0,-73.4540023803711],"seconds":10.0265436666666,"seq":297,"stage":4,"v":{"altitude":0.0,"driver":0.0,"flight":false,"gunner":null,"health":300.0,"heat":0.0,"id":0.0,"kind":"puma","maxHealth":300.0,"overheated":false,"passengers":[],"pitchBody":0.016,"respawnTimer":0.0,"roll":0.0,"turretYaw":0.0,"vx":2.984,"vy":0.0,"vz":2.445,"x":-14.429,"y":0.0,"yaw":4.026,"z":-73.454}}
SPORT_SAMPLE {"ack":208,"actor":0,"ball":null,"camera":[-7.11769819259644,5.0,-67.463493347168],"engaged":false,"focused":true,"phase":"racing","render":[-13.7889995574951,0.0,-72.9290008544922],"seconds":10.2442722222222,"seq":304,"stage":4,"v":{"altitude":0.0,"driver":0.0,"flight":false,"gunner":null,"health":300.0,"heat":0.0,"id":0.0,"kind":"puma","maxHealth":300.0,"overheated":false,"passengers":[],"pitchBody":0.015,"respawnTimer":0.0,"roll":0.0,"turretYaw":0.0,"vx":2.542,"vy":0.0,"vz":2.083,"x":-13.789,"y":0.0,"yaw":4.026,"z":-72.929}}
SPORT_SAMPLE {"ack":214,"actor":0,"ball":null,"camera":[-6.55941009521484,5.0,-67.0061492919922],"engaged":false,"focused":true,"phase":"racing","render":[-13.2480001449585,0.0,-72.4860000610352],"seconds":10.4611111111111,"seq":311,"stage":4,"v":{"altitude":0.0,"driver":0.0,"flight":false,"gunner":null,"health":300.0,"heat":0.0,"id":0.0,"kind":"puma","maxHealth":300.0,"overheated":false,"passengers":[],"pitchBody":0.014,"respawnTimer":0.0,"roll":0.0,"turretYaw":0.0,"vx":2.122,"vy":0.0,"vz":1.739,"x":-13.248,"y":0.0,"yaw":4.026,"z":-72.486}}
SPORT_SAMPLE {"ack":220,"actor":0,"ball":null,"camera":[-6.08794498443604,5.0,-66.6198959350586],"engaged":false,"focused":true,"phase":"racing","render":[-12.8610000610352,0.0,-72.1689987182617],"seconds":10.6777777777778,"seq":317,"stage":4,"v":{"altitude":0.0,"driver":0.0,"flight":false,"gunner":null,"health":300.0,"heat":0.0,"id":0.0,"kind":"puma","maxHealth":300.0,"overheated":false,"passengers":[],"pitchBody":0.013,"respawnTimer":0.0,"roll":0.0,"turretYaw":0.0,"vx":1.778,"vy":0.0,"vz":1.457,"x":-12.861,"y":0.0,"yaw":4.026,"z":-72.169}}
SPORT_EVENT {"key":87,"pressed":false,"seconds":10.7138888888889}
SPORT_EVENT {"key":83,"pressed":false,"seconds":10.7138888888889}
SPORT_EVENT {"key":65,"pressed":false,"seconds":10.7138888888889}
SPORT_EVENT {"key":68,"pressed":false,"seconds":10.7138888888889}
SPORT_EVENT {"key":32,"pressed":false,"seconds":10.7138888888889}
SPORT_EVENT {"key":4194325,"pressed":false,"seconds":10.7138888888889}
SPORT_EVENT {"key":82,"pressed":false,"seconds":10.7138888888889}
SPORT_EVENT {"key":4194309,"pressed":true,"seconds":10.7138888888889}
SPORT_EVENT {"key":4194309,"pressed":false,"seconds":10.7138888888889}
SPORT_EVENT {"key":87,"pressed":true,"seconds":10.7138888888889}
SPORT_EVENT {"key":4194325,"pressed":true,"seconds":10.7138888888889}
SPORT_STAGE {"seconds":10.7138888888889,"stage":5}
SPORT_SAMPLE {"ack":226,"actor":0,"ball":null,"camera":[-5.74512004852295,5.0,-66.3390731811523],"engaged":true,"focused":true,"phase":"racing","render":[-12.6400003433228,0.0,-71.9879989624023],"seconds":10.8944444444444,"seq":324,"stage":5,"v":{"altitude":0.0,"driver":0.0,"flight":false,"gunner":null,"health":300.0,"heat":0.0,"id":0.0,"kind":"puma","maxHealth":300.0,"overheated":false,"passengers":[],"pitchBody":0.083,"respawnTimer":0.0,"roll":0.0,"turretYaw":0.0,"vx":-0.536,"vy":0.0,"vz":-0.439,"x":-12.64,"y":0.0,"yaw":4.026,"z":-71.988}}
SPORT_SAMPLE {"ack":232,"actor":0,"ball":null,"camera":[-5.92865324020386,5.0,-66.4891357421875],"engaged":true,"focused":true,"phase":"racing","render":[-13.2279996871948,0.0,-72.4700012207031],"seconds":11.1111111111111,"seq":331,"stage":5,"v":{"altitude":0.0,"driver":0.0,"flight":false,"gunner":null,"health":300.0,"heat":0.0,"id":0.0,"kind":"puma","maxHealth":300.0,"overheated":false,"passengers":[],"pitchBody":0.114,"respawnTimer":0.0,"roll":0.0,"turretYaw":0.0,"vx":-4.216,"vy":0.0,"vz":-3.455,"x":-13.228,"y":0.0,"yaw":4.026,"z":-72.47}}
SPORT_SAMPLE {"ack":238,"actor":0,"ball":null,"camera":[-6.8195013999939,5.0,-67.2190856933594],"engaged":true,"focused":true,"phase":"racing","render":[-14.3929996490479,0.0,-73.4240036010742],"seconds":11.3282828282828,"seq":337,"stage":5,"v":{"altitude":0.0,"driver":0.0,"flight":false,"gunner":null,"health":300.0,"heat":0.0,"id":0.0,"kind":"puma","maxHealth":300.0,"overheated":false,"passengers":[],"pitchBody":0.112,"respawnTimer":0.0,"roll":0.0,"turretYaw":0.0,"vx":-7.139,"vy":0.0,"vz":-5.85,"x":-14.393,"y":0.0,"yaw":4.026,"z":-73.424}}
SPORT_SAMPLE {"ack":243,"actor":0,"ball":null,"camera":[-8.30350589752197,5.0,-68.4350509643555],"engaged":true,"focused":true,"phase":"racing","render":[-16.1060009002686,0.0,-74.8280029296875],"seconds":11.5287878787878,"seq":343,"stage":5,"v":{"altitude":0.0,"driver":0.0,"flight":false,"gunner":null,"health":300.0,"heat":0.0,"id":0.0,"kind":"puma","maxHealth":300.0,"overheated":false,"passengers":[],"pitchBody":0.101,"respawnTimer":0.0,"roll":0.0,"turretYaw":0.0,"vx":-9.714,"vy":0.0,"vz":-7.96,"x":-16.106,"y":0.0,"yaw":4.026,"z":-74.828}}
SPORT_SAMPLE {"ack":249,"actor":0,"ball":null,"camera":[-10.2941226959229,5.0,-70.0662536621094],"engaged":true,"focused":true,"phase":"racing","render":[-18.6940002441406,0.0,-76.9489974975586],"seconds":11.7287878787878,"seq":350,"stage":5,"v":{"altitude":0.0,"driver":0.0,"flight":false,"gunner":null,"health":300.0,"heat":0.0,"id":0.0,"kind":"puma","maxHealth":300.0,"overheated":false,"passengers":[],"pitchBody":0.083,"respawnTimer":0.0,"roll":0.0,"turretYaw":0.0,"vx":-12.197,"vy":0.0,"vz":-9.994,"x":-18.694,"y":0.0,"yaw":4.026,"z":-76.949}}
SPORT_SAMPLE {"ack":254,"actor":0,"ball":null,"camera":[-12.7198524475098,5.0,-72.0537796020508],"engaged":true,"focused":true,"phase":"racing","render":[-21.32200050354,0.0,-79.1019973754883],"seconds":11.929403,"seq":356,"stage":5,"v":{"altitude":0.0,"driver":0.0,"flight":false,"gunner":null,"health":300.0,"heat":0.0,"id":0.0,"kind":"puma","maxHealth":300.0,"overheated":false,"passengers":[],"pitchBody":0.067,"respawnTimer":0.0,"roll":0.0,"turretYaw":0.0,"vx":-13.877,"vy":0.0,"vz":-11.371,"x":-21.322,"y":0.0,"yaw":4.026,"z":-79.102}}
SPORT_SAMPLE {"ack":259,"actor":0,"ball":null,"camera":[-14.3502473831177,5.0,-73.3899688720703],"engaged":true,"focused":true,"phase":"racing","render":[-21.5820007324219,0.0,-79.3150024414062],"seconds":12.1327363333333,"seq":362,"stage":5,"v":{"altitude":0.0,"driver":0.0,"flight":false,"gunner":null,"health":300.0,"heat":0.0,"id":0.0,"kind":"puma","maxHealth":300.0,"overheated":false,"passengers":[],"pitchBody":0.02,"respawnTimer":0.0,"roll":0.0,"turretYaw":0.0,"vx":0.0,"vy":0.0,"vz":0.0,"x":-21.582,"y":0.0,"yaw":4.026,"z":-79.315}}
SPORT_EVENT {"key":87,"pressed":false,"seconds":12.2142178148148}
SPORT_EVENT {"key":83,"pressed":false,"seconds":12.2142178148148}
SPORT_EVENT {"key":65,"pressed":false,"seconds":12.2142178148148}
SPORT_EVENT {"key":68,"pressed":false,"seconds":12.2142178148148}
SPORT_EVENT {"key":32,"pressed":false,"seconds":12.2142178148148}
SPORT_EVENT {"key":4194325,"pressed":false,"seconds":12.2142178148148}
SPORT_EVENT {"key":82,"pressed":false,"seconds":12.2142178148148}
SPORT_EVENT {"key":87,"pressed":true,"seconds":12.2142178148148}
SPORT_STAGE {"seconds":12.2142178148148,"stage":6}
SPORT_SAMPLE {"ack":265,"actor":0,"ball":null,"camera":[-14.5964794158936,5.0,-73.5918655395508],"engaged":false,"focused":false,"phase":"racing","render":[-21.5820007324219,0.0,-79.3150024414062],"seconds":12.3757663333333,"seq":369,"stage":6,"v":{"altitude":0.0,"driver":0.0,"flight":false,"gunner":null,"health":300.0,"heat":0.0,"id":0.0,"kind":"puma","maxHealth":300.0,"overheated":false,"passengers":[],"pitchBody":0.003,"respawnTimer":0.0,"roll":0.0,"turretYaw":0.0,"vx":0.0,"vy":0.0,"vz":0.0,"x":-21.582,"y":0.0,"yaw":4.026,"z":-79.315}}
SPORT_SAMPLE {"ack":270,"actor":0,"ball":null,"camera":[-14.6175231933594,5.0,-73.6091156005859],"engaged":false,"focused":false,"phase":"racing","render":[-21.5820007324219,0.0,-79.3150024414062],"seconds":12.5957663333333,"seq":375,"stage":6,"v":{"altitude":0.0,"driver":0.0,"flight":false,"gunner":null,"health":300.0,"heat":0.0,"id":0.0,"kind":"puma","maxHealth":300.0,"overheated":false,"passengers":[],"pitchBody":0.001,"respawnTimer":0.0,"roll":0.0,"turretYaw":0.0,"vx":0.0,"vy":0.0,"vz":0.0,"x":-21.582,"y":0.0,"yaw":4.026,"z":-79.315}}
SPORT_SAMPLE {"ack":276,"actor":0,"ball":null,"camera":[-14.6197910308838,5.0,-73.6109771728516],"engaged":false,"focused":false,"phase":"racing","render":[-21.5820007324219,0.0,-79.3150024414062],"seconds":12.7961367037037,"seq":382,"stage":6,"v":{"altitude":0.0,"driver":0.0,"flight":false,"gunner":null,"health":300.0,"heat":0.0,"id":0.0,"kind":"puma","maxHealth":300.0,"overheated":false,"passengers":[],"pitchBody":0.0,"respawnTimer":0.0,"roll":0.0,"turretYaw":0.0,"vx":0.0,"vy":0.0,"vz":0.0,"x":-21.582,"y":0.0,"yaw":4.026,"z":-79.315}}
SPORT_SAMPLE {"ack":281,"actor":0,"ball":null,"camera":[-14.6201057434082,5.0,-73.6112365722656],"engaged":false,"focused":false,"phase":"racing","render":[-21.5820007324219,0.0,-79.3150024414062],"seconds":13.0155256666666,"seq":388,"stage":6,"v":{"altitude":0.0,"driver":0.0,"flight":false,"gunner":null,"health":300.0,"heat":0.0,"id":0.0,"kind":"puma","maxHealth":300.0,"overheated":false,"passengers":[],"pitchBody":0.0,"respawnTimer":0.0,"roll":0.0,"turretYaw":0.0,"vx":0.0,"vy":0.0,"vz":0.0,"x":-21.582,"y":0.0,"yaw":4.026,"z":-79.315}}
SPORT_SAMPLE {"ack":287,"actor":0,"ball":null,"camera":[-14.6201400756836,5.0,-73.6112518310547],"engaged":false,"focused":false,"phase":"racing","render":[-21.5820007324219,0.0,-79.3150024414062],"seconds":13.2348546666666,"seq":395,"stage":6,"v":{"altitude":0.0,"driver":0.0,"flight":false,"gunner":null,"health":300.0,"heat":0.0,"id":0.0,"kind":"puma","maxHealth":300.0,"overheated":false,"passengers":[],"pitchBody":0.0,"respawnTimer":0.0,"roll":0.0,"turretYaw":0.0,"vx":0.0,"vy":0.0,"vz":0.0,"x":-21.582,"y":0.0,"yaw":4.026,"z":-79.315}}
SPORT_SAMPLE {"ack":292,"actor":0,"ball":null,"camera":[-14.6201429367065,5.0,-73.6112518310547],"engaged":false,"focused":false,"phase":"racing","render":[-21.5820007324219,0.0,-79.3150024414062],"seconds":13.4548546666666,"seq":402,"stage":6,"v":{"altitude":0.0,"driver":0.0,"flight":false,"gunner":null,"health":300.0,"heat":0.0,"id":0.0,"kind":"puma","maxHealth":300.0,"overheated":false,"passengers":[],"pitchBody":0.0,"respawnTimer":0.0,"roll":0.0,"turretYaw":0.0,"vx":0.0,"vy":0.0,"vz":0.0,"x":-21.582,"y":0.0,"yaw":4.026,"z":-79.315}}
SPORT_SAMPLE {"ack":297,"actor":0,"ball":null,"camera":[-14.6201429367065,5.0,-73.6112518310547],"engaged":false,"focused":false,"phase":"racing","render":[-21.5820007324219,0.0,-79.3150024414062],"seconds":13.6748546666666,"seq":408,"stage":6,"v":{"altitude":0.0,"driver":0.0,"flight":false,"gunner":null,"health":300.0,"heat":0.0,"id":0.0,"kind":"puma","maxHealth":300.0,"overheated":false,"passengers":[],"pitchBody":0.0,"respawnTimer":0.0,"roll":0.0,"turretYaw":0.0,"vx":0.0,"vy":0.0,"vz":0.0,"x":-21.582,"y":0.0,"yaw":4.026,"z":-79.315}}
SPORT_EVENT {"key":87,"pressed":false,"seconds":13.7148546666666}
SPORT_EVENT {"key":83,"pressed":false,"seconds":13.7148546666666}
SPORT_EVENT {"key":65,"pressed":false,"seconds":13.7148546666666}
SPORT_EVENT {"key":68,"pressed":false,"seconds":13.7148546666666}
SPORT_EVENT {"key":32,"pressed":false,"seconds":13.7148546666666}
SPORT_EVENT {"key":4194325,"pressed":false,"seconds":13.7148546666666}
SPORT_EVENT {"key":82,"pressed":false,"seconds":13.7148546666666}
SPORT_EVENT {"key":87,"pressed":true,"seconds":13.7148546666666}
SPORT_STAGE {"seconds":13.7148546666666,"stage":7}
SPORT_SAMPLE {"ack":303,"actor":0,"ball":null,"camera":[-14.6201429367065,5.0,-73.6112518310547],"engaged":false,"focused":true,"phase":"racing","render":[-21.5820007324219,0.0,-79.3150024414062],"seconds":13.8948546666666,"seq":415,"stage":7,"v":{"altitude":0.0,"driver":0.0,"flight":false,"gunner":null,"health":300.0,"heat":0.0,"id":0.0,"kind":"puma","maxHealth":300.0,"overheated":false,"passengers":[],"pitchBody":0.0,"respawnTimer":0.0,"roll":0.0,"turretYaw":0.0,"vx":0.0,"vy":0.0,"vz":0.0,"x":-21.582,"y":0.0,"yaw":4.026,"z":-79.315}}
SPORT_SAMPLE {"ack":309,"actor":0,"ball":null,"camera":[-14.6201429367065,5.0,-73.6112518310547],"engaged":false,"focused":true,"phase":"racing","render":[-21.5820007324219,0.0,-79.3150024414062],"seconds":14.1148546666666,"seq":422,"stage":7,"v":{"altitude":0.0,"driver":0.0,"flight":false,"gunner":null,"health":300.0,"heat":0.0,"id":0.0,"kind":"puma","maxHealth":300.0,"overheated":false,"passengers":[],"pitchBody":0.0,"respawnTimer":0.0,"roll":0.0,"turretYaw":0.0,"vx":0.0,"vy":0.0,"vz":0.0,"x":-21.582,"y":0.0,"yaw":4.026,"z":-79.315}}
SPORT_SAMPLE {"ack":314,"actor":0,"ball":null,"camera":[-14.6201429367065,5.0,-73.6112518310547],"engaged":false,"focused":true,"phase":"racing","render":[-21.5820007324219,0.0,-79.3150024414062],"seconds":14.3348546666666,"seq":428,"stage":7,"v":{"altitude":0.0,"driver":0.0,"flight":false,"gunner":null,"health":300.0,"heat":0.0,"id":0.0,"kind":"puma","maxHealth":300.0,"overheated":false,"passengers":[],"pitchBody":0.0,"respawnTimer":0.0,"roll":0.0,"turretYaw":0.0,"vx":0.0,"vy":0.0,"vz":0.0,"x":-21.582,"y":0.0,"yaw":4.026,"z":-79.315}}
SPORT_SAMPLE {"ack":319,"actor":0,"ball":null,"camera":[-14.6201429367065,5.0,-73.6112518310547],"engaged":false,"focused":true,"phase":"racing","render":[-21.5820007324219,0.0,-79.3150024414062],"seconds":14.5353497037036,"seq":435,"stage":7,"v":{"altitude":0.0,"driver":0.0,"flight":false,"gunner":null,"health":300.0,"heat":0.0,"id":0.0,"kind":"puma","maxHealth":300.0,"overheated":false,"passengers":[],"pitchBody":0.0,"respawnTimer":0.0,"roll":0.0,"turretYaw":0.0,"vx":0.0,"vy":0.0,"vz":0.0,"x":-21.582,"y":0.0,"yaw":4.026,"z":-79.315}}
SPORT_SAMPLE {"ack":324,"actor":0,"ball":null,"camera":[-14.6201429367065,5.0,-73.6112518310547],"engaged":false,"focused":true,"phase":"racing","render":[-21.5820007324219,0.0,-79.3150024414062],"seconds":14.7388888888888,"seq":441,"stage":7,"v":{"altitude":0.0,"driver":0.0,"flight":false,"gunner":null,"health":300.0,"heat":0.0,"id":0.0,"kind":"puma","maxHealth":300.0,"overheated":false,"passengers":[],"pitchBody":0.0,"respawnTimer":0.0,"roll":0.0,"turretYaw":0.0,"vx":0.0,"vy":0.0,"vz":0.0,"x":-21.582,"y":0.0,"yaw":4.026,"z":-79.315}}
SPORT_SAMPLE {"ack":329,"actor":0,"ball":null,"camera":[-14.6201429367065,5.0,-73.6112518310547],"engaged":false,"focused":true,"phase":"racing","render":[-21.5820007324219,0.0,-79.3150024414062],"seconds":14.9425925925925,"seq":447,"stage":7,"v":{"altitude":0.0,"driver":0.0,"flight":false,"gunner":null,"health":300.0,"heat":0.0,"id":0.0,"kind":"puma","maxHealth":300.0,"overheated":false,"passengers":[],"pitchBody":0.0,"respawnTimer":0.0,"roll":0.0,"turretYaw":0.0,"vx":0.0,"vy":0.0,"vz":0.0,"x":-21.582,"y":0.0,"yaw":4.026,"z":-79.315}}
SPORT_SAMPLE {"ack":334,"actor":0,"ball":null,"camera":[-14.6201429367065,5.0,-73.6112518310547],"engaged":false,"focused":true,"phase":"racing","render":[-21.5820007324219,0.0,-79.3150024414062],"seconds":15.1462962962962,"seq":453,"stage":7,"v":{"altitude":0.0,"driver":0.0,"flight":false,"gunner":null,"health":300.0,"heat":0.0,"id":0.0,"kind":"puma","maxHealth":300.0,"overheated":false,"passengers":[],"pitchBody":0.0,"respawnTimer":0.0,"roll":0.0,"turretYaw":0.0,"vx":0.0,"vy":0.0,"vz":0.0,"x":-21.582,"y":0.0,"yaw":4.026,"z":-79.315}}
SPORT_EVENT {"key":87,"pressed":false,"seconds":15.2086839999999}
SPORT_EVENT {"key":83,"pressed":false,"seconds":15.2086839999999}
SPORT_EVENT {"key":65,"pressed":false,"seconds":15.2086839999999}
SPORT_EVENT {"key":68,"pressed":false,"seconds":15.2086839999999}
SPORT_EVENT {"key":32,"pressed":false,"seconds":15.2086839999999}
SPORT_EVENT {"key":4194325,"pressed":false,"seconds":15.2086839999999}
SPORT_EVENT {"key":82,"pressed":false,"seconds":15.2086839999999}
SPORT_EVENT {"key":4194309,"pressed":true,"seconds":15.2086839999999}
SPORT_EVENT {"key":4194309,"pressed":false,"seconds":15.2086839999999}
SPORT_EVENT {"key":87,"pressed":true,"seconds":15.2086839999999}
SPORT_STAGE {"seconds":15.2086839999999,"stage":8}
SPORT_SAMPLE {"ack":339,"actor":0,"ball":null,"camera":[-14.6201429367065,5.0,-73.6112518310547],"engaged":true,"focused":true,"phase":"racing","render":[-21.5820007324219,0.0,-79.3150024414062],"seconds":15.3724814814814,"seq":460,"stage":8,"v":{"altitude":0.0,"driver":0.0,"flight":false,"gunner":null,"health":300.0,"heat":0.0,"id":0.0,"kind":"puma","maxHealth":300.0,"overheated":false,"passengers":[],"pitchBody":0.0,"respawnTimer":0.0,"roll":0.0,"turretYaw":0.0,"vx":0.0,"vy":0.0,"vz":0.0,"x":-21.582,"y":0.0,"yaw":4.026,"z":-79.315}}
SPORT_SAMPLE {"ack":344,"actor":0,"ball":null,"camera":[-14.6201429367065,5.0,-73.6112518310547],"engaged":true,"focused":true,"phase":"racing","render":[-21.5820007324219,0.0,-79.3150024414062],"seconds":15.5797899999999,"seq":466,"stage":8,"v":{"altitude":0.0,"driver":0.0,"flight":false,"gunner":null,"health":300.0,"heat":0.0,"id":0.0,"kind":"puma","maxHealth":300.0,"overheated":false,"passengers":[],"pitchBody":0.0,"respawnTimer":0.0,"roll":0.0,"turretYaw":0.0,"vx":0.0,"vy":0.0,"vz":0.0,"x":-21.582,"y":0.0,"yaw":4.026,"z":-79.315}}
SPORT_SAMPLE {"ack":350,"actor":0,"ball":null,"camera":[-14.6201429367065,5.0,-73.6112518310547],"engaged":true,"focused":true,"phase":"racing","render":[-21.5820007324219,0.0,-79.3150024414062],"seconds":15.794263077922,"seq":473,"stage":8,"v":{"altitude":0.0,"driver":0.0,"flight":false,"gunner":null,"health":300.0,"heat":0.0,"id":0.0,"kind":"puma","maxHealth":300.0,"overheated":false,"passengers":[],"pitchBody":0.0,"respawnTimer":0.0,"roll":0.0,"turretYaw":0.0,"vx":0.0,"vy":0.0,"vz":0.0,"x":-21.582,"y":0.0,"yaw":4.026,"z":-79.315}}
SPORT_SAMPLE {"ack":355,"actor":0,"ball":null,"camera":[-14.6201429367065,5.0,-73.6112518310547],"engaged":true,"focused":true,"phase":"racing","render":[-21.5820007324219,0.0,-79.3150024414062],"seconds":16.0060606060605,"seq":479,"stage":8,"v":{"altitude":0.0,"driver":0.0,"flight":false,"gunner":null,"health":300.0,"heat":0.0,"id":0.0,"kind":"puma","maxHealth":300.0,"overheated":false,"passengers":[],"pitchBody":0.0,"respawnTimer":0.0,"roll":0.0,"turretYaw":0.0,"vx":0.0,"vy":0.0,"vz":0.0,"x":-21.582,"y":0.0,"yaw":4.026,"z":-79.315}}
SPORT_SAMPLE {"ack":360,"actor":0,"ball":null,"camera":[-14.6201429367065,5.0,-73.6112518310547],"engaged":true,"focused":true,"phase":"racing","render":[-21.5820007324219,0.0,-79.3150024414062],"seconds":16.2257846666666,"seq":485,"stage":8,"v":{"altitude":0.0,"driver":0.0,"flight":false,"gunner":null,"health":300.0,"heat":0.0,"id":0.0,"kind":"puma","maxHealth":300.0,"overheated":false,"passengers":[],"pitchBody":0.0,"respawnTimer":0.0,"roll":0.0,"turretYaw":0.0,"vx":0.0,"vy":0.0,"vz":0.0,"x":-21.582,"y":0.0,"yaw":4.026,"z":-79.315}}
SPORT_SAMPLE {"ack":366,"actor":0,"ball":null,"camera":[-14.6201429367065,5.0,-73.6112518310547],"engaged":true,"focused":true,"phase":"racing","render":[-21.5820007324219,0.0,-79.3150024414062],"seconds":16.4436136666666,"seq":492,"stage":8,"v":{"altitude":0.0,"driver":0.0,"flight":false,"gunner":null,"health":300.0,"heat":0.0,"id":0.0,"kind":"puma","maxHealth":300.0,"overheated":false,"passengers":[],"pitchBody":0.0,"respawnTimer":0.0,"roll":0.0,"turretYaw":0.0,"vx":0.0,"vy":0.0,"vz":0.0,"x":-21.582,"y":0.0,"yaw":4.026,"z":-79.315}}
SPORT_SAMPLE {"ack":371,"actor":0,"ball":null,"camera":[-14.6201429367065,5.0,-73.6112518310547],"engaged":true,"focused":true,"phase":"racing","render":[-21.5820007324219,0.0,-79.3150024414062],"seconds":16.6591154242424,"seq":499,"stage":8,"v":{"altitude":0.0,"driver":0.0,"flight":false,"gunner":null,"health":300.0,"heat":0.0,"id":0.0,"kind":"puma","maxHealth":300.0,"overheated":false,"passengers":[],"pitchBody":0.0,"respawnTimer":0.0,"roll":0.0,"turretYaw":0.0,"vx":0.0,"vy":0.0,"vz":0.0,"x":-21.582,"y":0.0,"yaw":4.026,"z":-79.315}}
SPORT_EVENT {"key":87,"pressed":false,"seconds":16.7182063333333}
SPORT_EVENT {"key":83,"pressed":false,"seconds":16.7182063333333}
SPORT_EVENT {"key":65,"pressed":false,"seconds":16.7182063333333}
SPORT_EVENT {"key":68,"pressed":false,"seconds":16.7182063333333}
SPORT_EVENT {"key":32,"pressed":false,"seconds":16.7182063333333}
SPORT_EVENT {"key":4194325,"pressed":false,"seconds":16.7182063333333}
SPORT_EVENT {"key":82,"pressed":false,"seconds":16.7182063333333}
SPORT_EVENT {"key":82,"pressed":true,"seconds":16.7182063333333}
SPORT_STAGE {"seconds":16.7182063333333,"stage":9}
SPORT_SAMPLE {"ack":376,"actor":0,"ball":null,"camera":[-44.5,5.0,-67.9981689453125],"engaged":true,"focused":true,"phase":"racing","render":[-35.5,0.0,-68.0],"seconds":16.8731719999999,"seq":505,"stage":9,"v":{"altitude":0.0,"driver":0.0,"flight":false,"gunner":null,"health":300.0,"heat":0.0,"id":0.0,"kind":"puma","maxHealth":300.0,"overheated":false,"passengers":[],"pitchBody":0.0,"respawnTimer":0.0,"roll":0.0,"turretYaw":0.0,"vx":0.0,"vy":0.0,"vz":0.0,"x":-35.5,"y":0.0,"yaw":1.571,"z":-68.0}}
SPORT_SAMPLE {"ack":380,"actor":0,"ball":null,"camera":[-44.5,5.0,-67.9981689453125],"engaged":true,"focused":true,"phase":"racing","render":[-35.5,0.0,-68.0],"seconds":17.1046579999999,"seq":512,"stage":9,"v":{"altitude":0.0,"driver":0.0,"flight":false,"gunner":null,"health":300.0,"heat":0.0,"id":0.0,"kind":"puma","maxHealth":300.0,"overheated":false,"passengers":[],"pitchBody":0.0,"respawnTimer":0.0,"roll":0.0,"turretYaw":0.0,"vx":0.0,"vy":0.0,"vz":0.0,"x":-35.5,"y":0.0,"yaw":1.571,"z":-68.0}}
SPORT_SAMPLE {"ack":384,"actor":0,"ball":null,"camera":[-44.5,5.0,-67.9981689453125],"engaged":true,"focused":true,"phase":"racing","render":[-35.5,0.0,-68.0],"seconds":17.3093206666666,"seq":518,"stage":9,"v":{"altitude":0.0,"driver":0.0,"flight":false,"gunner":null,"health":300.0,"heat":0.0,"id":0.0,"kind":"puma","maxHealth":300.0,"overheated":false,"passengers":[],"pitchBody":0.0,"respawnTimer":0.0,"roll":0.0,"turretYaw":0.0,"vx":0.0,"vy":0.0,"vz":0.0,"x":-35.5,"y":0.0,"yaw":1.571,"z":-68.0}}
SPORT_SAMPLE {"ack":387,"actor":0,"ball":null,"camera":[-44.5,5.0,-67.9981689453125],"engaged":true,"focused":true,"phase":"racing","render":[-35.5,0.0,-68.0],"seconds":17.5184149629629,"seq":525,"stage":9,"v":{"altitude":0.0,"driver":0.0,"flight":false,"gunner":null,"health":300.0,"heat":0.0,"id":0.0,"kind":"puma","maxHealth":300.0,"overheated":false,"passengers":[],"pitchBody":0.0,"respawnTimer":0.0,"roll":0.0,"turretYaw":0.0,"vx":0.0,"vy":0.0,"vz":0.0,"x":-35.5,"y":0.0,"yaw":1.571,"z":-68.0}}
SPORT_SAMPLE {"ack":391,"actor":0,"ball":null,"camera":[-44.5,5.0,-67.9981689453125],"engaged":true,"focused":true,"phase":"racing","render":[-35.5,0.0,-68.0],"seconds":17.7252675925925,"seq":531,"stage":9,"v":{"altitude":0.0,"driver":0.0,"flight":false,"gunner":null,"health":300.0,"heat":0.0,"id":0.0,"kind":"puma","maxHealth":300.0,"overheated":false,"passengers":[],"pitchBody":0.0,"respawnTimer":0.0,"roll":0.0,"turretYaw":0.0,"vx":0.0,"vy":0.0,"vz":0.0,"x":-35.5,"y":0.0,"yaw":1.571,"z":-68.0}}
SPORT_SAMPLE {"ack":394,"actor":0,"ball":null,"camera":[-44.5,5.0,-67.9981689453125],"engaged":true,"focused":true,"phase":"racing","render":[-35.5,0.0,-68.0],"seconds":17.9323648518518,"seq":537,"stage":9,"v":{"altitude":0.0,"driver":0.0,"flight":false,"gunner":null,"health":300.0,"heat":0.0,"id":0.0,"kind":"puma","maxHealth":300.0,"overheated":false,"passengers":[],"pitchBody":0.0,"respawnTimer":0.0,"roll":0.0,"turretYaw":0.0,"vx":0.0,"vy":0.0,"vz":0.0,"x":-35.5,"y":0.0,"yaw":1.571,"z":-68.0}}
SPORT_SAMPLE {"ack":398,"actor":0,"ball":null,"camera":[-44.5,5.0,-67.9981689453125],"engaged":true,"focused":true,"phase":"racing","render":[-35.5,0.0,-68.0],"seconds":18.1397722592592,"seq":544,"stage":9,"v":{"altitude":0.0,"driver":0.0,"flight":false,"gunner":null,"health":300.0,"heat":0.0,"id":0.0,"kind":"puma","maxHealth":300.0,"overheated":false,"passengers":[],"pitchBody":0.0,"respawnTimer":0.0,"roll":0.0,"turretYaw":0.0,"vx":0.0,"vy":0.0,"vz":0.0,"x":-35.5,"y":0.0,"yaw":1.571,"z":-68.0}}
SPORT_EVENT {"key":87,"pressed":false,"seconds":18.228661148148}
SPORT_EVENT {"key":83,"pressed":false,"seconds":18.228661148148}
SPORT_EVENT {"key":65,"pressed":false,"seconds":18.228661148148}
SPORT_EVENT {"key":68,"pressed":false,"seconds":18.228661148148}
SPORT_EVENT {"key":32,"pressed":false,"seconds":18.228661148148}
SPORT_EVENT {"key":4194325,"pressed":false,"seconds":18.228661148148}
SPORT_EVENT {"key":82,"pressed":false,"seconds":18.228661148148}
SPORT_EVENT {"key":4194305,"pressed":true,"seconds":18.228661148148}
SPORT_EVENT {"key":4194305,"pressed":false,"seconds":18.228661148148}
SPORT_STAGE {"seconds":18.228661148148,"stage":10}
SPORT_SAMPLE {"ack":402,"actor":0,"ball":null,"camera":[-44.5,5.0,-67.9981689453125],"engaged":false,"focused":true,"phase":"racing","render":[-35.5,0.0,-68.0],"seconds":18.4063893333332,"seq":552,"stage":10,"v":{"altitude":0.0,"driver":0.0,"flight":false,"gunner":null,"health":300.0,"heat":0.0,"id":0.0,"kind":"puma","maxHealth":300.0,"overheated":false,"passengers":[],"pitchBody":0.0,"respawnTimer":0.0,"roll":0.0,"turretYaw":0.0,"vx":0.0,"vy":0.0,"vz":0.0,"x":-35.5,"y":0.0,"yaw":1.571,"z":-68.0}}
SPORT_SAMPLE {"ack":406,"actor":0,"ball":null,"camera":[-44.5,5.0,-67.9981689453125],"engaged":false,"focused":true,"phase":"racing","render":[-35.5,0.0,-68.0],"seconds":18.6137967407406,"seq":558,"stage":10,"v":{"altitude":0.0,"driver":0.0,"flight":false,"gunner":null,"health":300.0,"heat":0.0,"id":0.0,"kind":"puma","maxHealth":300.0,"overheated":false,"passengers":[],"pitchBody":0.0,"respawnTimer":0.0,"roll":0.0,"turretYaw":0.0,"vx":0.0,"vy":0.0,"vz":0.0,"x":-35.5,"y":0.0,"yaw":1.571,"z":-68.0}}
SPORT_SAMPLE {"ack":409,"actor":0,"ball":null,"camera":[-44.5,5.0,-67.9981689453125],"engaged":false,"focused":true,"phase":"racing","render":[-35.5,0.0,-68.0],"seconds":18.821204148148,"seq":565,"stage":10,"v":{"altitude":0.0,"driver":0.0,"flight":false,"gunner":null,"health":300.0,"heat":0.0,"id":0.0,"kind":"puma","maxHealth":300.0,"overheated":false,"passengers":[],"pitchBody":0.0,"respawnTimer":0.0,"roll":0.0,"turretYaw":0.0,"vx":0.0,"vy":0.0,"vz":0.0,"x":-35.5,"y":0.0,"yaw":1.571,"z":-68.0}}
SPORT_SAMPLE {"ack":413,"actor":0,"ball":null,"camera":[-44.5,5.0,-67.9981689453125],"engaged":false,"focused":true,"phase":"racing","render":[-35.5,0.0,-68.0],"seconds":19.0286115555554,"seq":571,"stage":10,"v":{"altitude":0.0,"driver":0.0,"flight":false,"gunner":null,"health":300.0,"heat":0.0,"id":0.0,"kind":"puma","maxHealth":300.0,"overheated":false,"passengers":[],"pitchBody":0.0,"respawnTimer":0.0,"roll":0.0,"turretYaw":0.0,"vx":0.0,"vy":0.0,"vz":0.0,"x":-35.5,"y":0.0,"yaw":1.571,"z":-68.0}}
SPORT_SAMPLE {"ack":416,"actor":0,"ball":null,"camera":[-44.5,5.0,-67.9981689453125],"engaged":false,"focused":true,"phase":"racing","render":[-35.5,0.0,-68.0],"seconds":19.2355559999999,"seq":577,"stage":10,"v":{"altitude":0.0,"driver":0.0,"flight":false,"gunner":null,"health":300.0,"heat":0.0,"id":0.0,"kind":"puma","maxHealth":300.0,"overheated":false,"passengers":[],"pitchBody":0.0,"respawnTimer":0.0,"roll":0.0,"turretYaw":0.0,"vx":0.0,"vy":0.0,"vz":0.0,"x":-35.5,"y":0.0,"yaw":1.571,"z":-68.0}}
SPORT_SAMPLE {"ack":420,"actor":0,"ball":null,"camera":[-44.5,5.0,-67.9981689453125],"engaged":false,"focused":true,"phase":"racing","render":[-35.5,0.0,-68.0],"seconds":19.4405979629628,"seq":584,"stage":10,"v":{"altitude":0.0,"driver":0.0,"flight":false,"gunner":null,"health":300.0,"heat":0.0,"id":0.0,"kind":"puma","maxHealth":300.0,"overheated":false,"passengers":[],"pitchBody":0.0,"respawnTimer":0.0,"roll":0.0,"turretYaw":0.0,"vx":0.0,"vy":0.0,"vz":0.0,"x":-35.5,"y":0.0,"yaw":1.571,"z":-68.0}}
SPORT_SAMPLE {"ack":423,"actor":0,"ball":null,"camera":[-44.5,5.0,-67.9981689453125],"engaged":false,"focused":true,"phase":"racing","render":[-35.5,0.0,-68.0],"seconds":19.6466366666665,"seq":590,"stage":10,"v":{"altitude":0.0,"driver":0.0,"flight":false,"gunner":null,"health":300.0,"heat":0.0,"id":0.0,"kind":"puma","maxHealth":300.0,"overheated":false,"passengers":[],"pitchBody":0.0,"respawnTimer":0.0,"roll":0.0,"turretYaw":0.0,"vx":0.0,"vy":0.0,"vz":0.0,"x":-35.5,"y":0.0,"yaw":1.571,"z":-68.0}}
SPORT_SAMPLE {"ack":427,"actor":0,"ball":null,"camera":[-44.5,5.0,-67.9981689453125],"engaged":false,"focused":true,"phase":"racing","render":[-35.5,0.0,-68.0],"seconds":19.8523795925924,"seq":596,"stage":10,"v":{"altitude":0.0,"driver":0.0,"flight":false,"gunner":null,"health":300.0,"heat":0.0,"id":0.0,"kind":"puma","maxHealth":300.0,"overheated":false,"passengers":[],"pitchBody":0.0,"respawnTimer":0.0,"roll":0.0,"turretYaw":0.0,"vx":0.0,"vy":0.0,"vz":0.0,"x":-35.5,"y":0.0,"yaw":1.571,"z":-68.0}}
SPORT_SAMPLE {"ack":430,"actor":0,"ball":null,"camera":[-44.5,5.0,-67.9981689453125],"engaged":false,"focused":true,"phase":"racing","render":[-35.5,0.0,-68.0],"seconds":20.0592592592591,"seq":603,"stage":10,"v":{"altitude":0.0,"driver":0.0,"flight":false,"gunner":null,"health":300.0,"heat":0.0,"id":0.0,"kind":"puma","maxHealth":300.0,"overheated":false,"passengers":[],"pitchBody":0.0,"respawnTimer":0.0,"roll":0.0,"turretYaw":0.0,"vx":0.0,"vy":0.0,"vz":0.0,"x":-35.5,"y":0.0,"yaw":1.571,"z":-68.0}}
SPORT_OBSERVATION_ENDED no_native_completion_marker=true
