Godot Engine v4.5.2.stable.official.6ce3de25a - https://godotengine.org

SCRIPT ERROR: Trying to assign an array of type "Array" to a variable of type "Array[Vector3]".
          at: _plan (res://moth_scenery/scenery.gd:222)
          GDScript backtrace (most recent call first):
              [0] _plan (res://moth_scenery/scenery.gd:222)
              [1] create (res://moth_scenery/scenery.gd:37)
              [2] verify (res://tests/moth_scenery/verify.gd:95)
ERROR: surface ceiling meridian-exchange
   at: push_error (core/variant/variant_utility.cpp:1024)
   GDScript backtrace (most recent call first):
       [0] check (res://tests/moth_scenery/verify.gd:14)
       [1] verify (res://tests/moth_scenery/verify.gd:98)
ERROR: Index p_index = 0 is out of bounds ((int)data.children_cache.size() - data.internal_children_front_count_cache - data.internal_children_back_count_cache = 0).
   at: get_child (scene/main/node.cpp:1809)
   GDScript backtrace (most recent call first):
       [0] verify (res://tests/moth_scenery/verify.gd:109)
SCRIPT ERROR: Invalid access to property or key 'material_override' on a base object of type 'null instance'.
          at: verify (res://tests/moth_scenery/verify.gd:109)
          GDScript backtrace (most recent call first):
              [0] verify (res://tests/moth_scenery/verify.gd:109)
