Godot Engine v4.5.2.stable.official.6ce3de25a - https://godotengine.org

[   0% ] [90m[1mfirst_scan_filesystem[22m | Started Project initialization (5 steps)[39m[0m
[   0% ] [90m[1mfirst_scan_filesystem[22m | Scanning file structure...[39m[0m
[  16% ] [90m[1mfirst_scan_filesystem[22m | Loading global class names...[39m[0m
[  33% ] [90m[1mfirst_scan_filesystem[22m | Verifying GDExtensions...[39m[0m
[  50% ] [90m[1mfirst_scan_filesystem[22m | Creating autoload scripts...[39m[0m
[  66% ] [90m[1mfirst_scan_filesystem[22m | Initializing plugins...[39m[0m
[  83% ] [90m[1mfirst_scan_filesystem[22m | Starting file scan...[39m[0m
[92m[ DONE ][39m [1mfirst_scan_filesystem[22m
[0m
[   0% ] [90m[1msavepack[22m | Started Packing (102 steps)[39m[0m
[   1% ] [90m[1msavepack[22m | Storing File: res://arms_race/demo.gdc[39m[0m
[   2% ] [90m[1msavepack[22m | Storing File: res://.godot/exported/133200997/export-2bca240179acdf23a4aa5711686212be-demo.scn[39m[0m
[   3% ] [90m[1msavepack[22m | Storing File: res://arms_race/fresh_input.gdc[39m[0m
[   4% ] [90m[1msavepack[22m | Storing File: res://arms_race/hud.gdc[39m[0m
[   5% ] [90m[1msavepack[22m | Storing File: res://arms_race/progress.gdc[39m[0m
[   6% ] [90m[1msavepack[22m | Storing File: res://arms_race/scoreboard.gdc[39m[0m
[   7% ] [90m[1msavepack[22m | Storing File: res://combined_arms/camera.gdc[39m[0m
[   8% ] [90m[1msavepack[22m | Storing File: res://combined_arms/chassis.gdc[39m[0m
[   9% ] [90m[1msavepack[22m | Storing File: res://combined_arms/controls.gdc[39m[0m
[  10% ] [90m[1msavepack[22m | Storing File: res://combined_arms/demo.gdc[39m[0m
[  11% ] [90m[1msavepack[22m | Storing File: res://.godot/exported/133200997/export-ed2f517c152cbd5d634e763dc43a8ad1-demo.scn[39m[0m
[  12% ] [90m[1msavepack[22m | Storing File: res://combined_arms/fleet.gdc[39m[0m
[  13% ] [90m[1msavepack[22m | Storing File: res://combined_arms/hud.gdc[39m[0m
[  14% ] [90m[1msavepack[22m | Storing File: res://combined_arms/lease.gdc[39m[0m
[  15% ] [90m[1msavepack[22m | Storing File: res://content/generated/maps/asterion-relay/map.json[39m[0m
[  16% ] [90m[1msavepack[22m | Storing File: res://content/generated/maps/aurora-stadium/map.json[39m[0m
[  18% ] [90m[1msavepack[22m | Storing File: res://content/generated/maps/ember-crucible/map.json[39m[0m
[  19% ] [90m[1msavepack[22m | Storing File: res://content/generated/maps/ion-speedway/map.json[39m[0m
[  20% ] [90m[1msavepack[22m | Storing File: res://content/generated/maps/meridian-exchange/map.json[39m[0m
[  21% ] [90m[1msavepack[22m | Storing File: res://content/generated/maps/monsoon-foundry/map.json[39m[0m
[  22% ] [90m[1msavepack[22m | Storing File: res://content/generated/maps/sunscar-convoy/map.json[39m[0m
[  23% ] [90m[1msavepack[22m | Storing File: res://content/generated/maps/tidal-citadel/map.json[39m[0m
[  24% ] [90m[1msavepack[22m | Storing File: res://content/generated/maps/verdant-reliquary/map.json[39m[0m
[  25% ] [90m[1msavepack[22m | Storing File: res://content/generated/manifest.json[39m[0m
[  26% ] [90m[1msavepack[22m | Storing File: res://horde/client.gdc[39m[0m
[  27% ] [90m[1msavepack[22m | Storing File: res://horde/controls.gdc[39m[0m
[  28% ] [90m[1msavepack[22m | Storing File: res://horde/demo.gdc[39m[0m
[  29% ] [90m[1msavepack[22m | Storing File: res://.godot/exported/133200997/export-ee4b3a97d15badbc552e30973f90b0b9-demo.scn[39m[0m
[  30% ] [90m[1msavepack[22m | Storing File: res://horde/model.gdc[39m[0m
[  31% ] [90m[1msavepack[22m | Storing File: res://horde/scoreboard.gdc[39m[0m
[  32% ] [90m[1msavepack[22m | Storing File: res://lattice/board.gdc[39m[0m
[  33% ] [90m[1msavepack[22m | Storing File: res://.godot/exported/133200997/export-b6384d31124a378721d34fa037e24705-board.scn[39m[0m
[  34% ] [90m[1msavepack[22m | Storing File: res://lattice/map_view.gdc[39m[0m
[  35% ] [90m[1msavepack[22m | Storing File: res://lattice/transport.gdc[39m[0m
[  36% ] [90m[1msavepack[22m | Storing File: res://lattice/world_commands.gdc[39m[0m
[  37% ] [90m[1msavepack[22m | Storing File: res://lattice/world_demo.gdc[39m[0m
[  38% ] [90m[1msavepack[22m | Storing File: res://.godot/exported/133200997/export-6c54a588f064510f7f26b0c896a3fa61-world_demo.scn[39m[0m
[  39% ] [90m[1msavepack[22m | Storing File: res://lattice/world_guidance.gdc[39m[0m
[  40% ] [90m[1msavepack[22m | Storing File: res://lattice/world_hud.gdc[39m[0m
[  41% ] [90m[1msavepack[22m | Storing File: res://lattice/world_transport.gdc[39m[0m
[  42% ] [90m[1msavepack[22m | Storing File: res://net/client.gdc[39m[0m
[  43% ] [90m[1msavepack[22m | Storing File: res://net/snapshot_watch.gdc[39m[0m
[  44% ] [90m[1msavepack[22m | Storing File: res://objectives/demo.gdc[39m[0m
[  45% ] [90m[1msavepack[22m | Storing File: res://.godot/exported/133200997/export-afa379c40a6cf772a0c8f30b503abb32-demo.scn[39m[0m
[  46% ] [90m[1msavepack[22m | Storing File: res://objectives/guidance.gdc[39m[0m
[  47% ] [90m[1msavepack[22m | Storing File: res://objectives/hud.gdc[39m[0m
[  48% ] [90m[1msavepack[22m | Storing File: res://objectives/renderer.gdc[39m[0m
[  50% ] [90m[1msavepack[22m | Storing File: res://player_models/builder.gdc[39m[0m
[  51% ] [90m[1msavepack[22m | Storing File: res://player_models/candidate.gdc[39m[0m
[  52% ] [90m[1msavepack[22m | Storing File: res://player_models/preview.gdc[39m[0m
[  53% ] [90m[1msavepack[22m | Storing File: res://.godot/exported/133200997/export-d4db270fcdc8eefcdf6b1d63bcf15bdc-preview.scn[39m[0m
[  54% ] [90m[1msavepack[22m | Storing File: res://player_models/recipes.json[39m[0m
[  55% ] [90m[1msavepack[22m | Storing File: res://sports/chase.gdc[39m[0m
[  56% ] [90m[1msavepack[22m | Storing File: res://sports/controls.gdc[39m[0m
[  57% ] [90m[1msavepack[22m | Storing File: res://sports/demo.gdc[39m[0m
[  58% ] [90m[1msavepack[22m | Storing File: res://.godot/exported/133200997/export-b9da4942de540c6cc8d9cd171170c314-demo.scn[39m[0m
[  59% ] [90m[1msavepack[22m | Storing File: res://sports/guidance.gdc[39m[0m
[  60% ] [90m[1msavepack[22m | Storing File: res://sports/hud.gdc[39m[0m
[  61% ] [90m[1msavepack[22m | Storing File: res://sports/practice.gdc[39m[0m
[  62% ] [90m[1msavepack[22m | Storing File: res://sports/progression.gdc[39m[0m
[  63% ] [90m[1msavepack[22m | Storing File: res://sports/soccer_guidance.gdc[39m[0m
[  64% ] [90m[1msavepack[22m | Storing File: res://world/viewer.gdc[39m[0m
[  65% ] [90m[1msavepack[22m | Storing File: res://.godot/exported/133200997/export-062af47e8a1ebd034f91b3ab2f77dec9-session.scn[39m[0m
[  66% ] [90m[1msavepack[22m | Storing File: res://world/session.gdc[39m[0m
[  67% ] [90m[1msavepack[22m | Storing File: res://world/remote_motion.gdc[39m[0m
[  68% ] [90m[1msavepack[22m | Storing File: res://world/projectiles.gdc[39m[0m
[  69% ] [90m[1msavepack[22m | Storing File: res://world/presentation.gdc[39m[0m
[  70% ] [90m[1msavepack[22m | Storing File: res://world/pickup_visual.gdc[39m[0m
[  71% ] [90m[1msavepack[22m | Storing File: res://world/pickups.gdc[39m[0m
[  72% ] [90m[1msavepack[22m | Storing File: res://world/local_lifecycle.gdc[39m[0m
[  73% ] [90m[1msavepack[22m | Storing File: res://world/environment_style.gdc[39m[0m
[  74% ] [90m[1msavepack[22m | Storing File: res://world/control_math.gdc[39m[0m
[  75% ] [90m[1msavepack[22m | Storing File: res://world/combat_overlay.gdc[39m[0m
[  76% ] [90m[1msavepack[22m | Storing File: res://world/combat_feedback.gdc[39m[0m
[  77% ] [90m[1msavepack[22m | Storing File: res://world/catalog.gdc[39m[0m
[  78% ] [90m[1msavepack[22m | Storing File: res://world/audio_feedback.gdc[39m[0m
[  79% ] [90m[1msavepack[22m | Storing File: res://world/actor_visual.gdc[39m[0m
[  80% ] [90m[1msavepack[22m | Storing File: res://vehicles/renderer.gdc[39m[0m
[  81% ] [90m[1msavepack[22m | Storing File: res://vehicles/puma.gdc[39m[0m
[  83% ] [90m[1msavepack[22m | Storing File: res://.godot/exported/133200997/export-c9632d5c672cc28174cf3bda582fb117-demo.scn[39m[0m
[  84% ] [90m[1msavepack[22m | Storing File: res://vehicles/demo.gdc[39m[0m
[  85% ] [90m[1msavepack[22m | Storing File: res://ui/weapon_names.gdc[39m[0m
[  86% ] [90m[1msavepack[22m | Storing File: res://ui/scoreboard.gdc[39m[0m
[  87% ] [90m[1msavepack[22m | Storing File: res://ui/match_setup.gdc[39m[0m
[  88% ] [90m[1msavepack[22m | Storing File: res://ui/lobby_menu.gdc[39m[0m
[  89% ] [90m[1msavepack[22m | Storing File: res://ui/lobby_choice.gdc[39m[0m
[  90% ] [90m[1msavepack[22m | Storing File: res://ui/game_hud.gdc[39m[0m
[  91% ] [90m[1msavepack[22m | Storing File: res://world/weapon_selection.gdc[39m[0m
[  92% ] [90m[1msavepack[22m | Storing File: res://zone_modes/adapter.gdc[39m[0m
[  93% ] [90m[1msavepack[22m | Storing File: res://zone_modes/demo.gdc[39m[0m
[  94% ] [90m[1msavepack[22m | Storing File: res://.godot/exported/133200997/export-77f548844fd3d70c015c2a5cbc7e17c6-demo.scn[39m[0m
[  95% ] [90m[1msavepack[22m | Storing File: res://zone_modes/hud.gdc[39m[0m
[  96% ] [90m[1msavepack[22m | Storing File: res://zone_modes/renderer.gdc[39m[0m
[  97% ] [90m[1msavepack[22m | Storing File: res://.godot/exported/133200997/export-3070c538c03ee49b7677ff960a3f5195-main.scn[39m[0m
[  97% ] [90m[1msavepack[22m | Storing File: res://arms_race/demo.gd.remap[39m[0m
[  97% ] [90m[1msavepack[22m | Storing File: res://arms_race/demo.tscn.remap[39m[0m
[  97% ] [90m[1msavepack[22m | Storing File: res://arms_race/fresh_input.gd.remap[39m[0m
[  97% ] [90m[1msavepack[22m | Storing File: res://arms_race/hud.gd.remap[39m[0m
[  97% ] [90m[1msavepack[22m | Storing File: res://arms_race/progress.gd.remap[39m[0m
[  97% ] [90m[1msavepack[22m | Storing File: res://arms_race/scoreboard.gd.remap[39m[0m
[  97% ] [90m[1msavepack[22m | Storing File: res://combined_arms/camera.gd.remap[39m[0m
[  97% ] [90m[1msavepack[22m | Storing File: res://combined_arms/chassis.gd.remap[39m[0m
[  97% ] [90m[1msavepack[22m | Storing File: res://combined_arms/controls.gd.remap[39m[0m
[  97% ] [90m[1msavepack[22m | Storing File: res://combined_arms/demo.gd.remap[39m[0m
[  97% ] [90m[1msavepack[22m | Storing File: res://combined_arms/demo.tscn.remap[39m[0m
[  97% ] [90m[1msavepack[22m | Storing File: res://combined_arms/fleet.gd.remap[39m[0m
[  97% ] [90m[1msavepack[22m | Storing File: res://combined_arms/hud.gd.remap[39m[0m
[  97% ] [90m[1msavepack[22m | Storing File: res://combined_arms/lease.gd.remap[39m[0m
[  97% ] [90m[1msavepack[22m | Storing File: res://horde/client.gd.remap[39m[0m
[  97% ] [90m[1msavepack[22m | Storing File: res://horde/controls.gd.remap[39m[0m
[  97% ] [90m[1msavepack[22m | Storing File: res://horde/demo.gd.remap[39m[0m
[  97% ] [90m[1msavepack[22m | Storing File: res://horde/demo.tscn.remap[39m[0m
[  97% ] [90m[1msavepack[22m | Storing File: res://horde/model.gd.remap[39m[0m
[  97% ] [90m[1msavepack[22m | Storing File: res://horde/scoreboard.gd.remap[39m[0m
[  97% ] [90m[1msavepack[22m | Storing File: res://lattice/board.gd.remap[39m[0m
[  97% ] [90m[1msavepack[22m | Storing File: res://lattice/board.tscn.remap[39m[0m
[  97% ] [90m[1msavepack[22m | Storing File: res://lattice/map_view.gd.remap[39m[0m
[  97% ] [90m[1msavepack[22m | Storing File: res://lattice/transport.gd.remap[39m[0m
[  97% ] [90m[1msavepack[22m | Storing File: res://lattice/world_commands.gd.remap[39m[0m
[  97% ] [90m[1msavepack[22m | Storing File: res://lattice/world_demo.gd.remap[39m[0m
[  97% ] [90m[1msavepack[22m | Storing File: res://lattice/world_demo.tscn.remap[39m[0m
[  97% ] [90m[1msavepack[22m | Storing File: res://lattice/world_guidance.gd.remap[39m[0m
[  97% ] [90m[1msavepack[22m | Storing File: res://lattice/world_hud.gd.remap[39m[0m
[  97% ] [90m[1msavepack[22m | Storing File: res://lattice/world_transport.gd.remap[39m[0m
[  97% ] [90m[1msavepack[22m | Storing File: res://net/client.gd.remap[39m[0m
[  97% ] [90m[1msavepack[22m | Storing File: res://net/snapshot_watch.gd.remap[39m[0m
[  97% ] [90m[1msavepack[22m | Storing File: res://objectives/demo.gd.remap[39m[0m
[  97% ] [90m[1msavepack[22m | Storing File: res://objectives/demo.tscn.remap[39m[0m
[  97% ] [90m[1msavepack[22m | Storing File: res://objectives/guidance.gd.remap[39m[0m
[  97% ] [90m[1msavepack[22m | Storing File: res://objectives/hud.gd.remap[39m[0m
[  97% ] [90m[1msavepack[22m | Storing File: res://objectives/renderer.gd.remap[39m[0m
[  97% ] [90m[1msavepack[22m | Storing File: res://player_models/builder.gd.remap[39m[0m
[  97% ] [90m[1msavepack[22m | Storing File: res://player_models/candidate.gd.remap[39m[0m
[  97% ] [90m[1msavepack[22m | Storing File: res://player_models/preview.gd.remap[39m[0m
[  97% ] [90m[1msavepack[22m | Storing File: res://player_models/preview.tscn.remap[39m[0m
[  97% ] [90m[1msavepack[22m | Storing File: res://sports/chase.gd.remap[39m[0m
[  97% ] [90m[1msavepack[22m | Storing File: res://sports/controls.gd.remap[39m[0m
[  97% ] [90m[1msavepack[22m | Storing File: res://sports/demo.gd.remap[39m[0m
[  97% ] [90m[1msavepack[22m | Storing File: res://sports/demo.tscn.remap[39m[0m
[  97% ] [90m[1msavepack[22m | Storing File: res://sports/guidance.gd.remap[39m[0m
[  97% ] [90m[1msavepack[22m | Storing File: res://sports/hud.gd.remap[39m[0m
[  97% ] [90m[1msavepack[22m | Storing File: res://sports/practice.gd.remap[39m[0m
[  97% ] [90m[1msavepack[22m | Storing File: res://sports/progression.gd.remap[39m[0m
[  97% ] [90m[1msavepack[22m | Storing File: res://sports/soccer_guidance.gd.remap[39m[0m
[  97% ] [90m[1msavepack[22m | Storing File: res://world/viewer.gd.remap[39m[0m
[  97% ] [90m[1msavepack[22m | Storing File: res://world/session.tscn.remap[39m[0m
[  97% ] [90m[1msavepack[22m | Storing File: res://world/session.gd.remap[39m[0m
[  97% ] [90m[1msavepack[22m | Storing File: res://world/remote_motion.gd.remap[39m[0m
[  97% ] [90m[1msavepack[22m | Storing File: res://world/projectiles.gd.remap[39m[0m
[  97% ] [90m[1msavepack[22m | Storing File: res://world/presentation.gd.remap[39m[0m
[  97% ] [90m[1msavepack[22m | Storing File: res://world/pickup_visual.gd.remap[39m[0m
[  97% ] [90m[1msavepack[22m | Storing File: res://world/pickups.gd.remap[39m[0m
[  97% ] [90m[1msavepack[22m | Storing File: res://world/local_lifecycle.gd.remap[39m[0m
[  97% ] [90m[1msavepack[22m | Storing File: res://world/environment_style.gd.remap[39m[0m
[  97% ] [90m[1msavepack[22m | Storing File: res://world/control_math.gd.remap[39m[0m
[  97% ] [90m[1msavepack[22m | Storing File: res://world/combat_overlay.gd.remap[39m[0m
[  97% ] [90m[1msavepack[22m | Storing File: res://world/combat_feedback.gd.remap[39m[0m
[  97% ] [90m[1msavepack[22m | Storing File: res://world/catalog.gd.remap[39m[0m
[  97% ] [90m[1msavepack[22m | Storing File: res://world/audio_feedback.gd.remap[39m[0m
[  97% ] [90m[1msavepack[22m | Storing File: res://world/actor_visual.gd.remap[39m[0m
[  97% ] [90m[1msavepack[22m | Storing File: res://vehicles/renderer.gd.remap[39m[0m
[  97% ] [90m[1msavepack[22m | Storing File: res://vehicles/puma.gd.remap[39m[0m
[  97% ] [90m[1msavepack[22m | Storing File: res://vehicles/demo.tscn.remap[39m[0m
[  97% ] [90m[1msavepack[22m | Storing File: res://vehicles/demo.gd.remap[39m[0m
[  97% ] [90m[1msavepack[22m | Storing File: res://ui/weapon_names.gd.remap[39m[0m
[  97% ] [90m[1msavepack[22m | Storing File: res://ui/scoreboard.gd.remap[39m[0m
[  97% ] [90m[1msavepack[22m | Storing File: res://ui/match_setup.gd.remap[39m[0m
[  97% ] [90m[1msavepack[22m | Storing File: res://ui/lobby_menu.gd.remap[39m[0m
[  97% ] [90m[1msavepack[22m | Storing File: res://ui/lobby_choice.gd.remap[39m[0m
[  97% ] [90m[1msavepack[22m | Storing File: res://ui/game_hud.gd.remap[39m[0m
[  97% ] [90m[1msavepack[22m | Storing File: res://world/weapon_selection.gd.remap[39m[0m
[  97% ] [90m[1msavepack[22m | Storing File: res://zone_modes/adapter.gd.remap[39m[0m
[  97% ] [90m[1msavepack[22m | Storing File: res://zone_modes/demo.gd.remap[39m[0m
[  97% ] [90m[1msavepack[22m | Storing File: res://zone_modes/demo.tscn.remap[39m[0m
[  97% ] [90m[1msavepack[22m | Storing File: res://zone_modes/hud.gd.remap[39m[0m
[  97% ] [90m[1msavepack[22m | Storing File: res://zone_modes/renderer.gd.remap[39m[0m
[  97% ] [90m[1msavepack[22m | Storing File: res://main.tscn.remap[39m[0m
[  97% ] [90m[1msavepack[22m | Storing File: res://.godot/global_script_class_cache.cfg[39m[0m
[  97% ] [90m[1msavepack[22m | Storing File: res://.godot/uid_cache.bin[39m[0m
[  97% ] [90m[1msavepack[22m | Storing File: res://project.binary[39m[0m
[92m[ DONE ][39m [1msavepack[22m
[0m
