node:events:497
      throw er; // Unhandled 'error' event
      ^

RangeError: Max payload size exceeded
    at Receiver.haveLength (/home/mojo/.hermes-instances/fresh/workspace/cocs-godot-port/node_modules/ws/lib/receiver.js:442:28)
    at Receiver.getPayloadLength16 (/home/mojo/.hermes-instances/fresh/workspace/cocs-godot-port/node_modules/ws/lib/receiver.js:393:10)
    at Receiver.startLoop (/home/mojo/.hermes-instances/fresh/workspace/cocs-godot-port/node_modules/ws/lib/receiver.js:181:16)
    at Receiver._write (/home/mojo/.hermes-instances/fresh/workspace/cocs-godot-port/node_modules/ws/lib/receiver.js:117:10)
    at writeOrBuffer (node:internal/streams/writable:572:12)
    at _write (node:internal/streams/writable:501:10)
    at Writable.write (node:internal/streams/writable:510:10)
    at Socket.socketOnData (/home/mojo/.hermes-instances/fresh/workspace/cocs-godot-port/node_modules/ws/lib/websocket.js:1374:35)
    at Socket.emit (node:events:519:28)
    at addChunk (node:internal/streams/readable:561:12)
Emitted 'error' event on WebSocket instance at:
    at Receiver.receiverOnError (/home/mojo/.hermes-instances/fresh/workspace/cocs-godot-port/node_modules/ws/lib/websocket.js:1218:15)
    at Receiver.emit (node:events:519:28)
    at emitErrorNT (node:internal/streams/destroy:170:8)
    at emitErrorCloseNT (node:internal/streams/destroy:129:3)
    at process.processTicksAndRejections (node:internal/process/task_queues:89:21) {
  code: 'WS_ERR_UNSUPPORTED_MESSAGE_LENGTH',
  [Symbol(status-code)]: 1009
}

Node.js v22.23.1
