gate-runner-tests: PASS
ci-artifact-tests: PASS
export-tests: PASS
moth-export: PASS
gltf-sides: PASS
health-hud-evidence: PASS
projectile-navigation: PASS
objective-evidence: PASS
objective-progression-evidence: PASS
objective-completion-evidence: PASS
launcher-options: PASS
package-options: PASS
native-graphics-options: PASS
native-graphics-ownership: PASS
lobby-options: PASS
lobby-ownership: PASS
horde-closure: PASS
native-arena-authority: PASS
horde-ownership: PASS
zone-routing: PASS
combined-arms-evidence: PASS
semantic-export: PASS
source-tests: PASS
arms-race-source: PASS
horde-source: PASS
horde-adapter: PASS
horde-input-oracle: PASS
godot-import: PASS
viewer-smoke: PASS
graphics-terrain: PASS
moth-resources: PASS
graphics-atmosphere: PASS
graphics-fx: PASS
moth-scenery: PASS
shader-lab: PASS
particle-lab: PASS
showcase-startup: PASS
aurora-traversal: PASS
cinder-traversal: PASS
exploration-walker: PASS
first-person-rig: PASS
first-person-binding: PASS
first-person-ads: PASS
combat-actions: FAIL
Godot Engine v4.5.2.stable.official.6ce3de25a - https://godotengine.org
WARNING: Could not set V-Sync mode, as changing V-Sync mode is not supported by the graphics driver.
     at: set_use_vsync (platform/linuxbsd/x11/gl_manager_x11.cpp:364)
OpenGL API 4.5 (Core Profile) Mesa 25.2.8-0ubuntu0.25.10.2 - Compatibility - Using Device: Mesa - llvmpipe (LLVM 20.1.8, 256 bits)

NATIVE_COMBAT_ACTIONS checks=90 failures=0 synthetic=true
ERROR: Texture with GL ID of 20: leaked 87380 bytes.
   at: ~Utilities (drivers/gles3/storage/utilities.cpp:77)
ERROR: Texture with GL ID of 21: leaked 87380 bytes.
   at: ~Utilities (drivers/gles3/storage/utilities.cpp:77)

verify exit=1
