$ git rev-parse HEAD
0b12f97da0963499f56a6914fb96bb192593e2f1
$ git status --porcelain=v1 -uall
 M port/reports/arms-race-source.log
 M port/reports/audio-feedback.log
 M port/reports/aurora-traversal.json
 M port/reports/aurora-traversal.log
 M port/reports/axis-weapon-glb.json
 M port/reports/blood-fx-stress.log
 M port/reports/ci-artifact-tests.log
 M port/reports/combined-arms-evidence.log
 M port/reports/combined-arms-graphics.log
 M port/reports/export-tests.log
 M port/reports/gate-runner-tests.log
 M port/reports/gltf-sides.log
 M port/reports/godot-import.log
 M port/reports/graphics-fx.log
 M port/reports/health-hud-evidence.log
 M port/reports/horde-adapter.log
 M port/reports/horde-closure.log
 M port/reports/horde-ownership.log
 M port/reports/horde-source.log
 M port/reports/identity-prototype-graybox.log
 M port/reports/identity-prototype-oracle.log
 M port/reports/launcher-options.log
 M port/reports/lobby-options.log
 M port/reports/lobby-ownership.log
 M port/reports/meridian-exchange-glb.json
 M port/reports/moth-export.log
 M port/reports/native-arena-aurora.log
 M port/reports/native-arena-authority.log
 M port/reports/native-arena-cinder.log
 M port/reports/native-arena-maps.log
 M port/reports/native-arena-prism.log
 M port/reports/native-graphics-options.log
 M port/reports/native-graphics-ownership.log
 M port/reports/native-lifecycle.log
 M port/reports/native-live.log
 M port/reports/native-session.log
 M port/reports/native-trace.log
 M port/reports/objective-completion-evidence.log
 M port/reports/objective-evidence.log
 M port/reports/objective-progression-evidence.log
 M port/reports/operator-geometry.log
 M port/reports/package-options.log
 M port/reports/particle-lab.log
 M port/reports/projectile-navigation.log
 M port/reports/release-refused.log
 M port/reports/showcase-startup.log
 M port/reports/source-tests.log
 M port/reports/two-native-clients.json
 M port/reports/two-native-clients.log
 M port/reports/verification.json
 M port/reports/zone-routing.log
?? port/native-identity-maps/evidence/graybox-1790098947366.json
?? port/native-identity-maps/evidence/graybox-1790099951471.json
?? port/native-identity-maps/evidence/ray-report-1790098949024.json
?? port/native-identity-maps/evidence/ray-report-1790099952873.json
$ python3 tools/godot-package/build.py --target windows --state /tmp/opencode/cocs-release-release-pipeline-build-rehearsal-2026-09-22-f/package-state --archive-directory /home/mojo/.hermes-instances/fresh/workspace/godot-toolchain --operator-models source-operators
{
  "archive": "/tmp/opencode/cocs-release-release-pipeline-build-rehearsal-2026-09-22-f/package-state/builds/1790100070068748515/cocs-native-windows.zip",
  "archive_sha256": "66aac17a8b4417ac33381422e31a99f43c775973c0710cbc7da9045966f4fd25",
  "manifest_sha256": "48884e866635335ff9b1c3d7381187679fc548e923a796ad09c8479232366d64",
  "package": "/tmp/opencode/cocs-release-release-pipeline-build-rehearsal-2026-09-22-f/package-state/builds/1790100070068748515/cocs-native-windows",
  "build": "/tmp/opencode/cocs-release-release-pipeline-build-rehearsal-2026-09-22-f/package-state/builds/1790100070068748515",
  "inputs_sha256": "99f5c8686b8c68b325ee4a4e96e4aeb9e00d1bc6f57211daaf38ad44a6803eb3",
  "generated_resources_sha256": "c070b980cf555f17f39f4472b3200e58a1558ddcbae4613fc7b27664956a7be1"
}
