TAP version 13
# Subtest: BackSide clone isolation and UV tangent basis (indexed)
ok 1 - BackSide clone isolation and UV tangent basis (indexed)
  ---
  duration_ms: 3.790772
  type: 'test'
  ...
# Subtest: BackSide clone isolation and UV tangent basis (nonindexed)
ok 2 - BackSide clone isolation and UV tangent basis (nonindexed)
  ---
  duration_ms: 1.0962
  type: 'test'
  ...
# Subtest: expanded instances sharing source geometry each get isolated BackSide copies
ok 3 - expanded instances sharing source geometry each get isolated BackSide copies
  ---
  duration_ms: 0.995496
  type: 'test'
  ...
# Subtest: closed sphere faces inward after conversion with original exterior intact
ok 4 - closed sphere faces inward after conversion with original exterior intact
  ---
  duration_ms: 9.197985
  type: 'test'
  ...
# Subtest: homogeneous BackSide arrays preserve groups; mixed-side arrays fail explicitly
ok 5 - homogeneous BackSide arrays preserve groups; mixed-side arrays fail explicitly
  ---
  duration_ms: 0.423181
  type: 'test'
  ...
# Subtest: unsupported BackSide shader/object-space normal and partial triangles fail explicitly
ok 6 - unsupported BackSide shader/object-space normal and partial triangles fail explicitly
  ---
  duration_ms: 0.547117
  type: 'test'
  ...
1..6
# tests 6
# suites 0
# pass 6
# fail 0
# cancelled 0
# skipped 0
# todo 0
# duration_ms 87.501261
