TAP version 13
# Subtest: replay archived genuine rollback, bank, resumed push, delivery result and restart
ok 1 - replay archived genuine rollback, bank, resumed push, delivery result and restart
  ---
  duration_ms: 668.181019
  type: 'test'
  ...
# Subtest: reject missing delivered source event
ok 2 - reject missing delivered source event
  ---
  duration_ms: 244.136363
  type: 'test'
  ...
# Subtest: reject time-limit hold relabeled delivery
ok 3 - reject time-limit hold relabeled delivery
  ---
  duration_ms: 218.301013
  type: 'test'
  ...
# Subtest: reject wrong actual winner
ok 4 - reject wrong actual winner
  ---
  duration_ms: 222.881255
  type: 'test'
  ...
# Subtest: reject accelerated authority
ok 5 - reject accelerated authority
  ---
  duration_ms: 216.147337
  type: 'test'
  ...
# Subtest: reject rollback crossing banked checkpoint
ok 6 - reject rollback crossing banked checkpoint
  ---
  duration_ms: 220.508583
  type: 'test'
  ...
# Subtest: reject rollback without ordinary defender
ok 7 - reject rollback without ordinary defender
  ---
  duration_ms: 237.626046
  type: 'test'
  ...
# Subtest: reject wrong source-root cart height
ok 8 - reject wrong source-root cart height
  ---
  duration_ms: 283.450176
  type: 'test'
  ...
# Subtest: reject missing displayed rolling-back model
ok 9 - reject missing displayed rolling-back model
  ---
  duration_ms: 274.590493
  type: 'test'
  ...
# Subtest: reject result retains native capture
ok 10 - reject result retains native capture
  ---
  duration_ms: 248.307248
  type: 'test'
  ...
# Subtest: reject stale checkpoint after round clear
ok 11 - reject stale checkpoint after round clear
  ---
  duration_ms: 244.905778
  type: 'test'
  ...
# Subtest: reject completion marker duplicated
ok 12 - reject completion marker duplicated
  ---
  duration_ms: 245.972654
  type: 'test'
  ...
# Subtest: reject ACK without an input receipt
ok 13 - reject ACK without an input receipt
  ---
  duration_ms: 226.474845
  type: 'test'
  ...
# Subtest: reject faster-than-source rollback
ok 14 - reject faster-than-source rollback
  ---
  duration_ms: 229.958154
  type: 'test'
  ...
# Subtest: single CTF archive proves pass/capture but retains original failed full acceptance
ok 15 - single CTF archive proves pass/capture but retains original failed full acceptance
  ---
  duration_ms: 315.159742
  type: 'test'
  ...
# Subtest: reject CTF missing source flag-pass
ok 16 - reject CTF missing source flag-pass
  ---
  duration_ms: 106.355437
  type: 'test'
  ...
# Subtest: reject CTF drop relabeled as pass
ok 17 - reject CTF drop relabeled as pass
  ---
  duration_ms: 130.985262
  type: 'test'
  ...
# Subtest: reject CTF wrong pass recipient
ok 18 - reject CTF wrong pass recipient
  ---
  duration_ms: 109.836817
  type: 'test'
  ...
# Subtest: reject CTF actor zero erased
ok 19 - reject CTF actor zero erased
  ---
  duration_ms: 108.967089
  type: 'test'
  ...
# Subtest: reject CTF missing native E receipt
ok 20 - reject CTF missing native E receipt
  ---
  duration_ms: 114.612388
  type: 'test'
  ...
# Subtest: reject CTF results continue transmitting movement
ok 21 - reject CTF results continue transmitting movement
  ---
  duration_ms: 265.996634
  type: 'test'
  ...
# Subtest: reject CTF restart retains interaction
ok 22 - reject CTF restart retains interaction
  ---
  duration_ms: 123.207091
  type: 'test'
  ...
1..22
# tests 22
# suites 0
# pass 22
# fail 0
# cancelled 0
# skipped 0
# todo 0
# duration_ms 5136.396408
