TAP version 13
# Subtest: reported [8,34] route fails at the source causeway side, not box collision
ok 1 - reported [8,34] route fails at the source causeway side, not box collision
  ---
  duration_ms: 63.123377
  type: 'test'
  ...
# Subtest: ground route from authored Meridian spawn -44,-34
ok 2 - ground route from authored Meridian spawn -44,-34
  ---
  duration_ms: 640.25762
  type: 'test'
  ...
# Subtest: ground route from authored Meridian spawn 44,34
ok 3 - ground route from authored Meridian spawn 44,34
  ---
  duration_ms: 2544.611472
  type: 'test'
  ...
# Subtest: ground route from authored Meridian spawn -44,34
ok 4 - ground route from authored Meridian spawn -44,34
  ---
  duration_ms: 970.861332
  type: 'test'
  ...
# Subtest: ground route from authored Meridian spawn 44,-34
ok 5 - ground route from authored Meridian spawn 44,-34
  ---
  duration_ms: 629.774057
  type: 'test'
  ...
# Subtest: ground route from authored Meridian spawn -36,-6
ok 6 - ground route from authored Meridian spawn -36,-6
  ---
  duration_ms: 341.204394
  type: 'test'
  ...
# Subtest: ground route from authored Meridian spawn 36,4
ok 7 - ground route from authored Meridian spawn 36,4
  ---
  duration_ms: 1143.854911
  type: 'test'
  ...
# Subtest: ground route from authored Meridian spawn 4,-34
ok 8 - ground route from authored Meridian spawn 4,-34
  ---
  duration_ms: 265.513183
  type: 'test'
  ...
# Subtest: ground route from authored Meridian spawn 8,34
ok 9 - ground route from authored Meridian spawn 8,34
  ---
  duration_ms: 1191.592625
  type: 'test'
  ...
# Subtest: ground route from authored Meridian spawn -44,10
ok 10 - ground route from authored Meridian spawn -44,10
  ---
  duration_ms: 763.803028
  type: 'test'
  ...
# Subtest: ground route from authored Meridian spawn 44,-8
ok 11 - ground route from authored Meridian spawn 44,-8
  ---
  duration_ms: 934.820556
  type: 'test'
  ...
# Subtest: bounded planner rejects unsupported starts, holes, malformed coordinates and oversized arenas
ok 12 - bounded planner rejects unsupported starts, holes, malformed coordinates and oversized arenas
  ---
  duration_ms: 0.996019
  type: 'test'
  ...
1..12
# tests 12
# suites 0
# pass 12
# fail 0
# cancelled 0
# skipped 0
# todo 0
# duration_ms 10361.428844
