{
  "map": "meridian-exchange",
  "mode": "teamdeathmatch",
  "startupOnly": false,
  "normalRate": true,
  "input": "Godot engine events; Window.grab_focus/size for test-window management, not OS input",
  "baseline": "e9ed72f64e26fa8a7018b030659d809294540b2e",
  "checks": [
    "owned ephemeral port avoids 4332",
    "host menu HUD phase visibility",
    "guest menu HUD phase visibility",
    "baseline-always-focus role focused item",
    "needed-focus-role role focused item",
    "needed-focus-map maps focused item",
    "needed-focus-map modes focused item",
    "targeted no room connections"
  ],
  "milestones": [
    "01-host-menu-960x640",
    "02-guest-menu-1280x800",
    "03-always-after-role",
    "04-needed-after-role",
    "05-needed-map-mode",
    "06-after-open-popup-focus"
  ],
  "cleanup": [
    {
      "name": "guest",
      "pid": 3739719,
      "reaped": true,
      "exitCode": null,
      "signal": "SIGTERM"
    },
    {
      "name": "host",
      "pid": 3739223,
      "reaped": true,
      "exitCode": null,
      "signal": "SIGTERM"
    },
    {
      "name": "xvfb",
      "pid": 3739209,
      "reaped": true,
      "exitCode": 0,
      "signal": null
    }
  ],
  "manifestSha256": "8f602b1cc48ab07a05378365a5890d96efea6b8b3d90e9d1c8a916ee085f40cc",
  "manifestFiles": 112,
  "runtimeModules": 85,
  "artifact": "/tmp/opencode/lead-native-linux-package/builds/1790054125934591826/cocs-native-linux",
  "source": "unchanged packaged authority",
  "godot": "4.5.2.stable.official.6ce3de25a",
  "display": ":0",
  "port": 35877,
  "status": "TARGETED COMPLETE",
  "serverClosed": true,
  "sockets": 0,
  "wire.jsonl": {
    "bytes": 1,
    "sha256": "01ba4719c80b6fe911b091a7c05124b64eeece964e09c058ef8f9805daca546b"
  },
  "actions.jsonl": {
    "bytes": 8571,
    "sha256": "e5fe4ea7c4506eb3d87305dd601a1e7aeca0bd14e25ce358d9a574cf99b6fd6e"
  },
  "witnesses.jsonl": {
    "bytes": 175522,
    "sha256": "662ca922567b767b3e89124c3f4d2f64a194435c5234af9e6fb3ae213b62e7fb"
  },
  "packageBytesUnchanged": true,
  "nativeErrorLines": [
    {
      "client": "guest",
      "text": "ERROR: Attempt to disconnect a nonexistent connection from 'root:<Window#23404217612>'. Signal: 'focus_entered', callable: ''."
    },
    {
      "client": "guest",
      "text": "ERROR: Attempt to disconnect a nonexistent connection from 'root:<Window#23404217612>'. Signal: 'tree_exited', callable: ''."
    },
    {
      "client": "guest",
      "text": "ERROR: Signal 'focus_entered' is already connected to given callable '' in that object."
    },
    {
      "client": "guest",
      "text": "ERROR: Signal 'tree_exited' is already connected to given callable '' in that object."
    },
    {
      "client": "guest",
      "text": "ERROR: Attempt to disconnect a nonexistent connection from 'root:<Window#23404217612>'. Signal: 'focus_entered', callable: ''."
    },
    {
      "client": "guest",
      "text": "ERROR: Attempt to disconnect a nonexistent connection from 'root:<Window#23404217612>'. Signal: 'tree_exited', callable: ''."
    },
    {
      "client": "guest",
      "text": "ERROR: Attempt to disconnect a nonexistent connection from 'root:<Window#23404217612>'. Signal: 'focus_entered', callable: ''."
    },
    {
      "client": "guest",
      "text": "ERROR: Attempt to disconnect a nonexistent connection from 'root:<Window#23404217612>'. Signal: 'tree_exited', callable: ''."
    },
    {
      "client": "guest",
      "text": "ERROR: Attempt to disconnect a nonexistent connection from 'root:<Window#23404217612>'. Signal: 'focus_entered', callable: ''."
    },
    {
      "client": "guest",
      "text": "ERROR: Attempt to disconnect a nonexistent connection from 'root:<Window#23404217612>'. Signal: 'tree_exited', callable: ''."
    },
    {
      "client": "guest",
      "text": "ERROR: Signal 'focus_entered' is already connected to given callable '' in that object."
    },
    {
      "client": "guest",
      "text": "ERROR: Signal 'tree_exited' is already connected to given callable '' in that object."
    },
    {
      "client": "guest",
      "text": "ERROR: Attempt to disconnect a nonexistent connection from 'root:<Window#23404217612>'. Signal: 'focus_entered', callable: ''."
    },
    {
      "client": "guest",
      "text": "ERROR: Attempt to disconnect a nonexistent connection from 'root:<Window#23404217612>'. Signal: 'tree_exited', callable: ''."
    }
  ],
  "cleanLogs": false,
  "tempRemoved": true,
  "wallMs": 30006
}
