Godot Engine v4.5.2.stable.official.6ce3de25a - https://godotengine.org
WARNING: Could not set V-Sync mode, as changing V-Sync mode is not supported by the graphics driver.
     at: set_use_vsync (platform/linuxbsd/x11/gl_manager_x11.cpp:364)
OpenGL API 4.5 (Core Profile) Mesa 25.2.8-0ubuntu0.25.10.2 - Compatibility - Using Device: Mesa - llvmpipe (LLVM 20.1.8, 256 bits)

SCRIPT ERROR: Parse Error: Too few arguments for "get_render_info()" call. Expected at least 2 but received 1.
          at: GDScript::reload (res://shader_lab/gallery.gd:306)
SCRIPT ERROR: Parse Error: Cannot pass a value of type "Viewport.RenderInfo" as "Viewport.RenderInfoType".
          at: GDScript::reload (res://shader_lab/gallery.gd:306)
SCRIPT ERROR: Parse Error: Invalid argument for "get_render_info()" function: argument 1 should be "Viewport.RenderInfoType" but is "Viewport.RenderInfo".
          at: GDScript::reload (res://shader_lab/gallery.gd:306)
SCRIPT ERROR: Parse Error: Too few arguments for "get_render_info()" call. Expected at least 2 but received 1.
          at: GDScript::reload (res://shader_lab/gallery.gd:306)
SCRIPT ERROR: Parse Error: Cannot pass a value of type "Viewport.RenderInfo" as "Viewport.RenderInfoType".
          at: GDScript::reload (res://shader_lab/gallery.gd:306)
SCRIPT ERROR: Parse Error: Invalid argument for "get_render_info()" function: argument 1 should be "Viewport.RenderInfoType" but is "Viewport.RenderInfo".
          at: GDScript::reload (res://shader_lab/gallery.gd:306)
ERROR: Failed to load script "res://shader_lab/gallery.gd" with error "Parse error".
   at: load (modules/gdscript/gdscript.cpp:3041)
SCRIPT ERROR: Parse Error: Too few arguments for "get_render_info()" call. Expected at least 2 but received 1.
          at: GDScript::reload (res://tests/shader_lab/graphics.gd:171)
SCRIPT ERROR: Parse Error: Cannot pass a value of type "Viewport.RenderInfo" as "Viewport.RenderInfoType".
          at: GDScript::reload (res://tests/shader_lab/graphics.gd:171)
SCRIPT ERROR: Parse Error: Invalid argument for "get_render_info()" function: argument 1 should be "Viewport.RenderInfoType" but is "Viewport.RenderInfo".
          at: GDScript::reload (res://tests/shader_lab/graphics.gd:171)
SCRIPT ERROR: Parse Error: Too few arguments for "get_render_info()" call. Expected at least 2 but received 1.
          at: GDScript::reload (res://tests/shader_lab/graphics.gd:171)
SCRIPT ERROR: Parse Error: Cannot pass a value of type "Viewport.RenderInfo" as "Viewport.RenderInfoType".
          at: GDScript::reload (res://tests/shader_lab/graphics.gd:171)
SCRIPT ERROR: Parse Error: Invalid argument for "get_render_info()" function: argument 1 should be "Viewport.RenderInfoType" but is "Viewport.RenderInfo".
          at: GDScript::reload (res://tests/shader_lab/graphics.gd:171)
ERROR: Failed to load script "res://tests/shader_lab/graphics.gd" with error "Parse error".
   at: load (modules/gdscript/gdscript.cpp:3041)
