Godot Engine v4.5.2.stable.official.6ce3de25a - https://godotengine.org
WARNING: Could not set V-Sync mode, as changing V-Sync mode is not supported by the graphics driver.
     at: set_use_vsync (platform/linuxbsd/x11/gl_manager_x11.cpp:364)
OpenGL API 4.5 (Core Profile) Mesa 25.2.8-0ubuntu0.25.10.2 - Compatibility - Using Device: Mesa - llvmpipe (LLVM 20.1.8, 256 bits)

PHYSICAL {"event":"check","message":"actual board.tscn loaded by engine","ms":12,"ok":true}
PHYSICAL {"event":"check","message":"default list; built-in smoke off","ms":251,"ok":true}
PHYSICAL {"control":"Connect / start","event":"mouse","ms":251,"x":79.5,"y":150.5}
PHYSICAL {"event":"check","message":"Connect reaches real recipient projection","ms":614,"ok":true}
PHYSICAL {"actions":[],"actor":0,"event":"connected","flux":80.033,"history":"No actions submitted.","map":"asterion-relay","mode":"cocs","ms":614,"peer":1,"round":1,"selected":"","spawned":0.0,"spent":0.0,"team":0}
PHYSICAL {"control":"List","event":"mouse","ms":614,"x":908.5,"y":251.5}
PHYSICAL {"code":4194322,"event":"key","ms":704}
PHYSICAL {"code":4194322,"event":"key","ms":713}
PHYSICAL {"code":4194309,"event":"key","ms":718}
PHYSICAL {"event":"check","message":"physical view choice map=true","ms":754,"ok":true}
PHYSICAL {"event":"check","message":"real wire ownership retains team symbols","ms":754,"ok":true}
PHYSICAL {"event":"check","message":"own public frontier is positioned","ms":754,"ok":true}
PHYSICAL {"control":"public marker front-0","event":"mouse","ms":754,"x":293.0,"y":353.25}
PHYSICAL {"event":"check","message":"physical marker click synchronizes ItemList","ms":782,"ok":true}
PHYSICAL {"event":"check","message":"map click receives native keyboard focus","ms":782,"ok":true}
PHYSICAL {"code":4194320,"event":"key","ms":782}
PHYSICAL {"event":"check","message":"map Up browses objective","ms":791,"ok":true}
PHYSICAL {"code":4194322,"event":"key","ms":791}
PHYSICAL {"event":"check","message":"map Down restores own frontier","ms":799,"ok":true}
PHYSICAL {"event":"check","message":"map mouse/keyboard selection sends no orders or purchases","ms":799,"ok":true}
PHYSICAL {"control":"Map","event":"mouse","ms":799,"x":908.5,"y":251.5}
PHYSICAL {"code":4194322,"event":"key","ms":807}
PHYSICAL {"code":4194309,"event":"key","ms":813}
PHYSICAL {"event":"check","message":"physical view choice map=false","ms":821,"ok":true}
PHYSICAL {"event":"check","message":"List retains map-selected target","ms":821,"ok":true}
PHYSICAL {"control":"List","event":"mouse","ms":821,"x":908.5,"y":251.5}
PHYSICAL {"code":4194322,"event":"key","ms":831}
PHYSICAL {"code":4194322,"event":"key","ms":837}
PHYSICAL {"code":4194309,"event":"key","ms":843}
PHYSICAL {"event":"check","message":"physical view choice map=true","ms":855,"ok":true}
PHYSICAL {"event":"check","message":"view toggles preserve selection","ms":855,"ok":true}
PHYSICAL {"event":"check","message":"explicit HOLD enabled","ms":855,"ok":true}
PHYSICAL {"control":"Issue HOLD / GO","event":"mouse","ms":855,"x":86.0,"y":513.5}
PHYSICAL {"control":"Issue HOLD / GO","event":"mouse","ms":866,"x":86.0,"y":513.5}
PHYSICAL {"event":"check","message":"rapid HOLD clicks remain deduplicated","ms":881,"ok":true}
PHYSICAL {"event":"check","message":"HOLD accepted running by real source","ms":900,"ok":true}
PHYSICAL {"actions":[{"actionSeq":1,"cardId":"native-r1-p1-s1","kind":"hold","reason":null,"roundRev":1,"status":"pending (server accepted)","target":"front-0"}],"actor":0,"event":"map-hold-accepted","flux":80.4,"history":"native-r1-p1-s1 • hold • pending (server accepted)","map":"asterion-relay","mode":"cocs","ms":900,"peer":1,"round":1,"selected":"front-0","spawned":0.0,"spent":0.0,"team":0}
PHYSICAL {"event":"check","message":"map receipt fully visible without scroll","ms":1684,"ok":true}
PHYSICAL {"event":"check","message":"map fits viewport","ms":1684,"ok":true}
PHYSICAL {"event":"check","message":"resources and explicit action visible","ms":1684,"ok":true}
PHYSICAL {"event":"check","message":"saved map-receipts","ms":1707,"ok":true}
PHYSICAL {"control":"Disconnect","event":"mouse","ms":1708,"x":192.0,"y":150.5}
PHYSICAL {"event":"check","message":"physical disconnect clears state and selection","ms":1729,"ok":true}
PHYSICAL {"event":"check","message":"disconnect removes positioned map targets","ms":1729,"ok":true}
PHYSICAL {"control":"empty disconnected map","event":"mouse","ms":1729,"x":106.0,"y":391.0}
PHYSICAL {"code":4194322,"event":"key","ms":1739}
PHYSICAL {"control":"Issue HOLD / GO","event":"mouse","ms":1744,"x":86.0,"y":539.5}
PHYSICAL {"event":"check","message":"empty map keyboard/click cannot select or submit","ms":1751,"ok":true}
PHYSICAL {"event":"check","message":"saved map-disconnected","ms":1772,"ok":true}
PHYSICAL {"checks":26,"event":"result","failures":0,"input":"Input.parse_input_event mouse and physical-key events; not OS input","ms":1772}
