Owned local server ready at ws://127.0.0.1:40795/native-arenas; native-dm
Godot Engine v4.5.2.stable.official.6ce3de25a - https://godotengine.org
WARNING: Could not set V-Sync mode, as changing V-Sync mode is not supported by the graphics driver.
     at: set_use_vsync (platform/linuxbsd/x11/gl_manager_x11.cpp:364)
OpenGL API 4.5 (Core Profile) Mesa 25.2.8-0ubuntu0.25.10.2 - Compatibility - Using Device: Mesa - llvmpipe (LLVM 20.1.8, 256 bits)
ALSA lib confmisc.c:855:(parse_card) cannot find card '0'
ALSA lib conf.c:5205:(_snd_config_evaluate) function snd_func_card_inum returned error: No such file or directory
ALSA lib confmisc.c:422:(snd_func_concat) error evaluating strings
ALSA lib conf.c:5205:(_snd_config_evaluate) function snd_func_concat returned error: No such file or directory
ALSA lib confmisc.c:1342:(snd_func_refer) error evaluating name
ALSA lib conf.c:5205:(_snd_config_evaluate) function snd_func_refer returned error: No such file or directory
ALSA lib conf.c:5728:(snd_config_expand) Evaluate error: No such file or directory
ALSA lib pcm.c:2722:(snd_pcm_open_noupdate) Unknown PCM default
ERROR: Condition "status < 0" is true. Returning: ERR_CANT_OPEN
   at: init_output_device (drivers/alsa/audio_driver_alsa.cpp:90)
WARNING: All audio drivers failed, falling back to the dummy driver.
     at: initialize (servers/audio_server.cpp:244)

BENCHMARK_WAITING the match has not been started yet (native setup phase -2)
BENCHMARK_WAITING the match has not been started yet (native setup phase -2)
BENCHMARK_WAITING the match has not been started yet (native setup phase -2)
BENCHMARK_WAITING the match has not been started yet (native setup phase -2)
BENCHMARK_WAITING the match has not been started yet (native setup phase -2)
BENCHMARK_WAITING the match has not been started yet (native setup phase -2)
BENCHMARK_REFUSED the authoritative round did not become controllable within 30 seconds (the match has not been started yet (native setup phase -2))
BENCHMARK_RESULT {"aggregate":{"fps_from_median":0.0,"max_ms":0.0,"mean_ms":0.0,"median_ms":0.0,"p95_ms":0.0,"samples":0},"artifacts":{"captures":[],"directory":"/tmp/opencode/probe-park-pre","json":"/tmp/opencode/probe-park-pre/benchmark-2026-09-24T18-28-02.json","json_written":true,"write_error":""},"combat":{"explosions":0,"hits":0,"hurts":0,"launches":0,"local_ammo":"","local_deaths":0,"local_launches":0,"local_weapon":-1,"local_weapon_name":"Unknown weapon","shots":0},"command":"/home/mojo/.hermes-instances/fresh/workspace/godot-toolchain/Godot_v4.5.2-stable_linux.x86_64 res://native_arenas/demo.tscn -- --endpoint=ws://127.0.0.1:40795/native-arenas --map=prism-foundry --mode=deathmatch --bots=4 --round-seconds=180","complete":false,"controls_seconds":0.0,"engine":{"draw_calls_max":0,"draw_calls_mean":0.0,"object_nodes_peak":0,"primitives_max":0,"primitives_mean":0.0,"render_frames":0,"sample_seconds":0.25,"source":"Viewport.get_render_info(RENDER_INFO_TYPE_VISIBLE) and Performance monitors; 0 means the GL compatibility renderer did not report it","video_mem_peak_bytes":0},"environment":{"adapter":"llvmpipe (LLVM 20.1.8, 256 bits)","adapter_api":"4.5 (Core Profile) Mesa 25.2.8-0ubuntu0.25.10.2","cpu":"AMD RYZEN AI MAX+ 395 w/ Radeon 8060S","cpu_count":32,"display_server":"X11","driver_info":["",""],"godot":"4.5.2-stable (official)","headless":false,"max_fps":0,"os":"Linux","os_version":"25.10","physics_ticks_per_second":60,"renderer_driver":"opengl3","renderer_method":"gl_compatibility","screen_refresh_hz":-1.0,"vsync_before":1,"vsync_changed_by_benchmark":false,"vsync_during":1,"vsync_restored":1},"generated":"2026-09-24T18:28:48Z","honesty":{"notes":["SOFTWARE RENDERER (llvmpipe (LLVM 20.1.8, 256 bits)): these are CPU rasterizer numbers, not hardware GPU figures, and must not be quoted as the owner's performance.","Frame times are wall-clock intervals between real RenderingServer frame_post_draws, with display buffering included. They are not GPU timestamps.","Engine draw calls and primitive counts are best-effort engine counters; the GL compatibility renderer can report zero.","Particle allocated/submitted slots are submitted capacity, not a live GPU count and not a count of visible particles.","Part of the measured window ran without benchmark input control (death, respawn or lost focus); effect load is lower than a fully controlled run."],"renderer_class":"software","software_renderer":true},"launch":{"automatic":true,"env":{"COCS_BENCHMARK":"1","COCS_BENCHMARK_LEVEL":"high","COCS_BENCHMARK_OUT":"/tmp/opencode/probe-park-pre"},"trigger":"environment","windows_run":"set COCS_BENCHMARK=1 && set COCS_BENCHMARK_LEVEL=high && Play.cmd --experience=native-dm --map=prism-foundry --bots=4 --round-seconds=180"},"measured_seconds":28.0,"particles":{"active_emitters":0,"allocated_slots":0,"backend":"GPUParticles3D","budget":32768,"buffer_payload_estimate_bytes":0,"draw_slots":0,"metrics":{"active_emitters":0,"allocated_slots":0,"backend":"GPUParticles3D","blood_absorbed_only":0,"blood_active_emitters":0,"blood_allocated_slots":0,"blood_concurrent_cap":14,"blood_duplicates":0,"blood_no_bleed":0,"blood_stains_live":0,"blood_stains_recycled":0,"blood_submitted_slots":0,"budget":32768,"buffer_payload_estimate_bytes":0,"capacity_note":"Submitted capacity, not live GPU readback; buffer bytes are an estimate","collision_shapes":0,"draw_slots":0,"impact_active":0,"impact_counters":"{\"actor_hits\":0,\"blasts_seen\":0,\"blasts_skipped_far\":0,\"blasts_skipped_no_ground\":0,\"blasts_skipped_occluded\":0,\"confirmed\":0,\"death_scorches\":0,\"deduped\":0,\"dropped\":0,\"legacy\":0,\"marks_denied\":0,\"marks_dropped\":0,\"marks_expired\":0,\"marks_live\":0,\"marks_placed\":0,\"marks_recycled\":0,\"marks_skipped_edge\":0,\"marks_skipped_far\":0,\"marks_skipped_occluded\":0,\"no_geometry\":0,\"occluded\":0,\"probes\":0,\"puffs\":0,\"scorches_placed\":0,\"shockwaves_placed\":0,\"shown\":0,\"too_far\":0}","impact_family":"none","impact_marks_live":0,"impact_marks_pool":44,"impact_marks_recycled":0,"impact_marks_skipped":0,"impact_pool":12,"impact_scorches":0,"occlusion":"semantic geometry","player_fx_cues":"{\"break\":0,\"damage\":0,\"death\":0,\"dedup\":0,\"environmental\":0,\"respawn\":0,\"suppressed\":0}","player_fx_direction":"none","player_fx_heartbeat":0.0,"player_fx_low":0.0,"player_fx_protection":0.0,"pool_nodes":0,"shield_materials":0,"unsupported_collision_shapes":0,"weapon_flashes":0,"weapon_pool_nodes":0,"weapon_tracers":0},"pool_nodes":0,"quality":"High","source":"F10 combat metrics and the world particle pool snapshot"},"phases":[],"quality":{"level":1,"levels":["Low","High","Extreme"],"levels_seen":[],"name":"High","per_phase":[],"stable":true},"recommendation":{"basis":"unavailable: the run produced no frame samples","level":-1,"name":""},"scene":{"acks":0,"actor_count":0,"authority":"owned-loopback","autostart":true,"bots":4,"interactive":false,"map":"prism-foundry","mode":"deathmatch","round_seconds":180,"round_starts":0,"snapshots":0},"schema":1,"startup_seconds":30.015438,"tool":"cocs-native-benchmark","verdict":"unusable","verdict_reasons":["the scripted sequence did not finish","the measured window had neither input control nor combat activity","vsync was active: frame times are capped by the display refresh rate"],"version":"1.0.0","window":{"mode":"windowed","scaling_3d":1.0,"size":[1280,800],"viewport_size":[1280,800]}}
BENCHMARK_ARTIFACTS {"captures":[],"json":"/tmp/opencode/probe-park-pre/benchmark-2026-09-24T18-28-02.json","written":true}
