TAP version 13
# Subtest: debug is off by default and a debug frame is the unchanged protocol error
ok 1 - debug is off by default and a debug frame is the unchanged protocol error
  ---
  duration_ms: 152.469231
  type: 'test'
  ...
# Subtest: DEBUG_RESTART_BOUNDS is the extended local route bound
ok 2 - DEBUG_RESTART_BOUNDS is the extended local route bound
  ---
  duration_ms: 0.387968
  type: 'test'
  ...
# Subtest: live source damage multiplier: applied amounts and real pool deltas at 1.0 vs 2.0
ok 3 - live source damage multiplier: applied amounts and real pool deltas at 1.0 vs 2.0
  ---
  duration_ms: 4343.884469
  type: 'test'
  ...
# Subtest: god mode survives lethal damage, is reversible, and clears at the round boundary
ok 4 - god mode survives lethal damage, is reversible, and clears at the round boundary
  ---
  duration_ms: 26552.585843
  type: 'test'
  ...
# Subtest: unlock all weapons grants every slot, the source runs it, and it is reversible
ok 5 - unlock all weapons grants every slot, the source runs it, and it is reversible
  ---
  duration_ms: 3885.629632
  type: 'test'
  ...
# Subtest: the remaining source mutators are live, echoed in the public snapshot config, and respawn is live
ok 6 - the remaining source mutators are live, echoed in the public snapshot config, and respawn is live
  ---
  duration_ms: 2909.908382
  type: 'test'
  ...
# Subtest: malformed debug frames change nothing and never take the socket down
ok 7 - malformed debug frames change nothing and never take the socket down
  ---
  duration_ms: 2162.065465
  type: 'test'
  ...
# Subtest: a debug frame without a live round queues restart knobs and refuses self-damage
ok 8 - a debug frame without a live round queues restart knobs and refuses self-damage
  ---
  duration_ms: 5.725038
  type: 'test'
  ...
# Subtest: debug frame validation refuses unknown, malformed, unbounded and prototype keys
ok 9 - debug frame validation refuses unknown, malformed, unbounded and prototype keys
  ---
  duration_ms: 2.820172
  type: 'test'
  ...
# Subtest: debug state partitions live, queued and port-only knobs; clear resets all
ok 10 - debug state partitions live, queued and port-only knobs; clear resets all
  ---
  duration_ms: 0.658095
  type: 'test'
  ...
# Subtest: live config overrides rebuild from the reviewed base and restore on clear
ok 11 - live config overrides rebuild from the reviewed base and restore on clear
  ---
  duration_ms: 1.019102
  type: 'test'
  ...
# Subtest: human guard scales and caps only the human seat; bots pass through untouched
ok 12 - human guard scales and caps only the human seat; bots pass through untouched
  ---
  duration_ms: 0.551304
  type: 'test'
  ...
# Subtest: post-step reconcile restores the human seat, clears death and grants the ammo belt
ok 13 - post-step reconcile restores the human seat, clears death and grants the ammo belt
  ---
  duration_ms: 0.549872
  type: 'test'
  ...
# Subtest: debug echo publishes live, queued and route restart bounds
ok 14 - debug echo publishes live, queued and route restart bounds
  ---
  duration_ms: 0.343415
  type: 'test'
  ...
# Subtest: solo Horde debug is off by default and refuses construction-time knobs when on
ok 15 - solo Horde debug is off by default and refuses construction-time knobs when on
  ---
  duration_ms: 537.931716
  type: 'test'
  ...
# Subtest: solo Horde god mode, live damage multiplier, incoming scale and unlock-all
ok 16 - solo Horde god mode, live damage multiplier, incoming scale and unlock-all
  ---
  duration_ms: 4050.317324
  type: 'test'
  ...
# Subtest: identity zone debug channel: capability echo, live knobs, god mode, refusal
ok 17 - identity zone debug channel: capability echo, live knobs, god mode, refusal
  ---
  duration_ms: 630.574252
  type: 'test'
  ...
# Subtest: debug channel stays closed by default and the two-human room is untouched
ok 18 - debug channel stays closed by default and the two-human room is untouched
  ---
  duration_ms: 68.172236
  type: 'test'
  ...
1..18
# tests 18
# suites 0
# pass 18
# fail 0
# cancelled 0
# skipped 0
# todo 0
# duration_ms 42424.084406
