TAP version 13
# Subtest: all supported source constructors expose their initial spawn before stepping
ok 1 - all supported source constructors expose their initial spawn before stepping
  ---
  duration_ms: 955.925293
  type: 'test'
  ...
# Subtest: empty cursor reads are inert, and same ring can be read without replay
ok 2 - empty cursor reads are inert, and same ring can be read without replay
  ---
  duration_ms: 52.615006
  type: 'test'
  ...
# Subtest: real source projectile, grenade and sentry serial allocations never replay retained events
ok 3 - real source projectile, grenade and sentry serial allocations never replay retained events
  ---
  duration_ms: 69.348038
  type: 'test'
  ...
# Subtest: source emit may repeat identical string IDs/payloads and overwrite type: both objects must be delivered
ok 4 - source emit may repeat identical string IDs/payloads and overwrite type: both objects must be delivered
  ---
  duration_ms: 47.219886
  type: 'test'
  ...
# Subtest: source ring growth and shift retain the last object even at the oldest retained slot
ok 5 - source ring growth and shift retain the last object even at the oldest retained slot
  ---
  duration_ms: 38.657156
  type: 'test'
  ...
# Subtest: source ring eviction fails closed without advancing cursor or ordinal
ok 6 - source ring eviction fails closed without advancing cursor or ordinal
  ---
  duration_ms: 37.484136
  type: 'test'
  ...
# Subtest: lost source ring cursor terminates authority peer and listener accepts a fresh client
ok 7 - lost source ring cursor terminates authority peer and listener accepts a fresh client
  ---
  duration_ms: 198.110397
  type: 'test'
  ...
# Subtest: actual source endMatch lifecycle fixture resets cursor at restart before the first step
ok 8 - actual source endMatch lifecycle fixture resets cursor at restart before the first step
  ---
  duration_ms: 163.795332
  type: 'test'
  ...
# Subtest: new client has fresh ordinal and cannot replay prior client grenade events
ok 9 - new client has fresh ordinal and cannot replay prior client grenade events
  ---
  duration_ms: 185.915237
  type: 'test'
  ...
# Subtest: source one-shot fields are consumed once while source held fields persist
ok 10 - source one-shot fields are consumed once while source held fields persist
  ---
  duration_ms: 2.646865
  type: 'test'
  ...
# Subtest: FIFO preserves two distinct press/release pairs, bounds work instead of dropping commands
ok 11 - FIFO preserves two distinct press/release pairs, bounds work instead of dropping commands
  ---
  duration_ms: 0.679204
  type: 'test'
  ...
# Subtest: cancel and round reset clear queue/holds without falsely claiming old samples were stepped
ok 12 - cancel and round reset clear queue/holds without falsely claiming old samples were stepped
  ---
  duration_ms: 0.262312
  type: 'test'
  ...
# Subtest: duplicate/unsafe seq does not renew expiry; stale samples are never implicitly applied
ok 13 - duplicate/unsafe seq does not renew expiry; stale samples are never implicitly applied
  ---
  duration_ms: 0.198112
  type: 'test'
  ...
# Subtest: object cursor preserves repeated opaque source IDs and detects a lost source ring
ok 14 - object cursor preserves repeated opaque source IDs and detects a lost source ring
  ---
  duration_ms: 0.46911
  type: 'test'
  ...
# Subtest: outbound message and total queued-byte boundaries are inclusive and bounded
ok 15 - outbound message and total queued-byte boundaries are inclusive and bounded
  ---
  duration_ms: 0.145393
  type: 'test'
  ...
# Subtest: remote Horde render is source-segment interpolation, never unconstrained prediction
ok 16 - remote Horde render is source-segment interpolation, never unconstrained prediction
  ---
  duration_ms: 7.480502
  type: 'test'
  ...
# Subtest: held Horde melee remains a boolean request; only source cooldown emits accepted kicks
ok 17 - held Horde melee remains a boolean request; only source cooldown emits accepted kicks
  ---
  duration_ms: 323.548038
  type: 'test'
  ...
# Subtest: preserved real Meridian three-NPC victory accepts net frags 2 and one legitimate self-kill
ok 18 - preserved real Meridian three-NPC victory accepts net frags 2 and one legitimate self-kill
  ---
  duration_ms: 206.274218
  type: 'test'
  ...
# Subtest: missing NPC death cannot be supplied by the legitimate local self-kill
ok 19 - missing NPC death cannot be supplied by the legitimate local self-kill
  ---
  duration_ms: 1.621561
  type: 'test'
  ...
# Subtest: duplicating another NPC death does not replace a missing target
ok 20 - duplicating another NPC death does not replace a missing target
  ---
  duration_ms: 0.657864
  type: 'test'
  ...
# Subtest: extra repeated NPC death is not silently payload-deduplicated
ok 21 - extra repeated NPC death is not silently payload-deduplicated
  ---
  duration_ms: 0.467126
  type: 'test'
  ...
# Subtest: nonlocal credited death cannot stand in for a local NPC kill
ok 22 - nonlocal credited death cannot stand in for a local NPC kill
  ---
  duration_ms: 0.497422
  type: 'test'
  ...
# Subtest: NPC self-death cannot stand in for a local NPC kill even with killer 0
ok 23 - NPC self-death cannot stand in for a local NPC kill even with killer 0
  ---
  duration_ms: 0.66603
  type: 'test'
  ...
# Subtest: local actor death cannot stand in for a missing NPC victim
ok 24 - local actor death cannot stand in for a missing NPC victim
  ---
  duration_ms: 0.7094
  type: 'test'
  ...
# Subtest: unknown victim is rejected instead of trusting hard-coded actor IDs
ok 25 - unknown victim is rejected instead of trusting hard-coded actor IDs
  ---
  duration_ms: 0.441077
  type: 'test'
  ...
# Subtest: NPC identities must be established by received snapshots, not death payload claims
ok 26 - NPC identities must be established by received snapshots, not death payload claims
  ---
  duration_ms: 1.169734
  type: 'test'
  ...
# Subtest: snapshot NPC identities are not hard-coded to 1,2,3
ok 27 - snapshot NPC identities are not hard-coded to 1,2,3
  ---
  duration_ms: 3.363629
  type: 'test'
  ...
# Subtest: source net-frag projection remains independently checked
ok 28 - source net-frag projection remains independently checked
  ---
  duration_ms: 0.599475
  type: 'test'
  ...
# Subtest: full validator still rejects dirty exit and absent NPC evidence after predicate correction
ok 29 - full validator still rejects dirty exit and absent NPC evidence after predicate correction
  ---
  duration_ms: 139.578611
  type: 'test'
  ...
# TAP_DIAGNOSTIC {"shots":1,"ack":2,"input":{"receivedSeq":2,"appliedSeq":2,"cancelledThrough":0,"queueDepth":0}}
# Subtest: received fire tap is stepped before release, not merely ACKed
ok 30 - received fire tap is stepped before release, not merely ACKed
  ---
  duration_ms: 729.429185
  type: 'test'
  ...
# Subtest: explicit cancellation discards pending fire, ACK names only stepped neutral sample
ok 31 - explicit cancellation discards pending fire, ACK names only stepped neutral sample
  ---
  duration_ms: 457.704422
  type: 'test'
  ...
# Subtest: input expiry invalidates epoch and never ACKs a late stale-epoch command
ok 32 - input expiry invalidates epoch and never ACKs a late stale-epoch command
  ---
  duration_ms: 1040.375303
  type: 'test'
  ...
# Subtest: source string-ID wave event gets unique serial wire identity
ok 33 - source string-ID wave event gets unique serial wire identity
  ---
  duration_ms: 7082.601487
  type: 'test'
  ...
# Subtest: oversized frame closes peer gracefully and listener survives
ok 34 - oversized frame closes peer gracefully and listener survives
  ---
  duration_ms: 1297.866756
  type: 'test'
  ...
# Subtest: valid lifecycle-message flood is rate bounded
ok 35 - valid lifecycle-message flood is rate bounded
  ---
  duration_ms: 21.619178
  type: 'test'
  ...
# Subtest: outbound backlog limit closes peer (synthetic WebSocket backpressure, not source state)
ok 36 - outbound backlog limit closes peer (synthetic WebSocket backpressure, not source state)
  ---
  duration_ms: 7.788321
  type: 'test'
  ...
# CLOCK_DIAGNOSTIC {"sourceSeconds":4.499999999999989,"wallSeconds":4.492645553,"ratio":1.0016369969349304}
# Subtest: normal-rate clock diagnostic uses measured wall time, not injected time
ok 37 - normal-rate clock diagnostic uses measured wall time, not injected time
  ---
  duration_ms: 4560.461955
  type: 'test'
  ...
# Subtest: retained failed product run cannot pass acceptance hygiene
ok 38 - retained failed product run cannot pass acceptance hygiene
  ---
  duration_ms: 8.923116
  type: 'test'
  ...
# Subtest: legal one-wave source preset meridian-exchange
ok 39 - legal one-wave source preset meridian-exchange
  ---
  duration_ms: 1.529338
  type: 'test'
  ...
# Subtest: legal one-wave source preset verdant-reliquary
ok 40 - legal one-wave source preset verdant-reliquary
  ---
  duration_ms: 0.211076
  type: 'test'
  ...
# Subtest: legal one-wave source preset ember-crucible
ok 41 - legal one-wave source preset ember-crucible
  ---
  duration_ms: 0.136757
  type: 'test'
  ...
# Subtest: invalid targets rejected rather than silently clamped
ok 42 - invalid targets rejected rather than silently clamped
  ---
  duration_ms: 0.340428
  type: 'test'
  ...
# Subtest: foreign maps and mode rejected
ok 43 - foreign maps and mode rejected
  ---
  duration_ms: 0.25549
  type: 'test'
  ...
# Subtest: default is ten waves
ok 44 - default is ten waves
  ---
  duration_ms: 0.156574
  type: 'test'
  ...
# Subtest: missing evidence cannot pass
ok 45 - missing evidence cannot pass
  ---
  duration_ms: 1.044409
  type: 'test'
  ...
# Subtest: malformed native records rejected
ok 46 - malformed native records rejected
  ---
  duration_ms: 0.203562
  type: 'test'
  ...
# Subtest: synthetic correlation baseline
ok 47 - synthetic correlation baseline
  ---
  duration_ms: 1.728782
  type: 'test'
  ...
# Subtest: mismatched actor rejected
ok 48 - mismatched actor rejected
  ---
  duration_ms: 0.887484
  type: 'test'
  ...
# Subtest: wrong rendered position rejected
ok 49 - wrong rendered position rejected
  ---
  duration_ms: 0.391374
  type: 'test'
  ...
# Subtest: snapshot gaps rejected
ok 50 - snapshot gaps rejected
  ---
  duration_ms: 0.255409
  type: 'test'
  ...
# Subtest: ACK/receipt cannot stand in for victory
ok 51 - ACK/receipt cannot stand in for victory
  ---
  duration_ms: 0.359234
  type: 'test'
  ...
# Subtest: owned local server rejects browser origins and closes listeners
ok 52 - owned local server rejects browser origins and closes listeners
  ---
  duration_ms: 26.717623
  type: 'test'
  ...
# Subtest: local Horde create echoes selected loadout and source spawns it
ok 53 - local Horde create echoes selected loadout and source spawns it
  ---
  duration_ms: 200.966198
  type: 'test'
  ...
1..53
# tests 53
# suites 0
# pass 53
# fail 0
# cancelled 0
# skipped 0
# todo 0
# duration_ms 19866.190997
