TAP version 13
# Subtest: arms race advances the ladder on each kill and wins on the final weapon
ok 1 - arms race advances the ladder on each kill and wins on the final weapon
  ---
  duration_ms: 51.417636
  type: 'test'
  ...
# Subtest: arms race forces the ladder weapon instead of manual switches
ok 2 - arms race forces the ladder weapon instead of manual switches
  ---
  duration_ms: 8.737034
  type: 'test'
  ...
# Subtest: bots during arms race keep their promoted ladder weapon
ok 3 - bots during arms race keep their promoted ladder weapon
  ---
  duration_ms: 40.691495
  type: 'test'
  ...
# Subtest: arms race demotes one rung on death and clamps at the first rung
ok 4 - arms race demotes one rung on death and clamps at the first rung
  ---
  duration_ms: 13.681779
  type: 'test'
  ...
# Subtest: a trailing arms race player gains a bonus rung on a kill without skipping the last rung
ok 5 - a trailing arms race player gains a bonus rung on a kill without skipping the last rung
  ---
  duration_ms: 7.505966
  type: 'test'
  ...
# Subtest: arms race ignores weapon pickups so the ladder stays authoritative
ok 6 - arms race ignores weapon pickups so the ladder stays authoritative
  ---
  duration_ms: 5.345548
  type: 'test'
  ...
# Subtest: bounty frags cannot end an arms race before the ladder finishes
ok 7 - bounty frags cannot end an arms race before the ladder finishes
  ---
  duration_ms: 6.442753
  type: 'test'
  ...
# Subtest: mouse and touch holds are independent and short touch taps survive release
ok 8 - mouse and touch holds are independent and short touch taps survive release
  ---
  duration_ms: 0.742351
  type: 'test'
  ...
# Subtest: cycling accepts live and serialized unlimited ammo, skips empty slots and wraps
ok 9 - cycling accepts live and serialized unlimited ammo, skips empty slots and wraps
  ---
  duration_ms: 0.231644
  type: 'test'
  ...
# Subtest: rapid cycling starts from pending selection and ignores zero or invalid delta
ok 10 - rapid cycling starts from pending selection and ignores zero or invalid delta
  ---
  duration_ms: 0.201829
  type: 'test'
  ...
# Subtest: posture reads sprint and crouch from held keys in sets or arrays
ok 11 - posture reads sprint and crouch from held keys in sets or arrays
  ---
  duration_ms: 0.49115
  type: 'test'
  ...
# Subtest: controlsFromState builds movement and only sets active flags
ok 12 - controlsFromState builds movement and only sets active flags
  ---
  duration_ms: 0.183464
  type: 'test'
  ...
# Subtest: holding jump produces autohop while a one-shot tap still jumps
ok 13 - holding jump produces autohop while a one-shot tap still jumps
  ---
  duration_ms: 0.098054
  type: 'test'
  ...
# Subtest: controlsFromState treats fireTap as fire and ignores negative weapon ids
ok 14 - controlsFromState treats fireTap as fire and ignores negative weapon ids
  ---
  duration_ms: 0.139381
  type: 'test'
  ...
# Subtest: chat, spectator and editable focus or targets block gameplay
ok 15 - chat, spectator and editable focus or targets block gameplay
  ---
  duration_ms: 0.147847
  type: 'test'
  ...
# Subtest: analog touch move overrides keys and explicit posture flags register
ok 16 - analog touch move overrides keys and explicit posture flags register
  ---
  duration_ms: 0.212809
  type: 'test'
  ...
# Subtest: melee registers as a provided one-shot control
ok 17 - melee registers as a provided one-shot control
  ---
  duration_ms: 0.213299
  type: 'test'
  ...
# Subtest: mobility is a held control from the keyboard, touch or an explicit flag
ok 18 - mobility is a held control from the keyboard, touch or an explicit flag
  ---
  duration_ms: 0.130414
  type: 'test'
  ...
# Subtest: altFire is a held control from an explicit flag, touch or a remap
ok 19 - altFire is a held control from an explicit flag, touch or a remap
  ---
  duration_ms: 0.070733
  type: 'test'
  ...
# Subtest: an idle joystick does not suppress keyboard movement
ok 20 - an idle joystick does not suppress keyboard movement
  ---
  duration_ms: 0.073077
  type: 'test'
  ...
# Subtest: an active joystick still drives analog movement
ok 21 - an active joystick still drives analog movement
  ---
  duration_ms: 0.051246
  type: 'test'
  ...
# Subtest: custom keybinds remap movement and one-shot actions
ok 22 - custom keybinds remap movement and one-shot actions
  ---
  duration_ms: 0.043492
  type: 'test'
  ...
# Subtest: core derives one mobility press edge while KeyX is held and clears it on release
ok 23 - core derives one mobility press edge while KeyX is held and clears it on release
  ---
  duration_ms: 22.681505
  type: 'test'
  ...
# Subtest: a held mobility stream keeps an active grapple hooked and release clears it
ok 24 - a held mobility stream keeps an active grapple hooked and release clears it
  ---
  duration_ms: 2.268481
  type: 'test'
  ...
# Subtest: a one-tick mobility pulse at the movement layer does not cancel an active grapple
ok 25 - a one-tick mobility pulse at the movement layer does not cancel an active grapple
  ---
  duration_ms: 0.431338
  type: 'test'
  ...
# Subtest: every team mode awards the authoritative winner, not the frag leader
ok 26 - every team mode awards the authoritative winner, not the frag leader
  ---
  duration_ms: 0.666148
  type: 'test'
  ...
# Subtest: a team draw or missing winner awards nobody
ok 27 - a team draw or missing winner awards nobody
  ---
  duration_ms: 0.087764
  type: 'test'
  ...
# Subtest: frag modes award the highest frag count including ties
ok 28 - frag modes award the highest frag count including ties
  ---
  duration_ms: 0.205535
  type: 'test'
  ...
# Subtest: arms race awards the ladder leader, not the frag leader
ok 29 - arms race awards the ladder leader, not the frag leader
  ---
  duration_ms: 0.081552
  type: 'test'
  ...
# Subtest: arms race leaders and the timeout winner follow the ladder without frag sudden death
ok 30 - arms race leaders and the timeout winner follow the ladder without frag sudden death
  ---
  duration_ms: 50.062396
  type: 'test'
  ...
# Subtest: missing inputs never award a win
ok 31 - missing inputs never award a win
  ---
  duration_ms: 0.097543
  type: 'test'
  ...
# Subtest: race wins follow the racer ID, including zero, without requiring frags
ok 32 - race wins follow the racer ID, including zero, without requiring frags
  ---
  duration_ms: 0.097563
  type: 'test'
  ...
# Subtest: race wins require a result and an actual winner
ok 33 - race wins require a result and an actual winner
  ---
  duration_ms: 0.073408
  type: 'test'
  ...
# Subtest: a score-limit team finish is reported as a frag ending
ok 34 - a score-limit team finish is reported as a frag ending
  ---
  duration_ms: 12.192719
  type: 'test'
  ...
# Subtest: leaders() and the shared rankTuple agree for every ranked mode
ok 35 - leaders() and the shared rankTuple agree for every ranked mode
  ---
  duration_ms: 35.21382
  type: 'test'
  ...
# Subtest: a timed team finish is reported as a time ending even with a winner
ok 36 - a timed team finish is reported as a time ending even with a winner
  ---
  duration_ms: 3.10074
  type: 'test'
  ...
# Subtest: juggernaut is awarded on crown points, not frags
ok 37 - juggernaut is awarded on crown points, not frags
  ---
  duration_ms: 0.110588
  type: 'test'
  ...
# Subtest: rankTuple ranks juggernaut by points before frags
ok 38 - rankTuple ranks juggernaut by points before frags
  ---
  duration_ms: 0.079048
  type: 'test'
  ...
1..38
# tests 38
# suites 0
# pass 38
# fail 0
# cancelled 0
# skipped 0
# todo 0
# duration_ms 881.744872
