TAP version 13
# Subtest: a complete, controlled run validates
ok 1 - a complete, controlled run validates
  ---
  duration_ms: 0.677369
  type: 'test'
  ...
# Subtest: control time is bounded by the measured window, not the whole plan
ok 2 - control time is bounded by the measured window, not the whole plan
  ---
  duration_ms: 0.790401
  type: 'test'
  ...
# Subtest: missing or dishonest fields are rejected
ok 3 - missing or dishonest fields are rejected
  ---
  duration_ms: 0.178053
  type: 'test'
  ...
# Subtest: a software result must carry the hardware caveat
ok 4 - a software result must carry the hardware caveat
  ---
  duration_ms: 0.086863
  type: 'test'
  ...
# Subtest: an unknown renderer class is neither software nor hardware
ok 5 - an unknown renderer class is neither software nor hardware
  ---
  duration_ms: 0.059401
  type: 'test'
  ...
# Subtest: console output is parsed from the last BENCHMARK_RESULT line
ok 6 - console output is parsed from the last BENCHMARK_RESULT line
  ---
  duration_ms: 0.299592
  type: 'test'
  ...
# Subtest: the arming audit separates an autostarted run from a parked setup screen
ok 7 - the arming audit separates an autostarted run from a parked setup screen
  ---
  duration_ms: 0.193062
  type: 'test'
  ...
# Subtest: lineSummary names resolution, quality and renderer class
ok 8 - lineSummary names resolution, quality and renderer class
  ---
  duration_ms: 0.096731
  type: 'test'
  ...
# Subtest: comparison refuses mismatched compositions
ok 9 - comparison refuses mismatched compositions
  ---
  duration_ms: 0.44816
  type: 'test'
  ...
# Subtest: a level change that does not slow the frame down is reported as not slower
ok 10 - a level change that does not slow the frame down is reported as not slower
  ---
  duration_ms: 0.217056
  type: 'test'
  ...
1..10
# tests 10
# suites 0
# pass 10
# fail 0
# cancelled 0
# skipped 0
# todo 0
# duration_ms 41.891588
