TAP version 13
# Subtest: a success marker cannot hide a nonzero engine exit
ok 1 - a success marker cannot hide a nonzero engine exit
  ---
  duration_ms: 715.812749
  type: 'test'
  ...
# Subtest: a success marker cannot hide an engine runtime error
ok 2 - a success marker cannot hide an engine runtime error
  ---
  duration_ms: 691.513125
  type: 'test'
  ...
# Subtest: a budget that cannot beat the gate is refused before any process starts
ok 3 - a budget that cannot beat the gate is refused before any process starts
  ---
  duration_ms: 611.2249
  type: 'test'
  ...
# Subtest: a hung scene is bounded by the harness and leaves flushed evidence
ok 4 - a hung scene is bounded by the harness and leaves flushed evidence
  ---
  duration_ms: 4735.044229
  type: 'test'
  ...
# Subtest: a composition compile break is reported immediately instead of being spun on
ok 5 - a composition compile break is reported immediately instead of being spun on
  ---
  duration_ms: 694.159499
  type: 'test'
  ...
1..5
# tests 5
# suites 0
# pass 5
# fail 0
# cancelled 0
# skipped 0
# todo 0
# duration_ms 7483.49941
