TAP version 13
# CADENCE_CHARACTERIZATION [{"weapon":"Pulse Rifle","index":0,"authored":0.1,"gapTicks":7,"effective":0.116667},{"weapon":"Rocket Launcher","index":1,"authored":0.85,"gapTicks":51,"effective":0.85},{"weapon":"Rail Lance","index":2,"authored":1.2,"gapTicks":72,"effective":1.2},{"weapon":"Scattergun","index":3,"authored":0.78,"gapTicks":47,"effective":0.783333},{"weapon":"Plasma Driver","index":4,"authored":0.26,"gapTicks":16,"effective":0.266667},{"weapon":"Grenade Launcher","index":5,"authored":0.9,"gapTicks":54,"effective":0.9},{"weapon":"Shock Beam","index":6,"authored":0.6,"gapTicks":36,"effective":0.6},{"weapon":"Flak Cannon","index":7,"authored":0.84,"gapTicks":51,"effective":0.85},{"weapon":"Marksman Rifle","index":8,"authored":0.46,"gapTicks":28,"effective":0.466667},{"weapon":"Submachine Gun","index":9,"authored":0.058,"gapTicks":4,"effective":0.066667}]
# Subtest: authored fire intervals quantize to whole 60 Hz ticks with bounded overshoot
ok 1 - authored fire intervals quantize to whole 60 Hz ticks with bounded overshoot
  ---
  duration_ms: 94.102728
  type: 'test'
  ...
# Subtest: trigger taps fire one shot per press and pauses never replay a burst
ok 2 - trigger taps fire one shot per press and pauses never replay a burst
  ---
  duration_ms: 2.650036
  type: 'test'
  ...
1..2
# tests 2
# suites 0
# pass 2
# fail 0
# cancelled 0
# skipped 0
# todo 0
# duration_ms 735.70822
