TAP version 13
# Subtest: package: campaign chapter/difficulty parity independent of locked catalog
ok 1 - package: campaign chapter/difficulty parity independent of locked catalog
  ---
  duration_ms: 2.820162
  type: 'test'
  ...
# Subtest: package: campaign rejects multiplayer, overrides and malformed arguments
ok 2 - package: campaign rejects multiplayer, overrides and malformed arguments
  ---
  duration_ms: 1.19075
  type: 'test'
  ...
# Subtest: development: campaign chapter/difficulty parity independent of locked catalog
ok 3 - development: campaign chapter/difficulty parity independent of locked catalog
  ---
  duration_ms: 1.351751
  type: 'test'
  ...
# Subtest: development: campaign rejects multiplayer, overrides and malformed arguments
ok 4 - development: campaign rejects multiplayer, overrides and malformed arguments
  ---
  duration_ms: 0.804236
  type: 'test'
  ...
1..4
# tests 4
# suites 0
# pass 4
# fail 0
# cancelled 0
# skipped 0
# todo 0
# duration_ms 41.190552
