TAP version 13
# Subtest: all four authored chapters stage operators and Patch on source-supported reachable route points
ok 1 - all four authored chapters stage operators and Patch on source-supported reachable route points
  ---
  duration_ms: 1199.697935
  type: 'test'
  ...
# Subtest: four distinct proximity beats per chapter, stable IDs and no per-frame caption replay
ok 2 - four distinct proximity beats per chapter, stable IDs and no per-frame caption replay
  ---
  duration_ms: 177.040646
  type: 'test'
  ...
# Subtest: mandatory E wins, and remote/vertical/occluded pets are rejected
ok 3 - mandatory E wins, and remote/vertical/occluded pets are rejected
  ---
  duration_ms: 42.057607
  type: 'test'
  ...
# Subtest: source terrain crest occludes a low pet ray
ok 4 - source terrain crest occludes a low pet ray
  ---
  duration_ms: 0.396873
  type: 'test'
  ...
# Subtest: only the current phase beat can fire near an earlier visit from the same operator
ok 5 - only the current phase beat can fire near an earlier visit from the same operator
  ---
  duration_ms: 37.769716
  type: 'test'
  ...
# Subtest: retry preserves chapter completion and pet serial; restart drops only current chapter
ok 6 - retry preserves chapter completion and pet serial; restart drops only current chapter
  ---
  duration_ms: 493.259338
  type: 'test'
  ...
1..6
# tests 6
# suites 0
# pass 6
# fail 0
# cancelled 0
# skipped 0
# todo 0
# duration_ms 2592.324911
