Godot Engine v4.5.2.stable.official.6ce3de25a - https://godotengine.org

INTERLUDE_LIVE_NATIVE_OK rootfall-verge nursery controls=203 feedback=Mara’s seed nursery: Mara: The seed beds are drinking again. Take the nursery’s spare plating. +35 armor.
INTERLUDE_LIVE_AUTHORITY_OK rootfall-verge nursery { inputs: 203, completedSnapshots: 31 }
Godot Engine v4.5.2.stable.official.6ce3de25a - https://godotengine.org

INTERLUDE_LIVE_NATIVE_OK rootfall-verge canopy controls=86 feedback=Ivo’s canopy receiver: Ivo: The lost crew’s rescue frequency. Take their scattergun and reserve ammunition.
INTERLUDE_LIVE_AUTHORITY_OK rootfall-verge canopy { inputs: 86, completedSnapshots: 32 }
Godot Engine v4.5.2.stable.official.6ce3de25a - https://godotengine.org

INTERLUDE_LIVE_NATIVE_OK siltwake-crossing waterwheel controls=209 feedback=The sleeping waterwheel: Mara: The relief wheel is turning. A loaded scattergun and reserve ammo for you.
INTERLUDE_LIVE_AUTHORITY_OK siltwake-crossing waterwheel { inputs: 209, completedSnapshots: 32 }
Godot Engine v4.5.2.stable.official.6ce3de25a - https://godotengine.org

INTERLUDE_LIVE_NATIVE_OK siltwake-crossing ferry controls=96 feedback=The abandoned ferry berth: Ivo: The ferry carried our evacuation supplies. Good to see them put to use. +35 armor.
INTERLUDE_LIVE_AUTHORITY_OK siltwake-crossing ferry { inputs: 96, completedSnapshots: 31 }
Godot Engine v4.5.2.stable.official.6ce3de25a - https://godotengine.org

INTERLUDE_LIVE_NATIVE_OK emberline-ascent condenser controls=217 feedback=The cold condenser: Mara: Cold exhaust. Patch can cross behind us now. Spare thermal plates: +35 armor.
INTERLUDE_LIVE_AUTHORITY_OK emberline-ascent condenser { inputs: 217, completedSnapshots: 32 }
Godot Engine v4.5.2.stable.official.6ce3de25a - https://godotengine.org

INTERLUDE_LIVE_NATIVE_OK emberline-ascent foundry controls=91 feedback=Ivo’s field forge: Ivo: One last batch from the old forge. Make it count at the Crown. +35 armor.
INTERLUDE_LIVE_AUTHORITY_OK emberline-ascent foundry { inputs: 91, completedSnapshots: 32 }
Godot Engine v4.5.2.stable.official.6ce3de25a - https://godotengine.org

INTERLUDE_LIVE_NATIVE_OK crown-array choir controls=81 feedback=The silent signal choir: ECHO: A civilian band. The choir answers. Scattergun and reserve ammo released.
INTERLUDE_LIVE_AUTHORITY_OK crown-array choir { inputs: 81, completedSnapshots: 32 }
Godot Engine v4.5.2.stable.official.6ce3de25a - https://godotengine.org

INTERLUDE_LIVE_NATIVE_OK crown-array garden controls=202 feedback=Patch’s beacon garden: Mara: We can see the way home. Take the last repair plates. +35 armor.
INTERLUDE_LIVE_AUTHORITY_OK crown-array garden { inputs: 202, completedSnapshots: 31 }
