TAP version 13
# Subtest: package: synthetic campaign ownership exit
ok 1 - package: synthetic campaign ownership exit
  ---
  duration_ms: 80.140636
  type: 'test'
  ...
# Subtest: package: synthetic campaign ownership native-failure
ok 2 - package: synthetic campaign ownership native-failure
  ---
  duration_ms: 70.199208
  type: 'test'
  ...
# Subtest: package: synthetic campaign ownership bad-health
ok 3 - package: synthetic campaign ownership bad-health
  ---
  duration_ms: 48.929415
  type: 'test'
  ...
# Subtest: package: synthetic campaign ownership not-local
ok 4 - package: synthetic campaign ownership not-local
  ---
  duration_ms: 50.333023
  type: 'test'
  ...
# Subtest: package: synthetic campaign ownership bad-args
ok 5 - package: synthetic campaign ownership bad-args
  ---
  duration_ms: 22.645911
  type: 'test'
  ...
# Subtest: dev: synthetic campaign ownership exit
not ok 6 - dev: synthetic campaign ownership exit
  ---
  duration_ms: 25.314388
  type: 'test'
  location: '/home/mojo/.tmp-on-disk/cocs-relay-campaign-20260930/tools/godot-package/campaign_ownership.test.mjs:19:3'
  failureType: 'testCodeFailure'
  error: |-
    node:fs:560
      return binding.open(
                     ^
    
    Error: ENOENT: no such file or directory, open 'port/contracts/lattice-catalog-derivative.json'
        at Object.openSync (node:fs:560:18)
        at readFileSync (node:fs:444:35)
        at file:///tmp/campaign%20ownership%20i9gk84/tools/godot-dev/launch.mjs:13:64
        at ModuleJob.run (node:internal/modules/esm/module_job:343:25)
        at async onImport.tracePromise.__proto__ (node:internal/modules/esm/loader:681:26)
        at async asyncRunEntryPointWithESMLoader (node:internal/modules/run_main:117:5) {
      errno: -2,
      code: 'ENOENT',
      syscall: 'open',
      path: 'port/contracts/lattice-catalog-derivative.json'
    }
    
    Node.js v22.23.1
    
    
    1 !== 0
    
  code: 'ERR_ASSERTION'
  name: 'AssertionError'
  expected: 0
  actual: 1
  operator: 'strictEqual'
  stack: |-
    Object.openSync (node:fs:560:18)
    readFileSync (node:fs:444:35)
    file:///tmp/campaign%20ownership%20i9gk84/tools/godot-dev/launch.mjs:13:64
    ModuleJob.run (node:internal/modules/esm/module_job:343:25)
    async onImport.tracePromise.__proto__ (node:internal/modules/esm/loader:681:26)
    async asyncRunEntryPointWithESMLoader (node:internal/modules/run_main:117:5) {
    TestContext.<anonymous> (file:///home/mojo/.tmp-on-disk/cocs-relay-campaign-20260930/tools/godot-package/campaign_ownership.test.mjs:51:14)
    Test.runInAsyncScope (node:async_hooks:214:14)
    Test.run (node:internal/test_runner/test:1047:25)
    Test.processPendingSubtests (node:internal/test_runner/test:744:18)
    Test.postRun (node:internal/test_runner/test:1173:19)
    Test.run (node:internal/test_runner/test:1101:12)
    async Test.processPendingSubtests (node:internal/test_runner/test:744:7)
  ...
# Subtest: dev: synthetic campaign ownership native-failure
not ok 7 - dev: synthetic campaign ownership native-failure
  ---
  duration_ms: 21.889795
  type: 'test'
  location: '/home/mojo/.tmp-on-disk/cocs-relay-campaign-20260930/tools/godot-package/campaign_ownership.test.mjs:19:3'
  failureType: 'testCodeFailure'
  error: |-
    node:fs:560
      return binding.open(
                     ^
    
    Error: ENOENT: no such file or directory, open 'port/contracts/lattice-catalog-derivative.json'
        at Object.openSync (node:fs:560:18)
        at readFileSync (node:fs:444:35)
        at file:///tmp/campaign%20ownership%20PiAR7X/tools/godot-dev/launch.mjs:13:64
        at ModuleJob.run (node:internal/modules/esm/module_job:343:25)
        at async onImport.tracePromise.__proto__ (node:internal/modules/esm/loader:681:26)
        at async asyncRunEntryPointWithESMLoader (node:internal/modules/run_main:117:5) {
      errno: -2,
      code: 'ENOENT',
      syscall: 'open',
      path: 'port/contracts/lattice-catalog-derivative.json'
    }
    
    Node.js v22.23.1
    
    
    1 !== 17
    
  code: 'ERR_ASSERTION'
  name: 'AssertionError'
  expected: 17
  actual: 1
  operator: 'strictEqual'
  stack: |-
    Object.openSync (node:fs:560:18)
    readFileSync (node:fs:444:35)
    file:///tmp/campaign%20ownership%20PiAR7X/tools/godot-dev/launch.mjs:13:64
    ModuleJob.run (node:internal/modules/esm/module_job:343:25)
    async onImport.tracePromise.__proto__ (node:internal/modules/esm/loader:681:26)
    async asyncRunEntryPointWithESMLoader (node:internal/modules/run_main:117:5) {
    TestContext.<anonymous> (file:///home/mojo/.tmp-on-disk/cocs-relay-campaign-20260930/tools/godot-package/campaign_ownership.test.mjs:51:14)
    Test.runInAsyncScope (node:async_hooks:214:14)
    Test.run (node:internal/test_runner/test:1047:25)
    Test.processPendingSubtests (node:internal/test_runner/test:744:18)
    Test.postRun (node:internal/test_runner/test:1173:19)
    Test.run (node:internal/test_runner/test:1101:12)
    async Test.processPendingSubtests (node:internal/test_runner/test:744:7)
  ...
# Subtest: dev: synthetic campaign ownership bad-health
not ok 8 - dev: synthetic campaign ownership bad-health
  ---
  duration_ms: 27.337858
  type: 'test'
  location: '/home/mojo/.tmp-on-disk/cocs-relay-campaign-20260930/tools/godot-package/campaign_ownership.test.mjs:19:3'
  failureType: 'testCodeFailure'
  error: '"undefined" is not valid JSON'
  code: 'ERR_TEST_FAILURE'
  name: 'SyntaxError'
  stack: |-
    JSON.parse (<anonymous>)
    TestContext.<anonymous> (file:///home/mojo/.tmp-on-disk/cocs-relay-campaign-20260930/tools/godot-package/campaign_ownership.test.mjs:56:31)
    Test.runInAsyncScope (node:async_hooks:214:14)
    Test.run (node:internal/test_runner/test:1047:25)
    Test.processPendingSubtests (node:internal/test_runner/test:744:18)
    Test.postRun (node:internal/test_runner/test:1173:19)
    Test.run (node:internal/test_runner/test:1101:12)
    async Test.processPendingSubtests (node:internal/test_runner/test:744:7)
  ...
# Subtest: dev: synthetic campaign ownership not-local
not ok 9 - dev: synthetic campaign ownership not-local
  ---
  duration_ms: 20.534156
  type: 'test'
  location: '/home/mojo/.tmp-on-disk/cocs-relay-campaign-20260930/tools/godot-package/campaign_ownership.test.mjs:19:3'
  failureType: 'testCodeFailure'
  error: '"undefined" is not valid JSON'
  code: 'ERR_TEST_FAILURE'
  name: 'SyntaxError'
  stack: |-
    JSON.parse (<anonymous>)
    TestContext.<anonymous> (file:///home/mojo/.tmp-on-disk/cocs-relay-campaign-20260930/tools/godot-package/campaign_ownership.test.mjs:56:31)
    Test.runInAsyncScope (node:async_hooks:214:14)
    Test.run (node:internal/test_runner/test:1047:25)
    Test.processPendingSubtests (node:internal/test_runner/test:744:18)
    Test.postRun (node:internal/test_runner/test:1173:19)
    Test.run (node:internal/test_runner/test:1101:12)
    async Test.processPendingSubtests (node:internal/test_runner/test:744:7)
  ...
# Subtest: dev: synthetic campaign ownership bad-args
ok 10 - dev: synthetic campaign ownership bad-args
  ---
  duration_ms: 24.078404
  type: 'test'
  ...
1..10
# tests 10
# suites 0
# pass 6
# fail 4
# cancelled 0
# skipped 0
# todo 0
# duration_ms 429.307343
