TAP version 13
# Subtest: campaign authority closure includes reviewed adapters and all four runtime maps
ok 1 - campaign authority closure includes reviewed adapters and all four runtime maps
  ---
  duration_ms: 324.01841
  type: 'test'
  ...
# Subtest: both export entry points include campaign JSON data
ok 2 - both export entry points include campaign JSON data
  ---
  duration_ms: 0.429324
  type: 'test'
  ...
1..2
# tests 2
# suites 0
# pass 2
# fail 0
# cancelled 0
# skipped 0
# todo 0
# duration_ms 354.011101
