TAP version 13
# Subtest: source-owned recent history survives authority restart and retains source ordering/cap
ok 1 - source-owned recent history survives authority restart and retains source ordering/cap
  ---
  duration_ms: 19.178369
  type: 'test'
  ...
# Subtest: corrupt local history blocks overwrite, releases its lease, and never affects external guests
ok 2 - corrupt local history blocks overwrite, releases its lease, and never affects external guests
  ---
  duration_ms: 1.49517
  type: 'test'
  ...
1..2
# tests 2
# suites 0
# pass 2
# fail 0
# cancelled 0
# skipped 0
# todo 0
# duration_ms 637.996348
