TAP version 13
# Subtest: every exported item is still a source unlock with exact description, slot and level
ok 1 - every exported item is still a source unlock with exact description, slot and level
  ---
  duration_ms: 1.679215
  type: 'test'
  ...
# Subtest: catalog is data only and never contains ownership or synthetic purchases
ok 2 - catalog is data only and never contains ownership or synthetic purchases
  ---
  duration_ms: 0.096731
  type: 'test'
  ...
# Subtest: source room issues owned welcome, profile read, start and progression update
ok 3 - source room issues owned welcome, profile read, start and progression update
  ---
  duration_ms: 1232.225366
  type: 'test'
  ...
1..3
# tests 3
# suites 0
# pass 3
# fail 0
# cancelled 0
# skipped 0
# todo 0
# duration_ms 2057.28047
