TAP version 13
# Subtest: source award precedes results, stays distinct from equipment, and history persists
ok 1 - source award precedes results, stays distinct from equipment, and history persists
  ---
  duration_ms: 310.587633
  type: 'test'
  ...
# Subtest: read-only history endpoint returns the persisted recent server matches
ok 2 - read-only history endpoint returns the persisted recent server matches
  ---
  duration_ms: 31.133606
  type: 'test'
  ...
1..2
# tests 2
# suites 0
# pass 2
# fail 0
# cancelled 0
# skipped 0
# todo 0
# duration_ms 1073.629961
