TAP version 13
# Subtest: source authority survives close and recreation with the same profile, award and gear
ok 1 - source authority survives close and recreation with the same profile, award and gear
  ---
  duration_ms: 22.262119
  type: 'test'
  ...
# Subtest: owned authority and external guest coexist; only the same authority scope contends
ok 2 - owned authority and external guest coexist; only the same authority scope contends
  ---
  duration_ms: 1.042173
  type: 'test'
  ...
# Subtest: malformed existing store blocks minting and releases lease; stale crash lease is reclaimable
ok 3 - malformed existing store blocks minting and releases lease; stale crash lease is reclaimable
  ---
  duration_ms: 0.530054
  type: 'test'
  ...
# Subtest: shared legacy credentials migrate only the requested scope without deleting the original
ok 4 - shared legacy credentials migrate only the requested scope without deleting the original
  ---
  duration_ms: 0.65131
  type: 'test'
  ...
# Subtest: competing process cannot open an owned store; crashed owner lease is recovered
ok 5 - competing process cannot open an owned store; crashed owner lease is recovered
  ---
  duration_ms: 19.817388
  type: 'test'
  ...
1..5
# tests 5
# suites 0
# pass 5
# fail 0
# cancelled 0
# skipped 0
# todo 0
# duration_ms 710.828767
