TAP version 13
# Subtest: original source demo module/core and exact semantic catalog hashes remain pinned
not ok 1 - original source demo module/core and exact semantic catalog hashes remain pinned
  ---
  duration_ms: 1.561416
  type: 'test'
  location: '/home/mojo/.tmp-on-disk/cocs-relay-campaign-20260930/tools/port/replay/adapter.test.mjs:27:1'
  failureType: 'testCodeFailure'
  error: |-
    Expected values to be strictly equal:
    + actual - expected
    
    + '655f112934b7b4a4f1d9f043a8c545511e7284f557e4c9586dfd72d3e5a8e7a3'
    - '58ff1b9c7467a53da00638f16edfd3df2e1e6fd06480ff081ad13c88fb64bdb9'
    
  code: 'ERR_ASSERTION'
  name: 'AssertionError'
  expected: '58ff1b9c7467a53da00638f16edfd3df2e1e6fd06480ff081ad13c88fb64bdb9'
  actual: '655f112934b7b4a4f1d9f043a8c545511e7284f557e4c9586dfd72d3e5a8e7a3'
  operator: 'strictEqual'
  stack: |-
    TestContext.<anonymous> (file:///home/mojo/.tmp-on-disk/cocs-relay-campaign-20260930/tools/port/replay/adapter.test.mjs:30:10)
    Test.runInAsyncScope (node:async_hooks:214:14)
    Test.run (node:internal/test_runner/test:1047:25)
    Test.start (node:internal/test_runner/test:944:17)
    startSubtestAfterBootstrap (node:internal/test_runner/harness:296:17)
  ...
# Subtest: actual source DemoRecorder JSON and gzip import round-trip byte semantics
ok 2 - actual source DemoRecorder JSON and gzip import round-trip byte semantics
  ---
  duration_ms: 109.049282
  type: 'test'
  ...
# Subtest: capture uses source rounding, dedupe and trim without a second simulation
ok 3 - capture uses source rounding, dedupe and trim without a second simulation
  ---
  duration_ms: 25.954797
  type: 'test'
  ...
# Subtest: exact seeks, actor membership and yaw wrap are source DemoPlayer results
ok 4 - exact seeks, actor membership and yaw wrap are source DemoPlayer results
  ---
  duration_ms: 28.057358
  type: 'test'
  ...
# Subtest: absolute event clock, no duplicate ticks, seek clears and speed suppresses cue bursts
ok 5 - absolute event clock, no duplicate ticks, seek clears and speed suppresses cue bursts
  ---
  duration_ms: 23.565789
  type: 'test'
  ...
# Subtest: source birth/despawn, discrete bodyYaw and single-frame semantics retained
ok 6 - source birth/despawn, discrete bodyYaw and single-frame semantics retained
  ---
  duration_ms: 23.682909
  type: 'test'
  ...
# Subtest: unknown map/mode, mismatch and forged provenance refuse rather than fallback
ok 7 - unknown map/mode, mismatch and forged provenance refuse rather than fallback
  ---
  duration_ms: 96.157219
  type: 'test'
  ...
# Subtest: malformed finite numbers/counts/identity and credential or prototype payloads rejected
ok 8 - malformed finite numbers/counts/identity and credential or prototype payloads rejected
  ---
  duration_ms: 241.81613
  type: 'test'
  ...
# Subtest: zip bomb and oversized input bounded before source parsing
ok 9 - zip bomb and oversized input bounded before source parsing
  ---
  duration_ms: 62.79108
  type: 'test'
  ...
# Subtest: role and round reset stop capture; no private fields projected into replay HUD
ok 10 - role and round reset stop capture; no private fields projected into replay HUD
  ---
  duration_ms: 25.16616
  type: 'test'
  ...
# Subtest: library saves unique clips, preserves originals, reports corrupt files and rejects paths/symlinks
ok 11 - library saves unique clips, preserves originals, reports corrupt files and rejects paths/symlinks
  ---
  duration_ms: 30.390531
  type: 'test'
  ...
# Subtest: actual recipient Room protocol snapshots capture exactly, excluding welcome tickets and authority-only sentinels
ok 12 - actual recipient Room protocol snapshots capture exactly, excluding welcome tickets and authority-only sentinels
  ---
  duration_ms: 40.300466
  type: 'test'
  ...
# Subtest: read-only API rejects all authority/input/progression verbs
ok 13 - read-only API rejects all authority/input/progression verbs
  ---
  duration_ms: 30.283301
  type: 'test'
  ...
# Subtest: bounded native packet batching retains source capture order/due decisions
ok 14 - bounded native packet batching retains source capture order/due decisions
  ---
  duration_ms: 27.245357
  type: 'test'
  ...
# Subtest: actual bounded loopback service authentication, record/save/open/seek/discard lifecycle
ok 15 - actual bounded loopback service authentication, record/save/open/seek/discard lifecycle
  ---
  duration_ms: 136.235708
  type: 'test'
  ...
1..15
# tests 15
# suites 0
# pass 14
# fail 1
# cancelled 0
# skipped 0
# todo 0
# duration_ms 1515.023402
