TAP version 13
# Subtest: generated source vectors and all 160 unnormalized PCM files reproduce exactly
ok 1 - generated source vectors and all 160 unnormalized PCM files reproduce exactly
  ---
  duration_ms: 200.625205
  type: 'test'
  ...
# Subtest: actual source _beat schedules fixture frequencies, onset, gain, duration and shimmer
ok 2 - actual source _beat schedules fixture frequencies, onset, gain, duration and shimmer
  ---
  duration_ms: 2.302616
  type: 'test'
  ...
# Subtest: attack/exponential release oracle and finite unclipped distinct sample fixtures
ok 3 - attack/exponential release oracle and finite unclipped distinct sample fixtures
  ---
  duration_ms: 8.675341
  type: 'test'
  ...
# Subtest: actual source falloff matches shared native distance fixtures
ok 4 - actual source falloff matches shared native distance fixtures
  ---
  duration_ms: 0.814617
  type: 'test'
  ...
# Subtest: bounded priority policy reference: no queue, guarded attacks, steal hysteresis
ok 5 - bounded priority policy reference: no queue, guarded attacks, steal hysteresis
  ---
  duration_ms: 0.131427
  type: 'test'
  ...
# Subtest: actual source artillery cooldown emits one target-mark windup per attack cycle
ok 6 - actual source artillery cooldown emits one target-mark windup per attack cycle
  ---
  duration_ms: 1.252077
  type: 'test'
  ...
1..6
# tests 6
# suites 0
# pass 6
# fail 0
# cancelled 0
# skipped 0
# todo 0
# duration_ms 821.789112
