TAP version 13
# Subtest: catalog grants only registered reviewed pairs, preserves all original pairs and named asset paths
ok 1 - catalog grants only registered reviewed pairs, preserves all original pairs and named asset paths
  ---
  duration_ms: 1.843065
  type: 'test'
  ...
# Subtest: committed replay bytes copied exactly; forged refreshed inventories, absent helpers and dirty inputs fail
ok 2 - committed replay bytes copied exactly; forged refreshed inventories, absent helpers and dirty inputs fail
  ---
  duration_ms: 58.743538
  type: 'test'
  ...
# Subtest: feature catalogs require their actual inputs and InputBindings autoload; unrelated JSON is ignored
ok 3 - feature catalogs require their actual inputs and InputBindings autoload; unrelated JSON is ignored
  ---
  duration_ms: 0.792706
  type: 'test'
  ...
# Subtest: feature provenance cannot omit committed JSON or substitute a refreshed hash
ok 4 - feature provenance cannot omit committed JSON or substitute a refreshed hash
  ---
  duration_ms: 48.110076
  type: 'test'
  ...
1..4
# tests 4
# suites 0
# pass 4
# fail 0
# cancelled 0
# skipped 0
# todo 0
# duration_ms 149.950953
