{
  "source_commit": "51289b79c627a26a381ba556b92bab71f93f3732",
  "meshes": 86,
  "instances": 68,
  "batchedMeshes": 0,
  "shaderMaterials": 0,
  "nodes": 88,
  "limitations": [
    "onBeforeCompile effects and runtime animation not translated",
    "standard-material fallback is not fidelity acceptance"
  ],
  "instance_policy": "expanded with transforms and colors; no EXT_mesh_gpu_instancing",
  "environment": {
    "background": "575777",
    "fog": {
      "color": "575777",
      "density": 0.0045
    }
  },
  "bytes": 2060200,
  "sha256": "a41094bdbafd7a6796d86d175982aab958e3500e8d8514f820dfa36c362d73ea",
  "messages": [
    "THREE.GLTFExporter: Merged metalnessMap and roughnessMap textures.",
    "THREE.GLTFExporter: Merged metalnessMap and roughnessMap textures.",
    "THREE.GLTFExporter: Merged metalnessMap and roughnessMap textures.",
    "GLTFExporter: Use MeshStandardMaterial or MeshBasicMaterial for best results.",
    "THREE.GLTFExporter: Merged metalnessMap and roughnessMap textures.",
    "THREE.GLTFExporter: Merged metalnessMap and roughnessMap textures.",
    "THREE.GLTFExporter: Merged metalnessMap and roughnessMap textures.",
    "THREE.GLTFExporter: Merged metalnessMap and roughnessMap textures.",
    "THREE.GLTFExporter: Merged metalnessMap and roughnessMap textures.",
    "[.WebGL-0xbdc000ebf00]GL Driver Message (OpenGL, Performance, GL_CLOSE_PATH_NV, High): GPU stall due to ReadPixels"
  ]
}
