TAP version 13
# Subtest: current real default HUD, nonlethal damage, +35 health and 12s return
ok 1 - current real default HUD, nonlethal damage, +35 health and 12s return
  ---
  duration_ms: 64.893146
  type: 'test'
  ...
# Subtest: genuine historical recording stays legacy text-only and cannot establish current HUD
ok 2 - genuine historical recording stays legacy text-only and cannot establish current HUD
  ---
  duration_ms: 111.826059
  type: 'test'
  ...
# Subtest: old/new artifact hashes; executed historical sources checked at immutable pre-update commit
ok 3 - old/new artifact hashes; executed historical sources checked at immutable pre-update commit
  ---
  duration_ms: 96.831812
  type: 'test'
  ...
# Subtest: inconclusive route/output-cap run remains intact and cannot pass acceptance
ok 4 - inconclusive route/output-cap run remains intact and cannot pass acceptance
  ---
  duration_ms: 134.856689
  type: 'test'
  ...
# Subtest: reject hidden HUD layer_visible
ok 5 - reject hidden HUD layer_visible
  ---
  duration_ms: 35.458249
  type: 'test'
  ...
# Subtest: reject hidden HUD root_visible
ok 6 - reject hidden HUD root_visible
  ---
  duration_ms: 38.001113
  type: 'test'
  ...
# Subtest: reject hidden HUD vitals_visible
ok 7 - reject hidden HUD vitals_visible
  ---
  duration_ms: 33.5634
  type: 'test'
  ...
# Subtest: reject hidden HUD health_label
ok 8 - reject hidden HUD health_label
  ---
  duration_ms: 37.803352
  type: 'test'
  ...
# Subtest: reject hidden HUD armor_label
ok 9 - reject hidden HUD armor_label
  ---
  duration_ms: 37.883052
  type: 'test'
  ...
# Subtest: reject hidden HUD health_bar
ok 10 - reject hidden HUD health_bar
  ---
  duration_ms: 53.892029
  type: 'test'
  ...
# Subtest: reject hidden HUD armor_bar
ok 11 - reject hidden HUD armor_bar
  ---
  duration_ms: 42.505089
  type: 'test'
  ...
# Subtest: reject offscreen and empty label geometry
ok 12 - reject offscreen and empty label geometry
  ---
  duration_ms: 78.447896
  type: 'test'
  ...
# Subtest: reject wrong integer labels, gauges and maxima
ok 13 - reject wrong integer labels, gauges and maxima
  ---
  duration_ms: 263.895189
  type: 'test'
  ...
# Subtest: reject missing, stale, wrong-authority and wrong-trace rendered observations
ok 14 - reject missing, stale, wrong-authority and wrong-trace rendered observations
  ---
  duration_ms: 206.256813
  type: 'test'
  ...
# Subtest: reject missing collected and return HUD observations
ok 15 - reject missing collected and return HUD observations
  ---
  duration_ms: 122.467753
  type: 'test'
  ...
# Subtest: hidden text or positive feedback alone cannot replace visible rendered hurt
ok 16 - hidden text or positive feedback alone cannot replace visible rendered hurt
  ---
  duration_ms: 292.251526
  type: 'test'
  ...
# Subtest: synchronous authority adjacency remains mandatory
ok 17 - synchronous authority adjacency remains mandatory
  ---
  duration_ms: 17.255903
  type: 'test'
  ...
# Subtest: strict receipt, marker lifecycle and stopped incoming fire checks remain
ok 18 - strict receipt, marker lifecycle and stopped incoming fire checks remain
  ---
  duration_ms: 108.653997
  type: 'test'
  ...
# Subtest: HP-only accounting is rejected even when event observations agree
ok 19 - HP-only accounting is rejected even when event observations agree
  ---
  duration_ms: 42.380165
  type: 'test'
  ...
# Subtest: retained evidence excludes credentials and welcome packets
ok 20 - retained evidence excludes credentials and welcome packets
  ---
  duration_ms: 237.933188
  type: 'test'
  ...
# Subtest: genuine live damage, +35 health, same marker and 12-second return pass without native completion
ok 21 - genuine live damage, +35 health, same marker and 12-second return pass without native completion
  ---
  duration_ms: 62.286834
  type: 'test'
  ...
# Subtest: artifact lengths/hashes and executed source hashes match provenance
ok 22 - artifact lengths/hashes and executed source hashes match provenance
  ---
  duration_ms: 21.46046
  type: 'test'
  ...
# Subtest: credential field names and welcome packets are absent from retained evidence; projections exclude them
ok 23 - credential field names and welcome packets are absent from retained evidence; projections exclude them
  ---
  duration_ms: 51.99726
  type: 'test'
  ...
# Subtest: historical combat text alone cannot substitute for recorded Label text
ok 24 - historical combat text alone cannot substitute for recorded Label text
  ---
  duration_ms: 43.840501
  type: 'test'
  ...
# Subtest: HP-only damage accounting is rejected even if both event observations agree
ok 25 - HP-only damage accounting is rejected even if both event observations agree
  ---
  duration_ms: 33.442574
  type: 'test'
  ...
# Subtest: missing server input receipt does not become successful queue evidence
ok 26 - missing server input receipt does not become successful queue evidence
  ---
  duration_ms: 33.450037
  type: 'test'
  ...
# Subtest: observer snapshot association rejects an intervening line
ok 27 - observer snapshot association rejects an intervening line
  ---
  duration_ms: 15.908269
  type: 'test'
  ...
# Subtest: replacement pickup marker cannot be claimed as the same marker lifecycle
ok 28 - replacement pickup marker cannot be claimed as the same marker lifecycle
  ---
  duration_ms: 31.117709
  type: 'test'
  ...
# Subtest: continued attacker fire after stop cannot pass nonlethal stop criterion
ok 29 - continued attacker fire after stop cannot pass nonlethal stop criterion
  ---
  duration_ms: 33.127574
  type: 'test'
  ...
1..29
# tests 29
# suites 0
# pass 29
# fail 0
# cancelled 0
# skipped 0
# todo 0
# duration_ms 2133.100553
