TAP version 13
# Subtest: horde display adapts waves and enemy counts
ok 1 - horde display adapts waves and enemy counts
  ---
  duration_ms: 0.749795
  type: 'test'
  ...
# Subtest: campaign display surfaces waypoint distance, steps, story and boss
ok 2 - campaign display surfaces waypoint distance, steps, story and boss
  ---
  duration_ms: 0.120135
  type: 'test'
  ...
# Subtest: display adapter stays sane when economy and boss-phase fields ride along
ok 3 - display adapter stays sane when economy and boss-phase fields ride along
  ---
  duration_ms: 0.107571
  type: 'test'
  ...
# Subtest: results and summaries reflect win or loss
ok 4 - results and summaries reflect win or loss
  ---
  duration_ms: 0.157645
  type: 'test'
  ...
# Subtest: adapter forwards horde upgrades, boss phases, checkpoint and notices
ok 5 - adapter forwards horde upgrades, boss phases, checkpoint and notices
  ---
  duration_ms: 0.787045
  type: 'test'
  ...
# Subtest: adapter derives a checkpoint from a numeric step and reads top-level hud notices
ok 6 - adapter derives a checkpoint from a numeric step and reads top-level hud notices
  ---
  duration_ms: 0.171992
  type: 'test'
  ...
# Subtest: adapter defaults the upgrade, phase and checkpoint fields when absent
ok 7 - adapter defaults the upgrade, phase and checkpoint fields when absent
  ---
  duration_ms: 0.102191
  type: 'test'
  ...
# Subtest: adapter accepts object selections and pending upgrade queues
ok 8 - adapter accepts object selections and pending upgrade queues
  ---
  duration_ms: 0.182772
  type: 'test'
  ...
# Subtest: adapter normalises notice tones and drops empty notices
ok 9 - adapter normalises notice tones and drops empty notices
  ---
  duration_ms: 0.193653
  type: 'test'
  ...
# Subtest: single-player HUD exposes screen-reader labels for the new controls
ok 10 - single-player HUD exposes screen-reader labels for the new controls
  ---
  duration_ms: 79.293673
  type: 'test'
  ...
# Subtest: theater filters expose labelled select controls
ok 11 - theater filters expose labelled select controls
  ---
  duration_ms: 154.037883
  type: 'test'
  ...
# Subtest: theater exposes replay export and import controls
ok 12 - theater exposes replay export and import controls
  ---
  duration_ms: 95.949629
  type: 'test'
  ...
# Subtest: accessibility panel renders palette radios and the high-contrast switch
ok 13 - accessibility panel renders palette radios and the high-contrast switch
  ---
  duration_ms: 931.067144
  type: 'test'
  ...
# Subtest: keybind remap UI is keyboard reachable and labelled per action
ok 14 - keybind remap UI is keyboard reachable and labelled per action
  ---
  duration_ms: 918.430368
  type: 'test'
  ...
# Subtest: browse screen exposes mode, map and size filters plus practice vs bots
ok 15 - browse screen exposes mode, map and size filters plus practice vs bots
  ---
  duration_ms: 941.934796
  type: 'test'
  ...
# Subtest: results summary card surfaces XP, prestige progress and achievements
ok 16 - results summary card surfaces XP, prestige progress and achievements
  ---
  duration_ms: 899.428918
  type: 'test'
  ...
# Subtest: help legend covers the systems added on top of the core loop
ok 17 - help legend covers the systems added on top of the core loop
  ---
  duration_ms: 0.441016
  type: 'test'
  ...
# Subtest: settings help renders the new-systems legend as an accessible list
ok 18 - settings help renders the new-systems legend as an accessible list
  ---
  duration_ms: 104.876706
  type: 'test'
  ...
# Subtest: campaign mission select derives stars, locks and best results
ok 19 - campaign mission select derives stars, locks and best results
  ---
  duration_ms: 0.752911
  type: 'test'
  ...
# Subtest: campaign mission select renders locked and replay affordances
ok 20 - campaign mission select renders locked and replay affordances
  ---
  duration_ms: 949.867087
  type: 'test'
  ...
# Subtest: results medals render as an accessible list with per-medal detail
ok 21 - results medals render as an accessible list with per-medal detail
  ---
  duration_ms: 1827.850114
  type: 'test'
  ...
# Subtest: arsenal inspector exposes weapons, operators, attachments and cosmetics
ok 22 - arsenal inspector exposes weapons, operators, attachments and cosmetics
  ---
  duration_ms: 146.570362
  type: 'test'
  ...
# Subtest: spectator board groups teams, shows lives and marks the followed target
ok 23 - spectator board groups teams, shows lives and marks the followed target
  ---
  duration_ms: 28.89121
  type: 'test'
  ...
# Subtest: single-player modes are registered and configuration keeps the mission
ok 24 - single-player modes are registered and configuration keeps the mission
  ---
  duration_ms: 1.08358
  type: 'test'
  ...
# Subtest: horde leaves a lone player with three lives and an empty battlefield
ok 25 - horde leaves a lone player with three lives and an empty battlefield
  ---
  duration_ms: 58.991385
  type: 'test'
  ...
# Subtest: horde waves spawn fast fragile husks, not normal bots
ok 26 - horde waves spawn fast fragile husks, not normal bots
  ---
  duration_ms: 88.284769
  type: 'test'
  ...
# Subtest: dead enemies never respawn
ok 27 - dead enemies never respawn
  ---
  duration_ms: 90.322827
  type: 'test'
  ...
# Subtest: losing all lives ends the run on the hostile side
ok 28 - losing all lives ends the run on the hostile side
  ---
  duration_ms: 106.593212
  type: 'test'
  ...
# Subtest: campaign starts the player at the authored point facing the mission direction
ok 29 - campaign starts the player at the authored point facing the mission direction
  ---
  duration_ms: 112.141648
  type: 'test'
  ...
# Subtest: the first campaign objective sets a waypoint and the next spawns themed enemies
ok 30 - the first campaign objective sets a waypoint and the next spawns themed enemies
  ---
  duration_ms: 171.868069
  type: 'test'
  ...
# Subtest: convoy-run plays through every step to a win
ok 31 - convoy-run plays through every step to a win
  ---
  duration_ms: 1763.325862
  type: 'test'
  ...
# Subtest: reactor-run ends with a Warden boss and a win
ok 32 - reactor-run ends with a Warden boss and a win
  ---
  duration_ms: 3148.760012
  type: 'test'
  ...
# Subtest: single-player snapshot exposes objective steps, story and waypoint data
ok 33 - single-player snapshot exposes objective steps, story and waypoint data
  ---
  duration_ms: 134.529052
  type: 'test'
  ...
# Subtest: spawnGroup fields groups by type and tracks bosses
ok 34 - spawnGroup fields groups by type and tracks bosses
  ---
  duration_ms: 75.716321
  type: 'test'
  ...
# Subtest: enemy fields build a fragile, differentiated enemy
ok 35 - enemy fields build a fragile, differentiated enemy
  ---
  duration_ms: 7.272866
  type: 'test'
  ...
# Subtest: enemy deploys vary speed within a class and carry reduced firepower
ok 36 - enemy deploys vary speed within a class and carry reduced firepower
  ---
  duration_ms: 50.203611
  type: 'test'
  ...
# Subtest: area confinement keeps zoned NPCs inside their leash when the player is far
ok 37 - area confinement keeps zoned NPCs inside their leash when the player is far
  ---
  duration_ms: 434.527434
  type: 'test'
  ...
# Subtest: hard patrol zones loop NPCs inside their radius instead of wandering the map
ok 38 - hard patrol zones loop NPCs inside their radius instead of wandering the map
  ---
  duration_ms: 377.731743
  type: 'test'
  ...
# Subtest: group spawns de-clump onto distinct in-radius floor points
ok 39 - group spawns de-clump onto distinct in-radius floor points
  ---
  duration_ms: 8.907329
  type: 'test'
  ...
# Subtest: campaign predeploys reinforcements and fires its timed bark exactly once
ok 40 - campaign predeploys reinforcements and fires its timed bark exactly once
  ---
  duration_ms: 1952.782415
  type: 'test'
  ...
# Subtest: horde clears resupply the player and offer deterministic upgrades
ok 41 - horde clears resupply the player and offer deterministic upgrades
  ---
  duration_ms: 7.143814
  type: 'test'
  ...
# Subtest: clearing the third horde wave offers an upgrade during intermission
ok 42 - clearing the third horde wave offers an upgrade during intermission
  ---
  duration_ms: 19.864678
  type: 'test'
  ...
# Subtest: horde-only upgrades append after the powerups and re-apply idempotently
ok 43 - horde-only upgrades append after the powerups and re-apply idempotently
  ---
  duration_ms: 7.649342
  type: 'test'
  ...
# Subtest: horde run upgrades re-issue after a mid-wave death without compounding
ok 44 - horde run upgrades re-issue after a mid-wave death without compounding
  ---
  duration_ms: 6.964679
  type: 'test'
  ...
# Subtest: horde composition fields the new archetypes without breaking wave one
ok 45 - horde composition fields the new archetypes without breaking wave one
  ---
  duration_ms: 0.164809
  type: 'test'
  ...
# Subtest: campaign checkpoints persist and resume a retry from the saved step
ok 46 - campaign checkpoints persist and resume a retry from the saved step
  ---
  duration_ms: 1633.38108
  type: 'test'
  ...
# Subtest: campaign launch intent picks the checkpoint: next mission fresh, resume stored
ok 47 - campaign launch intent picks the checkpoint: next mission fresh, resume stored
  ---
  duration_ms: 72.069559
  type: 'test'
  ...
# Subtest: boss phases surface as a named, pip-counted snapshot entry
ok 48 - boss phases surface as a named, pip-counted snapshot entry
  ---
  duration_ms: 311.736495
  type: 'test'
  ...
# Subtest: sapper telegraphs its fuse, then detonates inside the blast radius
ok 49 - sapper telegraphs its fuse, then detonates inside the blast radius
  ---
  duration_ms: 20.817794
  type: 'test'
  ...
# Subtest: mender telegraphs and lands a heal pulse on nearby allies
ok 50 - mender telegraphs and lands a heal pulse on nearby allies
  ---
  duration_ms: 42.628107
  type: 'test'
  ...
# Subtest: overseer pulses its command aura on a cooldown
ok 51 - overseer pulses its command aura on a cooldown
  ---
  duration_ms: 51.343366
  type: 'test'
  ...
# Subtest: mortar marks, telegraphs and lands an AoE on a stationary player
ok 52 - mortar marks, telegraphs and lands an AoE on a stationary player
  ---
  duration_ms: 18.316377
  type: 'test'
  ...
# Subtest: the bulwark front plate blunts damage and a flank bypasses it
ok 53 - the bulwark front plate blunts damage and a flank bypasses it
  ---
  duration_ms: 7.449377
  type: 'test'
  ...
# Subtest: throne-siege plays through the finale to a win
ok 54 - throne-siege plays through the finale to a win
  ---
  duration_ms: 1082.634218
  type: 'test'
  ...
# Subtest: area confinement keeps zoned NPCs leashed and moving on the new maps
ok 55 - area confinement keeps zoned NPCs leashed and moving on the new maps
  ---
  duration_ms: 1010.574187
  type: 'test'
  ...
# Subtest: horde waves cycle readable modifiers and telegraph each twist
ok 56 - horde waves cycle readable modifiers and telegraph each twist
  ---
  duration_ms: 30.815546
  type: 'test'
  ...
# Subtest: boss phases mechanically escalate the Warden and telegraph a ground slam
ok 57 - boss phases mechanically escalate the Warden and telegraph a ground slam
  ---
  duration_ms: 4079.630959
  type: 'test'
  ...
# Subtest: the throne finale resumes from a checkpoint and keeps its finale win
ok 58 - the throne finale resumes from a checkpoint and keeps its finale win
  ---
  duration_ms: 54.798489
  type: 'test'
  ...
# Subtest: ghost-wire and crown-duel terminate with a win on every difficulty
ok 59 - ghost-wire and crown-duel terminate with a win on every difficulty
  ---
  duration_ms: 15003.803933
  type: 'test'
  ...
# Subtest: the lancer flanks to cover and bursts after a telegraph
ok 60 - the lancer flanks to cover and bursts after a telegraph
  ---
  duration_ms: 10.334993
  type: 'test'
  ...
# Subtest: the sentinel shields nearby allies in formation
ok 61 - the sentinel shields nearby allies in formation
  ---
  duration_ms: 8.15585
  type: 'test'
  ...
# Subtest: the Harbinger summons adds and its phases escalate
ok 62 - the Harbinger summons adds and its phases escalate
  ---
  duration_ms: 8.740136
  type: 'test'
  ...
# Subtest: horde endless scoring is deterministic and grows with the wave
ok 63 - horde endless scoring is deterministic and grows with the wave
  ---
  duration_ms: 0.25633
  type: 'test'
  ...
# Subtest: horde endless escalates a boss every fifth wave and alternates classes
ok 64 - horde endless escalates a boss every fifth wave and alternates classes
  ---
  duration_ms: 0.119964
  type: 'test'
  ...
# Subtest: endless horde banks score per wave and ends with a clean summary on death
ok 65 - endless horde banks score per wave and ends with a clean summary on death
  ---
  duration_ms: 155.132374
  type: 'test'
  ...
# Subtest: a bounded horde run still ends at its wave target and banks a won summary
ok 66 - a bounded horde run still ends at its wave target and banks a won summary
  ---
  duration_ms: 10.793122
  type: 'test'
  ...
# Subtest: horde modifiers inject flankers, shield-bearers and a champion boss
ok 67 - horde modifiers inject flankers, shield-bearers and a champion boss
  ---
  duration_ms: 24.088101
  type: 'test'
  ...
# Subtest: campaign missions author weather and scripted beats can change it
ok 68 - campaign missions author weather and scripted beats can change it
  ---
  duration_ms: 131.42715
  type: 'test'
  ...
# Subtest: campaign missions play their timed story transmissions without gating wins
ok 69 - campaign missions play their timed story transmissions without gating wins
  ---
  duration_ms: 186.037607
  type: 'test'
  ...
# Subtest: the declared live enemy cap holds even on deep overflow waves
ok 70 - the declared live enemy cap holds even on deep overflow waves
  ---
  duration_ms: 0.325891
  type: 'test'
  ...
1..70
# tests 70
# suites 0
# pass 70
# fail 0
# cancelled 0
# skipped 0
# todo 0
# duration_ms 33292.381552
