TAP version 13
# Subtest: authoritative Horde damage/deaths have stable IDs, numeric health damage and a finite death location
ok 1 - authoritative Horde damage/deaths have stable IDs, numeric health damage and a finite death location
  ---
  duration_ms: 0.663624
  type: 'test'
  ...
# Subtest: NPC identification comes from public snapshots, not death payload guesses
ok 2 - NPC identification comes from public snapshots, not death payload guesses
  ---
  duration_ms: 6.168972
  type: 'test'
  ...
# Subtest: terminal NPC kill has no future active-frame render tick to rely on
ok 3 - terminal NPC kill has no future active-frame render tick to rely on
  ---
  duration_ms: 0.309149
  type: 'test'
  ...
1..3
# tests 3
# suites 0
# pass 3
# fail 0
# cancelled 0
# skipped 0
# todo 0
# duration_ms 87.396521
