TAP version 13
# Subtest: actual Horde transitive closure is classified separately and source-byte locked
ok 1 - actual Horde transitive closure is classified separately and source-byte locked
  ---
  duration_ms: 293.858175
  type: 'test'
  ...
# Subtest: closure rejects unreviewed adapter imports, external dependencies and runtime imports
ok 2 - closure rejects unreviewed adapter imports, external dependencies and runtime imports
  ---
  duration_ms: 75.814494
  type: 'test'
  ...
# Subtest: unchanged public Room still rejects Horde configuration
ok 3 - unchanged public Room still rejects Horde configuration
  ---
  duration_ms: 1.425551
  type: 'test'
  ...
1..3
# tests 3
# suites 0
# pass 3
# fail 0
# cancelled 0
# skipped 0
# todo 0
# duration_ms 1023.352901
