TAP version 13
# Subtest: fixture: a source offer is projected without inventing or reordering rows
ok 1 - fixture: a source offer is projected without inventing or reordering rows
  ---
  duration_ms: 92.626944
  type: 'test'
  ...
# Subtest: fixture: malformed intents are refused and leave the offer untouched
ok 2 - fixture: malformed intents are refused and leave the offer untouched
  ---
  duration_ms: 12.043046
  type: 'test'
  ...
# Subtest: fixture: unknown ids, wrong offers and stale views are refused; the source intent is accepted
ok 3 - fixture: unknown ids, wrong offers and stale views are refused; the source intent is accepted
  ---
  duration_ms: 10.319967
  type: 'test'
  ...
# Subtest: fixture: a non-horde or finished round has no offer to authorize
ok 4 - fixture: a non-horde or finished round has no offer to authorize
  ---
  duration_ms: 9.78784
  type: 'test'
  ...
# Subtest: fixture: record shape is bounded and carries no client-authored fields
ok 5 - fixture: record shape is bounded and carries no client-authored fields
  ---
  duration_ms: 0.195927
  type: 'test'
  ...
# Subtest: wire: malformed, stale and out-of-phase intents are refused without ending the round
ok 6 - wire: malformed, stale and out-of-phase intents are refused without ending the round
  ---
  duration_ms: 233.987501
  type: 'test'
  ...
1..6
# tests 6
# suites 0
# pass 6
# fail 0
# cancelled 0
# skipped 0
# todo 0
# duration_ms 6012.240417
