TAP version 13
# {
#   "scope": "Deterministic graybox source-function fixtures, NOT normal-rate live gameplay or GPU performance",
#   "maps": [
#     {
#       "id": "lacuna-court",
#       "geometryHash": "a87f8e7a95e56b30d896d70078431152f46160e2d2639c97493b14f68915cfa9",
#       "constructionMs": 26.707649999999944,
#       "prototypeColdMs": 6059.348,
#       "speedup": 226.9,
#       "wallSegments": 40,
#       "wallEntries": 20,
#       "blocks": 18,
#       "artTriangles": 5464,
#       "navNodes": 83,
#       "navEdges": 280,
#       "routes": [
#         {
#           "id": "outer-loop",
#           "forward": {
#             "seconds": 13.133333333333333,
#             "minY": 0,
#             "maxY": 0
#           },
#           "reverse": {
#             "seconds": 13.266666666666667,
#             "minY": 0,
#             "maxY": 0
#           }
#         },
#         {
#           "id": "court-crossing",
#           "forward": {
#             "seconds": 8.9,
#             "minY": 0,
#             "maxY": 0
#           },
#           "reverse": {
#             "seconds": 8.883333333333333,
#             "minY": 0,
#             "maxY": 0
#           }
#         },
#         {
#           "id": "terrace-ascent--1",
#           "forward": {
#             "seconds": 1.3,
#             "minY": 0,
#             "maxY": 1.5
#           },
#           "reverse": {
#             "seconds": 1.3,
#             "minY": 0,
#             "maxY": 1.5
#           }
#         },
#         {
#           "id": "terrace-ascent-1",
#           "forward": {
#             "seconds": 1.3,
#             "minY": 0,
#             "maxY": 1.5
#           },
#           "reverse": {
#             "seconds": 1.3,
#             "minY": 0,
#             "maxY": 1.5
#           }
#         }
#       ],
#       "spawnSightlines": [
#         {
#           "i": 0,
#           "j": 1,
#           "sight": false
#         },
#         {
#           "i": 0,
#           "j": 2,
#           "sight": false
#         },
#         {
#           "i": 0,
#           "j": 3,
#           "sight": false
#         },
#         {
#           "i": 1,
#           "j": 2,
#           "sight": false
#         },
#         {
#           "i": 1,
#           "j": 3,
#           "sight": false
#         },
#         {
#           "i": 2,
#           "j": 3,
#           "sight": false
#         }
#       ]
#     },
#     {
#       "id": "vermilion-fold",
#       "geometryHash": "6253164eed12dc961af30535d2aaf9dafea34558742bb9a8cb66446faeb6bf2a",
#       "constructionMs": 9.024348000000032,
#       "prototypeColdMs": 2950.349,
#       "speedup": 326.9,
#       "wallSegments": 0,
#       "wallEntries": 0,
#       "blocks": 14,
#       "artTriangles": 7980,
#       "navNodes": 103,
#       "navEdges": 352,
#       "routes": [
#         {
#           "id": "west-rotation",
#           "forward": {
#             "seconds": 3.9833333333333334,
#             "minY": 0,
#             "maxY": 0
#           },
#           "reverse": {
#             "seconds": 3.9833333333333334,
#             "minY": 0,
#             "maxY": 0
#           }
#         },
#         {
#           "id": "east-rotation",
#           "forward": {
#             "seconds": 3.9833333333333334,
#             "minY": 0,
#             "maxY": 0
#           },
#           "reverse": {
#             "seconds": 3.9833333333333334,
#             "minY": 0,
#             "maxY": 0
#           }
#         },
#         {
#           "id": "objective-axis",
#           "forward": {
#             "seconds": 3.9833333333333334,
#             "minY": 0,
#             "maxY": 0
#           },
#           "reverse": {
#             "seconds": 3.9833333333333334,
#             "minY": 0,
#             "maxY": 0
#           }
#         },
#         {
#           "id": "approach--1--17",
#           "forward": {
#             "seconds": 4.866666666666666,
#             "minY": 0,
#             "maxY": 0
#           },
#           "reverse": {
#             "seconds": 4.866666666666666,
#             "minY": 0,
#             "maxY": 0
#           }
#         },
#         {
#           "id": "approach--1-0",
#           "forward": {
#             "seconds": 4.866666666666666,
#             "minY": 0,
#             "maxY": 0
#           },
#           "reverse": {
#             "seconds": 4.866666666666666,
#             "minY": 0,
#             "maxY": 0
#           }
#         },
#         {
#           "id": "approach--1-17",
#           "forward": {
#             "seconds": 4.866666666666666,
#             "minY": 0,
#             "maxY": 0
#           },
#           "reverse": {
#             "seconds": 4.866666666666666,
#             "minY": 0,
#             "maxY": 0
#           }
#         },
#         {
#           "id": "approach-1--17",
#           "forward": {
#             "seconds": 4.866666666666666,
#             "minY": 0,
#             "maxY": 0
#           },
#           "reverse": {
#             "seconds": 4.866666666666666,
#             "minY": 0,
#             "maxY": 0
#           }
#         },
#         {
#           "id": "approach-1-0",
#           "forward": {
#             "seconds": 4.866666666666666,
#             "minY": 0,
#             "maxY": 0
#           },
#           "reverse": {
#             "seconds": 4.866666666666666,
#             "minY": 0,
#             "maxY": 0
#           }
#         },
#         {
#           "id": "approach-1-17",
#           "forward": {
#             "seconds": 4.866666666666666,
#             "minY": 0,
#             "maxY": 0
#           },
#           "reverse": {
#             "seconds": 4.866666666666666,
#             "minY": 0,
#             "maxY": 0
#           }
#         }
#       ],
#       "spawnSightlines": []
#     },
#     {
#       "id": "nacre-engine",
#       "geometryHash": "204e8eca728a8e75e7ec23dd99eb8e1b38d944f3e53c245b77612ee308a7d4c0",
#       "constructionMs": 48.82510000000002,
#       "prototypeColdMs": 14827.741,
#       "speedup": 303.7,
#       "wallSegments": 546,
#       "wallEntries": 168,
#       "blocks": 19,
#       "artTriangles": 8112,
#       "navNodes": 85,
#       "navEdges": 328,
#       "routes": [
#         {
#           "id": "retreat-loop",
#           "forward": {
#             "seconds": 19.433333333333334,
#             "minY": 0,
#             "maxY": 0
#           },
#           "reverse": {
#             "seconds": 19.433333333333334,
#             "minY": 0,
#             "maxY": 0
#           }
#         },
#         {
#           "id": "inner-retreat",
#           "forward": {
#             "seconds": 12.95,
#             "minY": 0,
#             "maxY": 0
#           },
#           "reverse": {
#             "seconds": 12.95,
#             "minY": 0,
#             "maxY": 0
#           }
#         },
#         {
#           "id": "west-workshop",
#           "forward": {
#             "seconds": 5.35,
#             "minY": 0,
#             "maxY": 0
#           },
#           "reverse": {
#             "seconds": 5.35,
#             "minY": 0,
#             "maxY": 0
#           }
#         },
#         {
#           "id": "east-condenser",
#           "forward": {
#             "seconds": 5.35,
#             "minY": 0,
#             "maxY": 0
#           },
#           "reverse": {
#             "seconds": 5.35,
#             "minY": 0,
#             "maxY": 0
#           }
#         },
#         {
#           "id": "boss-yard",
#           "forward": {
#             "seconds": 7.983333333333333,
#             "minY": 0,
#             "maxY": 0
#           },
#           "reverse": {
#             "seconds": 7.983333333333333,
#             "minY": 0,
#             "maxY": 0
#           }
#         }
#       ],
#       "spawnSightlines": []
#     }
#   ],
#   "failures": [],
#   "checks": 42387,
#   "passed": true
# }
# Subtest: port/native-identity-maps/graybox.test.mjs
ok 1 - port/native-identity-maps/graybox.test.mjs
  ---
  duration_ms: 928.761542
  type: 'test'
  ...
1..1
# tests 1
# suites 0
# pass 1
# fail 0
# cancelled 0
# skipped 0
# todo 0
# duration_ms 934.065068
