Godot Engine v4.5.2.stable.official.6ce3de25a - https://godotengine.org

WORLD_COMMANDS_CONTRACT fresh fixture can explicitly select and authorize true
WORLD_COMMANDS_CONTRACT first-open populated seven-node panel remains within standard viewport true
WORLD_COMMANDS_CONTRACT first-open header and footer remain inside populated panel true
WORLD_COMMANDS_CONTRACT populated first-show overflow is recentered without a viewport resize true
WORLD_COMMANDS_CONTRACT selection and consent never enqueue automatically true
WORLD_COMMANDS_CONTRACT one explicit purchase consumes consent before signal reentry true
WORLD_COMMANDS_CONTRACT queued request never optimistically spends or spawns true
WORLD_COMMANDS_CONTRACT fresh fixture can explicitly select and authorize true
WORLD_COMMANDS_CONTRACT focus loss clears selection and authorization immediately true
WORLD_COMMANDS_CONTRACT focus loss queues neutral through same input adapter true
WORLD_COMMANDS_CONTRACT focus return does not restore consent or recapture true
WORLD_COMMANDS_CONTRACT fresh fixture can explicitly select and authorize true
WORLD_COMMANDS_CONTRACT stale world pose clears and disables true
WORLD_COMMANDS_CONTRACT fresh fixture can explicitly select and authorize true
WORLD_COMMANDS_CONTRACT authoritative death clears and disables true
WORLD_COMMANDS_CONTRACT fresh fixture can explicitly select and authorize true
WORLD_COMMANDS_CONTRACT actor reassignment clears old selection and authorization true
WORLD_COMMANDS_CONTRACT identity change clears recipient pending actions true
WORLD_COMMANDS_CONTRACT fresh fixture can explicitly select and authorize true
WORLD_COMMANDS_CONTRACT missing recipient projection clears and disables true
WORLD_COMMANDS_CONTRACT fresh fixture can explicitly select and authorize true
WORLD_COMMANDS_CONTRACT results clear and disable true
WORLD_COMMANDS_CONTRACT fresh fixture can explicitly select and authorize true
WORLD_COMMANDS_CONTRACT disconnect clears and disables true
WORLD_COMMANDS_CONTRACT fresh fixture can explicitly select and authorize true
WORLD_COMMANDS_CONTRACT hidden panel cannot issue actions and close drops consent true
WORLD_COMMANDS_CONTRACT fresh fixture can explicitly select and authorize true
WORLD_COMMANDS_CONTRACT co-op price and permission come from existing adapter true
WORLD_COMMANDS_CONTRACT lease change invalidates old purchase consent true
WORLD_COMMANDS_CONTRACT co-op purchase routes through existing activate once true
WORLD_COMMANDS_CONTRACT deck control tracks logical viewport 507x347@1.5x true
WORLD_COMMANDS_CONTRACT deck panel fits logical viewport 507x347@1.5x true
WORLD_COMMANDS_CONTRACT central pages reflow at 507x347@1.5x true
WORLD_COMMANDS_CONTRACT objectives page fits its width at 507x347@1.5x true
WORLD_COMMANDS_CONTRACT REQ page fits its width at 507x347@1.5x true
WORLD_COMMANDS_CONTRACT objective list minimum stays bounded at 507x347@1.5x true
WORLD_COMMANDS_CONTRACT deck control tracks logical viewport 760x520@1.0x true
WORLD_COMMANDS_CONTRACT deck panel fits logical viewport 760x520@1.0x true
WORLD_COMMANDS_CONTRACT central pages reflow at 760x520@1.0x true
WORLD_COMMANDS_CONTRACT objectives page fits its width at 760x520@1.0x true
WORLD_COMMANDS_CONTRACT REQ page fits its width at 760x520@1.0x true
WORLD_COMMANDS_CONTRACT objective list minimum stays bounded at 760x520@1.0x true
WORLD_COMMANDS_CONTRACT deck control tracks logical viewport 1280x800@1.0x true
WORLD_COMMANDS_CONTRACT deck panel fits logical viewport 1280x800@1.0x true
WORLD_COMMANDS_CONTRACT central pages reflow at 1280x800@1.0x true
WORLD_COMMANDS_CONTRACT objectives page fits its width at 1280x800@1.0x true
WORLD_COMMANDS_CONTRACT REQ page fits its width at 1280x800@1.0x true
WORLD_COMMANDS_CONTRACT objective list minimum stays bounded at 1280x800@1.0x true
WORLD_COMMANDS_CONTRACT checks=48 failures=0
