Godot Engine v4.5.2.stable.official.6ce3de25a - https://godotengine.org

TACTICAL_HUD recipient contact snapshot accepted () true
TACTICAL_HUD only source-revealed enemy enters HUD projection true
TACTICAL_HUD foreign team contact bucket rejected at wire gate true
TACTICAL_HUD missing contacts clear private disclosure true
TACTICAL_HUD observed objective and planar range appear true
TACTICAL_HUD no recon claim when own private contact list missing true
TACTICAL_HUD queue copy cannot imply server acceptance true
TACTICAL_HUD accepted card remains unsettled true
TACTICAL_HUD confirmed card copy is explicit true
TACTICAL_HUD Operations pre-wave null label accepted true
TACTICAL_HUD Operations wave snapshot accepted true
TACTICAL_HUD Operations counts are source-observed true
TACTICAL_HUD render panel consumes recipient model true
TACTICAL_HUD released pointer has explicit recovery cue true
TACTICAL_HUD HUD tracks logical 1280x800 viewport true
TACTICAL_HUD standard cards fit without overlap or clipping true
TACTICAL_HUD HUD tracks logical 760x520 viewport true
TACTICAL_HUD compact cards fit without overlap true
TACTICAL_HUD HUD tracks logical 507x347 viewport true
TACTICAL_HUD narrow 150% cards stay inside the logical width true
TACTICAL_HUD narrow 150% directive stacks above live mission true
TACTICAL_HUD narrow 150% live mission stacks above the ribbon true
TACTICAL_HUD narrow 150% ribbon fits the logical height true
TACTICAL_HUD narrow 150% cards fit their combined minimum width true
TACTICAL_HUD narrow 150% drops only supplemental copy true
TACTICAL_HUD narrow 150% keeps every essential source fact visible true
TACTICAL_HUD narrow 150% essential copy stays source-backed and readable true
TACTICAL_HUD identity loss clears HUD and wallet delta true
TACTICAL_HUD checks=28 failures=0
