TAP version 13
# Subtest: Horde is default-ten-wave local-only and refuses unsupported or ignored controls
ok 1 - Horde is default-ten-wave local-only and refuses unsupported or ignored controls
  ---
  duration_ms: 2.331507
  type: 'test'
  ...
# Subtest: existing viewer, combat setup and smoke routes stay compatible
ok 2 - existing viewer, combat setup and smoke routes stay compatible
  ---
  duration_ms: 0.27249
  type: 'test'
  ...
# Subtest: each standalone map/mode reaches its actual scene and locked identity
ok 3 - each standalone map/mode reaches its actual scene and locked identity
  ---
  duration_ms: 1.495241
  type: 'test'
  ...
# Subtest: standalone selection rejects substitutions, unsupported modes and ignored options
ok 4 - standalone selection rejects substitutions, unsupported modes and ignored options
  ---
  duration_ms: 0.831738
  type: 'test'
  ...
# Subtest: sports round options preserve legal ordinary configuration without silent clamping
ok 5 - sports round options preserve legal ordinary configuration without silent clamping
  ---
  duration_ms: 0.547675
  type: 'test'
  ...
# Subtest: dev menu route opens the main menu scene without authority; no-arg default stays the viewer
ok 6 - dev menu route opens the main menu scene without authority; no-arg default stays the viewer
  ---
  duration_ms: 0.755334
  type: 'test'
  ...
# Subtest: world traversal and command board remain distinct native scenes
ok 7 - world traversal and command board remain distinct native scenes
  ---
  duration_ms: 0.425988
  type: 'test'
  ...
# Subtest: identity-zones routes Domination on Vermilion Fold only
ok 8 - identity-zones routes Domination on Vermilion Fold only
  ---
  duration_ms: 0.553607
  type: 'test'
  ...
# Subtest: dev launcher mirrors owned route bot and diagnostics bounds
ok 9 - dev launcher mirrors owned route bot and diagnostics bounds
  ---
  duration_ms: 0.397785
  type: 'test'
  ...
# Subtest: LATTICE dev/package argv and native flags are equivalent and validate host/guest contracts
ok 10 - LATTICE dev/package argv and native flags are equivalent and validate host/guest contracts
  ---
  duration_ms: 2.565626
  type: 'test'
  ...
1..10
# tests 10
# suites 0
# pass 10
# fail 0
# cancelled 0
# skipped 0
# todo 0
# duration_ms 52.236969
