TAP version 13
# Subtest: package: external authority ownership and cleanup on exit
ok 1 - package: external authority ownership and cleanup on exit
  ---
  duration_ms: 56.345465
  type: 'test'
  ...
# Subtest: package: external authority ownership and cleanup on native-failure
ok 2 - package: external authority ownership and cleanup on native-failure
  ---
  duration_ms: 40.012139
  type: 'test'
  ...
# Subtest: package: external authority ownership and cleanup on missing-native
ok 3 - package: external authority ownership and cleanup on missing-native
  ---
  duration_ms: 26.797226
  type: 'test'
  ...
# Subtest: dev: external authority ownership and cleanup on exit
ok 4 - dev: external authority ownership and cleanup on exit
  ---
  duration_ms: 67.870172
  type: 'test'
  ...
# Subtest: dev: external authority ownership and cleanup on native-failure
ok 5 - dev: external authority ownership and cleanup on native-failure
  ---
  duration_ms: 64.411333
  type: 'test'
  ...
# Subtest: dev: external authority ownership and cleanup on missing-native
ok 6 - dev: external authority ownership and cleanup on missing-native
  ---
  duration_ms: 22.319518
  type: 'test'
  ...
1..6
# tests 6
# suites 0
# pass 6
# fail 0
# cancelled 0
# skipped 0
# todo 0
# duration_ms 309.860601
