TAP version 13
# Subtest: package: opt-in lobby distinguishes owned and explicit external authority
ok 1 - package: opt-in lobby distinguishes owned and explicit external authority
  ---
  duration_ms: 0.953306
  type: 'test'
  ...
# Subtest: package: invalid lobby configuration fails before starting anything
ok 2 - package: invalid lobby configuration fails before starting anything
  ---
  duration_ms: 0.647533
  type: 'test'
  ...
# Subtest: dev: opt-in lobby distinguishes owned and explicit external authority
ok 3 - dev: opt-in lobby distinguishes owned and explicit external authority
  ---
  duration_ms: 0.565339
  type: 'test'
  ...
# Subtest: dev: invalid lobby configuration fails before starting anything
ok 4 - dev: invalid lobby configuration fails before starting anything
  ---
  duration_ms: 0.230762
  type: 'test'
  ...
1..4
# tests 4
# suites 0
# pass 4
# fail 0
# cancelled 0
# skipped 0
# todo 0
# duration_ms 32.70043
