TAP version 13
# Subtest: local debug parser extends only bot count and rejects malformed counts
ok 1 - local debug parser extends only bot count and rejects malformed counts
  ---
  duration_ms: 1.721676
  type: 'test'
  ...
# Subtest: local authority debug queues 24, starts 25 actual seats, retains live override and rejects 25
ok 2 - local authority debug queues 24, starts 25 actual seats, retains live override and rejects 25
  ---
  duration_ms: 1787.115448
  type: 'test'
  ...
# Subtest: local bot debug extension retains the shared plain-envelope gate
ok 3 - local bot debug extension retains the shared plain-envelope gate
  ---
  duration_ms: 0.711484
  type: 'test'
  ...
# Subtest: 24 genuine source bot seats start on both reviewed local routes, supported and separated
ok 4 - 24 genuine source bot seats start on both reviewed local routes, supported and separated
  ---
  duration_ms: 1596.269985
  type: 'test'
  ...
# Subtest: live debug config reassignment preserves small rosters on both routes
ok 5 - live debug config reassignment preserves small rosters on both routes
  ---
  duration_ms: 79.743539
  type: 'test'
  ...
# Subtest: native interactive setup exposes the same 24-seat limit as its authority
ok 6 - native interactive setup exposes the same 24-seat limit as its authority
  ---
  duration_ms: 0.441387
  type: 'test'
  ...
1..6
# tests 6
# suites 0
# pass 6
# fail 0
# cancelled 0
# skipped 0
# todo 0
# duration_ms 2475.596064
