TAP version 13
# Subtest: every shipped PNG reproduces locked source bytes; exports deterministic and committed current
ok 1 - every shipped PNG reproduces locked source bytes; exports deterministic and committed current
  ---
  duration_ms: 321.831374
  type: 'test'
  ...
# Subtest: invalid dimensions, channels, payloads and timing fail before writes
ok 2 - invalid dimensions, channels, payloads and timing fail before writes
  ---
  duration_ms: 73.472908
  type: 'test'
  ...
1..2
# tests 2
# suites 0
# pass 2
# fail 0
# cancelled 0
# skipped 0
# todo 0
# duration_ms 461.562105
