TAP version 13
# Subtest: world routes select independent scene families and preserve exact map/mode
ok 1 - world routes select independent scene families and preserve exact map/mode
  ---
  duration_ms: 1.637446
  type: 'test'
  ...
# Subtest: sports targets are selected by mode, not the old stadium map ID
ok 2 - sports targets are selected by mode, not the old stadium map ID
  ---
  duration_ms: 0.944169
  type: 'test'
  ...
# Subtest: external guest consumes a room without host settings; Tern permits source bot cap
ok 3 - external guest consumes a room without host settings; Tern permits source bot cap
  ---
  duration_ms: 1.578166
  type: 'test'
  ...
1..3
# tests 3
# suites 0
# pass 3
# fail 0
# cancelled 0
# skipped 0
# todo 0
# duration_ms 38.543515
