TAP version 13
# Subtest: single-case diagnostics select only a registered pair; default retains full coverage
ok 1 - single-case diagnostics select only a registered pair; default retains full coverage
  ---
  duration_ms: 1.816802
  type: 'test'
  ...
# Subtest: the extracted manifest retains 73 pairs across 13 worlds including exactly one Stormglass race
ok 2 - the extracted manifest retains 73 pairs across 13 worlds including exactly one Stormglass race
  ---
  duration_ms: 0.291205
  type: 'test'
  ...
# Subtest: missing manifest family or packaged catalog option fails instead of silently skipping expansion
ok 3 - missing manifest family or packaged catalog option fails instead of silently skipping expansion
  ---
  duration_ms: 0.91309
  type: 'test'
  ...
# Subtest: all eight packaged source-mode routes yield the objective/loadout shapes consumed by native probes
ok 4 - all eight packaged source-mode routes yield the objective/loadout shapes consumed by native probes
  ---
  duration_ms: 718.644455
  type: 'test'
  ...
# Subtest: external probe loads production scenes/PCK resources and never substitutes product authority
ok 5 - external probe loads production scenes/PCK resources and never substitutes product authority
  ---
  duration_ms: 0.681757
  type: 'test'
  ...
# Subtest: real Node child accepts cross-platform stdin shutdown; broken close times out and is forcibly reaped
ok 6 - real Node child accepts cross-platform stdin shutdown; broken close times out and is forcibly reaped
  ---
  duration_ms: 230.412212
  type: 'test'
  ...
# Subtest: real world snapshots have the shapes consumed by the external probe
ok 7 - real world snapshots have the shapes consumed by the external probe
  ---
  duration_ms: 523.160428
  type: 'test'
  ...
# Subtest: actual Blackwater wire start contract carries the source geometry hash
ok 8 - actual Blackwater wire start contract carries the source geometry hash
  ---
  duration_ms: 352.931299
  type: 'test'
  ...
1..8
# tests 8
# suites 0
# pass 8
# fail 0
# cancelled 0
# skipped 0
# todo 0
# duration_ms 2471.722634
