TAP version 13
# Subtest: source native-only stub: showcase exit
ok 1 - source native-only stub: showcase exit
  ---
  duration_ms: 71.358817
  type: 'test'
  ...
# Subtest: source native-only stub: showcase smoke
ok 2 - source native-only stub: showcase smoke
  ---
  duration_ms: 58.457902
  type: 'test'
  ...
# Subtest: source native-only stub: aurora-basin exit
ok 3 - source native-only stub: aurora-basin exit
  ---
  duration_ms: 62.112597
  type: 'test'
  ...
# Subtest: source native-only stub: aurora-basin smoke
ok 4 - source native-only stub: aurora-basin smoke
  ---
  duration_ms: 62.342518
  type: 'test'
  ...
# Subtest: source native-only stub: cinder-array exit
ok 5 - source native-only stub: cinder-array exit
  ---
  duration_ms: 62.222743
  type: 'test'
  ...
# Subtest: source native-only stub: cinder-array smoke
ok 6 - source native-only stub: cinder-array smoke
  ---
  duration_ms: 58.728078
  type: 'test'
  ...
# Subtest: source native-only stub: particle-lab exit
ok 7 - source native-only stub: particle-lab exit
  ---
  duration_ms: 58.311267
  type: 'test'
  ...
# Subtest: source native-only stub: particle-lab smoke
ok 8 - source native-only stub: particle-lab smoke
  ---
  duration_ms: 62.949295
  type: 'test'
  ...
# Subtest: source native-only stub: shader-lab exit
ok 9 - source native-only stub: shader-lab exit
  ---
  duration_ms: 55.319182
  type: 'test'
  ...
# Subtest: source native-only stub: shader-lab smoke
ok 10 - source native-only stub: shader-lab smoke
  ---
  duration_ms: 59.69566
  type: 'test'
  ...
# Subtest: source native-only stub ownership: native-failure
ok 11 - source native-only stub ownership: native-failure
  ---
  duration_ms: 56.372725
  type: 'test'
  ...
# Subtest: source native-only stub ownership: native-crash
ok 12 - source native-only stub ownership: native-crash
  ---
  duration_ms: 53.59382
  type: 'test'
  ...
# Subtest: source native-only stub ownership: missing-native
ok 13 - source native-only stub ownership: missing-native
  ---
  duration_ms: 24.209839
  type: 'test'
  ...
# Subtest: source native-only stub ownership: spawn-failure
ok 14 - source native-only stub ownership: spawn-failure
  ---
  duration_ms: 45.520728
  type: 'test'
  ...
# Subtest: source native-only stub ownership: wrong-version
ok 15 - source native-only stub ownership: wrong-version
  ---
  duration_ms: 37.79151
  type: 'test'
  ...
# Subtest: source native-only stub ownership: invalid-lock
ok 16 - source native-only stub ownership: invalid-lock
  ---
  duration_ms: 21.784827
  type: 'test'
  ...
# Subtest: source native-only stub ownership: interrupt
ok 17 - source native-only stub ownership: interrupt
  ---
  duration_ms: 162.460686
  type: 'test'
  ...
# Subtest: source native-only stub ownership: terminate
ok 18 - source native-only stub ownership: terminate
  ---
  duration_ms: 166.991713
  type: 'test'
  ...
# Subtest: source native-only stub ownership: uncooperative
ok 19 - source native-only stub ownership: uncooperative
  ---
  duration_ms: 3163.690389
  type: 'test'
  ...
# Subtest: source native-only stub ownership: bad-args
ok 20 - source native-only stub ownership: bad-args
  ---
  duration_ms: 26.645612
  type: 'test'
  ...
# Subtest: source native-only stub ownership: ambiguous-help
ok 21 - source native-only stub ownership: ambiguous-help
  ---
  duration_ms: 21.190974
  type: 'test'
  ...
# Subtest: package native-only stub: showcase exit
ok 22 - package native-only stub: showcase exit
  ---
  duration_ms: 46.970173
  type: 'test'
  ...
# Subtest: package native-only stub: showcase smoke
ok 23 - package native-only stub: showcase smoke
  ---
  duration_ms: 49.730263
  type: 'test'
  ...
# Subtest: package native-only stub: aurora-basin exit
ok 24 - package native-only stub: aurora-basin exit
  ---
  duration_ms: 39.418116
  type: 'test'
  ...
# Subtest: package native-only stub: aurora-basin smoke
ok 25 - package native-only stub: aurora-basin smoke
  ---
  duration_ms: 50.531844
  type: 'test'
  ...
# Subtest: package native-only stub: cinder-array exit
ok 26 - package native-only stub: cinder-array exit
  ---
  duration_ms: 44.81713
  type: 'test'
  ...
# Subtest: package native-only stub: cinder-array smoke
ok 27 - package native-only stub: cinder-array smoke
  ---
  duration_ms: 46.79272
  type: 'test'
  ...
# Subtest: package native-only stub: particle-lab exit
ok 28 - package native-only stub: particle-lab exit
  ---
  duration_ms: 39.335321
  type: 'test'
  ...
# Subtest: package native-only stub: particle-lab smoke
ok 29 - package native-only stub: particle-lab smoke
  ---
  duration_ms: 50.575687
  type: 'test'
  ...
# Subtest: package native-only stub: shader-lab exit
ok 30 - package native-only stub: shader-lab exit
  ---
  duration_ms: 38.569357
  type: 'test'
  ...
# Subtest: package native-only stub: shader-lab smoke
ok 31 - package native-only stub: shader-lab smoke
  ---
  duration_ms: 42.660119
  type: 'test'
  ...
# Subtest: package native-only stub ownership: native-failure
ok 32 - package native-only stub ownership: native-failure
  ---
  duration_ms: 45.088628
  type: 'test'
  ...
# Subtest: package native-only stub ownership: native-crash
ok 33 - package native-only stub ownership: native-crash
  ---
  duration_ms: 34.682015
  type: 'test'
  ...
# Subtest: package native-only stub ownership: missing-native
ok 34 - package native-only stub ownership: missing-native
  ---
  duration_ms: 27.081909
  type: 'test'
  ...
# Subtest: package native-only stub ownership: interrupt
ok 35 - package native-only stub ownership: interrupt
  ---
  duration_ms: 138.729533
  type: 'test'
  ...
# Subtest: package native-only stub ownership: terminate
ok 36 - package native-only stub ownership: terminate
  ---
  duration_ms: 139.461355
  type: 'test'
  ...
# Subtest: package native-only stub ownership: uncooperative
ok 37 - package native-only stub ownership: uncooperative
  ---
  duration_ms: 3147.892457
  type: 'test'
  ...
# Subtest: package native-only stub ownership: bad-args
ok 38 - package native-only stub ownership: bad-args
  ---
  duration_ms: 24.750462
  type: 'test'
  ...
# Subtest: package native-only stub ownership: ambiguous-help
ok 39 - package native-only stub ownership: ambiguous-help
  ---
  duration_ms: 25.120024
  type: 'test'
  ...
1..39
# tests 39
# suites 0
# pass 39
# fail 0
# cancelled 0
# skipped 0
# todo 0
# duration_ms 4429.647738
