TAP version 13
# Subtest: source graphics routes are native-only, headless only on request, outside the map catalog
ok 1 - source graphics routes are native-only, headless only on request, outside the map catalog
  ---
  duration_ms: 5.293534
  type: 'test'
  ...
# Subtest: package graphics routes are independent of the ten source routes and nine map identities
ok 2 - package graphics routes are independent of the ten source routes and nine map identities
  ---
  duration_ms: 3.852516
  type: 'test'
  ...
1..2
# tests 2
# suites 0
# pass 2
# fail 0
# cancelled 0
# skipped 0
# todo 0
# duration_ms 43.10829
