TAP version 13
# Subtest: dev launcher rejects unselected and inventoried-wrong sources before Godot, accepts explicit frozen derivative
not ok 1 - dev launcher rejects unselected and inventoried-wrong sources before Godot, accepts explicit frozen derivative
  ---
  duration_ms: 983.058753
  type: 'test'
  location: '/home/mojo/.tmp-on-disk/cocs-relay-campaign-20260930/port/native-ci/source-selection.test.mjs:21:1'
  failureType: 'testCodeFailure'
  error: |-
    The input did not match the regular expression /Locked source differs from working tree/. Input:
    
    'file:///home/mojo/.tmp-on-disk/cocs-relay-campaign-20260930/tools/godot-dev/launch.mjs:16\n' +
      "const binary=process.env.GODOT_BIN;if(!binary)throw Error('Set GODOT_BIN to pinned Godot 4.5.2 executable');\n" +
      '                                                    ^\n' +
      '\n' +
      'Error: Set GODOT_BIN to pinned Godot 4.5.2 executable\n' +
      '    at file:///home/mojo/.tmp-on-disk/cocs-relay-campaign-20260930/tools/godot-dev/launch.mjs:16:53\n' +
      '    at ModuleJob.run (node:internal/modules/esm/module_job:343:25)\n' +
      '    at async onImport.tracePromise.__proto__ (node:internal/modules/esm/loader:681:26)\n' +
      '    at async asyncRunEntryPointWithESMLoader (node:internal/modules/run_main:117:5)\n' +
      '\n' +
      'Node.js v22.23.1\n'
    
  code: 'ERR_ASSERTION'
  name: 'AssertionError'
  expected:
  actual: |-
    file:///home/mojo/.tmp-on-disk/cocs-relay-campaign-20260930/tools/godot-dev/launch.mjs:16
    const binary=process.env.GODOT_BIN;if(!binary)throw Error('Set GODOT_BIN to pinned Godot 4.5.2 executable');
                                                        ^
    
    Error: Set GODOT_BIN to pinned Godot 4.5.2 executable
        at file:///home/mojo/.tmp-on-disk/cocs-relay-campaign-20260930/tools/godot-dev/launch.mjs:16:53
        at ModuleJob.run (node:internal/modules/esm/module_job:343:25)
        at async onImport.tracePromise.__proto__ (node:internal/modules/esm/loader:681:26)
        at async asyncRunEntryPointWithESMLoader (node:internal/modules/run_main:117:5)
    
    Node.js v22.23.1
    
  operator: 'match'
  stack: |-
    TestContext.<anonymous> (file:///home/mojo/.tmp-on-disk/cocs-relay-campaign-20260930/port/native-ci/source-selection.test.mjs:22:10)
    Test.runInAsyncScope (node:async_hooks:214:14)
    Test.run (node:internal/test_runner/test:1047:25)
    Test.start (node:internal/test_runner/test:944:17)
    startSubtestAfterBootstrap (node:internal/test_runner/harness:296:17)
  ...
# Subtest: native push CI covers the integration branch
ok 2 - native push CI covers the integration branch
  ---
  duration_ms: 0.467266
  type: 'test'
  ...
# Subtest: native verify job exports the frozen derivative to semantic export and verification
not ok 3 - native verify job exports the frozen derivative to semantic export and verification
  ---
  duration_ms: 0.584586
  type: 'test'
  location: '/home/mojo/.tmp-on-disk/cocs-relay-campaign-20260930/port/native-ci/workflow.test.mjs:14:1'
  failureType: 'testCodeFailure'
  error: |-
    The input did not match the regular expression /^      COCS_SOURCE_DERIVATIVE: \$\{\{ github\.workspace \}\}\/port\/contracts\/lattice-catalog-derivative\.json$/m. Input:
    
    '      PORT: "0"\n      COCS_VERIFY_KEEP_GOING: "1"\n'
    
  code: 'ERR_ASSERTION'
  name: 'AssertionError'
  expected:
  actual: |-
          PORT: "0"
          COCS_VERIFY_KEEP_GOING: "1"
    
  operator: 'match'
  stack: |-
    TestContext.<anonymous> (file:///home/mojo/.tmp-on-disk/cocs-relay-campaign-20260930/port/native-ci/workflow.test.mjs:17:10)
    Test.runInAsyncScope (node:async_hooks:214:14)
    Test.run (node:internal/test_runner/test:1047:25)
    Test.processPendingSubtests (node:internal/test_runner/test:744:18)
    Test.postRun (node:internal/test_runner/test:1173:19)
    Test.run (node:internal/test_runner/test:1101:12)
    async startSubtestAfterBootstrap (node:internal/test_runner/harness:296:3)
  ...
1..3
# tests 3
# suites 0
# pass 1
# fail 2
# cancelled 0
# skipped 0
# todo 0
# duration_ms 1018.379815
