TAP version 13
# Subtest: SYNTHETIC loopback: ordinary v3 lifecycle, ADS true/false, FIFO ACK and stale cancellation
ok 1 - SYNTHETIC loopback: ordinary v3 lifecycle, ADS true/false, FIFO ACK and stale cancellation
  ---
  duration_ms: 350.082792
  type: 'test'
  ...
# Subtest: SYNTHETIC loopback: epoch-aware cancel rejects old/death/round controls
ok 2 - SYNTHETIC loopback: epoch-aware cancel rejects old/death/round controls
  ---
  duration_ms: 4250.739488
  type: 'test'
  ...
# Subtest: SYNTHETIC real-time loopback: source weapon damage/frags/results and clean restart
ok 3 - SYNTHETIC real-time loopback: source weapon damage/frags/results and clean restart
  ---
  duration_ms: 16759.409861
  type: 'test'
  ...
# Subtest: loopback ownership and transport/envelope rejection leave no listeners
ok 4 - loopback ownership and transport/envelope rejection leave no listeners
  ---
  duration_ms: 13.419648
  type: 'test'
  ...
# Subtest: launcher aliases mode/bots/roundSeconds and HTTP readiness use the delivered interface
ok 5 - launcher aliases mode/bots/roundSeconds and HTTP readiness use the delivered interface
  ---
  duration_ms: 12.600994
  type: 'test'
  ...
# Subtest: unknown options and unknown map ids fail before any listener opens
ok 6 - unknown options and unknown map ids fail before any listener opens
  ---
  duration_ms: 0.471925
  type: 'test'
  ...
# Subtest: HTTP readiness is the documented GET / probe only
ok 7 - HTTP readiness is the documented GET / probe only
  ---
  duration_ms: 6.997253
  type: 'test'
  ...
# Subtest: FIFO keeps press/release order, source normalization and one-step pulses
ok 8 - FIFO keeps press/release order, source normalization and one-step pulses
  ---
  duration_ms: 1.162078
  type: 'test'
  ...
# Subtest: queue age, held TTL, cancel and reset cannot replay ADS/actions
ok 9 - queue age, held TTL, cancel and reset cannot replay ADS/actions
  ---
  duration_ms: 0.594183
  type: 'test'
  ...
# Subtest: event cursor retains payload IDs, handles serial gaps and repeated events by identity
ok 10 - event cursor retains payload IDs, handles serial gaps and repeated events by identity
  ---
  duration_ms: 0.213851
  type: 'test'
  ...
# Subtest: committed Nacre recipe preserves canonical geometry and strictly validates Horde metadata for DM
ok 11 - committed Nacre recipe preserves canonical geometry and strictly validates Horde metadata for DM
  ---
  duration_ms: 127.323744
  type: 'test'
  ...
# Subtest: committed Nacre DM authority: readiness, real room host/start and source snapshot
ok 12 - committed Nacre DM authority: readiness, real room host/start and source snapshot
  ---
  duration_ms: 111.870194
  type: 'test'
  ...
# Subtest: only three native static asset paths; no source registry aliases
ok 13 - only three native static asset paths; no source registry aliases
  ---
  duration_ms: 2.959546
  type: 'test'
  ...
# Subtest: SYNTHETIC: each supported identity parses to an independent envelope
ok 14 - SYNTHETIC: each supported identity parses to an independent envelope
  ---
  duration_ms: 1.939013
  type: 'test'
  ...
# Subtest: strict deep generated-data validation rejects malformed/unsafe geometry
ok 15 - strict deep generated-data validation rejects malformed/unsafe geometry
  ---
  duration_ms: 1.550325
  type: 'test'
  ...
# Subtest: Deathmatch bounded local config defaults to three bots and rejects counts above 24
ok 16 - Deathmatch bounded local config defaults to three bots and rejects counts above 24
  ---
  duration_ms: 0.502511
  type: 'test'
  ...
# Subtest: geometryHash binds canonical arena content, independent of object key order
ok 17 - geometryHash binds canonical arena content, independent of object key order
  ---
  duration_ms: 0.380663
  type: 'test'
  ...
# Subtest: arena catalog includes the native, identity and biome rosters
ok 18 - arena catalog includes the native, identity and biome rosters
  ---
  duration_ms: 0.183484
  type: 'test'
  ...
# Subtest: SYNTHETIC: identity envelopes parse per family; the native parser never widens
ok 19 - SYNTHETIC: identity envelopes parse per family; the native parser never widens
  ---
  duration_ms: 3.302469
  type: 'test'
  ...
# Subtest: identity strict validation rejects malformed presentation/objective/team fields
ok 20 - identity strict validation rejects malformed presentation/objective/team fields
  ---
  duration_ms: 3.047261
  type: 'test'
  ...
# Subtest: identity objective/team fields validate strictly when authored (vermilion-fold form)
ok 21 - identity objective/team fields validate strictly when authored (vermilion-fold form)
  ---
  duration_ms: 1.867891
  type: 'test'
  ...
# Subtest: source constructor seam is assignment before nav/spawns/actors, not options.arena
ok 22 - source constructor seam is assignment before nav/spawns/actors, not options.arena
  ---
  duration_ms: 0.816681
  type: 'test'
  ...
# Subtest: SYNTHETIC: constructor initializes native nav/spawns/pickups/actors; source registry is untouched
ok 23 - SYNTHETIC: constructor initializes native nav/spawns/pickups/actors; source registry is untouched
  ---
  duration_ms: 19.0125
  type: 'test'
  ...
# Subtest: SYNTHETIC: ordinary player input causes source damage, kills, frags, bot navigation and results
ok 24 - SYNTHETIC: ordinary player input causes source damage, kills, frags, bot navigation and results
  ---
  duration_ms: 97.860169
  type: 'test'
  ...
# Subtest: SYNTHETIC: source bot attacks kill idle player and source respawn restores control
ok 25 - SYNTHETIC: source bot attacks kill idle player and source respawn restores control
  ---
  duration_ms: 27.931514
  type: 'test'
  ...
1..25
# tests 25
# suites 0
# pass 25
# fail 0
# cancelled 0
# skipped 0
# todo 0
# duration_ms 24382.417447
