TAP version 13
# Subtest: arranged source completion uplink/meridian-exchange (controlled fixture placement)
ok 1 - arranged source completion uplink/meridian-exchange (controlled fixture placement)
  ---
  duration_ms: 88.046433
  type: 'test'
  ...
# Subtest: arranged source completion holdout/meridian-exchange (controlled fixture placement)
ok 2 - arranged source completion holdout/meridian-exchange (controlled fixture placement)
  ---
  duration_ms: 18.548989
  type: 'test'
  ...
# Subtest: arranged source completion uplink/verdant-reliquary (controlled fixture placement)
ok 3 - arranged source completion uplink/verdant-reliquary (controlled fixture placement)
  ---
  duration_ms: 78.471611
  type: 'test'
  ...
# Subtest: arranged source completion holdout/verdant-reliquary (controlled fixture placement)
ok 4 - arranged source completion holdout/verdant-reliquary (controlled fixture placement)
  ---
  duration_ms: 15.254609
  type: 'test'
  ...
# Subtest: arranged source completion uplink/ember-crucible (controlled fixture placement)
ok 5 - arranged source completion uplink/ember-crucible (controlled fixture placement)
  ---
  duration_ms: 77.708181
  type: 'test'
  ...
# Subtest: arranged source completion holdout/ember-crucible (controlled fixture placement)
ok 6 - arranged source completion holdout/ember-crucible (controlled fixture placement)
  ---
  duration_ms: 12.636776
  type: 'test'
  ...
# Subtest: arranged source completion assault/tidal-citadel (controlled fixture placement)
ok 7 - arranged source completion assault/tidal-citadel (controlled fixture placement)
  ---
  duration_ms: 125.048961
  type: 'test'
  ...
# Subtest: arranged source completion assault/sunscar-convoy (controlled fixture placement)
ok 8 - arranged source completion assault/sunscar-convoy (controlled fixture placement)
  ---
  duration_ms: 154.37913
  type: 'test'
  ...
1..8
# tests 8
# suites 0
# pass 8
# fail 0
# cancelled 0
# skipped 0
# todo 0
# duration_ms 1178.207118
