TAP version 13
# Subtest: explicitly synthetic valid push/idle correlation
ok 1 - explicitly synthetic valid push/idle correlation
  ---
  duration_ms: 0.900027
  type: 'test'
  ...
# Subtest: reject wrong actor
ok 2 - reject wrong actor
  ---
  duration_ms: 0.397835
  type: 'test'
  ...
# Subtest: reject wrong height
ok 3 - reject wrong height
  ---
  duration_ms: 0.102302
  type: 'test'
  ...
# Subtest: reject missing render
ok 4 - reject missing render
  ---
  duration_ms: 0.09648
  type: 'test'
  ...
# Subtest: reject wrong sequence
ok 5 - reject wrong sequence
  ---
  duration_ms: 0.154019
  type: 'test'
  ...
# Subtest: reject missing movement receipt
ok 6 - reject missing movement receipt
  ---
  duration_ms: 0.109746
  type: 'test'
  ...
# Subtest: reject incorrect HUD
ok 7 - reject incorrect HUD
  ---
  duration_ms: 2.920853
  type: 'test'
  ...
# Subtest: reject short evidence
ok 8 - reject short evidence
  ---
  duration_ms: 0.105818
  type: 'test'
  ...
1..8
# tests 8
# suites 0
# pass 8
# fail 0
# cancelled 0
# skipped 0
# todo 0
# duration_ms 38.58416
