TAP version 13
# Subtest: Horde package route is local-only, fixed default and rejects ignored options
ok 1 - Horde package route is local-only, fixed default and rejects ignored options
  ---
  duration_ms: 1.399343
  type: 'test'
  ...
# Subtest: Horde package loadouts match pinned source and reach the scene
ok 2 - Horde package loadouts match pinned source and reach the scene
  ---
  duration_ms: 1.484392
  type: 'test'
  ...
# Subtest: package scene routing covers all nine locked identities and preserves native capability subsets
ok 3 - package scene routing covers all nine locked identities and preserves native capability subsets
  ---
  duration_ms: 0.593001
  type: 'test'
  ...
# Subtest: bad package arguments fail before opening an owned server; no silent scene/mode fallback
ok 4 - bad package arguments fail before opening an owned server; no silent scene/mode fallback
  ---
  duration_ms: 1.001557
  type: 'test'
  ...
# Subtest: menu, viewer and operator-preview are parameterless special cases
ok 5 - menu, viewer and operator-preview are parameterless special cases
  ---
  duration_ms: 1.73938
  type: 'test'
  ...
# Subtest: --debug-panel is accepted only by combat, horde, native-dm and identity-zones
ok 6 - --debug-panel is accepted only by combat, horde, native-dm and identity-zones
  ---
  duration_ms: 1.438816
  type: 'test'
  ...
# Subtest: --waves is a horde-only reviewed 1..30 value, forwarded when supplied
ok 7 - --waves is a horde-only reviewed 1..30 value, forwarded when supplied
  ---
  duration_ms: 0.94477
  type: 'test'
  ...
# Subtest: menu bot schemas match scene consumption and source bounds
ok 8 - menu bot schemas match scene consumption and source bounds
  ---
  duration_ms: 0.417422
  type: 'test'
  ...
# Subtest: diagnostics reach every route without enabling multiplayer cheats
ok 9 - diagnostics reach every route without enabling multiplayer cheats
  ---
  duration_ms: 0.682779
  type: 'test'
  ...
# Subtest: LATTICE package options preserve both scenes, 57 valid loadouts, rung ownership and join authority
ok 10 - LATTICE package options preserve both scenes, 57 valid loadouts, rung ownership and join authority
  ---
  duration_ms: 3.150304
  type: 'test'
  ...
1..10
# tests 10
# suites 0
# pass 10
# fail 0
# cancelled 0
# skipped 0
# todo 0
# duration_ms 47.258678
