TAP version 13
# Subtest: package native-dm routes the three identity maps to the Deathmatch scene
ok 1 - package native-dm routes the three identity maps to the Deathmatch scene
  ---
  duration_ms: 1.210979
  type: 'test'
  ...
# Subtest: package identity ids are rejected where they are not reviewed routes
ok 2 - package identity ids are rejected where they are not reviewed routes
  ---
  duration_ms: 0.882193
  type: 'test'
  ...
# Subtest: package identity-zones routes Domination on Vermilion Fold only
ok 3 - package identity-zones routes Domination on Vermilion Fold only
  ---
  duration_ms: 0.300824
  type: 'test'
  ...
# Subtest: Windows menus present all six maps as Deathmatch
ok 4 - Windows menus present all six maps as Deathmatch
  ---
  duration_ms: 0.576279
  type: 'test'
  ...
# Subtest: menus expose Domination and the cheat panel as reviewed local routes
ok 5 - menus expose Domination and the cheat panel as reviewed local routes
  ---
  duration_ms: 0.429825
  type: 'test'
  ...
# Subtest: Linux launchers mirror the Windows entry points with the same routes
ok 6 - Linux launchers mirror the Windows entry points with the same routes
  ---
  duration_ms: 0.706023
  type: 'test'
  ...
1..6
# tests 6
# suites 0
# pass 6
# fail 0
# cancelled 0
# skipped 0
# todo 0
# duration_ms 41.072567
