TAP version 13
# Subtest: dev: three menu/combat/LATTICE/sports cycles preserve settings and close owned listeners
ok 1 - dev: three menu/combat/LATTICE/sports cycles preserve settings and close owned listeners
  ---
  duration_ms: 443.16903
  type: 'test'
  ...
# Subtest: package: three menu/combat/LATTICE/sports cycles preserve settings and close owned listeners
ok 2 - package: three menu/combat/LATTICE/sports cycles preserve settings and close owned listeners
  ---
  duration_ms: 432.493112
  type: 'test'
  ...
# Subtest: explicit isolated preference path wins over development and platform defaults
ok 3 - explicit isolated preference path wins over development and platform defaults
  ---
  duration_ms: 0.600084
  type: 'test'
  ...
# Subtest: development preferences live outside disposable route runtime directories
ok 4 - development preferences live outside disposable route runtime directories
  ---
  duration_ms: 0.099576
  type: 'test'
  ...
# Subtest: installed preferences use native per-user config roots without depending on cwd
ok 5 - installed preferences use native per-user config roots without depending on cwd
  ---
  duration_ms: 0.176671
  type: 'test'
  ...
1..5
# tests 5
# suites 0
# pass 5
# fail 0
# cancelled 0
# skipped 0
# todo 0
# duration_ms 915.324225
