TAP version 13
# Subtest: default journey is unchanged and independent entries can select the same route twice
ok 1 - default journey is unchanged and independent entries can select the same route twice
  ---
  duration_ms: 1.357392
  type: 'test'
  ...
# Subtest: itinerary rejects unbounded, debug, offline and private transport controls
ok 2 - itinerary rejects unbounded, debug, offline and private transport controls
  ---
  duration_ms: 0.567112
  type: 'test'
  ...
# Subtest: dev: three menu/combat/LATTICE/sports cycles preserve settings and close owned listeners
ok 3 - dev: three menu/combat/LATTICE/sports cycles preserve settings and close owned listeners
  ---
  duration_ms: 434.960834
  type: 'test'
  ...
# Subtest: package: three menu/combat/LATTICE/sports cycles preserve settings and close owned listeners
ok 4 - package: three menu/combat/LATTICE/sports cycles preserve settings and close owned listeners
  ---
  duration_ms: 393.513938
  type: 'test'
  ...
# Subtest: explicit isolated preference path wins over development and platform defaults
ok 5 - explicit isolated preference path wins over development and platform defaults
  ---
  duration_ms: 0.746658
  type: 'test'
  ...
# Subtest: development preferences live outside disposable route runtime directories
ok 6 - development preferences live outside disposable route runtime directories
  ---
  duration_ms: 0.090089
  type: 'test'
  ...
# Subtest: installed preferences use native per-user config roots without depending on cwd
ok 7 - installed preferences use native per-user config roots without depending on cwd
  ---
  duration_ms: 0.168906
  type: 'test'
  ...
1..7
# tests 7
# suites 0
# pass 7
# fail 0
# cancelled 0
# skipped 0
# todo 0
# duration_ms 881.687865
