TAP version 13
# Subtest: reported [8,34] route fails at the source causeway side, not box collision
ok 1 - reported [8,34] route fails at the source causeway side, not box collision
  ---
  duration_ms: 42.154993
  type: 'test'
  ...
# Subtest: ground route from authored Meridian spawn -44,-34
ok 2 - ground route from authored Meridian spawn -44,-34
  ---
  duration_ms: 422.233815
  type: 'test'
  ...
# Subtest: ground route from authored Meridian spawn 44,34
ok 3 - ground route from authored Meridian spawn 44,34
  ---
  duration_ms: 1696.109385
  type: 'test'
  ...
# Subtest: ground route from authored Meridian spawn -44,34
ok 4 - ground route from authored Meridian spawn -44,34
  ---
  duration_ms: 666.917086
  type: 'test'
  ...
# Subtest: ground route from authored Meridian spawn 44,-34
ok 5 - ground route from authored Meridian spawn 44,-34
  ---
  duration_ms: 454.040824
  type: 'test'
  ...
# Subtest: ground route from authored Meridian spawn -36,-6
ok 6 - ground route from authored Meridian spawn -36,-6
  ---
  duration_ms: 238.045379
  type: 'test'
  ...
# Subtest: ground route from authored Meridian spawn 36,4
ok 7 - ground route from authored Meridian spawn 36,4
  ---
  duration_ms: 796.909314
  type: 'test'
  ...
# Subtest: ground route from authored Meridian spawn 4,-34
ok 8 - ground route from authored Meridian spawn 4,-34
  ---
  duration_ms: 192.186817
  type: 'test'
  ...
# Subtest: ground route from authored Meridian spawn 8,34
ok 9 - ground route from authored Meridian spawn 8,34
  ---
  duration_ms: 818.556944
  type: 'test'
  ...
# Subtest: ground route from authored Meridian spawn -44,10
ok 10 - ground route from authored Meridian spawn -44,10
  ---
  duration_ms: 531.520757
  type: 'test'
  ...
# Subtest: ground route from authored Meridian spawn 44,-8
ok 11 - ground route from authored Meridian spawn 44,-8
  ---
  duration_ms: 652.37084
  type: 'test'
  ...
# Subtest: bounded planner rejects unsupported starts, holes, malformed coordinates and oversized arenas
ok 12 - bounded planner rejects unsupported starts, holes, malformed coordinates and oversized arenas
  ---
  duration_ms: 0.734405
  type: 'test'
  ...
1..12
# tests 12
# suites 0
# pass 12
# fail 0
# cancelled 0
# skipped 0
# todo 0
# duration_ms 7358.655918
