TAP version 13
# Subtest: routes.json regeneration is idempotent (gen_routes --check)
ok 1 - routes.json regeneration is idempotent (gen_routes --check)
  ---
  duration_ms: 102.850558
  type: 'test'
  ...
# Subtest: registry declares exactly the 22 SPEC routes and covers every experience
ok 2 - registry declares exactly the 22 SPEC routes and covers every experience
  ---
  duration_ms: 0.665265
  type: 'test'
  ...
# Subtest: every route argv (defaults, min and max variants) parses through options()
ok 3 - every route argv (defaults, min and max variants) parses through options()
  ---
  duration_ms: 4.555577
  type: 'test'
  ...
# Subtest: batch wrappers only launch experiences the menu can reach
ok 4 - batch wrappers only launch experiences the menu can reach
  ---
  duration_ms: 1.045507
  type: 'test'
  ...
# Subtest: debug-panel flags: never lobby, only cheats rows in the registry
ok 5 - debug-panel flags: never lobby, only cheats rows in the registry
  ---
  duration_ms: 0.113803
  type: 'test'
  ...
# Subtest: optional diagnostics and cheats flags stay separate on every route
ok 6 - optional diagnostics and cheats flags stay separate on every route
  ---
  duration_ms: 0.61441
  type: 'test'
  ...
# Subtest: generated capability matches a fresh parser probe for every route
ok 7 - generated capability matches a fresh parser probe for every route
  ---
  duration_ms: 71.629197
  type: 'test'
  ...
# Subtest: generated capability scope agrees with every declared menu choice
ok 8 - generated capability scope agrees with every declared menu choice
  ---
  duration_ms: 0.388307
  type: 'test'
  ...
# Subtest: authority ownership is derived, bounded and identical across dev/package parsers
ok 9 - authority ownership is derived, bounded and identical across dev/package parsers
  ---
  duration_ms: 1.987981
  type: 'test'
  ...
# Subtest: external authority reuse can never construct a local authority
ok 10 - external authority reuse can never construct a local authority
  ---
  duration_ms: 0.43314
  type: 'test'
  ...
# Subtest: battle mode and identity exceptions stay pinned
ok 11 - battle mode and identity exceptions stay pinned
  ---
  duration_ms: 0.151214
  type: 'test'
  ...
# Subtest: category ids stay fixed while player-facing labels are friendlier
ok 12 - category ids stay fixed while player-facing labels are friendlier
  ---
  duration_ms: 0.09128
  type: 'test'
  ...
# Subtest: build.py and export_presets.cfg ship ui/*.json through the include filter
ok 13 - build.py and export_presets.cfg ship ui/*.json through the include filter
  ---
  duration_ms: 0.146725
  type: 'test'
  ...
1..13
# tests 13
# suites 0
# pass 13
# fail 0
# cancelled 0
# skipped 0
# todo 0
# duration_ms 225.348652
