TAP version 13
# Subtest: a dead solo actor cannot enable cheats but can release an existing pause
ok 1 - a dead solo actor cannot enable cheats but can release an existing pause
  ---
  duration_ms: 254.751786
  type: 'test'
  ...
# Subtest: disabled solo cheats leave the source campaign simulation unchanged
ok 2 - disabled solo cheats leave the source campaign simulation unchanged
  ---
  duration_ms: 270.808107
  type: 'test'
  ...
# Subtest: solo cheats validate explicit booleans, actions and input epochs
ok 3 - solo cheats validate explicit booleans, actions and input epochs
  ---
  duration_ms: 0.381826
  type: 'test'
  ...
# Subtest: human-only invulnerability is reversible; ammo and grants do not change source config
ok 4 - human-only invulnerability is reversible; ammo and grants do not change source config
  ---
  duration_ms: 155.244986
  type: 'test'
  ...
# Subtest: flight rises and descends from real controls, remains bounded, and lands outside solids
ok 5 - flight rises and descends from real controls, remains bounded, and lands outside solids
  ---
  duration_ms: 107.813817
  type: 'test'
  ...
# Subtest: campaign wire confirms cheats, pauses authority time, rejects stale commands and clears on new connection
ok 6 - campaign wire confirms cheats, pauses authority time, rejects stale commands and clears on new connection
  ---
  duration_ms: 470.109162
  type: 'test'
  ...
# Subtest: six Horde maps retain normal simulation with cheats off and support controlled flight
ok 7 - six Horde maps retain normal simulation with cheats off and support controlled flight
  ---
  duration_ms: 976.06597
  type: 'test'
  ...
# Subtest: ordinary Blackwater launch accepts in-game cheats without an environment flag
ok 8 - ordinary Blackwater launch accepts in-game cheats without an environment flag
  ---
  duration_ms: 254.99968
  type: 'test'
  ...
1..8
# tests 8
# suites 0
# pass 8
# fail 0
# cancelled 0
# skipped 0
# todo 0
# duration_ms 3789.811344
