TAP version 13
# fatal: Not a valid commit name 9dc08e53c97422b80c969615bbc31d7a05498196
# fatal: Not a valid commit name 9dc08e53c97422b80c969615bbc31d7a05498196
# fatal: Not a valid commit name 9dc08e53c97422b80c969615bbc31d7a05498196
# fatal: Not a valid commit name 9dc08e53c97422b80c969615bbc31d7a05498196
# fatal: Not a valid commit name 9dc08e53c97422b80c969615bbc31d7a05498196
# fatal: Not a valid commit name 9dc08e53c97422b80c969615bbc31d7a05498196
# fatal: Not a valid commit name 9dc08e53c97422b80c969615bbc31d7a05498196
# fatal: Not a valid commit name 9dc08e53c97422b80c969615bbc31d7a05498196
# fatal: Not a valid commit name 9dc08e53c97422b80c969615bbc31d7a05498196
# fatal: Not a valid commit name 9dc08e53c97422b80c969615bbc31d7a05498196
# fatal: Not a valid commit name 9dc08e53c97422b80c969615bbc31d7a05498196
# fatal: Not a valid commit name 9dc08e53c97422b80c969615bbc31d7a05498196
# Subtest: temporary Git checkout inventories the original lock and exactly ten combined runtime files
ok 1 - temporary Git checkout inventories the original lock and exactly ten combined runtime files
  ---
  duration_ms: 285.339354
  type: 'test'
  ...
# Subtest: selected combined derivative retains the seven LATTICE runtime hashes and adds only three Horde files
not ok 2 - selected combined derivative retains the seven LATTICE runtime hashes and adds only three Horde files
  ---
  duration_ms: 227.921593
  type: 'test'
  location: '/home/mojo/.tmp-on-disk/cocs-relay-campaign-20260930/tools/godot-export/source-inventory.test.mjs:60:1'
  failureType: 'testCodeFailure'
  error: 'Derivative source inventory differs from locked source'
  code: 'ERR_TEST_FAILURE'
  stack: |-
    verifySource (file:///home/mojo/.tmp-on-disk/cocs-relay-campaign-20260930/tools/godot-export/semantic.mjs:73:62)
    TestContext.<anonymous> (file:///home/mojo/.tmp-on-disk/cocs-relay-campaign-20260930/tools/godot-export/source-inventory.test.mjs:68:2)
    Test.runInAsyncScope (node:async_hooks:214:14)
    Test.run (node:internal/test_runner/test:1047:25)
    Test.processPendingSubtests (node:internal/test_runner/test:744:18)
    Test.postRun (node:internal/test_runner/test:1173:19)
    Test.run (node:internal/test_runner/test:1101:12)
    async startSubtestAfterBootstrap (node:internal/test_runner/harness:296:3)
  ...
1..2
# tests 2
# suites 0
# pass 1
# fail 1
# cancelled 0
# skipped 0
# todo 0
# duration_ms 1133.270459
