TAP version 13
# Subtest: KOTH template route binds only exact received geometry, never inferred rotation
ok 1 - KOTH template route binds only exact received geometry, never inferred rotation
  ---
  duration_ms: 0.565699
  type: 'test'
  ...
# Subtest: meridian-exchange: every authored spawn has source-supported zone route
ok 2 - meridian-exchange: every authored spawn has source-supported zone route
  ---
  duration_ms: 4496.70662
  type: 'test'
  ...
# Subtest: verdant-reliquary: every authored spawn has source-supported zone route
ok 3 - verdant-reliquary: every authored spawn has source-supported zone route
  ---
  duration_ms: 12133.407007
  type: 'test'
  ...
1..3
# tests 3
# suites 0
# pass 3
# fail 0
# cancelled 0
# skipped 0
# todo 0
# duration_ms 17407.073911
