Godot Engine v4.5.2.stable.official.6ce3de25a - https://godotengine.org

ERROR: CINDER_CHECK: ramp slope <30 degrees: RimAscent1
   at: push_error (core/variant/variant_utility.cpp:1024)
   GDScript backtrace (most recent call first):
       [0] check (res://tests/cinder_array/verify.gd:19)
       [1] run (res://tests/cinder_array/verify.gd:63)
ERROR: CINDER_CHECK: ramp slope <30 degrees: WestDescent1
   at: push_error (core/variant/variant_utility.cpp:1024)
   GDScript backtrace (most recent call first):
       [0] check (res://tests/cinder_array/verify.gd:19)
       [1] run (res://tests/cinder_array/verify.gd:63)
ERROR: CINDER_CHECK: walkable native floor normal RimAscent
   at: push_error (core/variant/variant_utility.cpp:1024)
   GDScript backtrace (most recent call first):
       [0] check (res://tests/cinder_array/verify.gd:19)
       [1] run (res://tests/cinder_array/verify.gd:84)
ERROR: CINDER_CHECK: walkable native floor normal RimAscent
   at: push_error (core/variant/variant_utility.cpp:1024)
   GDScript backtrace (most recent call first):
       [0] check (res://tests/cinder_array/verify.gd:19)
       [1] run (res://tests/cinder_array/verify.gd:84)
ERROR: CINDER_CHECK: walkable native floor normal RimAscent
   at: push_error (core/variant/variant_utility.cpp:1024)
   GDScript backtrace (most recent call first):
       [0] check (res://tests/cinder_array/verify.gd:19)
       [1] run (res://tests/cinder_array/verify.gd:84)
ERROR: CINDER_CHECK: walkable native floor normal RimAscent
   at: push_error (core/variant/variant_utility.cpp:1024)
   GDScript backtrace (most recent call first):
       [0] check (res://tests/cinder_array/verify.gd:19)
       [1] run (res://tests/cinder_array/verify.gd:84)
ERROR: CINDER_CHECK: walkable native floor normal RimAscent
   at: push_error (core/variant/variant_utility.cpp:1024)
   GDScript backtrace (most recent call first):
       [0] check (res://tests/cinder_array/verify.gd:19)
       [1] run (res://tests/cinder_array/verify.gd:84)
ERROR: CINDER_CHECK: walkable native floor normal RimAscent
   at: push_error (core/variant/variant_utility.cpp:1024)
   GDScript backtrace (most recent call first):
       [0] check (res://tests/cinder_array/verify.gd:19)
       [1] run (res://tests/cinder_array/verify.gd:84)
ERROR: CINDER_CHECK: walkable native floor normal RimAscent
   at: push_error (core/variant/variant_utility.cpp:1024)
   GDScript backtrace (most recent call first):
       [0] check (res://tests/cinder_array/verify.gd:19)
       [1] run (res://tests/cinder_array/verify.gd:84)
ERROR: CINDER_CHECK: walkable native floor normal RimAscent
   at: push_error (core/variant/variant_utility.cpp:1024)
   GDScript backtrace (most recent call first):
       [0] check (res://tests/cinder_array/verify.gd:19)
       [1] run (res://tests/cinder_array/verify.gd:84)
ERROR: CINDER_CHECK: walkable native floor normal RimAscent
   at: push_error (core/variant/variant_utility.cpp:1024)
   GDScript backtrace (most recent call first):
       [0] check (res://tests/cinder_array/verify.gd:19)
       [1] run (res://tests/cinder_array/verify.gd:84)
ERROR: CINDER_CHECK: walkable native floor normal RimAscent
   at: push_error (core/variant/variant_utility.cpp:1024)
   GDScript backtrace (most recent call first):
       [0] check (res://tests/cinder_array/verify.gd:19)
       [1] run (res://tests/cinder_array/verify.gd:84)
ERROR: CINDER_CHECK: walkable native floor normal RimAscent
   at: push_error (core/variant/variant_utility.cpp:1024)
   GDScript backtrace (most recent call first):
       [0] check (res://tests/cinder_array/verify.gd:19)
       [1] run (res://tests/cinder_array/verify.gd:84)
ERROR: CINDER_CHECK: walkable native floor normal RimAscent
   at: push_error (core/variant/variant_utility.cpp:1024)
   GDScript backtrace (most recent call first):
       [0] check (res://tests/cinder_array/verify.gd:19)
       [1] run (res://tests/cinder_array/verify.gd:84)
ERROR: CINDER_CHECK: walkable native floor normal RimAscent
   at: push_error (core/variant/variant_utility.cpp:1024)
   GDScript backtrace (most recent call first):
       [0] check (res://tests/cinder_array/verify.gd:19)
       [1] run (res://tests/cinder_array/verify.gd:84)
ERROR: CINDER_CHECK: walkable native floor normal RimAscent
   at: push_error (core/variant/variant_utility.cpp:1024)
   GDScript backtrace (most recent call first):
       [0] check (res://tests/cinder_array/verify.gd:19)
       [1] run (res://tests/cinder_array/verify.gd:84)
ERROR: CINDER_CHECK: walkable native floor normal RimAscent
   at: push_error (core/variant/variant_utility.cpp:1024)
   GDScript backtrace (most recent call first):
       [0] check (res://tests/cinder_array/verify.gd:19)
       [1] run (res://tests/cinder_array/verify.gd:84)
ERROR: CINDER_CHECK: walkable native floor normal RimAscent
   at: push_error (core/variant/variant_utility.cpp:1024)
   GDScript backtrace (most recent call first):
       [0] check (res://tests/cinder_array/verify.gd:19)
       [1] run (res://tests/cinder_array/verify.gd:84)
ERROR: CINDER_CHECK: walkable native floor normal RimAscent
   at: push_error (core/variant/variant_utility.cpp:1024)
   GDScript backtrace (most recent call first):
       [0] check (res://tests/cinder_array/verify.gd:19)
       [1] run (res://tests/cinder_array/verify.gd:84)
ERROR: CINDER_CHECK: walkable native floor normal RimAscent
   at: push_error (core/variant/variant_utility.cpp:1024)
   GDScript backtrace (most recent call first):
       [0] check (res://tests/cinder_array/verify.gd:19)
       [1] run (res://tests/cinder_array/verify.gd:84)
ERROR: CINDER_CHECK: walkable native floor normal RimAscent
   at: push_error (core/variant/variant_utility.cpp:1024)
   GDScript backtrace (most recent call first):
       [0] check (res://tests/cinder_array/verify.gd:19)
       [1] run (res://tests/cinder_array/verify.gd:84)
ERROR: CINDER_CHECK: walkable native floor normal RimAscent
   at: push_error (core/variant/variant_utility.cpp:1024)
   GDScript backtrace (most recent call first):
       [0] check (res://tests/cinder_array/verify.gd:19)
       [1] run (res://tests/cinder_array/verify.gd:84)
ERROR: CINDER_CHECK: walkable native floor normal RimAscent
   at: push_error (core/variant/variant_utility.cpp:1024)
   GDScript backtrace (most recent call first):
       [0] check (res://tests/cinder_array/verify.gd:19)
       [1] run (res://tests/cinder_array/verify.gd:84)
ERROR: CINDER_CHECK: walkable native floor normal RimAscent
   at: push_error (core/variant/variant_utility.cpp:1024)
   GDScript backtrace (most recent call first):
       [0] check (res://tests/cinder_array/verify.gd:19)
       [1] run (res://tests/cinder_array/verify.gd:84)
ERROR: CINDER_CHECK: walkable native floor normal RimAscent
   at: push_error (core/variant/variant_utility.cpp:1024)
   GDScript backtrace (most recent call first):
       [0] check (res://tests/cinder_array/verify.gd:19)
       [1] run (res://tests/cinder_array/verify.gd:84)
ERROR: CINDER_CHECK: walkable native floor normal RimAscent
   at: push_error (core/variant/variant_utility.cpp:1024)
   GDScript backtrace (most recent call first):
       [0] check (res://tests/cinder_array/verify.gd:19)
       [1] run (res://tests/cinder_array/verify.gd:84)
ERROR: CINDER_CHECK: walkable native floor normal RimAscent
   at: push_error (core/variant/variant_utility.cpp:1024)
   GDScript backtrace (most recent call first):
       [0] check (res://tests/cinder_array/verify.gd:19)
       [1] run (res://tests/cinder_array/verify.gd:84)
ERROR: CINDER_CHECK: walkable native floor normal RimAscent
   at: push_error (core/variant/variant_utility.cpp:1024)
   GDScript backtrace (most recent call first):
       [0] check (res://tests/cinder_array/verify.gd:19)
       [1] run (res://tests/cinder_array/verify.gd:84)
ERROR: CINDER_CHECK: walkable native floor normal RimAscent
   at: push_error (core/variant/variant_utility.cpp:1024)
   GDScript backtrace (most recent call first):
       [0] check (res://tests/cinder_array/verify.gd:19)
       [1] run (res://tests/cinder_array/verify.gd:84)
ERROR: CINDER_CHECK: walkable native floor normal WestDescent
   at: push_error (core/variant/variant_utility.cpp:1024)
   GDScript backtrace (most recent call first):
       [0] check (res://tests/cinder_array/verify.gd:19)
       [1] run (res://tests/cinder_array/verify.gd:84)
ERROR: CINDER_CHECK: continuous floor WestDescent sample 2 / 0.72
   at: push_error (core/variant/variant_utility.cpp:1024)
   GDScript backtrace (most recent call first):
       [0] check (res://tests/cinder_array/verify.gd:19)
       [1] run (res://tests/cinder_array/verify.gd:81)
ERROR: CINDER_CHECK: walkable native floor normal WestDescent
   at: push_error (core/variant/variant_utility.cpp:1024)
   GDScript backtrace (most recent call first):
       [0] check (res://tests/cinder_array/verify.gd:19)
       [1] run (res://tests/cinder_array/verify.gd:84)
ERROR: CINDER_CHECK: walkable native floor normal WestDescent
   at: push_error (core/variant/variant_utility.cpp:1024)
   GDScript backtrace (most recent call first):
       [0] check (res://tests/cinder_array/verify.gd:19)
       [1] run (res://tests/cinder_array/verify.gd:84)
ERROR: CINDER_CHECK: walkable native floor normal WestDescent
   at: push_error (core/variant/variant_utility.cpp:1024)
   GDScript backtrace (most recent call first):
       [0] check (res://tests/cinder_array/verify.gd:19)
       [1] run (res://tests/cinder_array/verify.gd:84)
ERROR: CINDER_CHECK: walkable native floor normal WestDescent
   at: push_error (core/variant/variant_utility.cpp:1024)
   GDScript backtrace (most recent call first):
       [0] check (res://tests/cinder_array/verify.gd:19)
       [1] run (res://tests/cinder_array/verify.gd:84)
ERROR: CINDER_CHECK: walkable native floor normal WestDescent
   at: push_error (core/variant/variant_utility.cpp:1024)
   GDScript backtrace (most recent call first):
       [0] check (res://tests/cinder_array/verify.gd:19)
       [1] run (res://tests/cinder_array/verify.gd:84)
ERROR: CINDER_CHECK: walkable native floor normal WestDescent
   at: push_error (core/variant/variant_utility.cpp:1024)
   GDScript backtrace (most recent call first):
       [0] check (res://tests/cinder_array/verify.gd:19)
       [1] run (res://tests/cinder_array/verify.gd:84)
ERROR: CINDER_CHECK: walkable native floor normal WestDescent
   at: push_error (core/variant/variant_utility.cpp:1024)
   GDScript backtrace (most recent call first):
       [0] check (res://tests/cinder_array/verify.gd:19)
       [1] run (res://tests/cinder_array/verify.gd:84)
ERROR: CINDER_CHECK: walkable native floor normal WestDescent
   at: push_error (core/variant/variant_utility.cpp:1024)
   GDScript backtrace (most recent call first):
       [0] check (res://tests/cinder_array/verify.gd:19)
       [1] run (res://tests/cinder_array/verify.gd:84)
ERROR: CINDER_CHECK: walkable native floor normal WestDescent
   at: push_error (core/variant/variant_utility.cpp:1024)
   GDScript backtrace (most recent call first):
       [0] check (res://tests/cinder_array/verify.gd:19)
       [1] run (res://tests/cinder_array/verify.gd:84)
ERROR: CINDER_CHECK: walkable native floor normal WestDescent
   at: push_error (core/variant/variant_utility.cpp:1024)
   GDScript backtrace (most recent call first):
       [0] check (res://tests/cinder_array/verify.gd:19)
       [1] run (res://tests/cinder_array/verify.gd:84)
ERROR: CINDER_CHECK: walkable native floor normal WestDescent
   at: push_error (core/variant/variant_utility.cpp:1024)
   GDScript backtrace (most recent call first):
       [0] check (res://tests/cinder_array/verify.gd:19)
       [1] run (res://tests/cinder_array/verify.gd:84)
ERROR: CINDER_CHECK: walkable native floor normal WestDescent
   at: push_error (core/variant/variant_utility.cpp:1024)
   GDScript backtrace (most recent call first):
       [0] check (res://tests/cinder_array/verify.gd:19)
       [1] run (res://tests/cinder_array/verify.gd:84)
ERROR: CINDER_CHECK: walkable native floor normal WestDescent
   at: push_error (core/variant/variant_utility.cpp:1024)
   GDScript backtrace (most recent call first):
       [0] check (res://tests/cinder_array/verify.gd:19)
       [1] run (res://tests/cinder_array/verify.gd:84)
ERROR: CINDER_CHECK: walkable native floor normal WestDescent
   at: push_error (core/variant/variant_utility.cpp:1024)
   GDScript backtrace (most recent call first):
       [0] check (res://tests/cinder_array/verify.gd:19)
       [1] run (res://tests/cinder_array/verify.gd:84)
ERROR: CINDER_CHECK: walkable native floor normal WestDescent
   at: push_error (core/variant/variant_utility.cpp:1024)
   GDScript backtrace (most recent call first):
       [0] check (res://tests/cinder_array/verify.gd:19)
       [1] run (res://tests/cinder_array/verify.gd:84)
ERROR: CINDER_CHECK: walkable native floor normal WestDescent
   at: push_error (core/variant/variant_utility.cpp:1024)
   GDScript backtrace (most recent call first):
       [0] check (res://tests/cinder_array/verify.gd:19)
       [1] run (res://tests/cinder_array/verify.gd:84)
ERROR: CINDER_CHECK: walkable native floor normal WestDescent
   at: push_error (core/variant/variant_utility.cpp:1024)
   GDScript backtrace (most recent call first):
       [0] check (res://tests/cinder_array/verify.gd:19)
       [1] run (res://tests/cinder_array/verify.gd:84)
ERROR: CINDER_CHECK: walkable native floor normal WestDescent
   at: push_error (core/variant/variant_utility.cpp:1024)
   GDScript backtrace (most recent call first):
       [0] check (res://tests/cinder_array/verify.gd:19)
       [1] run (res://tests/cinder_array/verify.gd:84)
ERROR: CINDER_CHECK: walkable native floor normal WestDescent
   at: push_error (core/variant/variant_utility.cpp:1024)
   GDScript backtrace (most recent call first):
       [0] check (res://tests/cinder_array/verify.gd:19)
       [1] run (res://tests/cinder_array/verify.gd:84)
ERROR: CINDER_CHECK: walkable native floor normal WestDescent
   at: push_error (core/variant/variant_utility.cpp:1024)
   GDScript backtrace (most recent call first):
       [0] check (res://tests/cinder_array/verify.gd:19)
       [1] run (res://tests/cinder_array/verify.gd:84)
ERROR: CINDER_CHECK: walkable native floor normal WestDescent
   at: push_error (core/variant/variant_utility.cpp:1024)
   GDScript backtrace (most recent call first):
       [0] check (res://tests/cinder_array/verify.gd:19)
       [1] run (res://tests/cinder_array/verify.gd:84)
ERROR: CINDER_CHECK: walkable native floor normal WestDescent
   at: push_error (core/variant/variant_utility.cpp:1024)
   GDScript backtrace (most recent call first):
       [0] check (res://tests/cinder_array/verify.gd:19)
       [1] run (res://tests/cinder_array/verify.gd:84)
ERROR: CINDER_CHECK: walkable native floor normal WestDescent
   at: push_error (core/variant/variant_utility.cpp:1024)
   GDScript backtrace (most recent call first):
       [0] check (res://tests/cinder_array/verify.gd:19)
       [1] run (res://tests/cinder_array/verify.gd:84)
ERROR: CINDER_CHECK: walkable native floor normal WestDescent
   at: push_error (core/variant/variant_utility.cpp:1024)
   GDScript backtrace (most recent call first):
       [0] check (res://tests/cinder_array/verify.gd:19)
       [1] run (res://tests/cinder_array/verify.gd:84)
ERROR: CINDER_CHECK: walkable native floor normal WestDescent
   at: push_error (core/variant/variant_utility.cpp:1024)
   GDScript backtrace (most recent call first):
       [0] check (res://tests/cinder_array/verify.gd:19)
       [1] run (res://tests/cinder_array/verify.gd:84)
ERROR: CINDER_CHECK: walkable native floor normal WestDescent
   at: push_error (core/variant/variant_utility.cpp:1024)
   GDScript backtrace (most recent call first):
       [0] check (res://tests/cinder_array/verify.gd:19)
       [1] run (res://tests/cinder_array/verify.gd:84)
ERROR: CINDER_CHECK: walkable native floor normal WestDescent
   at: push_error (core/variant/variant_utility.cpp:1024)
   GDScript backtrace (most recent call first):
       [0] check (res://tests/cinder_array/verify.gd:19)
       [1] run (res://tests/cinder_array/verify.gd:84)
ERROR: CINDER_CHECK: walkable native floor normal WestDescent
   at: push_error (core/variant/variant_utility.cpp:1024)
   GDScript backtrace (most recent call first):
       [0] check (res://tests/cinder_array/verify.gd:19)
       [1] run (res://tests/cinder_array/verify.gd:84)
ERROR: CINDER_CHECK: walkable native floor normal WestDescent
   at: push_error (core/variant/variant_utility.cpp:1024)
   GDScript backtrace (most recent call first):
       [0] check (res://tests/cinder_array/verify.gd:19)
       [1] run (res://tests/cinder_array/verify.gd:84)
ERROR: CINDER_CHECK: walkable native floor normal WestDescent
   at: push_error (core/variant/variant_utility.cpp:1024)
   GDScript backtrace (most recent call first):
       [0] check (res://tests/cinder_array/verify.gd:19)
       [1] run (res://tests/cinder_array/verify.gd:84)
ERROR: CINDER_CHECK: walkable native floor normal WestDescent
   at: push_error (core/variant/variant_utility.cpp:1024)
   GDScript backtrace (most recent call first):
       [0] check (res://tests/cinder_array/verify.gd:19)
       [1] run (res://tests/cinder_array/verify.gd:84)
ERROR: CINDER_CHECK: walkable native floor normal WestDescent
   at: push_error (core/variant/variant_utility.cpp:1024)
   GDScript backtrace (most recent call first):
       [0] check (res://tests/cinder_array/verify.gd:19)
       [1] run (res://tests/cinder_array/verify.gd:84)
ERROR: CINDER_CHECK: walkable native floor normal WestDescent
   at: push_error (core/variant/variant_utility.cpp:1024)
   GDScript backtrace (most recent call first):
       [0] check (res://tests/cinder_array/verify.gd:19)
       [1] run (res://tests/cinder_array/verify.gd:84)
ERROR: CINDER_CHECK: forward physically reached (-35.0, 18.0, -21.0) actual=(-34.23921, 18.00949, -23.85658)
   at: push_error (core/variant/variant_utility.cpp:1024)
   GDScript backtrace (most recent call first):
       [0] check (res://tests/cinder_array/verify.gd:19)
       [1] traverse (res://tests/cinder_array/verify.gd:149)
ERROR: CINDER_CHECK: forward entire connected loop traversed
   at: push_error (core/variant/variant_utility.cpp:1024)
   GDScript backtrace (most recent call first):
       [0] check (res://tests/cinder_array/verify.gd:19)
       [1] traverse (res://tests/cinder_array/verify.gd:153)
ERROR: CINDER_CHECK: reverse-sprint physically reached (-24.0, 7.0, 28.0) actual=(-34.23921, 18.00949, -23.85658)
   at: push_error (core/variant/variant_utility.cpp:1024)
   GDScript backtrace (most recent call first):
       [0] check (res://tests/cinder_array/verify.gd:19)
       [1] traverse (res://tests/cinder_array/verify.gd:149)
ERROR: CINDER_CHECK: reverse-sprint entire connected loop traversed
   at: push_error (core/variant/variant_utility.cpp:1024)
   GDScript backtrace (most recent call first):
       [0] check (res://tests/cinder_array/verify.gd:19)
       [1] traverse (res://tests/cinder_array/verify.gd:153)
CINDER_VERIFY {"assertions":1202,"boundary_cases":4,"diagnostics":{"areas":6,"authored_triangles":23690,"built":true,"collision_shapes":103,"embers":48,"experience":"cinder-array","instanced_solids":1188,"lights":4,"mesh_nodes":90,"native_only":true,"nodes":215,"renderer":"gl_compatibility","respawns":4,"route_points":16,"steam":16},"failures":["ramp slope <30 degrees: RimAscent1","ramp slope <30 degrees: WestDescent1","walkable native floor normal RimAscent","walkable native floor normal RimAscent","walkable native floor normal RimAscent","walkable native floor normal RimAscent","walkable native floor normal RimAscent","walkable native floor normal RimAscent","walkable native floor normal RimAscent","walkable native floor normal RimAscent","walkable native floor normal RimAscent","walkable native floor normal RimAscent","walkable native floor normal RimAscent","walkable native floor normal RimAscent","walkable native floor normal RimAscent","walkable native floor normal RimAscent","walkable native floor normal RimAscent","walkable native floor normal RimAscent","walkable native floor normal RimAscent","walkable native floor normal RimAscent","walkable native floor normal RimAscent","walkable native floor normal RimAscent","walkable native floor normal RimAscent","walkable native floor normal RimAscent","walkable native floor normal RimAscent","walkable native floor normal RimAscent","walkable native floor normal RimAscent","walkable native floor normal RimAscent","walkable native floor normal RimAscent","walkable native floor normal WestDescent","continuous floor WestDescent sample 2 / 0.72","walkable native floor normal WestDescent","walkable native floor normal WestDescent","walkable native floor normal WestDescent","walkable native floor normal WestDescent","walkable native floor normal WestDescent","walkable native floor normal WestDescent","walkable native floor normal WestDescent","walkable native floor normal WestDescent","walkable native floor normal WestDescent","walkable native floor normal WestDescent","walkable native floor normal WestDescent","walkable native floor normal WestDescent","walkable native floor normal WestDescent","walkable native floor normal WestDescent","walkable native floor normal WestDescent","walkable native floor normal WestDescent","walkable native floor normal WestDescent","walkable native floor normal WestDescent","walkable native floor normal WestDescent","walkable native floor normal WestDescent","walkable native floor normal WestDescent","walkable native floor normal WestDescent","walkable native floor normal WestDescent","walkable native floor normal WestDescent","walkable native floor normal WestDescent","walkable native floor normal WestDescent","walkable native floor normal WestDescent","walkable native floor normal WestDescent","walkable native floor normal WestDescent","walkable native floor normal WestDescent","walkable native floor normal WestDescent","walkable native floor normal WestDescent","walkable native floor normal WestDescent","forward physically reached (-35.0, 18.0, -21.0) actual=(-34.23921, 18.00949, -23.85658)","forward entire connected loop traversed","reverse-sprint physically reached (-24.0, 7.0, 28.0) actual=(-34.23921, 18.00949, -23.85658)","reverse-sprint entire connected loop traversed"],"floor_probes":342,"max_ramp_degrees":38.1037806037553,"traversals":[{"direction":"forward","off_floor_frames":0,"physics_frames":2606,"reached":11,"speed_m_s":6.0,"waypoints":16,"worst_waypoint_height_error":0.00943756103515625},{"direction":"reverse-sprint","off_floor_frames":0,"physics_frames":1200,"reached":0,"speed_m_s":10.0,"waypoints":16,"worst_waypoint_height_error":0.0}]}
