Info: Packed 30 file(s)
Info: Saved as "corrective.blend"
INFO Draco mesh compression is available, use library at /home/mojo/.tmp-on-disk/cocs-blender-toolchain/blender-4.5.14-linux-x64/4.5/scripts/addons_core/io_scene_gltf2/libextern_draco.so
16:00:06 | INFO: Starting glTF 2.0 export
16:00:06 | INFO: Extracting primitive: blister.0.jamb-l.001
16:00:06 | INFO: Primitives created: 1
16:00:06 | INFO: Extracting primitive: blister.0.lintel.001
16:00:06 | INFO: Primitives created: 1
16:00:06 | INFO: Extracting primitive: broad-pump-spine-0-ceiling.001
16:00:07 | INFO: Primitives created: 1
16:00:07 | INFO: Extracting primitive: broad-pump-spine-0-side-a-0.001
16:00:07 | INFO: Primitives created: 1
16:00:07 | INFO: Extracting primitive: core-pressure-cap-side-0-0.001
16:00:07 | INFO: Primitives created: 1
16:00:07 | INFO: Extracting primitive: equalizer-band-front-0--1.001
16:00:07 | INFO: Primitives created: 1
16:00:07 | INFO: Extracting primitive: equalizer-pressure-gauge--1.001
16:00:07 | INFO: Primitives created: 1
16:00:07 | INFO: Extracting primitive: equalizer-pressure-gauge-1.001
16:00:07 | INFO: Primitives created: 1
16:00:07 | INFO: Extracting primitive: equalizer.band.005
16:00:07 | INFO: Primitives created: 1
16:00:07 | INFO: Extracting primitive: equalizer.cap.001
16:00:07 | INFO: Primitives created: 1
16:00:07 | INFO: Extracting primitive: equalizer.crown-core.001
16:00:07 | INFO: Primitives created: 1
16:00:07 | INFO: Extracting primitive: escarpment-bed-0.001
16:00:07 | INFO: Primitives created: 1
16:00:07 | INFO: Extracting primitive: pressure-equalizer-core.001
16:00:07 | INFO: Primitives created: 1
16:00:07 | INFO: Extracting primitive: reef-0-branch-0.001
16:00:07 | INFO: Primitives created: 1
16:00:07 | INFO: Extracting primitive: reef-0-branch-1.001
16:00:07 | INFO: Primitives created: 1
16:00:07 | INFO: Extracting primitive: reef-0-tip-0.001
16:00:07 | INFO: Primitives created: 1
16:00:07 | INFO: Extracting primitive: reef-buttress.005
16:00:07 | INFO: Primitives created: 1
16:00:07 | INFO: Extracting primitive: reef-buttress.006
16:00:07 | INFO: Primitives created: 1
16:00:07 | INFO: Extracting primitive: route-sign-0.001
16:00:07 | INFO: Primitives created: 1
16:00:07 | INFO: Extracting primitive: route-sign-2.001
16:00:07 | INFO: Primitives created: 1
16:00:07 | INFO: Extracting primitive: route-sign-7.001
16:00:07 | INFO: Primitives created: 1
16:00:07 | INFO: Extracting primitive: service-bridge-se.001
16:00:07 | INFO: Primitives created: 1
16:00:07 | INFO: Extracting primitive: service-cave.0.drip.006
16:00:07 | INFO: Primitives created: 1
16:00:07 | INFO: Extracting primitive: service-cave.0.ledge.001
16:00:07 | INFO: Primitives created: 1
16:00:07 | INFO: Extracting primitive: service-terrace-se.east-1.001
16:00:07 | INFO: Primitives created: 1
16:00:07 | INFO: Extracting primitive: utility-pocket-se.001
16:00:07 | INFO: Primitives created: 1
16:00:07 | INFO: Extracting primitive: vessel-0-0-bay-canopy--1-side-0-0.001
16:00:07 | INFO: Primitives created: 1
16:00:07 | INFO: Extracting primitive: vessel-0-0-bay-door--1.001
16:00:07 | INFO: Primitives created: 1
16:00:07 | INFO: Extracting primitive: vessel-0-0-deck-seam--1.001
16:00:07 | INFO: Primitives created: 1
16:00:07 | INFO: Extracting primitive: vessel-0-0-instrument--1.001
16:00:07 | INFO: Primitives created: 1
16:00:07 | INFO: Extracting primitive: vessel-0-0-observation-glazing.001
16:00:07 | INFO: Primitives created: 1
16:00:07 | INFO: Extracting primitive: vessel-0-0.vault.001
16:00:07 | INFO: Primitives created: 1
16:00:07 | INFO: Extracting primitive: vessel-0-2-pressure-ring-9.7-2.001
16:00:07 | INFO: Primitives created: 1
16:00:07 | INFO: Extracting primitive: vessel-0-2-w-locking-dog-1-1.001
16:00:07 | INFO: Primitives created: 1
16:00:07 | INFO: Extracting primitive: vessel-0-3.hab-crown.001
16:00:07 | INFO: Primitives created: 1
16:00:07 | INFO: Extracting primitive: vessel-1-0-pump-feed-1-2.001
16:00:07 | INFO: Primitives created: 1
16:00:07 | INFO: Extracting primitive: vessel-1-1-s-locking-dog-0-4.001
16:00:07 | INFO: Primitives created: 1
16:00:07 | INFO: Extracting primitive: vessel-1-2-bedrock-anchor-5.001
16:00:07 | INFO: Primitives created: 1
16:00:07 | INFO: Extracting primitive: vessel-1-2-pump-feed-1-0.001
16:00:07 | INFO: Primitives created: 1
16:00:07 | INFO: Extracting primitive: vessel-1-3.cap-collar.001
16:00:07 | INFO: Primitives created: 1
16:00:07 | INFO: Extracting primitive: vessel-1-3.pressure-rib.001
16:00:07 | INFO: Primitives created: 1
16:00:07 | INFO: Extracting primitive: vessel-1-3.vessel-cap.001
16:00:07 | INFO: Primitives created: 1
16:00:07 | INFO: Extracting primitive: vessel-2-0-external-load-rib-0.001
16:00:07 | INFO: Primitives created: 1
16:00:07 | INFO: Extracting primitive: vessel-2-0-service-return-1.001
16:00:07 | INFO: Primitives created: 1
16:00:07 | INFO: Extracting primitive: vessel-2-0.hab-crown.001
16:00:07 | INFO: Primitives created: 1
16:00:07 | INFO: Extracting primitive: vessel-2-3-external-load-rib-2.001
16:00:07 | INFO: Primitives created: 1
16:00:07 | INFO: Extracting primitive: vessel-2-3-pressure-ring-8.7-0.001
16:00:07 | INFO: Primitives created: 1
16:00:07 | INFO: Finished glTF 2.0 export in 0.5974080562591553 s

{"status": "built-pending-native-acceptance", "report": "/tmp/opencode/abyssal-corrective-V-20261003-attempt-1/material-report.json"}
Blender 4.5.14 LTS (hash 62c1db4208e8 built 2026-09-15 01:31:19)

Blender quit
