gate-runner-tests: PASS
playable-gate-registration: PASS
verifier-report-tests: PASS
ci-artifact-tests: PASS
native-ci-contracts: PASS
export-tests: PASS
moth-export: PASS
gltf-sides: PASS
health-hud-evidence: PASS
projectile-navigation: PASS
objective-evidence: PASS
objective-progression-evidence: PASS
objective-completion-evidence: PASS
launcher-options: PASS
package-options: PASS
native-graphics-options: PASS
native-graphics-ownership: PASS
lobby-options: PASS
lobby-ownership: PASS
horde-closure: PASS
native-arena-closure: PASS
package-identity-routes: PASS
native-arena-authority: PASS
local-24-roster: PASS
horde-ownership: PASS
zone-routing: PASS
combined-arms-evidence: PASS
lattice-req-generator-tests: PASS
lattice-req-catalog-check: PASS
semantic-export: PASS
source-tests: PASS
arms-race-source: PASS
horde-source: PASS
horde-upgrade-adapter: PASS
horde-adapter: PASS
horde-death-wire: PASS
horde-input-oracle: PASS
godot-import: PASS
loadout-unit: PASS
loadout-source-parity: PASS
loadout-client: PASS
loadout-setup: PASS
loadout-lobby: PASS
loadout-session: PASS
loadout-loopback: PASS
loadout-lifecycle: PASS
viewer-smoke: PASS
graphics-terrain: PASS
moth-resources: PASS
graphics-atmosphere: PASS
graphics-fx: PASS
moth-scenery: PASS
shader-lab: PASS
particle-lab: PASS
showcase-startup: PASS
aurora-traversal: PASS
cinder-traversal: PASS
exploration-walker: PASS
first-person-rig: PASS
first-person-binding: PASS
first-person-ads: PASS
first-person-recoil: PASS
combat-actions: PASS
combat-shields: PASS
combat-shield-capacity: PASS
combat-particles: PASS
combat-pickup-assets: PASS
weapon-effects: PASS
weapon-effects-rig: PASS
muzzle-sight-geometry: PASS
muzzle-path-geometry: PASS
projectile-flight: PASS
alt-fire: PASS
weapon-handling: PASS
weapon-detail: PASS
weapon-export: PASS
world-weapon-identity: PASS
player-fx-direction: PASS
player-fx-low-health: PASS
player-fx-lifecycle: PASS
player-fx-marks: PASS
player-fx-impacts: PASS
player-fx-overlay: PASS
player-fx-integration: PASS
benchmark-contracts: PASS
benchmark-tools: PASS
benchmark-autostart: PASS
material-language: PASS
material-derived: PASS
identity-zone-route: PASS
debug-tools: PASS
debug-panel: PASS
mode-diagnostics: PASS
blood-live-harness: PASS
blood-live-native: PASS
route-parity: PASS
main-menu-smoke: PASS
main-menu-contracts: PASS
material-coverage-floor: PASS
release-pipeline-tools: PASS
blood-fx-contracts: PASS
blood-fx-surfaces: PASS
blood-fx-stress: PASS
combat-integration-oracle: PASS
combat-integration: PASS
combat-combined-integration: PASS
combat-remote-muzzle: PASS
identity-horde-occlusion: PASS
native-arena-maps: PASS
native-arena-session: PASS
native-arena-composition: PASS
identity-prototype-graybox: PASS
identity-prototype-oracle: PASS
identity-prototype-rays: PASS
identity-prototype-lifecycle: PASS
native-arena-prism: PASS
native-arena-aurora: PASS
native-arena-cinder: PASS
glb-import: PASS
glb-sides: PASS
input-queue: PASS
protocol-envelopes: PASS
packet-replay: PASS
native-live: PASS
presentation-replay: PASS
round-boundaries: PASS
native-lifecycle: PASS
combat-feedback: PASS
projectiles: PASS
audio-feedback: PASS
local-lifecycle: PASS
pickup-presentation: PASS
entity-visuals: PASS
operator-geometry: PASS
world-weapon-import: PASS
world-weapon-grips: PASS
native-trace: PASS
guest-session: PASS
lobby-flow: PASS
lobby-spectator-context: PASS
match-selection: PASS
scoreboard: PASS
team-scores: PASS
scoreboard-session: PASS
game-hud: PASS
game-hud-setup: PASS
game-hud-debug: PASS
puma-presentation: PASS
zone-modes: PASS
combined-arms-controls: PASS
combined-arms-graphics: PASS
arms-race: PASS
horde-model: PASS
horde-death-presentation: PASS
horde-upgrade-native: PASS
horde-upgrade-fixture: PASS
horde-controls: PASS
sports-controls: PASS
sports-polish: PASS
sports-progression: PASS
soccer-guidance: PASS
soccer-coaching: PASS
sports-bearing: PASS
lattice-adapter: PASS
lattice-ui: PASS
lattice-map: PASS
lattice-topology: PASS
lattice-economy: PASS
lattice-world: PASS
lattice-world-commands: PASS
lattice-req-catalog: PASS
lattice-req-purchase: PASS
lattice-world-tactical: PASS
lattice-flagship-l1: PASS
lattice-flagship-l2: PASS
lattice-flagship-l3-roles: PASS
lattice-flagship-l3-evidence: PASS
lattice-flagship-assets: PASS
lattice-flagship-l3-static: PASS
lattice-flagship-l5-static: PASS
lattice-world-usability: PASS
objective-renderer: PASS
objective-controls: PASS
objective-progression: PASS
objective-input-timing: PASS
payload-guidance: PASS
payload-guidance-hud: PASS
control-safety: PASS
window-focus: PASS
session-recovery: PASS
stall-controls: PASS
snapshot-watch: PASS
native-session: PASS
two-native-clients: PASS
motion-impairment: PASS
remote-motion: PASS
local-render-motion: PASS
All implemented gates passed. Visual fidelity and playable acceptance remain OPEN.
