Godot Engine v4.5.2.stable.official.6ce3de25a - https://godotengine.org
WARNING: Could not set V-Sync mode, as changing V-Sync mode is not supported by the graphics driver.
     at: set_use_vsync (platform/linuxbsd/x11/gl_manager_x11.cpp:364)
OpenGL API 4.5 (Core Profile) Mesa 25.2.8-0ubuntu0.25.10.2 - Compatibility - Using Device: Mesa - llvmpipe (LLVM 20.1.8, 256 bits)

FP_LIVE_SNAPSHOT {"ack":0,"health":100.0,"recoil_count":0,"reloading":false,"rig_weapon":-1,"shots":0.0,"showing":false,"time":0.033,"weapon":0}
FP_LIVE_ROUTE (-36.0, 34.0) nodes=9
FP_LIVE_SNAPSHOT {"ack":1,"health":100.0,"recoil_count":0,"reloading":false,"rig_weapon":-1,"shots":0.0,"showing":false,"time":0.067,"weapon":0}
FP_LIVE_SNAPSHOT {"ack":2,"health":100.0,"recoil_count":0,"reloading":false,"rig_weapon":0,"shots":0.0,"showing":true,"time":0.1,"weapon":0}
FP_LIVE_SNAPSHOT {"ack":2,"health":100.0,"recoil_count":0,"reloading":false,"rig_weapon":0,"shots":0.0,"showing":true,"time":0.133,"weapon":0}
FP_LIVE_SNAPSHOT {"ack":4,"health":100.0,"recoil_count":0,"reloading":false,"rig_weapon":0,"shots":0.0,"showing":true,"time":0.167,"weapon":0}
FP_LIVE_SNAPSHOT {"ack":5,"health":100.0,"recoil_count":0,"reloading":false,"rig_weapon":0,"shots":0.0,"showing":true,"time":0.2,"weapon":0}
FP_LIVE_SNAPSHOT {"ack":6,"health":100.0,"recoil_count":0,"reloading":false,"rig_weapon":0,"shots":0.0,"showing":true,"time":0.233,"weapon":0}
FP_LIVE_SNAPSHOT {"ack":7,"health":100.0,"recoil_count":0,"reloading":false,"rig_weapon":0,"shots":1.0,"showing":true,"time":0.267,"weapon":0}
FP_LIVE_SNAPSHOT {"ack":8,"health":100.0,"recoil_count":1,"reloading":false,"rig_weapon":0,"shots":1.0,"showing":true,"time":0.3,"weapon":0}
FP_LIVE_SNAPSHOT {"ack":8,"health":100.0,"recoil_count":1,"reloading":false,"rig_weapon":0,"shots":1.0,"showing":true,"time":0.333,"weapon":0}
FP_LIVE_SNAPSHOT {"ack":10,"health":100.0,"recoil_count":1,"reloading":false,"rig_weapon":0,"shots":1.0,"showing":true,"time":0.367,"weapon":0}
FP_LIVE_SNAPSHOT {"ack":11,"health":100.0,"recoil_count":2,"reloading":false,"rig_weapon":0,"shots":2.0,"showing":true,"time":0.4,"weapon":0}
FP_LIVE_SNAPSHOT {"ack":12,"health":100.0,"recoil_count":2,"reloading":false,"rig_weapon":0,"shots":2.0,"showing":true,"time":0.433,"weapon":0}
FP_LIVE_SNAPSHOT {"ack":13,"health":100.0,"recoil_count":2,"reloading":false,"rig_weapon":0,"shots":2.0,"showing":true,"time":0.467,"weapon":0}
FP_LIVE_SNAPSHOT {"ack":14,"health":100.0,"recoil_count":2,"reloading":false,"rig_weapon":0,"shots":3.0,"showing":true,"time":0.5,"weapon":0}
FP_LIVE_SNAPSHOT {"ack":15,"health":100.0,"recoil_count":3,"reloading":false,"rig_weapon":0,"shots":3.0,"showing":true,"time":0.533,"weapon":0}
FP_LIVE_SNAPSHOT {"ack":17,"health":100.0,"recoil_count":3,"reloading":false,"rig_weapon":0,"shots":3.0,"showing":true,"time":0.567,"weapon":0}
FP_LIVE_SNAPSHOT {"ack":17,"health":100.0,"recoil_count":3,"reloading":false,"rig_weapon":0,"shots":3.0,"showing":true,"time":0.6,"weapon":0}
FP_LIVE_SNAPSHOT {"ack":17,"health":100.0,"recoil_count":4,"reloading":false,"rig_weapon":0,"shots":4.0,"showing":true,"time":0.633,"weapon":0}
FP_LIVE_SNAPSHOT {"ack":17,"health":100.0,"recoil_count":4,"reloading":false,"rig_weapon":0,"shots":4.0,"showing":true,"time":0.667,"weapon":0}
FP_LIVE_SNAPSHOT {"ack":17,"health":100.0,"recoil_count":4,"reloading":false,"rig_weapon":0,"shots":4.0,"showing":true,"time":0.7,"weapon":0}
FP_LIVE_SNAPSHOT {"ack":18,"health":100.0,"recoil_count":4,"reloading":false,"rig_weapon":0,"shots":5.0,"showing":true,"time":0.733,"weapon":0}
FP_LIVE_SNAPSHOT {"ack":19,"health":100.0,"recoil_count":5,"reloading":false,"rig_weapon":0,"shots":5.0,"showing":true,"time":0.767,"weapon":0}
FP_LIVE_SNAPSHOT {"ack":20,"health":100.0,"recoil_count":5,"reloading":false,"rig_weapon":0,"shots":5.0,"showing":true,"time":0.8,"weapon":0}
FP_LIVE_SNAPSHOT {"ack":21,"health":100.0,"recoil_count":5,"reloading":false,"rig_weapon":0,"shots":5.0,"showing":true,"time":0.833,"weapon":0}
FP_LIVE_SNAPSHOT {"ack":23,"health":100.0,"recoil_count":6,"reloading":false,"rig_weapon":0,"shots":6.0,"showing":true,"time":0.867,"weapon":0}
FP_LIVE_SNAPSHOT {"ack":24,"health":100.0,"recoil_count":6,"reloading":false,"rig_weapon":0,"shots":6.0,"showing":true,"time":0.9,"weapon":0}
FP_LIVE_SNAPSHOT {"ack":25,"health":100.0,"recoil_count":6,"reloading":false,"rig_weapon":0,"shots":6.0,"showing":true,"time":0.933,"weapon":0}
FP_LIVE_SNAPSHOT {"ack":26,"health":100.0,"recoil_count":6,"reloading":false,"rig_weapon":0,"shots":7.0,"showing":true,"time":0.967,"weapon":0}
FP_LIVE_SNAPSHOT {"ack":27,"health":100.0,"recoil_count":7,"reloading":false,"rig_weapon":0,"shots":7.0,"showing":true,"time":1.0,"weapon":0}
FP_LIVE_SNAPSHOT {"ack":29,"health":100.0,"recoil_count":7,"reloading":false,"rig_weapon":0,"shots":7.0,"showing":true,"time":1.033,"weapon":0}
FP_LIVE_SNAPSHOT {"ack":30,"health":100.0,"recoil_count":7,"reloading":false,"rig_weapon":0,"shots":7.0,"showing":true,"time":1.067,"weapon":0}
FP_LIVE_SNAPSHOT {"ack":31,"health":100.0,"recoil_count":8,"reloading":false,"rig_weapon":0,"shots":8.0,"showing":true,"time":1.1,"weapon":0}
FP_LIVE_SNAPSHOT {"ack":32,"health":100.0,"recoil_count":8,"reloading":false,"rig_weapon":0,"shots":8.0,"showing":true,"time":1.133,"weapon":0}
FP_LIVE_SNAPSHOT {"ack":34,"health":100.0,"recoil_count":8,"reloading":false,"rig_weapon":0,"shots":8.0,"showing":true,"time":1.167,"weapon":0}
FP_LIVE_SNAPSHOT {"ack":35,"health":100.0,"recoil_count":8,"reloading":false,"rig_weapon":0,"shots":9.0,"showing":true,"time":1.2,"weapon":0}
FP_LIVE_SNAPSHOT {"ack":36,"health":100.0,"recoil_count":9,"reloading":false,"rig_weapon":0,"shots":9.0,"showing":true,"time":1.233,"weapon":0}
FP_LIVE_SNAPSHOT {"ack":38,"health":100.0,"recoil_count":9,"reloading":false,"rig_weapon":0,"shots":9.0,"showing":true,"time":1.267,"weapon":0}
FP_LIVE_SNAPSHOT {"ack":39,"health":100.0,"recoil_count":9,"reloading":false,"rig_weapon":0,"shots":9.0,"showing":true,"time":1.3,"weapon":0}
FP_LIVE_SNAPSHOT {"ack":40,"health":100.0,"recoil_count":10,"reloading":false,"rig_weapon":0,"shots":10.0,"showing":true,"time":1.333,"weapon":0}
FP_LIVE_SNAPSHOT {"ack":42,"health":100.0,"recoil_count":10,"reloading":false,"rig_weapon":0,"shots":10.0,"showing":true,"time":1.367,"weapon":0}
FP_LIVE_SNAPSHOT {"ack":43,"health":100.0,"recoil_count":10,"reloading":false,"rig_weapon":0,"shots":10.0,"showing":true,"time":1.4,"weapon":0}
FP_LIVE_SNAPSHOT {"ack":45,"health":100.0,"recoil_count":10,"reloading":false,"rig_weapon":0,"shots":11.0,"showing":true,"time":1.433,"weapon":0}
FP_LIVE_SNAPSHOT {"ack":46,"health":100.0,"recoil_count":11,"reloading":false,"rig_weapon":0,"shots":11.0,"showing":true,"time":1.467,"weapon":0}
FP_LIVE_SNAPSHOT {"ack":47,"health":100.0,"recoil_count":11,"reloading":false,"rig_weapon":0,"shots":11.0,"showing":true,"time":1.5,"weapon":0}
FP_LIVE_SNAPSHOT {"ack":48,"health":100.0,"recoil_count":11,"reloading":false,"rig_weapon":0,"shots":11.0,"showing":true,"time":1.533,"weapon":0}
FP_LIVE_SNAPSHOT {"ack":50,"health":100.0,"recoil_count":12,"reloading":false,"rig_weapon":0,"shots":12.0,"showing":true,"time":1.567,"weapon":0}
FP_LIVE_SNAPSHOT {"ack":51,"health":100.0,"recoil_count":12,"reloading":false,"rig_weapon":0,"shots":12.0,"showing":true,"time":1.6,"weapon":0}
FP_LIVE_SNAPSHOT {"ack":52,"health":100.0,"recoil_count":12,"reloading":false,"rig_weapon":0,"shots":12.0,"showing":true,"time":1.633,"weapon":0}
FP_LIVE_SNAPSHOT {"ack":54,"health":100.0,"recoil_count":12,"reloading":false,"rig_weapon":0,"shots":13.0,"showing":true,"time":1.667,"weapon":0}
FP_LIVE_SNAPSHOT {"ack":55,"health":100.0,"recoil_count":13,"reloading":false,"rig_weapon":0,"shots":13.0,"showing":true,"time":1.7,"weapon":0}
FP_LIVE_SNAPSHOT {"ack":56,"health":100.0,"recoil_count":13,"reloading":false,"rig_weapon":0,"shots":13.0,"showing":true,"time":1.733,"weapon":0}
FP_LIVE_SNAPSHOT {"ack":57,"health":100.0,"recoil_count":13,"reloading":false,"rig_weapon":0,"shots":13.0,"showing":true,"time":1.767,"weapon":0}
FP_LIVE_SNAPSHOT {"ack":59,"health":100.0,"recoil_count":14,"reloading":false,"rig_weapon":0,"shots":14.0,"showing":true,"time":1.8,"weapon":0}
FP_LIVE_SNAPSHOT {"ack":60,"health":100.0,"recoil_count":14,"reloading":false,"rig_weapon":0,"shots":14.0,"showing":true,"time":1.833,"weapon":0}
FP_LIVE_SNAPSHOT {"ack":61,"health":100.0,"recoil_count":14,"reloading":false,"rig_weapon":0,"shots":14.0,"showing":true,"time":1.867,"weapon":0}
FP_LIVE_SNAPSHOT {"ack":63,"health":100.0,"recoil_count":14,"reloading":false,"rig_weapon":0,"shots":15.0,"showing":true,"time":1.9,"weapon":0}
FP_LIVE_SNAPSHOT {"ack":64,"health":100.0,"recoil_count":15,"reloading":false,"rig_weapon":0,"shots":15.0,"showing":true,"time":1.933,"weapon":0}
FP_LIVE_SNAPSHOT {"ack":65,"health":100.0,"recoil_count":15,"reloading":false,"rig_weapon":0,"shots":15.0,"showing":true,"time":1.967,"weapon":5}
FP_LIVE_SNAPSHOT {"ack":66,"health":100.0,"recoil_count":15,"reloading":false,"rig_weapon":5,"shots":15.0,"showing":true,"time":2.0,"weapon":5}
FP_LIVE_SNAPSHOT {"ack":67,"health":100.0,"recoil_count":16,"reloading":false,"rig_weapon":5,"shots":16.0,"showing":true,"time":2.033,"weapon":5}
FP_LIVE_SNAPSHOT {"ack":69,"health":100.0,"recoil_count":16,"reloading":false,"rig_weapon":5,"shots":16.0,"showing":true,"time":2.067,"weapon":5}
FP_LIVE_SNAPSHOT {"ack":70,"health":100.0,"recoil_count":16,"reloading":false,"rig_weapon":5,"shots":16.0,"showing":true,"time":2.1,"weapon":5}
FP_LIVE_SNAPSHOT {"ack":71,"health":100.0,"recoil_count":16,"reloading":false,"rig_weapon":5,"shots":16.0,"showing":true,"time":2.133,"weapon":5}
FP_LIVE_SNAPSHOT {"ack":72,"health":100.0,"recoil_count":16,"reloading":false,"rig_weapon":5,"shots":16.0,"showing":true,"time":2.167,"weapon":5}
FP_LIVE_SNAPSHOT {"ack":74,"health":100.0,"recoil_count":16,"reloading":false,"rig_weapon":5,"shots":16.0,"showing":true,"time":2.2,"weapon":5}
FP_LIVE_SNAPSHOT {"ack":75,"health":100.0,"recoil_count":16,"reloading":false,"rig_weapon":5,"shots":16.0,"showing":true,"time":2.233,"weapon":5}
FP_LIVE_SNAPSHOT {"ack":76,"health":100.0,"recoil_count":16,"reloading":false,"rig_weapon":5,"shots":16.0,"showing":true,"time":2.267,"weapon":5}
FP_LIVE_SNAPSHOT {"ack":78,"health":100.0,"recoil_count":16,"reloading":false,"rig_weapon":5,"shots":16.0,"showing":true,"time":2.3,"weapon":5}
FP_LIVE_SNAPSHOT {"ack":79,"health":100.0,"recoil_count":16,"reloading":false,"rig_weapon":5,"shots":16.0,"showing":true,"time":2.333,"weapon":5}
FP_LIVE_SNAPSHOT {"ack":80,"health":100.0,"recoil_count":16,"reloading":false,"rig_weapon":5,"shots":16.0,"showing":true,"time":2.367,"weapon":5}
FP_LIVE_SNAPSHOT {"ack":81,"health":100.0,"recoil_count":16,"reloading":false,"rig_weapon":5,"shots":16.0,"showing":true,"time":2.4,"weapon":5}
FP_LIVE_SNAPSHOT {"ack":83,"health":100.0,"recoil_count":16,"reloading":false,"rig_weapon":5,"shots":16.0,"showing":true,"time":2.433,"weapon":5}
FP_LIVE_SNAPSHOT {"ack":84,"health":100.0,"recoil_count":16,"reloading":false,"rig_weapon":5,"shots":16.0,"showing":true,"time":2.467,"weapon":5}
FP_LIVE_SNAPSHOT {"ack":85,"health":100.0,"recoil_count":16,"reloading":false,"rig_weapon":5,"shots":16.0,"showing":true,"time":2.5,"weapon":5}
FP_LIVE_SNAPSHOT {"ack":87,"health":100.0,"recoil_count":16,"reloading":false,"rig_weapon":5,"shots":16.0,"showing":true,"time":2.533,"weapon":5}
FP_LIVE_SNAPSHOT {"ack":88,"health":100.0,"recoil_count":16,"reloading":false,"rig_weapon":5,"shots":16.0,"showing":true,"time":2.567,"weapon":5}
FP_LIVE_SNAPSHOT {"ack":89,"health":100.0,"recoil_count":16,"reloading":false,"rig_weapon":5,"shots":16.0,"showing":true,"time":2.6,"weapon":5}
FP_LIVE_SNAPSHOT {"ack":90,"health":100.0,"recoil_count":16,"reloading":false,"rig_weapon":5,"shots":16.0,"showing":true,"time":2.633,"weapon":5}
FP_LIVE_SNAPSHOT {"ack":90,"health":100.0,"recoil_count":16,"reloading":false,"rig_weapon":5,"shots":16.0,"showing":true,"time":2.667,"weapon":5}
FP_LIVE_SNAPSHOT {"ack":90,"health":100.0,"recoil_count":16,"reloading":false,"rig_weapon":5,"shots":16.0,"showing":true,"time":2.7,"weapon":5}
FP_LIVE_SNAPSHOT {"ack":90,"health":100.0,"recoil_count":16,"reloading":false,"rig_weapon":5,"shots":16.0,"showing":true,"time":2.733,"weapon":5}
FP_LIVE_SNAPSHOT {"ack":91,"health":100.0,"recoil_count":16,"reloading":false,"rig_weapon":5,"shots":16.0,"showing":true,"time":2.767,"weapon":5}
FP_LIVE_SNAPSHOT {"ack":93,"health":100.0,"recoil_count":16,"reloading":false,"rig_weapon":5,"shots":16.0,"showing":true,"time":2.8,"weapon":5}
FP_LIVE_SNAPSHOT {"ack":94,"health":100.0,"recoil_count":16,"reloading":false,"rig_weapon":5,"shots":16.0,"showing":true,"time":2.833,"weapon":5}
FP_LIVE_SNAPSHOT {"ack":95,"health":100.0,"recoil_count":16,"reloading":false,"rig_weapon":5,"shots":16.0,"showing":true,"time":2.867,"weapon":5}
FP_LIVE_SNAPSHOT {"ack":97,"health":100.0,"recoil_count":16,"reloading":false,"rig_weapon":5,"shots":16.0,"showing":true,"time":2.9,"weapon":5}
FP_LIVE_SNAPSHOT {"ack":98,"health":100.0,"recoil_count":17,"reloading":false,"rig_weapon":5,"shots":17.0,"showing":true,"time":2.933,"weapon":5}
FP_LIVE_SNAPSHOT {"ack":99,"health":100.0,"recoil_count":17,"reloading":false,"rig_weapon":5,"shots":17.0,"showing":true,"time":2.967,"weapon":5}
FP_LIVE_SNAPSHOT {"ack":99,"health":100.0,"recoil_count":17,"reloading":false,"rig_weapon":5,"shots":17.0,"showing":true,"time":3.0,"weapon":5}
FP_LIVE_SNAPSHOT {"ack":99,"health":100.0,"recoil_count":17,"reloading":false,"rig_weapon":5,"shots":17.0,"showing":true,"time":3.033,"weapon":5}
FP_LIVE_SNAPSHOT {"ack":99,"health":100.0,"recoil_count":17,"reloading":false,"rig_weapon":5,"shots":17.0,"showing":true,"time":3.067,"weapon":5}
FP_LIVE_SNAPSHOT {"ack":100,"health":100.0,"recoil_count":17,"reloading":false,"rig_weapon":5,"shots":17.0,"showing":true,"time":3.1,"weapon":5}
FP_LIVE_SNAPSHOT {"ack":101,"health":100.0,"recoil_count":17,"reloading":false,"rig_weapon":5,"shots":17.0,"showing":true,"time":3.133,"weapon":5}
FP_LIVE_SNAPSHOT {"ack":102,"health":100.0,"recoil_count":17,"reloading":false,"rig_weapon":5,"shots":17.0,"showing":true,"time":3.167,"weapon":5}
FP_LIVE_SNAPSHOT {"ack":103,"health":100.0,"recoil_count":17,"reloading":false,"rig_weapon":5,"shots":17.0,"showing":true,"time":3.2,"weapon":5}
FP_LIVE_SNAPSHOT {"ack":105,"health":100.0,"recoil_count":17,"reloading":false,"rig_weapon":5,"shots":17.0,"showing":true,"time":3.233,"weapon":5}
FP_LIVE_SNAPSHOT {"ack":106,"health":100.0,"recoil_count":17,"reloading":false,"rig_weapon":5,"shots":17.0,"showing":true,"time":3.267,"weapon":5}
FP_LIVE_SNAPSHOT {"ack":107,"health":100.0,"recoil_count":17,"reloading":false,"rig_weapon":5,"shots":17.0,"showing":true,"time":3.3,"weapon":5}
FP_LIVE_SNAPSHOT {"ack":108,"health":100.0,"recoil_count":17,"reloading":false,"rig_weapon":5,"shots":17.0,"showing":true,"time":3.333,"weapon":5}
FP_LIVE_SNAPSHOT {"ack":110,"health":100.0,"recoil_count":17,"reloading":false,"rig_weapon":5,"shots":17.0,"showing":true,"time":3.367,"weapon":5}
FP_LIVE_SNAPSHOT {"ack":111,"health":100.0,"recoil_count":17,"reloading":false,"rig_weapon":5,"shots":17.0,"showing":true,"time":3.4,"weapon":5}
FP_LIVE_SNAPSHOT {"ack":112,"health":100.0,"recoil_count":17,"reloading":false,"rig_weapon":5,"shots":17.0,"showing":true,"time":3.433,"weapon":5}
FP_LIVE_SNAPSHOT {"ack":113,"health":100.0,"recoil_count":17,"reloading":false,"rig_weapon":5,"shots":17.0,"showing":true,"time":3.467,"weapon":5}
FP_LIVE_SNAPSHOT {"ack":115,"health":100.0,"recoil_count":17,"reloading":false,"rig_weapon":5,"shots":17.0,"showing":true,"time":3.5,"weapon":5}
FP_LIVE_SNAPSHOT {"ack":116,"health":100.0,"recoil_count":17,"reloading":false,"rig_weapon":5,"shots":17.0,"showing":true,"time":3.533,"weapon":5}
FP_LIVE_SNAPSHOT {"ack":117,"health":100.0,"recoil_count":17,"reloading":false,"rig_weapon":5,"shots":17.0,"showing":true,"time":3.567,"weapon":5}
FP_LIVE_SNAPSHOT {"ack":118,"health":100.0,"recoil_count":17,"reloading":false,"rig_weapon":5,"shots":17.0,"showing":true,"time":3.6,"weapon":5}
FP_LIVE_SNAPSHOT {"ack":119,"health":100.0,"recoil_count":17,"reloading":false,"rig_weapon":5,"shots":17.0,"showing":true,"time":3.633,"weapon":5}
FP_LIVE_SNAPSHOT {"ack":121,"health":100.0,"recoil_count":17,"reloading":false,"rig_weapon":5,"shots":17.0,"showing":true,"time":3.667,"weapon":5}
FP_LIVE_SNAPSHOT {"ack":122,"health":100.0,"recoil_count":17,"reloading":false,"rig_weapon":5,"shots":17.0,"showing":true,"time":3.7,"weapon":5}
FP_LIVE_SNAPSHOT {"ack":123,"health":100.0,"recoil_count":17,"reloading":false,"rig_weapon":5,"shots":17.0,"showing":true,"time":3.733,"weapon":5}
FP_LIVE_SNAPSHOT {"ack":124,"health":100.0,"recoil_count":17,"reloading":false,"rig_weapon":5,"shots":17.0,"showing":true,"time":3.767,"weapon":5}
FP_LIVE_SNAPSHOT {"ack":125,"health":100.0,"recoil_count":17,"reloading":false,"rig_weapon":5,"shots":17.0,"showing":true,"time":3.8,"weapon":5}
FP_LIVE_SNAPSHOT {"ack":126,"health":100.0,"recoil_count":18,"reloading":false,"rig_weapon":5,"shots":18.0,"showing":true,"time":3.833,"weapon":5}
FP_LIVE_SNAPSHOT {"ack":128,"health":100.0,"recoil_count":18,"reloading":false,"rig_weapon":5,"shots":18.0,"showing":true,"time":3.867,"weapon":5}
FP_LIVE_SNAPSHOT {"ack":129,"health":100.0,"recoil_count":18,"reloading":false,"rig_weapon":5,"shots":18.0,"showing":true,"time":3.9,"weapon":5}
FP_LIVE_SNAPSHOT {"ack":130,"health":100.0,"recoil_count":18,"reloading":false,"rig_weapon":5,"shots":18.0,"showing":true,"time":3.933,"weapon":5}
FP_LIVE_SNAPSHOT {"ack":131,"health":100.0,"recoil_count":18,"reloading":false,"rig_weapon":5,"shots":18.0,"showing":true,"time":3.967,"weapon":5}
FP_LIVE_SNAPSHOT {"ack":132,"health":100.0,"recoil_count":18,"reloading":false,"rig_weapon":5,"shots":18.0,"showing":true,"time":4.0,"weapon":5}
FP_LIVE_SNAPSHOT {"ack":134,"health":100.0,"recoil_count":18,"reloading":false,"rig_weapon":5,"shots":18.0,"showing":true,"time":4.033,"weapon":5}
FP_LIVE_SNAPSHOT {"ack":135,"health":100.0,"recoil_count":18,"reloading":false,"rig_weapon":5,"shots":18.0,"showing":true,"time":4.067,"weapon":5}
FP_LIVE_SNAPSHOT {"ack":136,"health":100.0,"recoil_count":18,"reloading":false,"rig_weapon":5,"shots":18.0,"showing":true,"time":4.1,"weapon":5}
FP_LIVE_SNAPSHOT {"ack":137,"health":100.0,"recoil_count":18,"reloading":false,"rig_weapon":5,"shots":18.0,"showing":true,"time":4.133,"weapon":5}
FP_LIVE_SNAPSHOT {"ack":139,"health":100.0,"recoil_count":18,"reloading":false,"rig_weapon":5,"shots":18.0,"showing":true,"time":4.167,"weapon":5}
FP_LIVE_SNAPSHOT {"ack":140,"health":100.0,"recoil_count":18,"reloading":false,"rig_weapon":5,"shots":18.0,"showing":true,"time":4.2,"weapon":5}
FP_LIVE_SNAPSHOT {"ack":141,"health":100.0,"recoil_count":18,"reloading":false,"rig_weapon":5,"shots":18.0,"showing":true,"time":4.233,"weapon":5}
FP_LIVE_SNAPSHOT {"ack":142,"health":100.0,"recoil_count":18,"reloading":false,"rig_weapon":5,"shots":18.0,"showing":true,"time":4.267,"weapon":5}
FP_LIVE_SNAPSHOT {"ack":143,"health":100.0,"recoil_count":18,"reloading":false,"rig_weapon":5,"shots":18.0,"showing":true,"time":4.3,"weapon":5}
FP_LIVE_SNAPSHOT {"ack":144,"health":100.0,"recoil_count":18,"reloading":false,"rig_weapon":5,"shots":18.0,"showing":true,"time":4.333,"weapon":5}
FP_LIVE_SNAPSHOT {"ack":145,"health":100.0,"recoil_count":18,"reloading":false,"rig_weapon":5,"shots":18.0,"showing":true,"time":4.367,"weapon":5}
FP_LIVE_SNAPSHOT {"ack":147,"health":100.0,"recoil_count":18,"reloading":false,"rig_weapon":5,"shots":18.0,"showing":true,"time":4.4,"weapon":5}
FP_LIVE_SNAPSHOT {"ack":148,"health":100.0,"recoil_count":18,"reloading":false,"rig_weapon":5,"shots":18.0,"showing":true,"time":4.433,"weapon":5}
FP_LIVE_SNAPSHOT {"ack":149,"health":100.0,"recoil_count":18,"reloading":false,"rig_weapon":5,"shots":18.0,"showing":true,"time":4.467,"weapon":5}
FP_LIVE_SNAPSHOT {"ack":150,"health":100.0,"recoil_count":18,"reloading":false,"rig_weapon":5,"shots":18.0,"showing":true,"time":4.5,"weapon":5}
FP_LIVE_SNAPSHOT {"ack":151,"health":100.0,"recoil_count":18,"reloading":false,"rig_weapon":5,"shots":18.0,"showing":true,"time":4.533,"weapon":5}
FP_LIVE_SNAPSHOT {"ack":152,"health":100.0,"recoil_count":18,"reloading":false,"rig_weapon":5,"shots":18.0,"showing":true,"time":4.567,"weapon":5}
FP_LIVE_SNAPSHOT {"ack":153,"health":100.0,"recoil_count":18,"reloading":false,"rig_weapon":5,"shots":18.0,"showing":true,"time":4.6,"weapon":5}
FP_LIVE_SNAPSHOT {"ack":155,"health":100.0,"recoil_count":18,"reloading":false,"rig_weapon":5,"shots":18.0,"showing":true,"time":4.633,"weapon":5}
FP_LIVE_SNAPSHOT {"ack":156,"health":100.0,"recoil_count":18,"reloading":false,"rig_weapon":5,"shots":18.0,"showing":true,"time":4.667,"weapon":5}
FP_LIVE_SNAPSHOT {"ack":157,"health":100.0,"recoil_count":18,"reloading":false,"rig_weapon":5,"shots":18.0,"showing":true,"time":4.7,"weapon":5}
FP_LIVE_SNAPSHOT {"ack":158,"health":100.0,"recoil_count":18,"reloading":false,"rig_weapon":5,"shots":18.0,"showing":true,"time":4.733,"weapon":5}
FP_LIVE_SNAPSHOT {"ack":160,"health":100.0,"recoil_count":18,"reloading":false,"rig_weapon":5,"shots":18.0,"showing":true,"time":4.767,"weapon":5}
FP_LIVE_SNAPSHOT {"ack":161,"health":100.0,"recoil_count":18,"reloading":false,"rig_weapon":5,"shots":18.0,"showing":true,"time":4.8,"weapon":5}
FP_LIVE_SNAPSHOT {"ack":162,"health":100.0,"recoil_count":18,"reloading":false,"rig_weapon":5,"shots":18.0,"showing":true,"time":4.833,"weapon":5}
FP_LIVE_SNAPSHOT {"ack":164,"health":100.0,"recoil_count":18,"reloading":false,"rig_weapon":5,"shots":18.0,"showing":true,"time":4.867,"weapon":5}
FP_LIVE_SNAPSHOT {"ack":165,"health":100.0,"recoil_count":18,"reloading":false,"rig_weapon":5,"shots":18.0,"showing":true,"time":4.9,"weapon":5}
FP_LIVE_SNAPSHOT {"ack":166,"health":100.0,"recoil_count":18,"reloading":false,"rig_weapon":5,"shots":18.0,"showing":true,"time":4.933,"weapon":5}
FP_LIVE_SNAPSHOT {"ack":167,"health":100.0,"recoil_count":18,"reloading":false,"rig_weapon":5,"shots":18.0,"showing":true,"time":4.967,"weapon":5}
FP_LIVE_SNAPSHOT {"ack":168,"health":100.0,"recoil_count":18,"reloading":false,"rig_weapon":5,"shots":18.0,"showing":true,"time":5.0,"weapon":5}
FP_LIVE_SNAPSHOT {"ack":170,"health":100.0,"recoil_count":18,"reloading":false,"rig_weapon":5,"shots":18.0,"showing":true,"time":5.033,"weapon":5}
FP_LIVE_SNAPSHOT {"ack":171,"health":100.0,"recoil_count":18,"reloading":true,"rig_weapon":5,"shots":18.0,"showing":true,"time":5.067,"weapon":5}
FP_LIVE_SNAPSHOT {"ack":172,"health":100.0,"recoil_count":18,"reloading":true,"rig_weapon":5,"shots":18.0,"showing":true,"time":5.1,"weapon":5}
FP_LIVE_SNAPSHOT {"ack":174,"health":100.0,"recoil_count":18,"reloading":true,"rig_weapon":5,"shots":18.0,"showing":true,"time":5.133,"weapon":5}
FP_LIVE_SNAPSHOT {"ack":175,"health":100.0,"recoil_count":18,"reloading":true,"rig_weapon":5,"shots":18.0,"showing":true,"time":5.167,"weapon":5}
FP_LIVE_SNAPSHOT {"ack":176,"health":100.0,"recoil_count":18,"reloading":true,"rig_weapon":5,"shots":18.0,"showing":true,"time":5.2,"weapon":5}
FP_LIVE_SNAPSHOT {"ack":177,"health":100.0,"recoil_count":18,"reloading":true,"rig_weapon":5,"shots":18.0,"showing":true,"time":5.233,"weapon":5}
FP_LIVE_SNAPSHOT {"ack":179,"health":100.0,"recoil_count":18,"reloading":true,"rig_weapon":5,"shots":18.0,"showing":true,"time":5.267,"weapon":5}
FP_LIVE_SNAPSHOT {"ack":180,"health":100.0,"recoil_count":18,"reloading":true,"rig_weapon":5,"shots":18.0,"showing":true,"time":5.3,"weapon":5}
FP_LIVE_SNAPSHOT {"ack":181,"health":100.0,"recoil_count":18,"reloading":true,"rig_weapon":5,"shots":18.0,"showing":true,"time":5.333,"weapon":5}
FP_LIVE_SNAPSHOT {"ack":183,"health":100.0,"recoil_count":18,"reloading":true,"rig_weapon":5,"shots":18.0,"showing":true,"time":5.367,"weapon":5}
FP_LIVE_SNAPSHOT {"ack":184,"health":100.0,"recoil_count":18,"reloading":true,"rig_weapon":5,"shots":18.0,"showing":true,"time":5.4,"weapon":5}
FP_LIVE_SNAPSHOT {"ack":185,"health":100.0,"recoil_count":18,"reloading":true,"rig_weapon":5,"shots":18.0,"showing":true,"time":5.433,"weapon":5}
FP_LIVE_SNAPSHOT {"ack":187,"health":100.0,"recoil_count":18,"reloading":true,"rig_weapon":5,"shots":18.0,"showing":true,"time":5.467,"weapon":5}
FP_LIVE_SNAPSHOT {"ack":188,"health":100.0,"recoil_count":18,"reloading":true,"rig_weapon":5,"shots":18.0,"showing":true,"time":5.5,"weapon":5}
FP_LIVE_SNAPSHOT {"ack":189,"health":100.0,"recoil_count":18,"reloading":true,"rig_weapon":5,"shots":18.0,"showing":true,"time":5.533,"weapon":5}
FP_LIVE_SNAPSHOT {"ack":190,"health":100.0,"recoil_count":18,"reloading":true,"rig_weapon":5,"shots":18.0,"showing":true,"time":5.567,"weapon":5}
FP_LIVE_SNAPSHOT {"ack":191,"health":100.0,"recoil_count":18,"reloading":true,"rig_weapon":5,"shots":18.0,"showing":true,"time":5.6,"weapon":5}
FP_LIVE_SNAPSHOT {"ack":191,"health":100.0,"recoil_count":18,"reloading":true,"rig_weapon":5,"shots":18.0,"showing":true,"time":5.633,"weapon":5}
FP_LIVE_SNAPSHOT {"ack":191,"health":100.0,"recoil_count":18,"reloading":true,"rig_weapon":5,"shots":18.0,"showing":true,"time":5.667,"weapon":5}
FP_LIVE_SNAPSHOT {"ack":191,"health":100.0,"recoil_count":18,"reloading":true,"rig_weapon":5,"shots":18.0,"showing":true,"time":5.7,"weapon":5}
FP_LIVE_SNAPSHOT {"ack":193,"health":100.0,"recoil_count":18,"reloading":true,"rig_weapon":5,"shots":18.0,"showing":true,"time":5.733,"weapon":5}
FP_LIVE_SNAPSHOT {"ack":194,"health":100.0,"recoil_count":18,"reloading":true,"rig_weapon":5,"shots":18.0,"showing":true,"time":5.767,"weapon":5}
FP_LIVE_SNAPSHOT {"ack":195,"health":100.0,"recoil_count":18,"reloading":true,"rig_weapon":5,"shots":18.0,"showing":true,"time":5.8,"weapon":5}
FP_LIVE_SNAPSHOT {"ack":197,"health":100.0,"recoil_count":18,"reloading":true,"rig_weapon":5,"shots":18.0,"showing":true,"time":5.833,"weapon":5}
FP_LIVE_SNAPSHOT {"ack":198,"health":100.0,"recoil_count":18,"reloading":true,"rig_weapon":5,"shots":18.0,"showing":true,"time":5.867,"weapon":5}
FP_LIVE_SNAPSHOT {"ack":199,"health":100.0,"recoil_count":18,"reloading":true,"rig_weapon":5,"shots":18.0,"showing":true,"time":5.9,"weapon":5}
FP_LIVE_SNAPSHOT {"ack":200,"health":100.0,"recoil_count":18,"reloading":true,"rig_weapon":5,"shots":18.0,"showing":true,"time":5.933,"weapon":5}
FP_LIVE_SNAPSHOT {"ack":201,"health":100.0,"recoil_count":18,"reloading":true,"rig_weapon":5,"shots":18.0,"showing":true,"time":5.967,"weapon":5}
FP_LIVE_SNAPSHOT {"ack":203,"health":100.0,"recoil_count":18,"reloading":true,"rig_weapon":5,"shots":18.0,"showing":true,"time":6.0,"weapon":5}
FP_LIVE_SNAPSHOT {"ack":204,"health":100.0,"recoil_count":18,"reloading":true,"rig_weapon":5,"shots":18.0,"showing":true,"time":6.033,"weapon":5}
FP_LIVE_SNAPSHOT {"ack":205,"health":100.0,"recoil_count":18,"reloading":true,"rig_weapon":5,"shots":18.0,"showing":true,"time":6.067,"weapon":5}
FP_LIVE_SNAPSHOT {"ack":207,"health":100.0,"recoil_count":18,"reloading":true,"rig_weapon":5,"shots":18.0,"showing":true,"time":6.1,"weapon":5}
FP_LIVE_SNAPSHOT {"ack":208,"health":100.0,"recoil_count":18,"reloading":true,"rig_weapon":5,"shots":18.0,"showing":true,"time":6.133,"weapon":5}
FP_LIVE_SNAPSHOT {"ack":209,"health":100.0,"recoil_count":18,"reloading":true,"rig_weapon":5,"shots":18.0,"showing":true,"time":6.167,"weapon":5}
FP_LIVE_SNAPSHOT {"ack":211,"health":100.0,"recoil_count":18,"reloading":true,"rig_weapon":5,"shots":18.0,"showing":true,"time":6.2,"weapon":5}
FP_LIVE_SNAPSHOT {"ack":212,"health":100.0,"recoil_count":18,"reloading":true,"rig_weapon":5,"shots":18.0,"showing":true,"time":6.233,"weapon":5}
FP_LIVE_SNAPSHOT {"ack":213,"health":100.0,"recoil_count":18,"reloading":true,"rig_weapon":5,"shots":18.0,"showing":true,"time":6.267,"weapon":5}
FP_LIVE_SNAPSHOT {"ack":214,"health":100.0,"recoil_count":18,"reloading":true,"rig_weapon":5,"shots":18.0,"showing":true,"time":6.3,"weapon":5}
FP_LIVE_SNAPSHOT {"ack":216,"health":100.0,"recoil_count":18,"reloading":true,"rig_weapon":5,"shots":18.0,"showing":true,"time":6.333,"weapon":5}
FP_LIVE_SNAPSHOT {"ack":217,"health":100.0,"recoil_count":18,"reloading":true,"rig_weapon":5,"shots":18.0,"showing":true,"time":6.367,"weapon":5}
FP_LIVE_SNAPSHOT {"ack":218,"health":100.0,"recoil_count":18,"reloading":true,"rig_weapon":5,"shots":18.0,"showing":true,"time":6.4,"weapon":5}
FP_LIVE_SNAPSHOT {"ack":220,"health":100.0,"recoil_count":18,"reloading":true,"rig_weapon":5,"shots":18.0,"showing":true,"time":6.433,"weapon":5}
FP_LIVE_SNAPSHOT {"ack":221,"health":100.0,"recoil_count":18,"reloading":true,"rig_weapon":5,"shots":18.0,"showing":true,"time":6.467,"weapon":5}
FP_LIVE_SNAPSHOT {"ack":222,"health":100.0,"recoil_count":18,"reloading":true,"rig_weapon":5,"shots":18.0,"showing":true,"time":6.5,"weapon":5}
FP_LIVE_SNAPSHOT {"ack":224,"health":100.0,"recoil_count":18,"reloading":true,"rig_weapon":5,"shots":18.0,"showing":true,"time":6.533,"weapon":5}
FP_LIVE_SNAPSHOT {"ack":225,"health":100.0,"recoil_count":18,"reloading":true,"rig_weapon":5,"shots":18.0,"showing":true,"time":6.567,"weapon":5}
FP_LIVE_SNAPSHOT {"ack":226,"health":100.0,"recoil_count":18,"reloading":true,"rig_weapon":5,"shots":18.0,"showing":true,"time":6.6,"weapon":5}
FP_LIVE_SNAPSHOT {"ack":228,"health":100.0,"recoil_count":18,"reloading":true,"rig_weapon":5,"shots":18.0,"showing":true,"time":6.633,"weapon":5}
FP_LIVE_SNAPSHOT {"ack":229,"health":100.0,"recoil_count":18,"reloading":true,"rig_weapon":5,"shots":18.0,"showing":true,"time":6.667,"weapon":5}
FP_LIVE_SNAPSHOT {"ack":230,"health":100.0,"recoil_count":18,"reloading":true,"rig_weapon":5,"shots":18.0,"showing":true,"time":6.7,"weapon":5}
FP_LIVE_SNAPSHOT {"ack":232,"health":100.0,"recoil_count":18,"reloading":true,"rig_weapon":5,"shots":18.0,"showing":true,"time":6.733,"weapon":5}
FP_LIVE_SNAPSHOT {"ack":233,"health":100.0,"recoil_count":18,"reloading":true,"rig_weapon":5,"shots":18.0,"showing":true,"time":6.767,"weapon":5}
FP_LIVE_SNAPSHOT {"ack":234,"health":100.0,"recoil_count":18,"reloading":true,"rig_weapon":5,"shots":18.0,"showing":true,"time":6.8,"weapon":5}
FP_LIVE_SNAPSHOT {"ack":235,"health":100.0,"recoil_count":18,"reloading":true,"rig_weapon":5,"shots":18.0,"showing":true,"time":6.833,"weapon":5}
FP_LIVE_SNAPSHOT {"ack":237,"health":100.0,"recoil_count":18,"reloading":true,"rig_weapon":5,"shots":18.0,"showing":true,"time":6.867,"weapon":5}
FP_LIVE_SNAPSHOT {"ack":238,"health":100.0,"recoil_count":18,"reloading":true,"rig_weapon":5,"shots":18.0,"showing":true,"time":6.9,"weapon":5}
FP_LIVE_SNAPSHOT {"ack":240,"health":100.0,"recoil_count":18,"reloading":true,"rig_weapon":5,"shots":18.0,"showing":true,"time":6.933,"weapon":5}
FP_LIVE_SNAPSHOT {"ack":241,"health":100.0,"recoil_count":18,"reloading":true,"rig_weapon":5,"shots":18.0,"showing":true,"time":6.967,"weapon":5}
FP_LIVE_SNAPSHOT {"ack":242,"health":100.0,"recoil_count":18,"reloading":true,"rig_weapon":5,"shots":18.0,"showing":true,"time":7.0,"weapon":5}
FP_LIVE_SNAPSHOT {"ack":243,"health":100.0,"recoil_count":18,"reloading":true,"rig_weapon":5,"shots":18.0,"showing":true,"time":7.033,"weapon":5}
FP_LIVE_SNAPSHOT {"ack":245,"health":100.0,"recoil_count":18,"reloading":true,"rig_weapon":5,"shots":18.0,"showing":true,"time":7.067,"weapon":5}
FP_LIVE_SNAPSHOT {"ack":246,"health":100.0,"recoil_count":18,"reloading":true,"rig_weapon":5,"shots":18.0,"showing":true,"time":7.1,"weapon":5}
FP_LIVE_SNAPSHOT {"ack":247,"health":100.0,"recoil_count":18,"reloading":true,"rig_weapon":5,"shots":18.0,"showing":true,"time":7.133,"weapon":5}
FP_LIVE_SNAPSHOT {"ack":248,"health":100.0,"recoil_count":18,"reloading":true,"rig_weapon":5,"shots":18.0,"showing":true,"time":7.167,"weapon":5}
FP_LIVE_SNAPSHOT {"ack":250,"health":100.0,"recoil_count":18,"reloading":true,"rig_weapon":5,"shots":18.0,"showing":true,"time":7.2,"weapon":5}
FP_LIVE_SNAPSHOT {"ack":251,"health":100.0,"recoil_count":18,"reloading":true,"rig_weapon":5,"shots":18.0,"showing":true,"time":7.233,"weapon":5}
FP_LIVE_SNAPSHOT {"ack":252,"health":100.0,"recoil_count":18,"reloading":true,"rig_weapon":5,"shots":18.0,"showing":true,"time":7.267,"weapon":5}
FP_LIVE_SNAPSHOT {"ack":254,"health":100.0,"recoil_count":18,"reloading":true,"rig_weapon":5,"shots":18.0,"showing":true,"time":7.3,"weapon":5}
FP_LIVE_SNAPSHOT {"ack":255,"health":100.0,"recoil_count":18,"reloading":true,"rig_weapon":5,"shots":18.0,"showing":true,"time":7.333,"weapon":5}
FP_LIVE_SNAPSHOT {"ack":256,"health":100.0,"recoil_count":18,"reloading":true,"rig_weapon":5,"shots":18.0,"showing":true,"time":7.367,"weapon":5}
FP_LIVE_SNAPSHOT {"ack":258,"health":100.0,"recoil_count":18,"reloading":true,"rig_weapon":5,"shots":18.0,"showing":true,"time":7.4,"weapon":5}
FP_LIVE_SNAPSHOT {"ack":259,"health":100.0,"recoil_count":18,"reloading":true,"rig_weapon":5,"shots":18.0,"showing":true,"time":7.433,"weapon":5}
FP_LIVE_SNAPSHOT {"ack":260,"health":100.0,"recoil_count":18,"reloading":true,"rig_weapon":5,"shots":18.0,"showing":true,"time":7.467,"weapon":5}
FP_LIVE_SNAPSHOT {"ack":261,"health":100.0,"recoil_count":18,"reloading":true,"rig_weapon":5,"shots":18.0,"showing":true,"time":7.5,"weapon":5}
FP_LIVE_SNAPSHOT {"ack":263,"health":100.0,"recoil_count":18,"reloading":true,"rig_weapon":5,"shots":18.0,"showing":true,"time":7.533,"weapon":5}
FP_LIVE_SNAPSHOT {"ack":264,"health":100.0,"recoil_count":18,"reloading":true,"rig_weapon":5,"shots":18.0,"showing":true,"time":7.567,"weapon":5}
FP_LIVE_SNAPSHOT {"ack":265,"health":100.0,"recoil_count":19,"reloading":false,"rig_weapon":5,"shots":19.0,"showing":true,"time":7.6,"weapon":5}
FP_LIVE_SNAPSHOT {"ack":266,"health":100.0,"recoil_count":19,"reloading":false,"rig_weapon":5,"shots":19.0,"showing":true,"time":7.633,"weapon":5}
FP_LIVE_SNAPSHOT {"ack":268,"health":100.0,"recoil_count":19,"reloading":false,"rig_weapon":5,"shots":19.0,"showing":true,"time":7.667,"weapon":5}
FP_LIVE_SNAPSHOT {"ack":269,"health":100.0,"recoil_count":19,"reloading":false,"rig_weapon":5,"shots":19.0,"showing":true,"time":7.7,"weapon":5}
FP_LIVE_SNAPSHOT {"ack":270,"health":100.0,"recoil_count":19,"reloading":false,"rig_weapon":5,"shots":19.0,"showing":true,"time":7.733,"weapon":5}
FP_LIVE_SNAPSHOT {"ack":271,"health":100.0,"recoil_count":19,"reloading":false,"rig_weapon":5,"shots":19.0,"showing":true,"time":7.767,"weapon":5}
FP_LIVE_SNAPSHOT {"ack":273,"health":100.0,"recoil_count":19,"reloading":false,"rig_weapon":5,"shots":19.0,"showing":true,"time":7.8,"weapon":5}
FP_LIVE_SNAPSHOT {"ack":274,"health":100.0,"recoil_count":19,"reloading":false,"rig_weapon":5,"shots":19.0,"showing":true,"time":7.833,"weapon":5}
FP_LIVE_SNAPSHOT {"ack":275,"health":100.0,"recoil_count":19,"reloading":false,"rig_weapon":5,"shots":19.0,"showing":true,"time":7.867,"weapon":5}
FP_LIVE_SNAPSHOT {"ack":277,"health":100.0,"recoil_count":19,"reloading":false,"rig_weapon":5,"shots":19.0,"showing":true,"time":7.9,"weapon":5}
FP_LIVE_SNAPSHOT {"ack":278,"health":100.0,"recoil_count":19,"reloading":false,"rig_weapon":5,"shots":19.0,"showing":true,"time":7.933,"weapon":5}
FP_LIVE_SNAPSHOT {"ack":279,"health":100.0,"recoil_count":19,"reloading":false,"rig_weapon":5,"shots":19.0,"showing":true,"time":7.967,"weapon":5}
FP_LIVE_SNAPSHOT {"ack":280,"health":100.0,"recoil_count":19,"reloading":false,"rig_weapon":5,"shots":19.0,"showing":true,"time":8.0,"weapon":5}
FP_LIVE_SNAPSHOT {"ack":282,"health":100.0,"recoil_count":19,"reloading":false,"rig_weapon":5,"shots":19.0,"showing":true,"time":8.033,"weapon":5}
FP_LIVE_SNAPSHOT {"ack":283,"health":100.0,"recoil_count":19,"reloading":false,"rig_weapon":5,"shots":19.0,"showing":true,"time":8.067,"weapon":5}
FP_LIVE_SNAPSHOT {"ack":284,"health":100.0,"recoil_count":19,"reloading":false,"rig_weapon":5,"shots":19.0,"showing":true,"time":8.1,"weapon":5}
FP_LIVE_SNAPSHOT {"ack":285,"health":100.0,"recoil_count":19,"reloading":false,"rig_weapon":5,"shots":19.0,"showing":true,"time":8.133,"weapon":5}
FP_LIVE_SNAPSHOT {"ack":287,"health":100.0,"recoil_count":19,"reloading":false,"rig_weapon":5,"shots":19.0,"showing":true,"time":8.167,"weapon":0}
FP_LIVE_SNAPSHOT {"ack":288,"health":100.0,"recoil_count":19,"reloading":false,"rig_weapon":0,"shots":19.0,"showing":true,"time":8.2,"weapon":0}
FP_LIVE_SNAPSHOT {"ack":289,"health":100.0,"recoil_count":19,"reloading":false,"rig_weapon":0,"shots":19.0,"showing":true,"time":8.233,"weapon":0}
FP_LIVE_SNAPSHOT {"ack":290,"health":100.0,"recoil_count":19,"reloading":false,"rig_weapon":0,"shots":19.0,"showing":true,"time":8.267,"weapon":0}
FP_LIVE_SNAPSHOT {"ack":292,"health":100.0,"recoil_count":19,"reloading":false,"rig_weapon":0,"shots":19.0,"showing":true,"time":8.3,"weapon":0}
FP_LIVE_SNAPSHOT {"ack":293,"health":100.0,"recoil_count":19,"reloading":false,"rig_weapon":0,"shots":19.0,"showing":true,"time":8.333,"weapon":0}
FP_LIVE_SNAPSHOT {"ack":294,"health":100.0,"recoil_count":19,"reloading":false,"rig_weapon":0,"shots":19.0,"showing":true,"time":8.367,"weapon":0}
FP_LIVE_SNAPSHOT {"ack":296,"health":100.0,"recoil_count":19,"reloading":false,"rig_weapon":0,"shots":19.0,"showing":true,"time":8.4,"weapon":0}
FP_LIVE_SNAPSHOT {"ack":297,"health":100.0,"recoil_count":19,"reloading":false,"rig_weapon":0,"shots":19.0,"showing":true,"time":8.433,"weapon":0}
FP_LIVE_SNAPSHOT {"ack":298,"health":100.0,"recoil_count":19,"reloading":false,"rig_weapon":0,"shots":19.0,"showing":true,"time":8.467,"weapon":0}
FP_LIVE_SNAPSHOT {"ack":299,"health":100.0,"recoil_count":20,"reloading":false,"rig_weapon":0,"shots":20.0,"showing":true,"time":8.5,"weapon":0}
FP_LIVE_SNAPSHOT {"ack":300,"health":100.0,"recoil_count":20,"reloading":false,"rig_weapon":0,"shots":20.0,"showing":true,"time":8.533,"weapon":0}
FP_LIVE_SNAPSHOT {"ack":302,"health":100.0,"recoil_count":20,"reloading":false,"rig_weapon":0,"shots":20.0,"showing":true,"time":8.567,"weapon":0}
FP_LIVE_SNAPSHOT {"ack":303,"health":100.0,"recoil_count":21,"reloading":false,"rig_weapon":0,"shots":21.0,"showing":true,"time":8.6,"weapon":0}
FP_LIVE_SNAPSHOT {"ack":304,"health":100.0,"recoil_count":21,"reloading":false,"rig_weapon":0,"shots":21.0,"showing":true,"time":8.633,"weapon":0}
FP_LIVE_SNAPSHOT {"ack":306,"health":100.0,"recoil_count":21,"reloading":false,"rig_weapon":0,"shots":21.0,"showing":true,"time":8.667,"weapon":0}
FP_LIVE_SNAPSHOT {"ack":307,"health":100.0,"recoil_count":22,"reloading":false,"rig_weapon":0,"shots":22.0,"showing":true,"time":8.7,"weapon":0}
FP_LIVE_SNAPSHOT {"ack":308,"health":100.0,"recoil_count":22,"reloading":false,"rig_weapon":0,"shots":22.0,"showing":true,"time":8.733,"weapon":0}
FP_LIVE_SNAPSHOT {"ack":309,"health":100.0,"recoil_count":22,"reloading":false,"rig_weapon":0,"shots":22.0,"showing":true,"time":8.767,"weapon":0}
FP_LIVE_SNAPSHOT {"ack":311,"health":100.0,"recoil_count":23,"reloading":false,"rig_weapon":0,"shots":23.0,"showing":true,"time":8.8,"weapon":0}
FP_LIVE_SNAPSHOT {"ack":312,"health":100.0,"recoil_count":23,"reloading":false,"rig_weapon":0,"shots":23.0,"showing":true,"time":8.833,"weapon":0}
FP_LIVE_SNAPSHOT {"ack":313,"health":100.0,"recoil_count":23,"reloading":false,"rig_weapon":0,"shots":23.0,"showing":true,"time":8.867,"weapon":0}
FP_LIVE_SNAPSHOT {"ack":314,"health":100.0,"recoil_count":24,"reloading":false,"rig_weapon":0,"shots":24.0,"showing":true,"time":8.9,"weapon":0}
FP_LIVE_SNAPSHOT {"ack":316,"health":100.0,"recoil_count":24,"reloading":false,"rig_weapon":0,"shots":24.0,"showing":true,"time":8.933,"weapon":0}
FP_LIVE_SNAPSHOT {"ack":317,"health":100.0,"recoil_count":24,"reloading":false,"rig_weapon":0,"shots":24.0,"showing":true,"time":8.967,"weapon":0}
FP_LIVE_SNAPSHOT {"ack":318,"health":100.0,"recoil_count":25,"reloading":false,"rig_weapon":0,"shots":25.0,"showing":true,"time":9.0,"weapon":0}
FP_LIVE_SNAPSHOT {"ack":320,"health":100.0,"recoil_count":25,"reloading":false,"rig_weapon":0,"shots":25.0,"showing":true,"time":9.033,"weapon":0}
FP_LIVE_SNAPSHOT {"ack":321,"health":100.0,"recoil_count":25,"reloading":false,"rig_weapon":0,"shots":25.0,"showing":true,"time":9.067,"weapon":0}
FP_LIVE_SNAPSHOT {"ack":322,"health":100.0,"recoil_count":26,"reloading":false,"rig_weapon":0,"shots":26.0,"showing":true,"time":9.1,"weapon":0}
FP_LIVE_SNAPSHOT {"ack":324,"health":100.0,"recoil_count":26,"reloading":false,"rig_weapon":0,"shots":26.0,"showing":true,"time":9.133,"weapon":0}
FP_LIVE_SNAPSHOT {"ack":325,"health":100.0,"recoil_count":26,"reloading":false,"rig_weapon":0,"shots":26.0,"showing":true,"time":9.167,"weapon":0}
FP_LIVE_SNAPSHOT {"ack":325,"health":100.0,"recoil_count":27,"reloading":false,"rig_weapon":0,"shots":27.0,"showing":true,"time":9.2,"weapon":0}
FP_LIVE_SNAPSHOT {"ack":325,"health":100.0,"recoil_count":27,"reloading":false,"rig_weapon":0,"shots":27.0,"showing":true,"time":9.233,"weapon":0}
FP_LIVE_SNAPSHOT {"ack":325,"health":100.0,"recoil_count":27,"reloading":false,"rig_weapon":0,"shots":27.0,"showing":true,"time":9.267,"weapon":0}
FP_LIVE_SNAPSHOT {"ack":326,"health":100.0,"recoil_count":28,"reloading":false,"rig_weapon":0,"shots":28.0,"showing":true,"time":9.3,"weapon":0}
FP_LIVE_SNAPSHOT {"ack":327,"health":100.0,"recoil_count":28,"reloading":false,"rig_weapon":0,"shots":28.0,"showing":true,"time":9.333,"weapon":0}
FP_LIVE_SNAPSHOT {"ack":328,"health":100.0,"recoil_count":28,"reloading":false,"rig_weapon":0,"shots":28.0,"showing":true,"time":9.367,"weapon":0}
FP_LIVE_SNAPSHOT {"ack":330,"health":100.0,"recoil_count":29,"reloading":false,"rig_weapon":0,"shots":29.0,"showing":true,"time":9.4,"weapon":0}
FP_LIVE_SNAPSHOT {"ack":331,"health":100.0,"recoil_count":29,"reloading":false,"rig_weapon":0,"shots":29.0,"showing":true,"time":9.433,"weapon":0}
FP_LIVE_SNAPSHOT {"ack":332,"health":100.0,"recoil_count":29,"reloading":false,"rig_weapon":0,"shots":29.0,"showing":true,"time":9.467,"weapon":0}
FP_LIVE_SNAPSHOT {"ack":333,"health":100.0,"recoil_count":30,"reloading":false,"rig_weapon":0,"shots":30.0,"showing":true,"time":9.5,"weapon":0}
FP_LIVE_SNAPSHOT {"ack":335,"health":100.0,"recoil_count":30,"reloading":false,"rig_weapon":0,"shots":30.0,"showing":true,"time":9.533,"weapon":0}
FP_LIVE_SNAPSHOT {"ack":336,"health":100.0,"recoil_count":30,"reloading":false,"rig_weapon":0,"shots":30.0,"showing":true,"time":9.567,"weapon":0}
FP_LIVE_SNAPSHOT {"ack":337,"health":100.0,"recoil_count":31,"reloading":false,"rig_weapon":0,"shots":31.0,"showing":true,"time":9.6,"weapon":0}
FP_LIVE_SNAPSHOT {"ack":339,"health":100.0,"recoil_count":31,"reloading":false,"rig_weapon":0,"shots":31.0,"showing":true,"time":9.633,"weapon":0}
FP_LIVE_SNAPSHOT {"ack":340,"health":100.0,"recoil_count":31,"reloading":false,"rig_weapon":0,"shots":31.0,"showing":true,"time":9.667,"weapon":0}
FP_LIVE_SNAPSHOT {"ack":341,"health":100.0,"recoil_count":32,"reloading":false,"rig_weapon":0,"shots":32.0,"showing":true,"time":9.7,"weapon":0}
FP_LIVE_SNAPSHOT {"ack":342,"health":100.0,"recoil_count":32,"reloading":false,"rig_weapon":0,"shots":32.0,"showing":true,"time":9.733,"weapon":0}
FP_LIVE_SNAPSHOT {"ack":344,"health":100.0,"recoil_count":32,"reloading":false,"rig_weapon":0,"shots":32.0,"showing":true,"time":9.767,"weapon":0}
FP_LIVE_SNAPSHOT {"ack":345,"health":100.0,"recoil_count":33,"reloading":false,"rig_weapon":0,"shots":33.0,"showing":true,"time":9.8,"weapon":0}
FP_LIVE_SNAPSHOT {"ack":346,"health":100.0,"recoil_count":33,"reloading":false,"rig_weapon":0,"shots":33.0,"showing":true,"time":9.833,"weapon":0}
FP_LIVE_SNAPSHOT {"ack":348,"health":100.0,"recoil_count":33,"reloading":false,"rig_weapon":0,"shots":33.0,"showing":true,"time":9.867,"weapon":0}
FP_LIVE_SNAPSHOT {"ack":349,"health":100.0,"recoil_count":34,"reloading":false,"rig_weapon":0,"shots":34.0,"showing":true,"time":9.9,"weapon":0}
FP_LIVE_SNAPSHOT {"ack":350,"health":100.0,"recoil_count":34,"reloading":false,"rig_weapon":0,"shots":34.0,"showing":true,"time":9.933,"weapon":0}
FP_LIVE_SNAPSHOT {"ack":352,"health":100.0,"recoil_count":34,"reloading":false,"rig_weapon":0,"shots":34.0,"showing":true,"time":9.967,"weapon":0}
FP_LIVE_SNAPSHOT {"ack":353,"health":100.0,"recoil_count":35,"reloading":false,"rig_weapon":0,"shots":35.0,"showing":true,"time":10.0,"weapon":0}
FP_LIVE_SNAPSHOT {"ack":354,"health":100.0,"recoil_count":35,"reloading":false,"rig_weapon":0,"shots":35.0,"showing":true,"time":10.033,"weapon":0}
FP_LIVE_SNAPSHOT {"ack":355,"health":100.0,"recoil_count":35,"reloading":false,"rig_weapon":0,"shots":35.0,"showing":true,"time":10.067,"weapon":0}
FP_LIVE_SNAPSHOT {"ack":357,"health":100.0,"recoil_count":36,"reloading":false,"rig_weapon":0,"shots":36.0,"showing":true,"time":10.1,"weapon":0}
FP_LIVE_SNAPSHOT {"ack":358,"health":100.0,"recoil_count":36,"reloading":false,"rig_weapon":0,"shots":36.0,"showing":true,"time":10.133,"weapon":0}
FP_LIVE_RESULT {"captures":["pulse","weapon-5","reload","switched-back"],"distance":8.39308738708496,"frame_p50_ms":25.7575757575758,"input":"engine physical-key/mouse events","normal_rate":true,"pass":true,"private_adapter":true,"reload_seen":true,"rig_recoils":36,"snapshot_samples":304,"source_weapons":[0,5]}
