Godot Engine v4.5.2.stable.official.6ce3de25a - https://godotengine.org
WARNING: Could not set V-Sync mode, as changing V-Sync mode is not supported by the graphics driver.
     at: set_use_vsync (platform/linuxbsd/x11/gl_manager_x11.cpp:364)
OpenGL API 4.5 (Core Profile) Mesa 25.2.8-0ubuntu0.25.10.2 - Compatibility - Using Device: Mesa - llvmpipe (LLVM 20.1.8, 256 bits)
   at: load (core/io/resource_format_binary.cpp:1220)
   GDScript backtrace (most recent call first):
       [0] set_weapon (res://source_operators/operator_visual.gd:130)
       [1] apply_actor (res://source_operators/operator_visual.gd:154)
       [2] apply_state (res://world/presentation.gd:61)
       [3] on_snapshot (res://world/session.gd:431)
       [4] on_snapshot (res://native_arenas/demo.gd:208)
       [5] decode_text (res://net/client.gd:212)
       [6] decode_text (res://native_arenas/client.gd:36)
       [7] _process (res://net/client.gd:243)
   at: _load (core/io/resource_loader.cpp:343)
NATIVE_REVIEW_CAPTURE {"actor":{"x":-7.0,"y":0.0,"z":8.0},"actors":4,"eye":[-7.0,1.45000004768372,8.0],"firstPerson":true,"geometryHash":"9ba6d451e7acb61847d1b5726ec52385c019e32bbc0805731f14396aca336572","map":"prism-foundry","path":"/home/mojo/.hermes-instances/fresh/workspace/cocs-godot-port/port/native-arena-review/captures/prism-foundry-2026-09-22T13-16-18-746Z/standing-960x640.png","phase":3,"physics":{"downCollider":"@StaticBody3D@166","downDistance":1.45000004768372,"downY":0.0,"horizontal":{"back":null,"forward":null,"left":null,"right":null}},"pointer":true,"size":[960,640],"snapshots":94}
NATIVE_REVIEW_CAPTURE {"actor":{"x":-1.59494260719467,"y":1.28833333333333,"z":12.5796185488107},"actors":4,"eye":[-1.59494256973267,2.73833322525024,12.5796184539795],"firstPerson":true,"geometryHash":"9ba6d451e7acb61847d1b5726ec52385c019e32bbc0805731f14396aca336572","map":"prism-foundry","path":"/home/mojo/.hermes-instances/fresh/workspace/cocs-godot-port/port/native-arena-review/captures/prism-foundry-2026-09-22T13-16-18-746Z/action-960x640.png","phase":3,"physics":{"downCollider":"@StaticBody3D@166","downDistance":2.73833322525024,"downY":0.0,"horizontal":{"back":0.420381546020508,"forward":null,"left":null,"right":null}},"pointer":true,"size":[960,640],"snapshots":270}
NATIVE_REVIEW_CAPTURE {"actor":{"x":-5.10503414059299,"y":0.0,"z":12.5796185488107},"actors":4,"eye":[-5.10503435134888,1.45000004768372,12.5796184539795],"firstPerson":true,"geometryHash":"9ba6d451e7acb61847d1b5726ec52385c019e32bbc0805731f14396aca336572","map":"prism-foundry","path":"/home/mojo/.hermes-instances/fresh/workspace/cocs-godot-port/port/native-arena-review/captures/prism-foundry-2026-09-22T13-16-18-746Z/look-960x640.png","phase":3,"physics":{"downCollider":"@StaticBody3D@166","downDistance":1.45000004768372,"downY":0.0,"horizontal":{"back":0.420381546020508,"forward":null,"left":null,"right":null}},"pointer":true,"size":[960,640],"snapshots":318}
NATIVE_REVIEW_CAPTURE {"actor":{"x":-5.10503414059299,"y":0.0,"z":12.5796185488107},"actors":4,"eye":[-5.10503435134888,1.45000004768372,12.5796184539795],"firstPerson":true,"geometryHash":"9ba6d451e7acb61847d1b5726ec52385c019e32bbc0805731f14396aca336572","map":"prism-foundry","path":"/home/mojo/.hermes-instances/fresh/workspace/cocs-godot-port/port/native-arena-review/captures/prism-foundry-2026-09-22T13-16-18-746Z/feet-960x640.png","phase":3,"physics":{"downCollider":"@StaticBody3D@166","downDistance":1.45000004768372,"downY":0.0,"horizontal":{"back":0.420381546020508,"forward":null,"left":null,"right":null}},"pointer":true,"size":[960,640],"snapshots":363}
NATIVE_REVIEW_CAPTURE {"actor":{"x":-5.10503414059299,"y":0.0,"z":12.5796185488107},"actors":4,"eye":[-5.10503435134888,1.45000004768372,12.5796184539795],"firstPerson":true,"geometryHash":"9ba6d451e7acb61847d1b5726ec52385c019e32bbc0805731f14396aca336572","map":"prism-foundry","path":"/home/mojo/.hermes-instances/fresh/workspace/cocs-godot-port/port/native-arena-review/captures/prism-foundry-2026-09-22T13-16-18-746Z/standing-1280x800.png","phase":3,"physics":{"downCollider":"@StaticBody3D@166","downDistance":1.45000004768372,"downY":0.0,"horizontal":{"back":0.420381546020508,"forward":null,"left":null,"right":null}},"pointer":true,"size":[1280,800],"snapshots":387}
NATIVE_REVIEW_CAPTURE {"actor":{"x":-12.8765586743744,"y":0.762666666666665,"z":12.5796185488107},"actors":4,"eye":[-12.876558303833,2.21266674995422,12.5796184539795],"firstPerson":false,"geometryHash":"9ba6d451e7acb61847d1b5726ec52385c019e32bbc0805731f14396aca336572","map":"prism-foundry","path":"/home/mojo/.hermes-instances/fresh/workspace/cocs-godot-port/port/native-arena-review/captures/prism-foundry-2026-09-22T13-16-18-746Z/action-1280x800.png","phase":3,"physics":{"downCollider":"@StaticBody3D@166","downDistance":2.21266674995422,"downY":0.0,"horizontal":{"back":0.420381546020508,"forward":null,"left":0.423441886901855,"right":null}},"pointer":false,"size":[1280,800],"snapshots":568}
NATIVE_REVIEW_CAPTURE {"actor":{"x":0.0,"y":0.0,"z":-29.0},"actors":4,"eye":[0.0,1.45000004768372,-29.0],"firstPerson":true,"geometryHash":"9ba6d451e7acb61847d1b5726ec52385c019e32bbc0805731f14396aca336572","map":"prism-foundry","path":"/home/mojo/.hermes-instances/fresh/workspace/cocs-godot-port/port/native-arena-review/captures/prism-foundry-2026-09-22T13-16-18-746Z/look-1280x800.png","phase":3,"physics":{"downCollider":"@StaticBody3D@567","downDistance":1.45000004768372,"downY":0.0,"horizontal":{"back":null,"forward":null,"left":null,"right":null}},"pointer":true,"size":[1280,800],"snapshots":630}
NATIVE_REVIEW_CAPTURE {"actor":{"x":0.0,"y":0.0,"z":-29.0},"actors":4,"eye":[0.0,1.45000004768372,-29.0],"firstPerson":false,"geometryHash":"9ba6d451e7acb61847d1b5726ec52385c019e32bbc0805731f14396aca336572","map":"prism-foundry","path":"/home/mojo/.hermes-instances/fresh/workspace/cocs-godot-port/port/native-arena-review/captures/prism-foundry-2026-09-22T13-16-18-746Z/feet-1280x800.png","phase":3,"physics":{"downCollider":"@StaticBody3D@567","downDistance":1.45000004768372,"downY":0.0,"horizontal":{"back":null,"forward":null,"left":null,"right":null}},"pointer":false,"size":[1280,800],"snapshots":690}
# suppressed 8469 repeated world_weapons import error lines

