{
  "map": "meridian-exchange",
  "mode": "teamdeathmatch",
  "startupOnly": false,
  "normalRate": true,
  "input": "Godot engine events; Window.grab_focus/size for test-window management, not OS input",
  "baseline": "1a00d90227c9cf7d24a1e132b34f53e8aafcb838",
  "checks": [
    "owned ephemeral port avoids 4332",
    "host menu HUD phase visibility",
    "guest menu HUD phase visibility",
    "no automatic host Start",
    "guest popup target observed",
    "expected authoritative map/mode",
    "host start HUD phase visibility",
    "host start leave_button avoids top",
    "host start leave_button avoids score",
    "host start leave_button avoids status",
    "guest start HUD phase visibility",
    "guest start leave_button avoids top",
    "guest start leave_button avoids score",
    "guest start leave_button avoids status",
    "07-host-play HUD phase visibility",
    "07-host-play leave_button avoids top",
    "07-host-play leave_button avoids score",
    "07-host-play leave_button avoids status",
    "08-guest-play HUD phase visibility",
    "08-guest-play leave_button avoids top",
    "08-guest-play leave_button avoids score",
    "08-guest-play leave_button avoids status",
    "guest scoreboard HUD phase visibility",
    "guest scoreboard leave_button avoids top",
    "guest scoreboard leave_button avoids score",
    "guest scoreboard leave_button avoids status",
    "guest scoreboard leave_button avoids board",
    "10-guest-active-leave clean state",
    "10-guest-active-leave no auto reconnect",
    "10-guest-active-leave HUD phase visibility",
    "authority converts departed actor to bot",
    "active rejoin remains non-controlling spectator",
    "11b-spectator-leave clean state",
    "11b-spectator-leave no auto reconnect",
    "11b-spectator-leave HUD phase visibility",
    "source actually assigned spectator",
    "results 960x640 HUD phase visibility",
    "results 960x640 leave_button avoids top",
    "results 960x640 leave_button avoids score",
    "results 960x640 leave_button avoids status",
    "results 960x640 leave_button avoids board",
    "results 960x640 restart_button avoids top",
    "results 960x640 restart_button avoids score",
    "results 960x640 restart_button avoids status",
    "results 960x640 restart_button avoids board",
    "results 960x640 actions separate",
    "results 1280x800 HUD phase visibility",
    "results 1280x800 leave_button avoids top",
    "results 1280x800 leave_button avoids score",
    "results 1280x800 leave_button avoids status",
    "results 1280x800 leave_button avoids board",
    "results 1280x800 restart_button avoids top",
    "results 1280x800 restart_button avoids score",
    "results 1280x800 restart_button avoids status",
    "results 1280x800 restart_button avoids board",
    "results 1280x800 actions separate",
    "guest cannot restart",
    "both restart uncaptured",
    "16-guest-fresh-recapture HUD phase visibility",
    "16-guest-fresh-recapture leave_button avoids top",
    "16-guest-fresh-recapture leave_button avoids score",
    "16-guest-fresh-recapture leave_button avoids status",
    "17-guest-final-active-leave clean state",
    "17-guest-final-active-leave no auto reconnect",
    "17-guest-final-active-leave HUD phase visibility",
    "18-host-final-active-leave clean state",
    "18-host-final-active-leave no auto reconnect",
    "18-host-final-active-leave HUD phase visibility",
    "guest authority boundary 1",
    "guest authority boundary 2",
    "guest authority boundary 3",
    "natural source clock"
  ],
  "milestones": [
    "01-host-menu-960x640",
    "02-guest-menu-1280x800",
    "03-host-created",
    "04-guest-roster",
    "05-host-start",
    "06-guest-start",
    "07-host-play-captured",
    "07-host-play-paused",
    "08-guest-play-captured",
    "08-guest-play-paused",
    "09-guest-scoreboard",
    "10-guest-active-leave",
    "11-active-rejoin-spectator",
    "11b-spectator-leave",
    "12-host-results-960x640",
    "13-host-results-1280x800",
    "14-guest-post-results-wait",
    "15-guest-restarted-uncaptured",
    "16-guest-fresh-recapture-captured",
    "16-guest-fresh-recapture-paused",
    "17-guest-final-active-leave",
    "18-host-final-active-leave"
  ],
  "cleanup": [
    {
      "name": "guest",
      "pid": 3688752,
      "reaped": true,
      "exitCode": null,
      "signal": "SIGTERM"
    },
    {
      "name": "host",
      "pid": 3688275,
      "reaped": true,
      "exitCode": null,
      "signal": "SIGTERM"
    },
    {
      "name": "xvfb",
      "pid": 3688272,
      "reaped": true,
      "exitCode": 0,
      "signal": null
    }
  ],
  "source": "51289b79c627a26a381ba556b92bab71f93f3732",
  "godot": "4.5.2.stable.official.6ce3de25a",
  "display": ":1",
  "port": 33199,
  "room": "VT89",
  "originalGuestPeer": 2,
  "originalGuestActor": 1,
  "spectator": "supported, observed neutral spectator",
  "sourceResultsTime": 60.01666666666454,
  "status": "PARTIAL/FAIL",
  "error": "AssertionError [ERR_ASSERTION]: no native script errors\n    at pass (file:///tmp/opencode/exported-lobby-observer-ceujptat/flow.mjs:20:39)\n    at file:///tmp/opencode/exported-lobby-observer-ceujptat/flow.mjs:71:2",
  "serverClosed": true,
  "sockets": 0,
  "wire.jsonl": {
    "bytes": 4973799,
    "sha256": "b75a2ce947b70503613d2a7a3b08f9e8262579c3d4c6e00cef4dc1b7bfd7cfaa"
  },
  "actions.jsonl": {
    "bytes": 9947,
    "sha256": "712be67f01ffe2e695a301e2211755e5323ca585e988272e2613ef3faae8c5ae"
  },
  "tempRemoved": true,
  "wallMs": 93605
}
