Godot Engine v4.5.2.stable.official.6ce3de25a - https://godotengine.org

GUEST_SAMPLE {"ack":0,"actor":-1,"error":"","phase":11,"phase_seconds":0.399675444444444,"pose":false,"seconds":0.506342111111111,"snapshots":0,"starts":0}
GUEST_SAMPLE {"ack":0,"actor":-1,"error":"","phase":11,"phase_seconds":0.902247999999999,"pose":false,"seconds":1.009147,"snapshots":0,"starts":0}
CORRELATION_OBSERVE {"actor":1,"event":"start","mapId":"meridian-exchange","roundRevision":1.0}
CORRELATION_OBSERVE {"ack":0,"actor":1,"dead":0.0,"event":"snapshot","health":100.0,"seq":1.0}
CORRELATION_OBSERVE {"ack":2,"actor":1,"dead":0.0,"event":"snapshot","health":100.0,"seq":2.0}
CORRELATION_OBSERVE {"ack":4,"actor":1,"dead":0.0,"event":"snapshot","health":100.0,"seq":3.0}
CORRELATION_OBSERVE {"ack":6,"actor":1,"dead":0.0,"event":"snapshot","health":100.0,"seq":4.0}
CORRELATION_OBSERVE {"ack":8,"actor":1,"dead":0.0,"event":"snapshot","health":100.0,"seq":5.0}
CORRELATION_OBSERVE {"ack":9,"actor":1,"dead":0.0,"event":"snapshot","health":100.0,"seq":6.0}
CORRELATION_OBSERVE {"ack":12,"actor":1,"dead":0.0,"event":"snapshot","health":100.0,"seq":7.0}
CORRELATION_OBSERVE {"ack":14,"actor":1,"dead":0.0,"event":"snapshot","health":100.0,"seq":8.0}
CORRELATION_OBSERVE {"ack":15,"actor":1,"dead":0.0,"event":"snapshot","health":100.0,"seq":9.0}
CORRELATION_OBSERVE {"ack":17,"actor":1,"dead":0.0,"event":"snapshot","health":100.0,"seq":10.0}
CORRELATION_OBSERVE {"ack":19,"actor":1,"dead":0.0,"event":"snapshot","health":100.0,"seq":11.0}
GUEST_SAMPLE {"ack":19,"actor":1,"error":"","phase":3,"phase_seconds":0.0,"pose":true,"seconds":1.51283,"snapshots":11,"starts":1}
CORRELATION_OBSERVE {"ack":21,"actor":1,"dead":0.0,"event":"snapshot","health":100.0,"seq":12.0}
CORRELATION_OBSERVE {"ack":23,"actor":1,"dead":0.0,"event":"snapshot","health":100.0,"seq":13.0}
CORRELATION_OBSERVE {"ack":25,"actor":1,"dead":0.0,"event":"snapshot","health":100.0,"seq":14.0}
CORRELATION_OBSERVE {"ack":27,"actor":1,"dead":0.0,"event":"snapshot","health":100.0,"seq":15.0}
CORRELATION_OBSERVE {"ack":29,"actor":1,"dead":0.0,"event":"snapshot","health":100.0,"seq":16.0}
CORRELATION_OBSERVE {"ack":31,"actor":1,"dead":0.0,"event":"snapshot","health":100.0,"seq":17.0}
CORRELATION_OBSERVE {"ack":33,"actor":1,"dead":0.0,"event":"snapshot","health":100.0,"seq":18.0}
CORRELATION_OBSERVE {"ack":35,"actor":1,"dead":0.0,"event":"snapshot","health":100.0,"seq":19.0}
CORRELATION_OBSERVE {"ack":37,"actor":1,"dead":0.0,"event":"snapshot","health":100.0,"seq":20.0}
CORRELATION_OBSERVE {"ack":39,"actor":1,"dead":0.0,"event":"snapshot","health":100.0,"seq":21.0}
CORRELATION_OBSERVE {"ack":40,"actor":1,"dead":0.0,"event":"snapshot","health":100.0,"seq":22.0}
CORRELATION_OBSERVE {"ack":43,"actor":1,"dead":0.0,"event":"snapshot","health":100.0,"seq":23.0}
CORRELATION_OBSERVE {"ack":45,"actor":1,"dead":0.0,"event":"snapshot","health":100.0,"seq":24.0}
CORRELATION_OBSERVE {"ack":47,"actor":1,"dead":0.0,"event":"snapshot","health":100.0,"seq":25.0}
CORRELATION_OBSERVE {"ack":48,"actor":1,"dead":0.0,"event":"snapshot","health":100.0,"seq":26.0}
CORRELATION_OBSERVE {"ack":50,"actor":1,"dead":0.0,"event":"snapshot","health":100.0,"seq":27.0}
GUEST_SAMPLE {"ack":50,"actor":1,"error":"","phase":3,"phase_seconds":0.0,"pose":true,"seconds":2.01666666666666,"snapshots":27,"starts":1}
CORRELATION_OBSERVE {"ack":52,"actor":1,"dead":0.0,"event":"snapshot","health":100.0,"seq":28.0}
CORRELATION_OBSERVE {"ack":55,"actor":1,"dead":0.0,"event":"snapshot","health":100.0,"seq":29.0}
CORRELATION_OBSERVE {"ack":57,"actor":1,"dead":0.0,"event":"snapshot","health":100.0,"seq":30.0}
CORRELATION_OBSERVE {"ack":58,"actor":1,"dead":0.0,"event":"snapshot","health":100.0,"seq":31.0}
CORRELATION_OBSERVE {"ack":60,"actor":1,"dead":0.0,"event":"snapshot","health":100.0,"seq":32.0}
CORRELATION_OBSERVE {"ack":62,"actor":1,"dead":0.0,"event":"snapshot","health":100.0,"seq":33.0}
CORRELATION_OBSERVE {"ack":64,"actor":1,"dead":0.0,"event":"snapshot","health":100.0,"seq":34.0}
CORRELATION_OBSERVE {"ack":66,"actor":1,"dead":0.0,"event":"snapshot","health":100.0,"seq":35.0}
CORRELATION_OBSERVE {"ack":68,"actor":1,"dead":0.0,"event":"snapshot","health":100.0,"seq":36.0}
CORRELATION_OBSERVE {"ack":70,"actor":1,"dead":0.0,"event":"snapshot","health":100.0,"seq":37.0}
CORRELATION_OBSERVE {"ack":72,"actor":1,"dead":0.0,"event":"snapshot","health":100.0,"seq":38.0}
CORRELATION_OBSERVE {"ack":74,"actor":1,"dead":0.0,"event":"snapshot","health":100.0,"seq":39.0}
CORRELATION_OBSERVE {"ack":76,"actor":1,"dead":0.0,"event":"snapshot","health":100.0,"seq":40.0}
CORRELATION_OBSERVE {"ack":78,"actor":1,"dead":0.0,"event":"snapshot","health":100.0,"seq":41.0}
CORRELATION_OBSERVE {"ack":80,"actor":1,"dead":0.0,"event":"snapshot","health":100.0,"seq":42.0}
GUEST_SAMPLE {"ack":80,"actor":1,"error":"","phase":3,"phase_seconds":0.0,"pose":true,"seconds":2.52032188888889,"snapshots":42,"starts":1}
CORRELATION_OBSERVE {"ack":81,"actor":1,"dead":0.0,"event":"snapshot","health":100.0,"seq":43.0}
CORRELATION_OBSERVE {"ack":84,"actor":1,"dead":0.0,"event":"snapshot","health":100.0,"seq":44.0}
CORRELATION_OBSERVE {"ack":86,"actor":1,"dead":0.0,"event":"snapshot","health":100.0,"seq":45.0}
CORRELATION_OBSERVE {"ack":88,"actor":1,"dead":0.0,"event":"snapshot","health":100.0,"seq":46.0}
CORRELATION_OBSERVE {"ack":89,"actor":1,"dead":0.0,"event":"snapshot","health":100.0,"seq":47.0}
CORRELATION_OBSERVE {"ack":91,"actor":1,"dead":0.0,"event":"snapshot","health":100.0,"seq":48.0}
CORRELATION_OBSERVE {"ack":93,"actor":1,"dead":0.0,"event":"snapshot","health":100.0,"seq":49.0}
CORRELATION_OBSERVE {"ack":95,"actor":1,"dead":0.0,"event":"snapshot","health":100.0,"seq":50.0}
CORRELATION_OBSERVE {"ack":97,"actor":1,"dead":0.0,"event":"snapshot","health":100.0,"seq":51.0}
CORRELATION_OBSERVE {"ack":99,"actor":1,"dead":0.0,"event":"snapshot","health":100.0,"seq":52.0}
CORRELATION_OBSERVE {"ack":101,"actor":1,"dead":0.0,"event":"snapshot","health":100.0,"seq":53.0}
CORRELATION_OBSERVE {"ack":103,"actor":1,"dead":0.0,"event":"snapshot","health":100.0,"seq":54.0}
CORRELATION_OBSERVE {"ack":105,"actor":1,"dead":0.0,"event":"snapshot","health":100.0,"seq":55.0}
CORRELATION_OBSERVE {"ack":107,"actor":1,"dead":0.0,"event":"snapshot","health":100.0,"seq":56.0}
CORRELATION_OBSERVE {"ack":109,"actor":1,"dead":0.0,"event":"snapshot","health":100.0,"seq":57.0}
CORRELATION_OBSERVE {"ack":111,"actor":1,"dead":0.0,"event":"snapshot","health":100.0,"seq":58.0}
GUEST_SAMPLE {"ack":111,"actor":1,"error":"","phase":3,"phase_seconds":0.0,"pose":true,"seconds":3.023927,"snapshots":58,"starts":1}
CORRELATION_OBSERVE {"ack":113,"actor":1,"dead":0.0,"event":"snapshot","health":100.0,"seq":59.0}
CORRELATION_OBSERVE {"ack":115,"actor":1,"dead":0.0,"event":"snapshot","health":100.0,"seq":60.0}
CORRELATION_OBSERVE {"ack":117,"actor":1,"dead":0.0,"event":"snapshot","health":100.0,"seq":61.0}
CORRELATION_OBSERVE {"ack":119,"actor":1,"dead":0.0,"event":"snapshot","health":100.0,"seq":62.0}
CORRELATION_OBSERVE {"ack":121,"actor":1,"dead":0.0,"event":"snapshot","health":100.0,"seq":63.0}
CORRELATION_OBSERVE {"ack":122,"actor":1,"dead":0.0,"event":"snapshot","health":100.0,"seq":64.0}
CORRELATION_OBSERVE {"ack":125,"actor":1,"dead":0.0,"event":"snapshot","health":100.0,"seq":65.0}
CORRELATION_OBSERVE {"ack":127,"actor":1,"dead":0.0,"event":"snapshot","health":100.0,"seq":66.0}
CORRELATION_OBSERVE {"ack":128,"actor":1,"dead":0.0,"event":"snapshot","health":100.0,"seq":67.0}
CORRELATION_OBSERVE {"ack":130,"actor":1,"dead":0.0,"event":"snapshot","health":100.0,"seq":68.0}
CORRELATION_OBSERVE {"ack":132,"actor":1,"dead":0.0,"event":"snapshot","health":100.0,"seq":69.0}
CORRELATION_OBSERVE {"ack":134,"actor":1,"dead":0.0,"event":"snapshot","health":100.0,"seq":70.0}
CORRELATION_OBSERVE {"ack":136,"actor":1,"dead":0.0,"event":"snapshot","health":100.0,"seq":71.0}
CORRELATION_OBSERVE {"ack":138,"actor":1,"dead":0.0,"event":"snapshot","health":100.0,"seq":72.0}
CORRELATION_OBSERVE {"ack":140,"actor":1,"dead":0.0,"event":"snapshot","health":100.0,"seq":73.0}
GUEST_SAMPLE {"ack":140,"actor":1,"error":"","phase":3,"phase_seconds":0.0,"pose":true,"seconds":3.5277378888889,"snapshots":73,"starts":1}
CORRELATION_OBSERVE {"ack":142,"actor":1,"dead":0.0,"event":"snapshot","health":100.0,"seq":74.0}
CORRELATION_OBSERVE {"ack":144,"actor":1,"dead":0.0,"event":"snapshot","health":100.0,"seq":75.0}
CORRELATION_OBSERVE {"ack":146,"actor":1,"dead":0.0,"event":"snapshot","health":100.0,"seq":76.0}
CORRELATION_OBSERVE {"ack":148,"actor":1,"dead":0.0,"event":"snapshot","health":100.0,"seq":77.0}
CORRELATION_OBSERVE {"ack":150,"actor":1,"dead":0.0,"event":"snapshot","health":100.0,"seq":78.0}
CORRELATION_OBSERVE {"ack":151,"actor":1,"dead":0.0,"event":"snapshot","health":100.0,"seq":79.0}
CORRELATION_OBSERVE {"ack":154,"actor":1,"dead":0.0,"event":"snapshot","health":100.0,"seq":80.0}
CORRELATION_OBSERVE {"ack":156,"actor":1,"dead":0.0,"event":"snapshot","health":100.0,"seq":81.0}
CORRELATION_OBSERVE {"ack":158,"actor":1,"dead":0.0,"event":"snapshot","health":100.0,"seq":82.0}
CORRELATION_OBSERVE {"ack":159,"actor":1,"dead":0.0,"event":"snapshot","health":100.0,"seq":83.0}
CORRELATION_OBSERVE {"ack":161,"actor":1,"dead":0.0,"event":"snapshot","health":100.0,"seq":84.0}
CORRELATION_OBSERVE {"ack":163,"actor":1,"dead":0.0,"event":"snapshot","health":100.0,"seq":85.0}
CORRELATION_OBSERVE {"ack":165,"actor":1,"dead":0.0,"event":"snapshot","health":100.0,"seq":86.0}
CORRELATION_OBSERVE {"ack":167,"actor":1,"dead":0.0,"event":"snapshot","health":100.0,"seq":87.0}
CORRELATION_OBSERVE {"ack":169,"actor":1,"dead":0.0,"event":"snapshot","health":100.0,"seq":88.0}
CORRELATION_OBSERVE {"ack":171,"actor":1,"dead":0.0,"event":"snapshot","health":100.0,"seq":89.0}
GUEST_SAMPLE {"ack":171,"actor":1,"error":"","phase":3,"phase_seconds":0.0,"pose":true,"seconds":4.03133600000001,"snapshots":89,"starts":1}
CORRELATION_OBSERVE {"ack":173,"actor":1,"dead":0.0,"event":"snapshot","health":100.0,"seq":90.0}
CORRELATION_OBSERVE {"ack":175,"actor":1,"dead":0.0,"event":"snapshot","health":100.0,"seq":91.0}
CORRELATION_OBSERVE {"ack":177,"actor":1,"dead":0.0,"event":"snapshot","health":100.0,"seq":92.0}
CORRELATION_OBSERVE {"ack":179,"actor":1,"dead":0.0,"event":"snapshot","health":100.0,"seq":93.0}
CORRELATION_OBSERVE {"ack":181,"actor":1,"dead":0.0,"event":"snapshot","health":100.0,"seq":94.0}
CORRELATION_OBSERVE {"ack":183,"actor":1,"dead":0.0,"event":"snapshot","health":100.0,"seq":95.0}
CORRELATION_OBSERVE {"ack":185,"actor":1,"dead":0.0,"event":"snapshot","health":100.0,"seq":96.0}
CORRELATION_OBSERVE {"ack":187,"actor":1,"dead":0.0,"event":"snapshot","health":100.0,"seq":97.0}
CORRELATION_OBSERVE {"ack":189,"actor":1,"dead":0.0,"event":"snapshot","health":100.0,"seq":98.0}
CORRELATION_OBSERVE {"ack":191,"actor":1,"dead":0.0,"event":"snapshot","health":100.0,"seq":99.0}
CORRELATION_OBSERVE {"ack":192,"actor":1,"dead":0.0,"event":"snapshot","health":100.0,"seq":100.0}
CORRELATION_OBSERVE {"ack":194,"actor":1,"dead":0.0,"event":"snapshot","health":100.0,"seq":101.0}
CORRELATION_OBSERVE {"ack":197,"actor":1,"dead":0.0,"event":"snapshot","health":100.0,"seq":102.0}
CORRELATION_OBSERVE {"ack":198,"actor":1,"dead":0.0,"event":"snapshot","health":100.0,"seq":103.0}
CORRELATION_OBSERVE {"ack":200,"actor":1,"dead":0.0,"event":"snapshot","health":100.0,"seq":104.0}
GUEST_SAMPLE {"ack":200,"actor":1,"error":"","phase":3,"phase_seconds":0.0,"pose":true,"seconds":4.53506800000002,"snapshots":104,"starts":1}
CORRELATION_OBSERVE {"ack":202,"actor":1,"dead":0.0,"event":"snapshot","health":100.0,"seq":105.0}
CORRELATION_OBSERVE {"ack":204,"actor":1,"dead":0.0,"event":"snapshot","health":100.0,"seq":106.0}
CORRELATION_OBSERVE {"ack":206,"actor":1,"dead":0.0,"event":"snapshot","health":100.0,"seq":107.0}
CORRELATION_OBSERVE {"ack":208,"actor":1,"dead":0.0,"event":"snapshot","health":100.0,"seq":108.0}
CORRELATION_OBSERVE {"ack":210,"actor":1,"dead":0.0,"event":"snapshot","health":100.0,"seq":109.0}
CORRELATION_OBSERVE {"ack":212,"actor":1,"dead":0.0,"event":"snapshot","health":100.0,"seq":110.0}
CORRELATION_OBSERVE {"ack":214,"actor":1,"dead":0.0,"event":"snapshot","health":100.0,"seq":111.0}
CORRELATION_OBSERVE {"ack":216,"actor":1,"dead":0.0,"event":"snapshot","health":100.0,"seq":112.0}
CORRELATION_OBSERVE {"ack":218,"actor":1,"dead":0.0,"event":"snapshot","health":100.0,"seq":113.0}
CORRELATION_OBSERVE {"ack":220,"actor":1,"dead":0.0,"event":"snapshot","health":100.0,"seq":114.0}
CORRELATION_OBSERVE {"ack":221,"actor":1,"dead":0.0,"event":"snapshot","health":100.0,"seq":115.0}
CORRELATION_OBSERVE {"ack":223,"actor":1,"dead":0.0,"event":"snapshot","health":100.0,"seq":116.0}
CORRELATION_OBSERVE {"ack":226,"actor":1,"dead":0.0,"event":"snapshot","health":100.0,"seq":117.0}
CORRELATION_OBSERVE {"ack":228,"actor":1,"dead":0.0,"event":"snapshot","health":100.0,"seq":118.0}
CORRELATION_OBSERVE {"ack":229,"actor":1,"dead":0.0,"event":"snapshot","health":100.0,"seq":119.0}
CORRELATION_OBSERVE {"ack":231,"actor":1,"dead":0.0,"event":"snapshot","health":100.0,"seq":120.0}
GUEST_SAMPLE {"ack":231,"actor":1,"error":"","phase":3,"phase_seconds":0.0,"pose":true,"seconds":5.03872900000002,"snapshots":120,"starts":1}
CORRELATION_OBSERVE {"ack":233,"actor":1,"dead":0.0,"event":"snapshot","health":100.0,"seq":121.0}
CORRELATION_OBSERVE {"ack":235,"actor":1,"dead":0.0,"event":"snapshot","health":100.0,"seq":122.0}
CORRELATION_OBSERVE {"ack":237,"actor":1,"dead":0.0,"event":"snapshot","health":100.0,"seq":123.0}
CORRELATION_OBSERVE {"ack":239,"actor":1,"dead":0.0,"event":"snapshot","health":100.0,"seq":124.0}
CORRELATION_OBSERVE {"ack":241,"actor":1,"dead":0.0,"event":"snapshot","health":100.0,"seq":125.0}
CORRELATION_OBSERVE {"ack":243,"actor":1,"dead":0.0,"event":"snapshot","health":100.0,"seq":126.0}
CORRELATION_OBSERVE {"ack":245,"actor":1,"dead":0.0,"event":"snapshot","health":100.0,"seq":127.0}
CORRELATION_OBSERVE {"ack":247,"actor":1,"dead":0.0,"event":"snapshot","health":100.0,"seq":128.0}
CORRELATION_OBSERVE {"ack":249,"actor":1,"dead":0.0,"event":"snapshot","health":100.0,"seq":129.0}
CORRELATION_OBSERVE {"ack":250,"actor":1,"dead":0.0,"event":"snapshot","health":100.0,"seq":130.0}
CORRELATION_OBSERVE {"ack":252,"actor":1,"dead":0.0,"event":"snapshot","health":100.0,"seq":131.0}
CORRELATION_OBSERVE {"ack":255,"actor":1,"dead":0.0,"event":"snapshot","health":100.0,"seq":132.0}
CORRELATION_OBSERVE {"ack":257,"actor":1,"dead":0.0,"event":"snapshot","health":100.0,"seq":133.0}
CORRELATION_OBSERVE {"ack":258,"actor":1,"dead":0.0,"event":"snapshot","health":100.0,"seq":134.0}
CORRELATION_OBSERVE {"ack":260,"actor":1,"dead":0.0,"event":"snapshot","health":100.0,"seq":135.0}
CORRELATION_OBSERVE {"ack":262,"actor":1,"dead":0.0,"event":"snapshot","health":100.0,"seq":136.0}
GUEST_SAMPLE {"ack":262,"actor":1,"error":"","phase":3,"phase_seconds":0.0,"pose":true,"seconds":5.54253688888891,"snapshots":136,"starts":1}
CORRELATION_OBSERVE {"ack":264,"actor":1,"dead":0.0,"event":"snapshot","health":100.0,"seq":137.0}
CORRELATION_OBSERVE {"ack":266,"actor":1,"dead":0.0,"event":"snapshot","health":100.0,"seq":138.0}
CORRELATION_OBSERVE {"ack":268,"actor":1,"dead":0.0,"event":"snapshot","health":100.0,"seq":139.0}
CORRELATION_OBSERVE {"ack":270,"actor":1,"dead":0.0,"event":"snapshot","health":100.0,"seq":140.0}
CORRELATION_OBSERVE {"ack":272,"actor":1,"dead":0.0,"event":"snapshot","health":100.0,"seq":141.0}
CORRELATION_OBSERVE {"ack":274,"actor":1,"dead":0.0,"event":"snapshot","health":100.0,"seq":142.0}
CORRELATION_OBSERVE {"ack":276,"actor":1,"dead":0.0,"event":"snapshot","health":100.0,"seq":143.0}
CORRELATION_OBSERVE {"ack":278,"actor":1,"dead":0.0,"event":"snapshot","health":100.0,"seq":144.0}
CORRELATION_OBSERVE {"ack":280,"actor":1,"dead":0.0,"event":"snapshot","health":100.0,"seq":145.0}
CORRELATION_OBSERVE {"ack":282,"actor":1,"dead":0.0,"event":"snapshot","health":100.0,"seq":146.0}
CORRELATION_OBSERVE {"ack":284,"actor":1,"dead":0.0,"event":"snapshot","health":100.0,"seq":147.0}
CORRELATION_OBSERVE {"ack":286,"actor":1,"dead":0.0,"event":"snapshot","health":100.0,"seq":148.0}
CORRELATION_OBSERVE {"ack":288,"actor":1,"dead":0.0,"event":"snapshot","health":100.0,"seq":149.0}
CORRELATION_OBSERVE {"ack":289,"actor":1,"dead":0.0,"event":"snapshot","health":100.0,"seq":150.0}
CORRELATION_OBSERVE {"ack":291,"actor":1,"dead":0.0,"event":"snapshot","health":100.0,"seq":151.0}
GUEST_SAMPLE {"ack":291,"actor":1,"error":"","phase":3,"phase_seconds":0.0,"pose":true,"seconds":6.04625888888892,"snapshots":151,"starts":1}
CORRELATION_OBSERVE {"ack":293,"actor":1,"dead":0.0,"event":"snapshot","health":100.0,"seq":152.0}
CORRELATION_OBSERVE {"ack":295,"actor":1,"dead":0.0,"event":"snapshot","health":100.0,"seq":153.0}
CORRELATION_OBSERVE {"ack":297,"actor":1,"dead":0.0,"event":"snapshot","health":100.0,"seq":154.0}
CORRELATION_OBSERVE {"ack":299,"actor":1,"dead":0.0,"event":"snapshot","health":100.0,"seq":155.0}
CORRELATION_OBSERVE {"ack":301,"actor":1,"dead":0.0,"event":"snapshot","health":100.0,"seq":156.0}
CORRELATION_OBSERVE {"ack":303,"actor":1,"dead":0.0,"event":"snapshot","health":100.0,"seq":157.0}
CORRELATION_OBSERVE {"ack":305,"actor":1,"dead":0.0,"event":"snapshot","health":100.0,"seq":158.0}
CORRELATION_OBSERVE {"ack":307,"actor":1,"dead":0.0,"event":"snapshot","health":100.0,"seq":159.0}
CORRELATION_OBSERVE {"ack":309,"actor":1,"dead":0.0,"event":"snapshot","health":100.0,"seq":160.0}
CORRELATION_OBSERVE {"ack":311,"actor":1,"dead":0.0,"event":"snapshot","health":100.0,"seq":161.0}
CORRELATION_OBSERVE {"ack":313,"actor":1,"dead":0.0,"event":"snapshot","health":100.0,"seq":162.0}
CORRELATION_OBSERVE {"ack":315,"actor":1,"dead":0.0,"event":"snapshot","health":100.0,"seq":163.0}
CORRELATION_OBSERVE {"ack":317,"actor":1,"dead":0.0,"event":"snapshot","health":100.0,"seq":164.0}
CORRELATION_OBSERVE {"ack":319,"actor":1,"dead":0.0,"event":"snapshot","health":100.0,"seq":165.0}
CORRELATION_OBSERVE {"ack":321,"actor":1,"dead":0.0,"event":"snapshot","health":100.0,"seq":166.0}
CORRELATION_OBSERVE {"ack":322,"actor":1,"dead":0.0,"event":"snapshot","health":100.0,"seq":167.0}
GUEST_SAMPLE {"ack":322,"actor":1,"error":"","phase":3,"phase_seconds":0.0,"pose":true,"seconds":6.55000000000003,"snapshots":167,"starts":1}
CORRELATION_OBSERVE {"ack":324,"actor":1,"dead":0.0,"event":"snapshot","health":100.0,"seq":168.0}
CORRELATION_OBSERVE {"ack":327,"actor":1,"dead":0.0,"event":"snapshot","health":100.0,"seq":169.0}
CORRELATION_OBSERVE {"ack":328,"actor":1,"dead":0.0,"event":"snapshot","health":100.0,"seq":170.0}
CORRELATION_OBSERVE {"ack":330,"actor":1,"dead":0.0,"event":"snapshot","health":100.0,"seq":171.0}
CORRELATION_OBSERVE {"ack":332,"actor":1,"dead":0.0,"event":"snapshot","health":100.0,"seq":172.0}
CORRELATION_OBSERVE {"ack":334,"actor":1,"dead":0.0,"event":"snapshot","health":100.0,"seq":173.0}
CORRELATION_OBSERVE {"ack":336,"actor":1,"dead":0.0,"event":"snapshot","health":100.0,"seq":174.0}
CORRELATION_OBSERVE {"ack":338,"actor":1,"dead":0.0,"event":"snapshot","health":100.0,"seq":175.0}
CORRELATION_OBSERVE {"ack":340,"actor":1,"dead":0.0,"event":"snapshot","health":100.0,"seq":176.0}
CORRELATION_OBSERVE {"ack":342,"actor":1,"dead":0.0,"event":"snapshot","health":100.0,"seq":177.0}
CORRELATION_OBSERVE {"ack":344,"actor":1,"dead":0.0,"event":"snapshot","health":100.0,"seq":178.0}
CORRELATION_OBSERVE {"ack":346,"actor":1,"dead":0.0,"event":"snapshot","health":100.0,"seq":179.0}
CORRELATION_OBSERVE {"ack":348,"actor":1,"dead":0.0,"event":"snapshot","health":100.0,"seq":180.0}
CORRELATION_OBSERVE {"ack":350,"actor":1,"dead":0.0,"event":"snapshot","health":100.0,"seq":181.0}
CORRELATION_OBSERVE {"ack":351,"actor":1,"dead":0.0,"event":"snapshot","health":100.0,"seq":182.0}
GUEST_SAMPLE {"ack":351,"actor":1,"error":"","phase":3,"phase_seconds":0.0,"pose":true,"seconds":7.05331500000004,"snapshots":182,"starts":1}
CORRELATION_OBSERVE {"ack":353,"actor":1,"dead":0.0,"event":"snapshot","health":100.0,"seq":183.0}
CORRELATION_OBSERVE {"ack":356,"actor":1,"dead":0.0,"event":"snapshot","health":100.0,"seq":184.0}
CORRELATION_OBSERVE {"ack":358,"actor":1,"dead":0.0,"event":"snapshot","health":100.0,"seq":185.0}
CORRELATION_OBSERVE {"ack":359,"actor":1,"dead":0.0,"event":"snapshot","health":100.0,"seq":186.0}
CORRELATION_OBSERVE {"ack":361,"actor":1,"dead":0.0,"event":"snapshot","health":100.0,"seq":187.0}
CORRELATION_OBSERVE {"ack":363,"actor":1,"dead":0.0,"event":"snapshot","health":100.0,"seq":188.0}
CORRELATION_OBSERVE {"ack":365,"actor":1,"dead":0.0,"event":"snapshot","health":100.0,"seq":189.0}
CORRELATION_OBSERVE {"ack":367,"actor":1,"dead":0.0,"event":"snapshot","health":100.0,"seq":190.0}
CORRELATION_OBSERVE {"ack":369,"actor":1,"dead":0.0,"event":"snapshot","health":100.0,"seq":191.0}
CORRELATION_OBSERVE {"ack":371,"actor":1,"dead":0.0,"event":"snapshot","health":100.0,"seq":192.0}
CORRELATION_OBSERVE {"ack":373,"actor":1,"dead":0.0,"event":"snapshot","health":100.0,"seq":193.0}
CORRELATION_OBSERVE {"ack":375,"actor":1,"dead":0.0,"event":"snapshot","health":100.0,"seq":194.0}
CORRELATION_OBSERVE {"ack":377,"actor":1,"dead":0.0,"event":"snapshot","health":100.0,"seq":195.0}
CORRELATION_OBSERVE {"ack":379,"actor":1,"dead":0.0,"event":"snapshot","health":100.0,"seq":196.0}
CORRELATION_OBSERVE {"ack":380,"actor":1,"dead":0.0,"event":"snapshot","health":100.0,"seq":197.0}
CORRELATION_OBSERVE {"ack":382,"actor":1,"dead":0.0,"event":"snapshot","health":100.0,"seq":198.0}
GUEST_SAMPLE {"ack":382,"actor":1,"error":"","phase":3,"phase_seconds":0.0,"pose":true,"seconds":7.55672300000006,"snapshots":198,"starts":1}
CORRELATION_OBSERVE {"ack":384,"actor":1,"dead":0.0,"event":"snapshot","health":100.0,"seq":199.0}
CORRELATION_OBSERVE {"ack":386,"actor":1,"dead":0.0,"event":"snapshot","health":100.0,"seq":200.0}
CORRELATION_OBSERVE {"ack":388,"actor":1,"dead":0.0,"event":"snapshot","health":100.0,"seq":201.0}
CORRELATION_OBSERVE {"ack":390,"actor":1,"dead":0.0,"event":"snapshot","health":100.0,"seq":202.0}
CORRELATION_OBSERVE {"ack":392,"actor":1,"dead":0.0,"event":"snapshot","health":100.0,"seq":203.0}
CORRELATION_OBSERVE {"ack":394,"actor":1,"dead":0.0,"event":"snapshot","health":100.0,"seq":204.0}
CORRELATION_OBSERVE {"ack":396,"actor":1,"dead":0.0,"event":"snapshot","health":100.0,"seq":205.0}
CORRELATION_OBSERVE {"ack":398,"actor":1,"dead":0.0,"event":"snapshot","health":100.0,"seq":206.0}
CORRELATION_OBSERVE {"ack":400,"actor":1,"dead":0.0,"event":"snapshot","health":100.0,"seq":207.0}
CORRELATION_OBSERVE {"ack":402,"actor":1,"dead":0.0,"event":"snapshot","health":100.0,"seq":208.0}
CORRELATION_OBSERVE {"ack":404,"actor":1,"dead":0.0,"event":"snapshot","health":100.0,"seq":209.0}
CORRELATION_OBSERVE {"ack":406,"actor":1,"dead":0.0,"event":"snapshot","health":100.0,"seq":210.0}
CORRELATION_OBSERVE {"ack":407,"actor":1,"dead":0.0,"event":"snapshot","health":100.0,"seq":211.0}
CORRELATION_OBSERVE {"ack":409,"actor":1,"dead":0.0,"event":"snapshot","health":100.0,"seq":212.0}
CORRELATION_OBSERVE {"ack":411,"actor":1,"dead":0.0,"event":"snapshot","health":100.0,"seq":213.0}
CORRELATION_OBSERVE {"ack":413,"actor":1,"dead":0.0,"event":"snapshot","health":100.0,"seq":214.0}
GUEST_SAMPLE {"ack":413,"actor":1,"error":"","phase":3,"phase_seconds":0.0,"pose":true,"seconds":8.06013100000007,"snapshots":214,"starts":1}
CORRELATION_OBSERVE {"ack":415,"actor":1,"dead":0.0,"event":"snapshot","health":100.0,"seq":215.0}
CORRELATION_OBSERVE {"ack":417,"actor":1,"dead":0.0,"event":"snapshot","health":100.0,"seq":216.0}
CORRELATION_OBSERVE {"ack":419,"actor":1,"dead":0.0,"event":"snapshot","health":100.0,"seq":217.0}
CORRELATION_OBSERVE {"ack":421,"actor":1,"dead":0.0,"event":"snapshot","health":100.0,"seq":218.0}
CORRELATION_OBSERVE {"ack":423,"actor":1,"dead":0.0,"event":"snapshot","health":100.0,"seq":219.0}
CORRELATION_OBSERVE {"ack":425,"actor":1,"dead":0.0,"event":"snapshot","health":100.0,"seq":220.0}
CORRELATION_OBSERVE {"ack":427,"actor":1,"dead":0.0,"event":"snapshot","health":100.0,"seq":221.0}
CORRELATION_OBSERVE {"ack":429,"actor":1,"dead":0.0,"event":"snapshot","health":100.0,"seq":222.0}
CORRELATION_OBSERVE {"ack":431,"actor":1,"dead":0.0,"event":"snapshot","health":100.0,"seq":223.0}
CORRELATION_OBSERVE {"ack":433,"actor":1,"dead":0.0,"event":"snapshot","health":100.0,"seq":224.0}
CORRELATION_OBSERVE {"ack":435,"actor":1,"dead":0.0,"event":"snapshot","health":100.0,"seq":225.0}
CORRELATION_OBSERVE {"ack":437,"actor":1,"dead":0.0,"event":"snapshot","health":100.0,"seq":226.0}
CORRELATION_OBSERVE {"ack":439,"actor":1,"dead":0.0,"event":"snapshot","health":100.0,"seq":227.0}
CORRELATION_OBSERVE {"ack":440,"actor":1,"dead":0.0,"event":"snapshot","health":100.0,"seq":228.0}
CORRELATION_OBSERVE {"ack":442,"actor":1,"dead":0.0,"event":"snapshot","health":100.0,"seq":229.0}
GUEST_SAMPLE {"ack":442,"actor":1,"error":"","phase":3,"phase_seconds":0.0,"pose":true,"seconds":8.56353900000002,"snapshots":229,"starts":1}
CORRELATION_OBSERVE {"ack":444,"actor":1,"dead":0.0,"event":"snapshot","health":100.0,"seq":230.0}
CORRELATION_OBSERVE {"ack":446,"actor":1,"dead":0.0,"event":"snapshot","health":100.0,"seq":231.0}
CORRELATION_OBSERVE {"ack":448,"actor":1,"dead":0.0,"event":"snapshot","health":100.0,"seq":232.0}
CORRELATION_OBSERVE {"ack":450,"actor":1,"dead":0.0,"event":"snapshot","health":100.0,"seq":233.0}
CORRELATION_OBSERVE {"ack":452,"actor":1,"dead":0.0,"event":"snapshot","health":100.0,"seq":234.0}
CORRELATION_OBSERVE {"ack":454,"actor":1,"dead":0.0,"event":"snapshot","health":100.0,"seq":235.0}
CORRELATION_OBSERVE {"ack":456,"actor":1,"dead":0.0,"event":"snapshot","health":100.0,"seq":236.0}
CORRELATION_OBSERVE {"ack":458,"actor":1,"dead":0.0,"event":"snapshot","health":100.0,"seq":237.0}
CORRELATION_OBSERVE {"ack":460,"actor":1,"dead":0.0,"event":"snapshot","health":100.0,"seq":238.0}
CORRELATION_OBSERVE {"ack":462,"actor":1,"dead":0.0,"event":"snapshot","health":100.0,"seq":239.0}
CORRELATION_OBSERVE {"ack":464,"actor":1,"dead":0.0,"event":"snapshot","health":100.0,"seq":240.0}
CORRELATION_OBSERVE {"ack":466,"actor":1,"dead":0.0,"event":"snapshot","health":100.0,"seq":241.0}
CORRELATION_OBSERVE {"ack":468,"actor":1,"dead":0.0,"event":"snapshot","health":100.0,"seq":242.0}
CORRELATION_OBSERVE {"ack":470,"actor":1,"dead":0.0,"event":"snapshot","health":100.0,"seq":243.0}
CORRELATION_OBSERVE {"ack":471,"actor":1,"dead":0.0,"event":"snapshot","health":100.0,"seq":244.0}
CORRELATION_OBSERVE {"ack":473,"actor":1,"dead":0.0,"event":"snapshot","health":100.0,"seq":245.0}
GUEST_SAMPLE {"ack":473,"actor":1,"error":"","phase":3,"phase_seconds":0.0,"pose":true,"seconds":9.06694699999997,"snapshots":245,"starts":1}
CORRELATION_OBSERVE {"ack":476,"actor":1,"dead":0.0,"event":"snapshot","health":100.0,"seq":246.0}
CORRELATION_OBSERVE {"ack":478,"actor":1,"dead":0.0,"event":"snapshot","health":100.0,"seq":247.0}
CORRELATION_OBSERVE {"ack":479,"actor":1,"dead":0.0,"event":"snapshot","health":100.0,"seq":248.0}
CORRELATION_OBSERVE {"ack":481,"actor":1,"dead":0.0,"event":"snapshot","health":100.0,"seq":249.0}
CORRELATION_OBSERVE {"ack":483,"actor":1,"dead":0.0,"event":"snapshot","health":100.0,"seq":250.0}
CORRELATION_OBSERVE {"ack":485,"actor":1,"dead":0.0,"event":"snapshot","health":100.0,"seq":251.0}
CORRELATION_OBSERVE {"ack":487,"actor":1,"dead":0.0,"event":"snapshot","health":100.0,"seq":252.0}
CORRELATION_OBSERVE {"ack":489,"actor":1,"dead":0.0,"event":"snapshot","health":100.0,"seq":253.0}
CORRELATION_OBSERVE {"ack":491,"actor":1,"dead":0.0,"event":"snapshot","health":100.0,"seq":254.0}
CORRELATION_OBSERVE {"ack":493,"actor":1,"dead":0.0,"event":"snapshot","health":100.0,"seq":255.0}
CORRELATION_OBSERVE {"ack":495,"actor":1,"dead":0.0,"event":"snapshot","health":100.0,"seq":256.0}
CORRELATION_OBSERVE {"ack":497,"actor":1,"dead":0.0,"event":"snapshot","health":100.0,"seq":257.0}
CORRELATION_OBSERVE {"ack":499,"actor":1,"dead":0.0,"event":"snapshot","health":100.0,"seq":258.0}
CORRELATION_OBSERVE {"ack":500,"actor":1,"dead":0.0,"event":"snapshot","health":100.0,"seq":259.0}
CORRELATION_OBSERVE {"ack":502,"actor":1,"dead":0.0,"event":"snapshot","health":100.0,"seq":260.0}
GUEST_SAMPLE {"ack":502,"actor":1,"error":"","phase":3,"phase_seconds":0.0,"pose":true,"seconds":9.57035499999992,"snapshots":260,"starts":1}
CORRELATION_OBSERVE {"ack":504,"actor":1,"dead":0.0,"event":"snapshot","health":100.0,"seq":261.0}
CORRELATION_OBSERVE {"ack":506,"actor":1,"dead":0.0,"event":"snapshot","health":100.0,"seq":262.0}
CORRELATION_OBSERVE {"ack":508,"actor":1,"dead":0.0,"event":"snapshot","health":100.0,"seq":263.0}
CORRELATION_OBSERVE {"ack":510,"actor":1,"dead":0.0,"event":"snapshot","health":100.0,"seq":264.0}
CORRELATION_OBSERVE {"ack":512,"actor":1,"dead":0.0,"event":"snapshot","health":100.0,"seq":265.0}
CORRELATION_OBSERVE {"ack":514,"actor":1,"dead":0.0,"event":"snapshot","health":100.0,"seq":266.0}
CORRELATION_OBSERVE {"ack":516,"actor":1,"dead":0.0,"event":"snapshot","health":100.0,"seq":267.0}
CORRELATION_OBSERVE {"ack":518,"actor":1,"dead":0.0,"event":"snapshot","health":100.0,"seq":268.0}
CORRELATION_OBSERVE {"ack":520,"actor":1,"dead":0.0,"event":"snapshot","health":100.0,"seq":269.0}
CORRELATION_OBSERVE {"ack":522,"actor":1,"dead":0.0,"event":"snapshot","health":100.0,"seq":270.0}
CORRELATION_OBSERVE {"ack":524,"actor":1,"dead":0.0,"event":"snapshot","health":100.0,"seq":271.0}
CORRELATION_OBSERVE {"ack":526,"actor":1,"dead":0.0,"event":"snapshot","health":100.0,"seq":272.0}
CORRELATION_OBSERVE {"ack":528,"actor":1,"dead":0.0,"event":"snapshot","health":100.0,"seq":273.0}
CORRELATION_OBSERVE {"ack":530,"actor":1,"dead":0.0,"event":"snapshot","health":100.0,"seq":274.0}
CORRELATION_OBSERVE {"ack":532,"actor":1,"dead":0.0,"event":"snapshot","health":100.0,"seq":275.0}
CORRELATION_OBSERVE {"ack":534,"actor":1,"dead":0.0,"event":"snapshot","health":100.0,"seq":276.0}
GUEST_SAMPLE {"ack":534,"actor":1,"error":"","phase":3,"phase_seconds":0.0,"pose":true,"seconds":10.0737629999999,"snapshots":276,"starts":1}
CORRELATION_OBSERVE {"ack":536,"actor":1,"dead":0.0,"event":"snapshot","health":100.0,"seq":277.0}
CORRELATION_OBSERVE {"ack":538,"actor":1,"dead":0.0,"event":"snapshot","health":100.0,"seq":278.0}
CORRELATION_OBSERVE {"ack":540,"actor":1,"dead":0.0,"event":"snapshot","health":100.0,"seq":279.0}
CORRELATION_OBSERVE {"ack":541,"actor":1,"dead":0.0,"event":"snapshot","health":100.0,"seq":280.0}
CORRELATION_OBSERVE {"ack":543,"actor":1,"dead":0.0,"event":"snapshot","health":100.0,"seq":281.0}
CORRELATION_OBSERVE {"ack":545,"actor":1,"dead":0.0,"event":"snapshot","health":100.0,"seq":282.0}
CORRELATION_OBSERVE {"ack":548,"actor":1,"dead":0.0,"event":"snapshot","health":100.0,"seq":283.0}
CORRELATION_OBSERVE {"ack":549,"actor":1,"dead":0.0,"event":"snapshot","health":100.0,"seq":284.0}
CORRELATION_OBSERVE {"ack":551,"actor":1,"dead":0.0,"event":"snapshot","health":100.0,"seq":285.0}
CORRELATION_OBSERVE {"ack":553,"actor":1,"dead":0.0,"event":"snapshot","health":100.0,"seq":286.0}
CORRELATION_OBSERVE {"ack":555,"actor":1,"dead":0.0,"event":"snapshot","health":100.0,"seq":287.0}
CORRELATION_OBSERVE {"ack":557,"actor":1,"dead":0.0,"event":"snapshot","health":100.0,"seq":288.0}
CORRELATION_OBSERVE {"ack":559,"actor":1,"dead":0.0,"event":"snapshot","health":100.0,"seq":289.0}
CORRELATION_OBSERVE {"ack":561,"actor":1,"dead":0.0,"event":"snapshot","health":100.0,"seq":290.0}
CORRELATION_OBSERVE {"ack":563,"actor":1,"dead":0.0,"event":"snapshot","health":100.0,"seq":291.0}
GUEST_SAMPLE {"ack":563,"actor":1,"error":"","phase":3,"phase_seconds":0.0,"pose":true,"seconds":10.5771709999998,"snapshots":291,"starts":1}
CORRELATION_OBSERVE {"ack":565,"actor":1,"dead":0.0,"event":"snapshot","health":100.0,"seq":292.0}
CORRELATION_OBSERVE {"ack":567,"actor":1,"dead":0.0,"event":"snapshot","health":100.0,"seq":293.0}
CORRELATION_OBSERVE {"ack":569,"actor":1,"dead":0.0,"event":"snapshot","health":100.0,"seq":294.0}
CORRELATION_OBSERVE {"ack":571,"actor":1,"dead":0.0,"event":"snapshot","health":100.0,"seq":295.0}
CORRELATION_OBSERVE {"ack":572,"actor":1,"dead":0.0,"event":"snapshot","health":100.0,"seq":296.0}
CORRELATION_OBSERVE {"ack":574,"actor":1,"dead":0.0,"event":"snapshot","health":100.0,"seq":297.0}
CORRELATION_OBSERVE {"ack":576,"actor":1,"dead":0.0,"event":"snapshot","health":100.0,"seq":298.0}
CORRELATION_OBSERVE {"ack":578,"actor":1,"dead":0.0,"event":"snapshot","health":100.0,"seq":299.0}
CORRELATION_OBSERVE {"ack":580,"actor":1,"dead":0.0,"event":"snapshot","health":100.0,"seq":300.0}
CORRELATION_OBSERVE {"ack":582,"actor":1,"dead":0.0,"event":"snapshot","health":100.0,"seq":301.0}
CORRELATION_OBSERVE {"ack":584,"actor":1,"dead":0.0,"event":"snapshot","health":100.0,"seq":302.0}
CORRELATION_OBSERVE {"ack":586,"actor":1,"dead":0.0,"event":"snapshot","health":100.0,"seq":303.0}
CORRELATION_OBSERVE {"ack":588,"actor":1,"dead":0.0,"event":"snapshot","health":100.0,"seq":304.0}
CORRELATION_OBSERVE {"ack":590,"actor":1,"dead":0.0,"event":"snapshot","health":100.0,"seq":305.0}
CORRELATION_OBSERVE {"ack":592,"actor":1,"dead":0.0,"event":"snapshot","health":100.0,"seq":306.0}
CORRELATION_OBSERVE {"ack":594,"actor":1,"dead":0.0,"event":"snapshot","health":100.0,"seq":307.0}
GUEST_SAMPLE {"ack":594,"actor":1,"error":"","phase":3,"phase_seconds":0.0,"pose":true,"seconds":11.0805789999998,"snapshots":307,"starts":1}
CORRELATION_OBSERVE {"ack":596,"actor":1,"dead":0.0,"event":"snapshot","health":100.0,"seq":308.0}
CORRELATION_OBSERVE {"ack":598,"actor":1,"dead":0.0,"event":"snapshot","health":100.0,"seq":309.0}
CORRELATION_OBSERVE {"ack":600,"actor":1,"dead":0.0,"event":"snapshot","health":100.0,"seq":310.0}
CORRELATION_OBSERVE {"ack":602,"actor":1,"dead":0.0,"event":"snapshot","health":100.0,"seq":311.0}
CORRELATION_OBSERVE {"ack":604,"actor":1,"dead":0.0,"event":"snapshot","health":100.0,"seq":312.0}
CORRELATION_OBSERVE {"ack":605,"actor":1,"dead":0.0,"event":"snapshot","health":100.0,"seq":313.0}
CORRELATION_OBSERVE {"ack":608,"actor":1,"dead":0.0,"event":"snapshot","health":100.0,"seq":314.0}
CORRELATION_OBSERVE {"ack":610,"actor":1,"dead":0.0,"event":"snapshot","health":100.0,"seq":315.0}
CORRELATION_OBSERVE {"ack":611,"actor":1,"dead":0.0,"event":"snapshot","health":100.0,"seq":316.0}
CORRELATION_OBSERVE {"ack":613,"actor":1,"dead":0.0,"event":"snapshot","health":100.0,"seq":317.0}
CORRELATION_OBSERVE {"ack":615,"actor":1,"dead":0.0,"event":"snapshot","health":100.0,"seq":318.0}
CORRELATION_OBSERVE {"ack":617,"actor":1,"dead":0.0,"event":"snapshot","health":100.0,"seq":319.0}
CORRELATION_OBSERVE {"ack":619,"actor":1,"dead":0.0,"event":"snapshot","health":100.0,"seq":320.0}
CORRELATION_OBSERVE {"ack":621,"actor":1,"dead":0.0,"event":"snapshot","health":100.0,"seq":321.0}
CORRELATION_OBSERVE {"ack":623,"actor":1,"dead":0.0,"event":"snapshot","health":100.0,"seq":322.0}
GUEST_SAMPLE {"ack":623,"actor":1,"error":"","phase":3,"phase_seconds":0.0,"pose":true,"seconds":11.5839869999997,"snapshots":322,"starts":1}
CORRELATION_OBSERVE {"ack":625,"actor":1,"dead":0.0,"event":"snapshot","health":100.0,"seq":323.0}
CORRELATION_OBSERVE {"ack":627,"actor":1,"dead":0.0,"event":"snapshot","health":100.0,"seq":324.0}
CORRELATION_OBSERVE {"ack":629,"actor":1,"dead":0.0,"event":"snapshot","health":100.0,"seq":325.0}
CORRELATION_OBSERVE {"ack":631,"actor":1,"dead":0.0,"event":"snapshot","health":100.0,"seq":326.0}
CORRELATION_OBSERVE {"ack":633,"actor":1,"dead":0.0,"event":"snapshot","health":100.0,"seq":327.0}
CORRELATION_OBSERVE {"ack":635,"actor":1,"dead":0.0,"event":"snapshot","health":100.0,"seq":328.0}
CORRELATION_OBSERVE {"ack":637,"actor":1,"dead":0.0,"event":"snapshot","health":100.0,"seq":329.0}
CORRELATION_OBSERVE {"ack":639,"actor":1,"dead":0.0,"event":"snapshot","health":100.0,"seq":330.0}
CORRELATION_OBSERVE {"ack":641,"actor":1,"dead":0.0,"event":"snapshot","health":100.0,"seq":331.0}
CORRELATION_OBSERVE {"ack":643,"actor":1,"dead":0.0,"event":"snapshot","health":100.0,"seq":332.0}
CORRELATION_OBSERVE {"ack":645,"actor":1,"dead":0.0,"event":"snapshot","health":100.0,"seq":333.0}
CORRELATION_OBSERVE {"ack":647,"actor":1,"dead":0.0,"event":"snapshot","health":100.0,"seq":334.0}
CORRELATION_OBSERVE {"ack":648,"actor":1,"dead":0.0,"event":"snapshot","health":100.0,"seq":335.0}
CORRELATION_OBSERVE {"ack":651,"actor":1,"dead":0.0,"event":"snapshot","health":100.0,"seq":336.0}
