TAP version 13
# Subtest: GENERATED prism-foundry: source constructor, AI/combat, results and restart
not ok 1 - GENERATED prism-foundry: source constructor, AI/combat, results and restart
  ---
  duration_ms: 36.788643
  type: 'test'
  location: '/home/mojo/.hermes-instances/fresh/workspace/cocs-godot-port/port/native-arenas/tests/actual-maps.mjs:12:39'
  failureType: 'testCodeFailure'
  error: 'Invalid native arena: geometryHash does not match canonical arena'
  code: 'ERR_TEST_FAILURE'
  name: 'TypeError'
  stack: |-
    fail (file:///home/mojo/.hermes-instances/fresh/workspace/cocs-godot-port/port/native-arenas/schema.mjs:18:31)
    parseNativeArena (file:///home/mojo/.hermes-instances/fresh/workspace/cocs-godot-port/port/native-arenas/schema.mjs:165:57)
    readNativeArena (file:///home/mojo/.hermes-instances/fresh/workspace/cocs-godot-port/port/native-arenas/schema.mjs:173:10)
    TestContext.<anonymous> (file:///home/mojo/.hermes-instances/fresh/workspace/cocs-godot-port/port/native-arenas/tests/actual-maps.mjs:13:16)
    Test.runInAsyncScope (node:async_hooks:214:14)
    Test.run (node:internal/test_runner/test:1047:25)
    Test.start (node:internal/test_runner/test:944:17)
    startSubtestAfterBootstrap (node:internal/test_runner/harness:296:17)
  ...
# Subtest: GENERATED aurora-basin: source constructor, AI/combat, results and restart
not ok 2 - GENERATED aurora-basin: source constructor, AI/combat, results and restart
  ---
  duration_ms: 266.655583
  type: 'test'
  location: '/home/mojo/.hermes-instances/fresh/workspace/cocs-godot-port/port/native-arenas/tests/actual-maps.mjs:12:39'
  failureType: 'testCodeFailure'
  error: 'Invalid native arena: geometryHash does not match canonical arena'
  code: 'ERR_TEST_FAILURE'
  name: 'TypeError'
  stack: |-
    fail (file:///home/mojo/.hermes-instances/fresh/workspace/cocs-godot-port/port/native-arenas/schema.mjs:18:31)
    parseNativeArena (file:///home/mojo/.hermes-instances/fresh/workspace/cocs-godot-port/port/native-arenas/schema.mjs:165:57)
    readNativeArena (file:///home/mojo/.hermes-instances/fresh/workspace/cocs-godot-port/port/native-arenas/schema.mjs:173:10)
    TestContext.<anonymous> (file:///home/mojo/.hermes-instances/fresh/workspace/cocs-godot-port/port/native-arenas/tests/actual-maps.mjs:13:16)
    Test.runInAsyncScope (node:async_hooks:214:14)
    Test.run (node:internal/test_runner/test:1047:25)
    Test.processPendingSubtests (node:internal/test_runner/test:744:18)
    Test.postRun (node:internal/test_runner/test:1173:19)
    Test.run (node:internal/test_runner/test:1101:12)
    async startSubtestAfterBootstrap (node:internal/test_runner/harness:296:3)
  ...
# Subtest: GENERATED cinder-array: source constructor, AI/combat, results and restart
not ok 3 - GENERATED cinder-array: source constructor, AI/combat, results and restart
  ---
  duration_ms: 16.669737
  type: 'test'
  location: '/home/mojo/.hermes-instances/fresh/workspace/cocs-godot-port/port/native-arenas/tests/actual-maps.mjs:12:39'
  failureType: 'testCodeFailure'
  error: 'Invalid native arena: geometryHash does not match canonical arena'
  code: 'ERR_TEST_FAILURE'
  name: 'TypeError'
  stack: |-
    fail (file:///home/mojo/.hermes-instances/fresh/workspace/cocs-godot-port/port/native-arenas/schema.mjs:18:31)
    parseNativeArena (file:///home/mojo/.hermes-instances/fresh/workspace/cocs-godot-port/port/native-arenas/schema.mjs:165:57)
    readNativeArena (file:///home/mojo/.hermes-instances/fresh/workspace/cocs-godot-port/port/native-arenas/schema.mjs:173:10)
    TestContext.<anonymous> (file:///home/mojo/.hermes-instances/fresh/workspace/cocs-godot-port/port/native-arenas/tests/actual-maps.mjs:13:16)
    Test.runInAsyncScope (node:async_hooks:214:14)
    Test.run (node:internal/test_runner/test:1047:25)
    Test.processPendingSubtests (node:internal/test_runner/test:744:18)
    Test.postRun (node:internal/test_runner/test:1173:19)
    Test.run (node:internal/test_runner/test:1101:12)
    async Test.processPendingSubtests (node:internal/test_runner/test:744:7)
  ...
1..3
# tests 3
# suites 0
# pass 0
# fail 3
# cancelled 0
# skipped 0
# todo 0
# duration_ms 1096.463713
