Godot Engine v4.5.2.stable.official.6ce3de25a - https://godotengine.org

[   0% ] [90m[1mfirst_scan_filesystem[22m | Started Project initialization (5 steps)[39m[0m
[   0% ] [90m[1mfirst_scan_filesystem[22m | Scanning file structure...[39m[0m
[  16% ] [90m[1mfirst_scan_filesystem[22m | Loading global class names...[39m[0m
[  33% ] [90m[1mfirst_scan_filesystem[22m | Verifying GDExtensions...[39m[0m
[  50% ] [90m[1mfirst_scan_filesystem[22m | Creating autoload scripts...[39m[0m
[  66% ] [90m[1mfirst_scan_filesystem[22m | Initializing plugins...[39m[0m
[  83% ] [90m[1mfirst_scan_filesystem[22m | Starting file scan...[39m[0m
[92m[ DONE ][39m [1mfirst_scan_filesystem[22m
[0m
[   0% ] [90m[1m_update_scan_actions[22m | Started Scanning actions... (2 steps)[39m[0m
[   0% ] [90m[1m_update_scan_actions[22m | before-AA-failed.glb[39m[0m
[  33% ] [90m[1m_update_scan_actions[22m | candidate.glb[39m[0m
[92m[ DONE ][39m [1m_update_scan_actions[22m
[0m
[   0% ] [90m[1mreimport[22m | Started (Re)Importing Assets (50 steps)[39m[0m
[   0% ] [90m[1mreimport[22m | Preparing files to reimport...[39m[0m
[   1% ] [90m[1mreimport[22m | Preparing files to reimport...[39m[0m
[   3% ] [90m[1mreimport[22m | Preparing files to reimport...[39m[0m
[   5% ] [90m[1mreimport[22m | Preparing files to reimport...[39m[0m
[   7% ] [90m[1mreimport[22m | Preparing files to reimport...[39m[0m
[   9% ] [90m[1mreimport[22m | Preparing files to reimport...[39m[0m
[  11% ] [90m[1mreimport[22m | Preparing files to reimport...[39m[0m
[  13% ] [90m[1mreimport[22m | Preparing files to reimport...[39m[0m
[  15% ] [90m[1mreimport[22m | Preparing files to reimport...[39m[0m
[  17% ] [90m[1mreimport[22m | Preparing files to reimport...[39m[0m
[  19% ] [90m[1mreimport[22m | Preparing files to reimport...[39m[0m
[  21% ] [90m[1mreimport[22m | Preparing files to reimport...[39m[0m
[  23% ] [90m[1mreimport[22m | Preparing files to reimport...[39m[0m
[  25% ] [90m[1mreimport[22m | Preparing files to reimport...[39m[0m
[  27% ] [90m[1mreimport[22m | Preparing files to reimport...[39m[0m
[  29% ] [90m[1mreimport[22m | Preparing files to reimport...[39m[0m
[  31% ] [90m[1mreimport[22m | Preparing files to reimport...[39m[0m
[  33% ] [90m[1mreimport[22m | Preparing files to reimport...[39m[0m
[  35% ] [90m[1mreimport[22m | Preparing files to reimport...[39m[0m
[  37% ] [90m[1mreimport[22m | Preparing files to reimport...[39m[0m
[  39% ] [90m[1mreimport[22m | Preparing files to reimport...[39m[0m
[  41% ] [90m[1mreimport[22m | Preparing files to reimport...[39m[0m
[  43% ] [90m[1mreimport[22m | Preparing files to reimport...[39m[0m
[  45% ] [90m[1mreimport[22m | Preparing files to reimport...[39m[0m
[  47% ] [90m[1mreimport[22m | Preparing files to reimport...[39m[0m
[  49% ] [90m[1mreimport[22m | Preparing files to reimport...[39m[0m
[  50% ] [90m[1mreimport[22m | Preparing files to reimport...[39m[0m
[  52% ] [90m[1mreimport[22m | Preparing files to reimport...[39m[0m
[  54% ] [90m[1mreimport[22m | Preparing files to reimport...[39m[0m
[  56% ] [90m[1mreimport[22m | Preparing files to reimport...[39m[0m
[  58% ] [90m[1mreimport[22m | Preparing files to reimport...[39m[0m
[  60% ] [90m[1mreimport[22m | Preparing files to reimport...[39m[0m
[  62% ] [90m[1mreimport[22m | Preparing files to reimport...[39m[0m
[  64% ] [90m[1mreimport[22m | Preparing files to reimport...[39m[0m
[  66% ] [90m[1mreimport[22m | Preparing files to reimport...[39m[0m
[  68% ] [90m[1mreimport[22m | Preparing files to reimport...[39m[0m
[  70% ] [90m[1mreimport[22m | Preparing files to reimport...[39m[0m
[  72% ] [90m[1mreimport[22m | Preparing files to reimport...[39m[0m
[  74% ] [90m[1mreimport[22m | Preparing files to reimport...[39m[0m
[  76% ] [90m[1mreimport[22m | Preparing files to reimport...[39m[0m
[  78% ] [90m[1mreimport[22m | Preparing files to reimport...[39m[0m
[  80% ] [90m[1mreimport[22m | Preparing files to reimport...[39m[0m
[  82% ] [90m[1mreimport[22m | Preparing files to reimport...[39m[0m
[  84% ] [90m[1mreimport[22m | Preparing files to reimport...[39m[0m
[  86% ] [90m[1mreimport[22m | Preparing files to reimport...[39m[0m
[  88% ] [90m[1mreimport[22m | Preparing files to reimport...[39m[0m
[  90% ] [90m[1mreimport[22m | Preparing files to reimport...[39m[0m
[  92% ] [90m[1mreimport[22m | Preparing files to reimport...[39m[0m
[  94% ] [90m[1mreimport[22m | Preparing files to reimport...[39m[0m
[  96% ] [90m[1mreimport[22m | Preparing files to reimport...[39m[0m
[   0% ] [90m[1mreimport[22m | Executing pre-reimport operations...[39m[0m
[   0% ] [90m[1mpreload_reimporting_scene[22m | Started Preparing scenes for reload (1 steps)[39m[0m
[   0% ] [90m[1mpreload_reimporting_scene[22m | Analyzing scene [empty][39m[0m
[  50% ] [90m[1mpreload_reimporting_scene[22m | Preparation done.[39m[0m
[92m[ DONE ][39m [1mpreload_reimporting_scene[22m
[0m
[   0% ] [90m[1mreimport[22m | before-AA-failed_frosted-glass-normal.png[39m[0m
[   1% ] [90m[1mreimport[22m | candidate_frosted-glass-roughness.png[39m[0m
[   3% ] [90m[1mreimport[22m | candidate_etched-coating-haze-albedo-srgb.png[39m[0m
[   5% ] [90m[1mreimport[22m | candidate_etched-coating-haze-roughness.png[39m[0m
[   7% ] [90m[1mreimport[22m | candidate_etched-coating-haze-normal.png[39m[0m
[   9% ] [90m[1mreimport[22m | candidate_ceramic-enamel-albedo-srgb.png[39m[0m
[  11% ] [90m[1mreimport[22m | candidate_ceramic-enamel-roughness.png[39m[0m
[  13% ] [90m[1mreimport[22m | candidate_ceramic-enamel-normal.png[39m[0m
[  15% ] [90m[1mreimport[22m | candidate_anodized-brush-albedo-srgb.png[39m[0m
[  17% ] [90m[1mreimport[22m | candidate_anodized-brush-roughness.png[39m[0m
[  19% ] [90m[1mreimport[22m | candidate_anodized-brush-normal.png[39m[0m
[  21% ] [90m[1mreimport[22m | candidate_optical-mirror-opaque-albedo-srgb.png[39m[0m
[  23% ] [90m[1mreimport[22m | candidate_optical-mirror-opaque-roughness.png[39m[0m
[  25% ] [90m[1mreimport[22m | candidate_optical-mirror-opaque-normal.png[39m[0m
[  27% ] [90m[1mreimport[22m | candidate_basalt-strata-albedo-srgb.png[39m[0m
[  29% ] [90m[1mreimport[22m | candidate_basalt-strata-roughness.png[39m[0m
[  31% ] [90m[1mreimport[22m | candidate_basalt-strata-normal.png[39m[0m
[  33% ] [90m[1mreimport[22m | candidate_salt-limestone-albedo-srgb.png[39m[0m
[  35% ] [90m[1mreimport[22m | candidate_salt-limestone-roughness.png[39m[0m
[  37% ] [90m[1mreimport[22m | candidate_salt-limestone-normal.png[39m[0m
[  39% ] [90m[1mreimport[22m | candidate_trim-wear-albedo-srgb.png[39m[0m
[  41% ] [90m[1mreimport[22m | candidate_trim-wear-roughness.png[39m[0m
[  43% ] [90m[1mreimport[22m | candidate_trim-wear-normal.png[39m[0m
[  45% ] [90m[1mreimport[22m | candidate_frosted-glass-albedo-srgb.png[39m[0m
[  47% ] [90m[1mreimport[22m | candidate_frosted-glass-normal.png[39m[0m
[  49% ] [90m[1mreimport[22m | before-AA-failed_etched-coating-haze-albedo-srgb.png[39m[0m
[  50% ] [90m[1mreimport[22m | before-AA-failed_etched-coating-haze-roughness.png[39m[0m
[  52% ] [90m[1mreimport[22m | before-AA-failed_etched-coating-haze-normal.png[39m[0m
[  54% ] [90m[1mreimport[22m | before-AA-failed_ceramic-enamel-albedo-srgb.png[39m[0m
[  56% ] [90m[1mreimport[22m | before-AA-failed_ceramic-enamel-roughness.png[39m[0m
[  58% ] [90m[1mreimport[22m | before-AA-failed_ceramic-enamel-normal.png[39m[0m
[  60% ] [90m[1mreimport[22m | before-AA-failed_anodized-brush-albedo-srgb.png[39m[0m
[  62% ] [90m[1mreimport[22m | before-AA-failed_anodized-brush-roughness.png[39m[0m
[  64% ] [90m[1mreimport[22m | before-AA-failed_anodized-brush-normal.png[39m[0m
[  66% ] [90m[1mreimport[22m | before-AA-failed_optical-mirror-opaque-albedo-srgb.png[39m[0m
[  68% ] [90m[1mreimport[22m | before-AA-failed_optical-mirror-opaque-roughness.png[39m[0m
[  70% ] [90m[1mreimport[22m | before-AA-failed_optical-mirror-opaque-normal.png[39m[0m
[  72% ] [90m[1mreimport[22m | before-AA-failed_basalt-strata-albedo-srgb.png[39m[0m
[  74% ] [90m[1mreimport[22m | before-AA-failed_basalt-strata-roughness.png[39m[0m
[  76% ] [90m[1mreimport[22m | before-AA-failed_basalt-strata-normal.png[39m[0m
[  78% ] [90m[1mreimport[22m | before-AA-failed_salt-limestone-albedo-srgb.png[39m[0m
[  80% ] [90m[1mreimport[22m | before-AA-failed_salt-limestone-roughness.png[39m[0m
[  82% ] [90m[1mreimport[22m | before-AA-failed_salt-limestone-normal.png[39m[0m
[  84% ] [90m[1mreimport[22m | before-AA-failed_trim-wear-albedo-srgb.png[39m[0m
[  86% ] [90m[1mreimport[22m | before-AA-failed_trim-wear-roughness.png[39m[0m
[  88% ] [90m[1mreimport[22m | before-AA-failed_trim-wear-normal.png[39m[0m
[  90% ] [90m[1mreimport[22m | before-AA-failed_frosted-glass-albedo-srgb.png[39m[0m
[  92% ] [90m[1mreimport[22m | before-AA-failed_frosted-glass-roughness.png[39m[0m
[  94% ] [90m[1mreimport[22m | candidate.glb[39m[0m
[   0% ] [90m[1mimport[22m | Started Import Scene (104 steps)[39m[0m
[   0% ] [90m[1mimport[22m | Importing Scene...[39m[0m
[   1% ] [90m[1mimport[22m | Running Custom Script...[39m[0m
[  99% ] [90m[1mimport[22m | Saving...[39m[0m
[92m[ DONE ][39m [1mimport[22m
[0m
[  96% ] [90m[1mreimport[22m | before-AA-failed.glb[39m[0m
[   0% ] [90m[1mimport[22m | Started Import Scene (104 steps)[39m[0m
[   0% ] [90m[1mimport[22m | Importing Scene...[39m[0m
[   1% ] [90m[1mimport[22m | Running Custom Script...[39m[0m
[  99% ] [90m[1mimport[22m | Saving...[39m[0m
[92m[ DONE ][39m [1mimport[22m
[0m
[  98% ] [90m[1mreimport[22m | Finalizing Asset Import...[39m[0m
[92m[ DONE ][39m [1mreimport[22m
[0m
[   0% ] [90m[1mreimport[22m | Started (Re)Importing Assets (50 steps)[39m[0m
[   0% ] [90m[1mreimport[22m | Executing post-reimport operations...[39m[0m
[92m[ DONE ][39m [1mreimport[22m
[0m
[   0% ] [90m[1mloading_editor_layout[22m | Started Loading editor (5 steps)[39m[0m
[   0% ] [90m[1mloading_editor_layout[22m | Loading editor layout...[39m[0m
[92m[ DONE ][39m [1mloading_editor_layout[22m
[0m
