Info: Saved as "abyssal-pressureworks.blend"
INFO Draco mesh compression is available, use library at /home/mojo/.tmp-on-disk/cocs-blender-toolchain/blender-4.5.14-linux-x64/4.5/scripts/addons_core/io_scene_gltf2/libextern_draco.so
00:41:17 | INFO: Starting glTF 2.0 export
00:41:17 | INFO: Extracting primitive: batch-ivory
00:41:17 | INFO: Primitives created: 1
00:41:17 | INFO: Extracting primitive: batch-navy
00:41:17 | INFO: Primitives created: 1
00:41:17 | INFO: Extracting primitive: batch-coral
00:41:17 | INFO: Primitives created: 1
00:41:17 | INFO: Extracting primitive: batch-copper
00:41:17 | INFO: Primitives created: 1
00:41:17 | INFO: Extracting primitive: batch-cyan
00:41:17 | INFO: Primitives created: 1
00:41:17 | INFO: Extracting primitive: batch-amber
00:41:17 | INFO: Primitives created: 1
00:41:17 | INFO: Extracting primitive: batch-glass
00:41:17 | INFO: Primitives created: 1
00:41:17 | INFO: Finished glTF 2.0 export in 0.025435447692871094 s

ABYSSAL_EXPORT {"id": "abyssal-pressureworks", "recipeSha256": "d56a97a3e22c0b6972db552519a8742af45a9dbe906a44b163a24ced695c721f", "blender": "4.5.14 LTS", "triangles": 12392, "materialBatches": 7, "editableObjects": 1419, "master": "tools/godot-multiplayer/new-maps/abyssal-pressureworks/masters/abyssal-pressureworks.blend", "glb": "godot/multiplayer_worlds/art/worlds/abyssal-pressureworks.glb", "glbSha256": "3a8906d78688e45528216b1fa09d9e2c769074fa49ca86844f260b240d24cfed", "glbBytes": 882868, "inspection": "PENDING native views and master reopen"}
Blender 4.5.14 LTS (hash 62c1db4208e8 built 2026-09-15 01:31:19)

Blender quit
