COCS release pipeline — tag=release-pipeline-build-rehearsal-2026-09-22 target=windows mode=DRY-RUN
  state    /tmp/opencode/cocs-release-release-pipeline-build-rehearsal-2026-09-22 (resuming, append-only)
  run      runs/20260922T173558Z-2502070

{
  "schema_version": 1,
  "kind": "cocs-release-run",
  "run_id": "20260922T173558Z-2502070",
  "tag": "release-pipeline-build-rehearsal-2026-09-22",
  "target": "windows",
  "mode": "dry-run",
  "dry_run": true,
  "argv": [
    "--tag=release-pipeline-build-rehearsal-2026-09-22",
    "--resume-from=publish"
  ],
  "state": "/tmp/opencode/cocs-release-release-pipeline-build-rehearsal-2026-09-22",
  "resume_from": "publish",
  "stop_after": null,
  "started_at": "2026-09-22T17:35:58.436Z",
  "finished_at": "2026-09-22T17:35:58.436Z",
  "status": "failed",
  "exit_code": 1,
  "head": null,
  "branch": null,
  "steps": [
    {
      "step": "preflight",
      "status": "skipped-resume",
      "duration_seconds": 0,
      "detail": {},
      "error": null,
      "reused_from": "runs/20260922T173556Z-2501815/steps/01-preflight.json"
    }
  ]
}
