BIOME4_REOPEN rootfall-canopy-relay 17
BIOME4_REOPEN rootfall-root-archive 20
BIOME4_REOPEN rootfall-root-buttress 14
BIOME4_REOPEN siltwake-strata-wheelhouse 60
BIOME4_REOPEN siltwake-sluice-bank 25
BIOME4_REOPEN siltwake-flood-abutment 20
BIOME4_REOPEN emberline-heatshield-tower 32
BIOME4_REOPEN emberline-basalt-terrace 22
BIOME4_REOPEN emberline-ceramic-exhaust 31
BIOME4_REOPEN crown-faceted-antenna 20
BIOME4_REOPEN crown-ceramic-lightwell 19
BIOME4_REOPEN crown-folio-archive 23
Blender 4.5.14 LTS (hash 62c1db4208e8 built 2026-09-15 01:31:19)
Read blend: "/home/mojo/.tmp-on-disk/cocs-expansion-four-scenery-20261002/tools/godot-biomes/expansion/masters/rootfall-canopy-relay.blend"
Read blend: "/home/mojo/.tmp-on-disk/cocs-expansion-four-scenery-20261002/tools/godot-biomes/expansion/masters/rootfall-root-archive.blend"
Read blend: "/home/mojo/.tmp-on-disk/cocs-expansion-four-scenery-20261002/tools/godot-biomes/expansion/masters/rootfall-root-buttress.blend"
Read blend: "/home/mojo/.tmp-on-disk/cocs-expansion-four-scenery-20261002/tools/godot-biomes/expansion/masters/siltwake-strata-wheelhouse.blend"
Read blend: "/home/mojo/.tmp-on-disk/cocs-expansion-four-scenery-20261002/tools/godot-biomes/expansion/masters/siltwake-sluice-bank.blend"
Read blend: "/home/mojo/.tmp-on-disk/cocs-expansion-four-scenery-20261002/tools/godot-biomes/expansion/masters/siltwake-flood-abutment.blend"
Read blend: "/home/mojo/.tmp-on-disk/cocs-expansion-four-scenery-20261002/tools/godot-biomes/expansion/masters/emberline-heatshield-tower.blend"
Read blend: "/home/mojo/.tmp-on-disk/cocs-expansion-four-scenery-20261002/tools/godot-biomes/expansion/masters/emberline-basalt-terrace.blend"
Read blend: "/home/mojo/.tmp-on-disk/cocs-expansion-four-scenery-20261002/tools/godot-biomes/expansion/masters/emberline-ceramic-exhaust.blend"
Read blend: "/home/mojo/.tmp-on-disk/cocs-expansion-four-scenery-20261002/tools/godot-biomes/expansion/masters/crown-faceted-antenna.blend"
Read blend: "/home/mojo/.tmp-on-disk/cocs-expansion-four-scenery-20261002/tools/godot-biomes/expansion/masters/crown-ceramic-lightwell.blend"
Read blend: "/home/mojo/.tmp-on-disk/cocs-expansion-four-scenery-20261002/tools/godot-biomes/expansion/masters/crown-folio-archive.blend"

Blender quit
