Godot Engine v4.5.2.stable.official.6ce3de25a - https://godotengine.org

ERROR: Parse JSON failed. Error at line 0: Unknown error getting token
   at: parse_string (core/io/json.cpp:604)
   GDScript backtrace (most recent call first):
       [0] open (res://world/catalog.gd:12)
       [1] _ready (res://world/viewer.gd:35)
       [2] _ready (res://world/session.gd:84)
       [3] begin (/home/mojo/.hermes-instances/fresh/workspace/cocs-guest-session-integration/port/tools/guest_session_integration/observe.gd:10)
ERROR: Missing/empty or unsupported manifest. Run semantic exporter.
   at: push_error (core/variant/variant_utility.cpp:1024)
   GDScript backtrace (most recent call first):
       [0] _ready (res://world/viewer.gd:37)
       [1] _ready (res://world/session.gd:84)
       [2] begin (/home/mojo/.hermes-instances/fresh/workspace/cocs-guest-session-integration/port/tools/guest_session_integration/observe.gd:10)
GUEST_SAMPLE {"ack":0,"actor":-1,"error":"","phase":0,"phase_seconds":0.493444666666666,"pose":false,"seconds":0.50038911111111,"snapshots":0,"starts":0}
GUEST_SAMPLE {"ack":0,"actor":-1,"error":"","phase":0,"phase_seconds":1.00038911111111,"pose":false,"seconds":1.00733355555555,"snapshots":0,"starts":0}
GUEST_SAMPLE {"ack":0,"actor":-1,"error":"","phase":0,"phase_seconds":1.50733355555555,"pose":false,"seconds":1.514278,"snapshots":0,"starts":0}
GUEST_SAMPLE {"ack":0,"actor":-1,"error":"","phase":0,"phase_seconds":2.01131899999999,"pose":false,"seconds":2.018224,"snapshots":0,"starts":0}
GUEST_SAMPLE {"ack":0,"actor":-1,"error":"","phase":0,"phase_seconds":2.51498,"pose":false,"seconds":2.52188,"snapshots":0,"starts":0}
GUEST_SAMPLE {"ack":0,"actor":-1,"error":"","phase":0,"phase_seconds":3.018679,"pose":false,"seconds":3.025579,"snapshots":0,"starts":0}
GUEST_SAMPLE {"ack":0,"actor":-1,"error":"","phase":0,"phase_seconds":3.52240444444445,"pose":false,"seconds":3.529303,"snapshots":0,"starts":0}
GUEST_SAMPLE {"ack":0,"actor":-1,"error":"","phase":0,"phase_seconds":4.026072,"pose":false,"seconds":4.03298,"snapshots":0,"starts":0}
GUEST_SAMPLE {"ack":0,"actor":-1,"error":"","phase":0,"phase_seconds":4.52976,"pose":false,"seconds":4.53666,"snapshots":0,"starts":0}
GUEST_SAMPLE {"ack":0,"actor":-1,"error":"","phase":0,"phase_seconds":5.033453,"pose":false,"seconds":5.040349,"snapshots":0,"starts":0}
GUEST_SAMPLE {"ack":0,"actor":-1,"error":"","phase":0,"phase_seconds":5.53686100000002,"pose":false,"seconds":5.54375700000002,"snapshots":0,"starts":0}
GUEST_SAMPLE {"ack":0,"actor":-1,"error":"","phase":0,"phase_seconds":6.04026900000004,"pose":false,"seconds":6.04716500000004,"snapshots":0,"starts":0}
GUEST_SAMPLE {"ack":0,"actor":-1,"error":"","phase":0,"phase_seconds":6.54367700000005,"pose":false,"seconds":6.55057300000006,"snapshots":0,"starts":0}
GUEST_SAMPLE {"ack":0,"actor":-1,"error":"","phase":0,"phase_seconds":7.04708500000007,"pose":false,"seconds":7.05398100000007,"snapshots":0,"starts":0}
GUEST_SAMPLE {"ack":0,"actor":-1,"error":"","phase":0,"phase_seconds":7.55049300000009,"pose":false,"seconds":7.55738900000009,"snapshots":0,"starts":0}
GUEST_SAMPLE {"ack":0,"actor":-1,"error":"","phase":0,"phase_seconds":8.0539010000001,"pose":false,"seconds":8.0607970000001,"snapshots":0,"starts":0}
GUEST_SAMPLE {"ack":0,"actor":-1,"error":"","phase":0,"phase_seconds":8.55730900000005,"pose":false,"seconds":8.56420500000005,"snapshots":0,"starts":0}
GUEST_SAMPLE {"ack":0,"actor":-1,"error":"","phase":0,"phase_seconds":9.060717,"pose":false,"seconds":9.067613,"snapshots":0,"starts":0}
GUEST_SAMPLE {"ack":0,"actor":-1,"error":"","phase":0,"phase_seconds":9.56412499999996,"pose":false,"seconds":9.57102099999996,"snapshots":0,"starts":0}
GUEST_SAMPLE {"ack":0,"actor":-1,"error":"","phase":0,"phase_seconds":10.0675329999999,"pose":false,"seconds":10.0744289999999,"snapshots":0,"starts":0}
GUEST_SAMPLE {"ack":0,"actor":-1,"error":"","phase":0,"phase_seconds":10.5709409999999,"pose":false,"seconds":10.5778369999999,"snapshots":0,"starts":0}
GUEST_SAMPLE {"ack":0,"actor":-1,"error":"","phase":0,"phase_seconds":11.0743489999998,"pose":false,"seconds":11.0812449999998,"snapshots":0,"starts":0}
GUEST_SAMPLE {"ack":0,"actor":-1,"error":"","phase":0,"phase_seconds":11.5777569999998,"pose":false,"seconds":11.5846529999998,"snapshots":0,"starts":0}
GUEST_SAMPLE {"ack":0,"actor":-1,"error":"","phase":0,"phase_seconds":12.0811649999997,"pose":false,"seconds":12.0880609999997,"snapshots":0,"starts":0}
GUEST_SAMPLE {"ack":0,"actor":-1,"error":"","phase":0,"phase_seconds":12.5845729999997,"pose":false,"seconds":12.5914689999997,"snapshots":0,"starts":0}
GUEST_SAMPLE {"ack":0,"actor":-1,"error":"","phase":0,"phase_seconds":13.0879809999996,"pose":false,"seconds":13.0948769999996,"snapshots":0,"starts":0}
GUEST_SAMPLE {"ack":0,"actor":-1,"error":"","phase":0,"phase_seconds":13.5913889999996,"pose":false,"seconds":13.5982849999996,"snapshots":0,"starts":0}
GUEST_SAMPLE {"ack":0,"actor":-1,"error":"","phase":0,"phase_seconds":14.0947969999995,"pose":false,"seconds":14.1016929999995,"snapshots":0,"starts":0}
GUEST_SAMPLE {"ack":0,"actor":-1,"error":"","phase":0,"phase_seconds":14.5982049999995,"pose":false,"seconds":14.6051009999995,"snapshots":0,"starts":0}
GUEST_SAMPLE {"ack":0,"actor":-1,"error":"Connection/round-start timed out. Relaunch to reconnect.","phase":-1,"phase_seconds":0.0,"pose":false,"seconds":15.1085089999994,"snapshots":0,"starts":0}
