Godot Engine v4.5.2.stable.official.6ce3de25a - https://godotengine.org

ERROR: Parse JSON failed. Error at line 0: Unknown error getting token
   at: parse_string (core/io/json.cpp:604)
   GDScript backtrace (most recent call first):
       [0] open (res://world/catalog.gd:12)
       [1] _ready (res://world/viewer.gd:35)
       [2] _ready (res://world/session.gd:84)
       [3] begin (/home/mojo/.hermes-instances/fresh/workspace/cocs-guest-session-integration/port/tools/guest_session_integration/observe.gd:10)
ERROR: Missing/empty or unsupported manifest. Run semantic exporter.
   at: push_error (core/variant/variant_utility.cpp:1024)
   GDScript backtrace (most recent call first):
       [0] _ready (res://world/viewer.gd:37)
       [1] _ready (res://world/session.gd:84)
       [2] begin (/home/mojo/.hermes-instances/fresh/workspace/cocs-guest-session-integration/port/tools/guest_session_integration/observe.gd:10)
GUEST_SAMPLE {"ack":0,"actor":-1,"error":"","phase":0,"phase_seconds":0.499419888888888,"pose":false,"seconds":0.506364333333333,"snapshots":0,"starts":0}
GUEST_SAMPLE {"ack":0,"actor":-1,"error":"","phase":0,"phase_seconds":1.00636433333333,"pose":false,"seconds":1.01330877777778,"snapshots":0,"starts":0}
GUEST_SAMPLE {"ack":0,"actor":-1,"error":"","phase":0,"phase_seconds":1.51330877777777,"pose":false,"seconds":1.52025322222222,"snapshots":0,"starts":0}
GUEST_SAMPLE {"ack":0,"actor":-1,"error":"","phase":0,"phase_seconds":2.017443,"pose":false,"seconds":2.024337,"snapshots":0,"starts":0}
GUEST_SAMPLE {"ack":0,"actor":-1,"error":"","phase":0,"phase_seconds":2.52113,"pose":false,"seconds":2.528031,"snapshots":0,"starts":0}
GUEST_SAMPLE {"ack":0,"actor":-1,"error":"","phase":0,"phase_seconds":3.024854,"pose":false,"seconds":3.031733,"snapshots":0,"starts":0}
GUEST_SAMPLE {"ack":0,"actor":-1,"error":"","phase":0,"phase_seconds":3.528585,"pose":false,"seconds":3.53549,"snapshots":0,"starts":0}
GUEST_SAMPLE {"ack":0,"actor":-1,"error":"","phase":0,"phase_seconds":4.032213,"pose":false,"seconds":4.039112,"snapshots":0,"starts":0}
GUEST_SAMPLE {"ack":0,"actor":-1,"error":"","phase":0,"phase_seconds":4.535931,"pose":false,"seconds":4.542832,"snapshots":0,"starts":0}
GUEST_SAMPLE {"ack":0,"actor":-1,"error":"","phase":0,"phase_seconds":5.039624,"pose":false,"seconds":5.04652,"snapshots":0,"starts":0}
GUEST_SAMPLE {"ack":0,"actor":-1,"error":"","phase":0,"phase_seconds":5.54303200000002,"pose":false,"seconds":5.54992800000002,"snapshots":0,"starts":0}
GUEST_SAMPLE {"ack":0,"actor":-1,"error":"","phase":0,"phase_seconds":6.04644000000004,"pose":false,"seconds":6.05333600000004,"snapshots":0,"starts":0}
GUEST_SAMPLE {"ack":0,"actor":-1,"error":"","phase":0,"phase_seconds":6.54984800000005,"pose":false,"seconds":6.55674400000006,"snapshots":0,"starts":0}
GUEST_SAMPLE {"ack":0,"actor":-1,"error":"","phase":0,"phase_seconds":7.05325600000007,"pose":false,"seconds":7.06015200000007,"snapshots":0,"starts":0}
GUEST_SAMPLE {"ack":0,"actor":-1,"error":"","phase":0,"phase_seconds":7.55666400000009,"pose":false,"seconds":7.56356000000009,"snapshots":0,"starts":0}
GUEST_SAMPLE {"ack":0,"actor":-1,"error":"","phase":0,"phase_seconds":8.0600720000001,"pose":false,"seconds":8.0669680000001,"snapshots":0,"starts":0}
GUEST_SAMPLE {"ack":0,"actor":-1,"error":"","phase":0,"phase_seconds":8.56348000000005,"pose":false,"seconds":8.57037600000005,"snapshots":0,"starts":0}
GUEST_SAMPLE {"ack":0,"actor":-1,"error":"","phase":0,"phase_seconds":9.066888,"pose":false,"seconds":9.073784,"snapshots":0,"starts":0}
GUEST_SAMPLE {"ack":0,"actor":-1,"error":"","phase":0,"phase_seconds":9.57029599999996,"pose":false,"seconds":9.57719199999996,"snapshots":0,"starts":0}
GUEST_SAMPLE {"ack":0,"actor":-1,"error":"","phase":0,"phase_seconds":10.0737039999999,"pose":false,"seconds":10.0805999999999,"snapshots":0,"starts":0}
GUEST_SAMPLE {"ack":0,"actor":-1,"error":"","phase":0,"phase_seconds":10.5771119999999,"pose":false,"seconds":10.5840079999999,"snapshots":0,"starts":0}
GUEST_SAMPLE {"ack":0,"actor":-1,"error":"","phase":0,"phase_seconds":11.0805199999998,"pose":false,"seconds":11.0874159999998,"snapshots":0,"starts":0}
GUEST_SAMPLE {"ack":0,"actor":-1,"error":"","phase":0,"phase_seconds":11.5839279999998,"pose":false,"seconds":11.5908239999998,"snapshots":0,"starts":0}
GUEST_SAMPLE {"ack":0,"actor":-1,"error":"","phase":0,"phase_seconds":12.0873359999997,"pose":false,"seconds":12.0942319999997,"snapshots":0,"starts":0}
GUEST_SAMPLE {"ack":0,"actor":-1,"error":"","phase":0,"phase_seconds":12.5907439999997,"pose":false,"seconds":12.5976399999997,"snapshots":0,"starts":0}
GUEST_SAMPLE {"ack":0,"actor":-1,"error":"","phase":0,"phase_seconds":13.0941519999996,"pose":false,"seconds":13.1010479999996,"snapshots":0,"starts":0}
GUEST_SAMPLE {"ack":0,"actor":-1,"error":"","phase":0,"phase_seconds":13.5975599999996,"pose":false,"seconds":13.6044559999996,"snapshots":0,"starts":0}
GUEST_SAMPLE {"ack":0,"actor":-1,"error":"","phase":0,"phase_seconds":14.1009679999995,"pose":false,"seconds":14.1078639999995,"snapshots":0,"starts":0}
GUEST_SAMPLE {"ack":0,"actor":-1,"error":"","phase":0,"phase_seconds":14.6043759999995,"pose":false,"seconds":14.6112719999995,"snapshots":0,"starts":0}
GUEST_SAMPLE {"ack":0,"actor":-1,"error":"Connection/round-start timed out. Relaunch to reconnect.","phase":-1,"phase_seconds":0.0,"pose":false,"seconds":15.1146799999994,"snapshots":0,"starts":0}
