Godot Engine v4.5.2.stable.official.6ce3de25a - https://godotengine.org

ERROR: Parse JSON failed. Error at line 0: Unknown error getting token
   at: parse_string (core/io/json.cpp:604)
   GDScript backtrace (most recent call first):
       [0] open (res://world/catalog.gd:12)
       [1] _ready (res://world/viewer.gd:35)
       [2] _ready (res://world/session.gd:84)
       [3] begin (/home/mojo/.hermes-instances/fresh/workspace/cocs-guest-session-integration/port/tools/guest_session_integration/observe.gd:10)
ERROR: Missing/empty or unsupported manifest. Run semantic exporter.
   at: push_error (core/variant/variant_utility.cpp:1024)
   GDScript backtrace (most recent call first):
       [0] _ready (res://world/viewer.gd:37)
       [1] _ready (res://world/session.gd:84)
       [2] begin (/home/mojo/.hermes-instances/fresh/workspace/cocs-guest-session-integration/port/tools/guest_session_integration/observe.gd:10)
GUEST_SAMPLE {"ack":0,"actor":-1,"error":"","phase":0,"phase_seconds":0.498823888888888,"pose":false,"seconds":0.505768333333332,"snapshots":0,"starts":0}
GUEST_SAMPLE {"ack":0,"actor":-1,"error":"","phase":0,"phase_seconds":1.00576833333333,"pose":false,"seconds":1.01271277777778,"snapshots":0,"starts":0}
GUEST_SAMPLE {"ack":0,"actor":-1,"error":"","phase":0,"phase_seconds":1.51271277777777,"pose":false,"seconds":1.51965722222222,"snapshots":0,"starts":0}
GUEST_SAMPLE {"ack":0,"actor":-1,"error":"","phase":0,"phase_seconds":2.016854,"pose":false,"seconds":2.023755,"snapshots":0,"starts":0}
GUEST_SAMPLE {"ack":0,"actor":-1,"error":"","phase":0,"phase_seconds":2.520552,"pose":false,"seconds":2.527453,"snapshots":0,"starts":0}
GUEST_SAMPLE {"ack":0,"actor":-1,"error":"","phase":0,"phase_seconds":3.024247,"pose":false,"seconds":3.031156,"snapshots":0,"starts":0}
GUEST_SAMPLE {"ack":0,"actor":-1,"error":"","phase":0,"phase_seconds":3.527953,"pose":false,"seconds":3.53489,"snapshots":0,"starts":0}
GUEST_SAMPLE {"ack":0,"actor":-1,"error":"","phase":0,"phase_seconds":4.03163600000001,"pose":false,"seconds":4.03853400000001,"snapshots":0,"starts":0}
GUEST_SAMPLE {"ack":0,"actor":-1,"error":"","phase":0,"phase_seconds":4.53567144444446,"pose":false,"seconds":4.54258700000002,"snapshots":0,"starts":0}
GUEST_SAMPLE {"ack":0,"actor":-1,"error":"","phase":0,"phase_seconds":5.03902300000003,"pose":false,"seconds":5.04591900000003,"snapshots":0,"starts":0}
GUEST_SAMPLE {"ack":0,"actor":-1,"error":"","phase":0,"phase_seconds":5.54243100000004,"pose":false,"seconds":5.54932700000004,"snapshots":0,"starts":0}
GUEST_SAMPLE {"ack":0,"actor":-1,"error":"","phase":0,"phase_seconds":6.04583900000006,"pose":false,"seconds":6.05273500000006,"snapshots":0,"starts":0}
GUEST_SAMPLE {"ack":0,"actor":-1,"error":"","phase":0,"phase_seconds":6.54924700000008,"pose":false,"seconds":6.55614300000008,"snapshots":0,"starts":0}
GUEST_SAMPLE {"ack":0,"actor":-1,"error":"","phase":0,"phase_seconds":7.05265500000009,"pose":false,"seconds":7.05955100000009,"snapshots":0,"starts":0}
GUEST_SAMPLE {"ack":0,"actor":-1,"error":"","phase":0,"phase_seconds":7.55606300000011,"pose":false,"seconds":7.56295900000011,"snapshots":0,"starts":0}
GUEST_SAMPLE {"ack":0,"actor":-1,"error":"","phase":0,"phase_seconds":8.05947100000012,"pose":false,"seconds":8.06636700000012,"snapshots":0,"starts":0}
GUEST_SAMPLE {"ack":0,"actor":-1,"error":"","phase":0,"phase_seconds":8.56287900000007,"pose":false,"seconds":8.56977500000007,"snapshots":0,"starts":0}
GUEST_SAMPLE {"ack":0,"actor":-1,"error":"","phase":0,"phase_seconds":9.06628700000003,"pose":false,"seconds":9.07318300000003,"snapshots":0,"starts":0}
GUEST_SAMPLE {"ack":0,"actor":-1,"error":"","phase":0,"phase_seconds":9.56969499999998,"pose":false,"seconds":9.57659099999998,"snapshots":0,"starts":0}
GUEST_SAMPLE {"ack":0,"actor":-1,"error":"","phase":0,"phase_seconds":10.0731029999999,"pose":false,"seconds":10.0799989999999,"snapshots":0,"starts":0}
GUEST_SAMPLE {"ack":0,"actor":-1,"error":"","phase":0,"phase_seconds":10.5765109999999,"pose":false,"seconds":10.5834069999999,"snapshots":0,"starts":0}
GUEST_SAMPLE {"ack":0,"actor":-1,"error":"","phase":0,"phase_seconds":11.0799189999998,"pose":false,"seconds":11.0868149999998,"snapshots":0,"starts":0}
GUEST_SAMPLE {"ack":0,"actor":-1,"error":"","phase":0,"phase_seconds":11.5833269999998,"pose":false,"seconds":11.5902229999998,"snapshots":0,"starts":0}
GUEST_SAMPLE {"ack":0,"actor":-1,"error":"","phase":0,"phase_seconds":12.0867349999997,"pose":false,"seconds":12.0936309999997,"snapshots":0,"starts":0}
GUEST_SAMPLE {"ack":0,"actor":-1,"error":"","phase":0,"phase_seconds":12.5901429999997,"pose":false,"seconds":12.5970389999997,"snapshots":0,"starts":0}
GUEST_SAMPLE {"ack":0,"actor":-1,"error":"","phase":0,"phase_seconds":13.0935509999996,"pose":false,"seconds":13.1004469999996,"snapshots":0,"starts":0}
GUEST_SAMPLE {"ack":0,"actor":-1,"error":"","phase":0,"phase_seconds":13.5969589999996,"pose":false,"seconds":13.6038549999996,"snapshots":0,"starts":0}
GUEST_SAMPLE {"ack":0,"actor":-1,"error":"","phase":0,"phase_seconds":14.1003669999995,"pose":false,"seconds":14.1072629999995,"snapshots":0,"starts":0}
GUEST_SAMPLE {"ack":0,"actor":-1,"error":"","phase":0,"phase_seconds":14.6037749999995,"pose":false,"seconds":14.6106709999995,"snapshots":0,"starts":0}
GUEST_SAMPLE {"ack":0,"actor":-1,"error":"Connection/round-start timed out. Relaunch to reconnect.","phase":-1,"phase_seconds":0.0,"pose":false,"seconds":15.1140789999995,"snapshots":0,"starts":0}
GUEST_SAMPLE {"ack":0,"actor":-1,"error":"Connection/round-start timed out. Relaunch to reconnect.","phase":-1,"phase_seconds":0.0,"pose":false,"seconds":15.6174869999994,"snapshots":0,"starts":0}
GUEST_SAMPLE {"ack":0,"actor":-1,"error":"Connection/round-start timed out. Relaunch to reconnect.","phase":-1,"phase_seconds":0.0,"pose":false,"seconds":16.1208949999994,"snapshots":0,"starts":0}
GUEST_SAMPLE {"ack":0,"actor":-1,"error":"Connection/round-start timed out. Relaunch to reconnect.","phase":-1,"phase_seconds":0.0,"pose":false,"seconds":16.6263888888883,"snapshots":0,"starts":0}
GUEST_SAMPLE {"ack":0,"actor":-1,"error":"Connection/round-start timed out. Relaunch to reconnect.","phase":-1,"phase_seconds":0.0,"pose":false,"seconds":17.1333333333326,"snapshots":0,"starts":0}
GUEST_SAMPLE {"ack":0,"actor":-1,"error":"Connection/round-start timed out. Relaunch to reconnect.","phase":-1,"phase_seconds":0.0,"pose":false,"seconds":17.6380149999993,"snapshots":0,"starts":0}
GUEST_SAMPLE {"ack":0,"actor":-1,"error":"Connection/round-start timed out. Relaunch to reconnect.","phase":-1,"phase_seconds":0.0,"pose":false,"seconds":18.1414229999993,"snapshots":0,"starts":0}
GUEST_SAMPLE {"ack":0,"actor":-1,"error":"Connection/round-start timed out. Relaunch to reconnect.","phase":-1,"phase_seconds":0.0,"pose":false,"seconds":18.6448309999994,"snapshots":0,"starts":0}
GUEST_SAMPLE {"ack":0,"actor":-1,"error":"Connection/round-start timed out. Relaunch to reconnect.","phase":-1,"phase_seconds":0.0,"pose":false,"seconds":19.1482389999995,"snapshots":0,"starts":0}
GUEST_SAMPLE {"ack":0,"actor":-1,"error":"Connection/round-start timed out. Relaunch to reconnect.","phase":-1,"phase_seconds":0.0,"pose":false,"seconds":19.6516469999996,"snapshots":0,"starts":0}
