### identity source acceptance (art-frozen data)
  duration_ms: 60093.380655
  type: 'test'
  ...
1..4
# tests 4
# suites 0
# pass 4
# fail 0
# cancelled 0
# skipped 0
# todo 0
# duration_ms 61521.232384

### registry/schema
# tests 9
# suites 0
# pass 9
# fail 0
# cancelled 0
# skipped 0
# todo 0
# duration_ms 711.846778

### launcher smoke lacuna-court

### launcher smoke vermilion-fold

### launcher smoke nacre-engine
### launcher smoke lacuna-court
NATIVE_DM_SMOKE_OK {"acks":16,"actors":3,"camera":"public-actor","fired":true,"geometryHash":"a87f8e7a95e56b30d896d70078431152f46160e2d2639c97493b14f68915cfa9","localAlive":true,"map":"lacuna-court","mode":"deathmatch","moved":true,"snapshots":7}
exit=0
### launcher smoke vermilion-fold
NATIVE_DM_SMOKE_OK {"acks":16,"actors":3,"camera":"public-actor","fired":true,"geometryHash":"6253164eed12dc961af30535d2aaf9dafea34558742bb9a8cb66446faeb6bf2a","localAlive":true,"map":"vermilion-fold","mode":"deathmatch","moved":true,"snapshots":7}
exit=0
### launcher smoke nacre-engine
NATIVE_DM_SMOKE_OK {"acks":17,"actors":3,"camera":"public-actor","fired":true,"geometryHash":"b3636effceec400a84a59107386f531d627d72c353391f66d51c18776179feb4","localAlive":true,"map":"nacre-engine","mode":"deathmatch","moved":true,"snapshots":7}
exit=0
