Godot Engine v4.5.2.stable.official.6ce3de25a - https://godotengine.org

[   0% ] [90m[1mfirst_scan_filesystem[22m | Started Project initialization (5 steps)[39m[0m
[   0% ] [90m[1mfirst_scan_filesystem[22m | Scanning file structure...[39m[0m
[  16% ] [90m[1mfirst_scan_filesystem[22m | Loading global class names...[39m[0m
[  33% ] [90m[1mfirst_scan_filesystem[22m | Verifying GDExtensions...[39m[0m
[  50% ] [90m[1mfirst_scan_filesystem[22m | Creating autoload scripts...[39m[0m
[  66% ] [90m[1mfirst_scan_filesystem[22m | Initializing plugins...[39m[0m
[  83% ] [90m[1mfirst_scan_filesystem[22m | Starting file scan...[39m[0m
[92m[ DONE ][39m [1mfirst_scan_filesystem[22m
[0m
WARNING: Missing .uid file for path "res://sports/practice.gd". The file was re-created from cache.
     at: _process_file_system (editor/file_system/editor_file_system.cpp:1363)
WARNING: Missing .uid file for path "res://tests/sports/practice_race_observe.gd". The file was re-created from cache.
     at: _process_file_system (editor/file_system/editor_file_system.cpp:1363)
WARNING: Missing .uid file for path "res://tests/sports/practice_soccer_observe.gd". The file was re-created from cache.
     at: _process_file_system (editor/file_system/editor_file_system.cpp:1363)
WARNING: Missing .uid file for path "res://tests/sports/practice_test.gd". The file was re-created from cache.
     at: _process_file_system (editor/file_system/editor_file_system.cpp:1363)
[   0% ] [90m[1mloading_editor_layout[22m | Started Loading editor (5 steps)[39m[0m
[   0% ] [90m[1mloading_editor_layout[22m | Loading editor layout...[39m[0m
[92m[ DONE ][39m [1mloading_editor_layout[22m
[0m
