WorkerThreadPool: 32 threads, 9 max low-priority.
Godot Engine v4.5.2.stable.official.6ce3de25a - https://godotengine.org
TextServer: Added interface "Dummy"
TextServer: Added interface "ICU / HarfBuzz / Graphite (Built-in)"
Unrecognized output string "misc2" in mapping:
030000000d0f0000ab01000011010000,Horipad Steam,a:b0,b:b1,back:b10,dpdown:h0.4,dpleft:h0.8,dpright:h0.2,dpup:h0.1,guide:b12,leftshoulder:b6,leftstick:b13,lefttrigger:a5,leftx:a0,lefty:a1,misc2:b2,paddle1:b19,paddle2:b18,paddle3:b15,paddle4:b5,rightshoulder:b7,rightstick:b14,righttrigger:a4,rightx:a2,righty:a3,start:b11,x:b3,y:b4,platform:Linux,
Unrecognized output string "misc2" in mapping:
050000000d0f00009601000091000000,Horipad Steam,a:b0,b:b1,back:b10,dpdown:h0.4,dpleft:h0.8,dpright:h0.2,dpup:h0.1,guide:b12,leftshoulder:b6,leftstick:b13,lefttrigger:a5,leftx:a0,lefty:a1,misc2:b2,paddle1:b19,paddle2:b18,paddle3:b15,paddle4:b5,rightshoulder:b7,rightstick:b14,righttrigger:a4,rightx:a2,righty:a3,start:b11,x:b3,y:b4,platform:Linux,
Unrecognized output string "misc2" in mapping:
030000007e0500006920000011010000,Nintendo Switch 2 Pro Controller,a:b0,b:b1,back:b14,dpdown:b8,dpleft:b10,dpright:b9,dpup:b11,guide:b16,leftshoulder:b12,leftstick:b15,lefttrigger:b13,leftx:a0,lefty:a1~,misc1:b17,misc2:b20,paddle1:b18,paddle2:b19,rightshoulder:b4,rightstick:b7,righttrigger:b5,rightx:a2,righty:a3~,start:b6,x:b2,y:b3,platform:Linux,
SDL: Init OK!
Using "default" pen tablet driver...
ALSA 1.2.14 detected.
Audio buffer frames: 512 calculated latency: 11ms

TextServer: Primary interface set to: "ICU / HarfBuzz / Graphite (Built-in)".
CORE API HASH: 3758106041
EDITOR API HASH: 1819551975
Loading resource: res://tests/audio_new/waveform_capture.gd
SceneTreeFTI: traversal method DEFAULT
Loading resource: res://debug/diagnostics.gd
Loading resource: res://ui/local_settings.gd
Loading resource: res://career/service.gd
Loading resource: res://career/identity.gd
Loaded system CA certificates
Loading resource: res://audio/music/samples/strings-pad-cello-c3-p.ogg
Loading resource: res://.godot/imported/strings-pad-cello-c3-p.ogg-4d63491ac282d0b099a85776a9d7e232.oggvorbisstr
Loading resource: res://audio/music/samples/strings-pad-viola-f3-p.ogg
Loading resource: res://.godot/imported/strings-pad-viola-f3-p.ogg-60046e32e53d9e57bad9cf89ac751ddb.oggvorbisstr
Loading resource: res://audio/music/samples/strings-pad-violin-a3-p.ogg
Loading resource: res://.godot/imported/strings-pad-violin-a3-p.ogg-b5f997d64dfb98f112681089e3af02c9.oggvorbisstr
Loading resource: res://audio/music/samples/strings-pad-violin-a3-mf.ogg
Loading resource: res://.godot/imported/strings-pad-violin-a3-mf.ogg-2adc8c45d00afa6660aabbdf8c887e2d.oggvorbisstr
Loading resource: res://audio/music/samples/strings-pad-viola-c4-p.ogg
Loading resource: res://.godot/imported/strings-pad-viola-c4-p.ogg-5bb19cc114afc44f318b5ccfc4726485.oggvorbisstr
Loading resource: res://audio/music/samples/strings-pad-violin-e4-mf.ogg
Loading resource: res://.godot/imported/strings-pad-violin-e4-mf.ogg-9997eb7d055a530c10fb156912d04613.oggvorbisstr
Loading resource: res://audio/music/samples/low-strings-stacc-cello-rr1-d2-p.ogg
Loading resource: res://.godot/imported/low-strings-stacc-cello-rr1-d2-p.ogg-14b2cf0539bece8824413e97fc8adcf3.oggvorbisstr
Loading resource: res://audio/music/samples/low-strings-stacc-cello-rr2-d2-mf.ogg
Loading resource: res://.godot/imported/low-strings-stacc-cello-rr2-d2-mf.ogg-7856ca0b1b7a12f3650c466383348916.oggvorbisstr
Loading resource: res://audio/music/samples/low-strings-stacc-viola-rr1-f3-p.ogg
Loading resource: res://.godot/imported/low-strings-stacc-viola-rr1-f3-p.ogg-a7bf5d1dbf493a54e2a98be36069c48d.oggvorbisstr
Loading resource: res://audio/music/samples/low-strings-stacc-violin-rr1-c4-mf.ogg
Loading resource: res://.godot/imported/low-strings-stacc-violin-rr1-c4-mf.ogg-7748c2c673c804eceb3ad390ac124114.oggvorbisstr
Loading resource: res://audio/music/samples/low-brass-tuba-d2-p.ogg
Loading resource: res://.godot/imported/low-brass-tuba-d2-p.ogg-4a5de09d8f7f03a05b97891542761fb0.oggvorbisstr
Loading resource: res://audio/music/samples/low-brass-tuba-f2-mf.ogg
Loading resource: res://.godot/imported/low-brass-tuba-f2-mf.ogg-9b168a6634cca9db53e3cbb9da9fca04.oggvorbisstr
Loading resource: res://audio/music/samples/low-brass-fhorn-c3-p.ogg
Loading resource: res://.godot/imported/low-brass-fhorn-c3-p.ogg-edee0bdb06d9820cd9d9f028c8549674.oggvorbisstr
Loading resource: res://audio/music/samples/low-brass-trombone-f3-mf.ogg
Loading resource: res://.godot/imported/low-brass-trombone-f3-mf.ogg-0c38b94c8962f132c83bd53752073347.oggvorbisstr
Loading resource: res://audio/music/samples/brass-stacc-tuba-rr1-d2-mf.ogg
Loading resource: res://.godot/imported/brass-stacc-tuba-rr1-d2-mf.ogg-5b8053949b284f12689ecb7838c38a71.oggvorbisstr
Loading resource: res://audio/music/samples/brass-stacc-horn-rr1-f2-p.ogg
Loading resource: res://.godot/imported/brass-stacc-horn-rr1-f2-p.ogg-84a54cd8ce52943938d91834e9b947f5.oggvorbisstr
Loading resource: res://audio/music/samples/brass-stacc-horn-rr2-f2-mf.ogg
Loading resource: res://.godot/imported/brass-stacc-horn-rr2-f2-mf.ogg-bcdc96bd869192470b9e39b6ffd2c4b4.oggvorbisstr
Loading resource: res://audio/music/samples/brass-stacc-trumpet-rr1-d4-mf.ogg
Loading resource: res://.godot/imported/brass-stacc-trumpet-rr1-d4-mf.ogg-8b423091695d9007d3ec334a6f60ce43.oggvorbisstr
Loading resource: res://audio/music/samples/trumpet-pad-trumpet-d4-p.ogg
Loading resource: res://.godot/imported/trumpet-pad-trumpet-d4-p.ogg-3f08417f18184fa9b21a02be784a2057.oggvorbisstr
Loading resource: res://audio/music/samples/trumpet-pad-trumpet-a4-mf.ogg
Loading resource: res://.godot/imported/trumpet-pad-trumpet-a4-mf.ogg-e25b40e063af72d3e719a711771d3cfb.oggvorbisstr
Loading resource: res://audio/music/samples/timpani-timp1-fs2-p.ogg
Loading resource: res://.godot/imported/timpani-timp1-fs2-p.ogg-bf9ba5cd28e3c3a10db8a22b2beff368.oggvorbisstr
Loading resource: res://audio/music/samples/timpani-timp4-e3-mf.ogg
Loading resource: res://.godot/imported/timpani-timp4-e3-mf.ogg-65070d5ddaec8dfd130ccf7c882d9747.oggvorbisstr
Loading resource: res://audio/music/samples/timpani-roll-timp1-fs2-p.ogg
Loading resource: res://.godot/imported/timpani-roll-timp1-fs2-p.ogg-ee642b8d64bcd5db1e0901753df8d7b1.oggvorbisstr
Loading resource: res://audio/music/samples/bells-glock-g4-p.ogg
Loading resource: res://.godot/imported/bells-glock-g4-p.ogg-9c11943559e229a0a877f7f1c4abd63d.oggvorbisstr
Loading resource: res://audio/music/samples/bells-glock-c5-mf.ogg
Loading resource: res://.godot/imported/bells-glock-c5-mf.ogg-1b44f9c331929ab7b818f1c9b1936aaa.oggvorbisstr
Loading resource: res://audio/music/samples/tubular-bells-chimes-c3-mf.ogg
Loading resource: res://.godot/imported/tubular-bells-chimes-c3-mf.ogg-bc0b2bc6a61c8e799fbf29386a3d8a9b.oggvorbisstr
Loading resource: res://audio/music/samples/gong-gong-c4-mf.ogg
Loading resource: res://.godot/imported/gong-gong-c4-mf.ogg-78942ea7d07cc59d9fe0951e1243b5f9.oggvorbisstr
Loading resource: res://audio/music/samples/cymbal-swell-swell1-c4-p.ogg
Loading resource: res://.godot/imported/cymbal-swell-swell1-c4-p.ogg-4be23ffdf280fefef50367f9c830e642.oggvorbisstr
Loading resource: res://audio/music/samples/cymbal-crash-crash3-c4-mf.ogg
Loading resource: res://.godot/imported/cymbal-crash-crash3-c4-mf.ogg-ffb4ce03b75a6dba9ad0532190dcb48f.oggvorbisstr
Loading resource: res://audio/music/samples/harp-harp-d2-p.ogg
Loading resource: res://.godot/imported/harp-harp-d2-p.ogg-9620baa26337bcd14248e8ebb518ae30.oggvorbisstr
Loading resource: res://audio/music/samples/harp-harp-d4-p.ogg
Loading resource: res://.godot/imported/harp-harp-d4-p.ogg-d15f87a0d617002906b114cbddc2ed8c.oggvorbisstr
Loading resource: res://audio/music/samples/harp-harp-a4-p.ogg
Loading resource: res://.godot/imported/harp-harp-a4-p.ogg-cc1271d7714a3cb7ba943c4674dcc30e.oggvorbisstr
Loading resource: res://audio/music/samples/taiko-bassdrum-c2-p.ogg
Loading resource: res://.godot/imported/taiko-bassdrum-c2-p.ogg-d4976764a48eadb6b27f413ef6e1c312.oggvorbisstr
Loading resource: res://audio/music/samples/taiko-bassdrum-c2-mf.ogg
Loading resource: res://.godot/imported/taiko-bassdrum-c2-mf.ogg-f444f522f912cc29160e745609754425.oggvorbisstr
Loading resource: res://audio/music/samples/taiko-framel-f2-p.ogg
Loading resource: res://.godot/imported/taiko-framel-f2-p.ogg-acdbfcf4bdf3d0ab6d32ab50ba57922b.oggvorbisstr
Loading resource: res://audio/music/samples/taiko-framel-muted-a2-mf.ogg
Loading resource: res://.godot/imported/taiko-framel-muted-a2-mf.ogg-e2c30644c414f395ec5fc60e1cba5e22.oggvorbisstr
Loading resource: res://audio/music/samples/taiko-frames-d3-mf.ogg
Loading resource: res://.godot/imported/taiko-frames-d3-mf.ogg-6d5d16d4841133dd1066b0d97d214d14.oggvorbisstr
Loading resource: res://audio/announcer/capture-42.wav
Loading resource: res://.godot/imported/capture-42.wav-d26380d738fd1e19e7a934a305a43a1f.sample
Loading resource: res://audio/announcer/capture-137.wav
Loading resource: res://.godot/imported/capture-137.wav-32c14eedb3ad7f415e8ec53687de89aa.sample
Loading resource: res://audio/announcer/capture-526.wav
Loading resource: res://.godot/imported/capture-526.wav-2dbc658456303cbcffa977c3cc3e5fda.sample
Loading resource: res://audio/announcer/flag-pickup-42.wav
Loading resource: res://.godot/imported/flag-pickup-42.wav-2933ef01c326de908c1a73310101bde6.sample
Loading resource: res://audio/announcer/flag-pickup-137.wav
Loading resource: res://.godot/imported/flag-pickup-137.wav-e9c5412e7415f34fd7757aa97a12a496.sample
Loading resource: res://audio/announcer/flag-pickup-526.wav
Loading resource: res://.godot/imported/flag-pickup-526.wav-dd3ddb2912ca9ea94675363dcb554738.sample
Loading resource: res://audio/announcer/flag-return-42.wav
Loading resource: res://.godot/imported/flag-return-42.wav-3f23fb46a3872d1efedc350e13e0943e.sample
Loading resource: res://audio/announcer/flag-return-137.wav
Loading resource: res://.godot/imported/flag-return-137.wav-4edd535bd4eec0c4649fe7f920c23715.sample
Loading resource: res://audio/announcer/flag-return-526.wav
Loading resource: res://.godot/imported/flag-return-526.wav-da2bb687cb6ee2be30ff66bd4b27c69a.sample
Loading resource: res://audio/announcer/goal-42.wav
Loading resource: res://.godot/imported/goal-42.wav-2c11d461bb6c6ecee6e97d588e37e664.sample
Loading resource: res://audio/announcer/goal-137.wav
Loading resource: res://.godot/imported/goal-137.wav-cc40793a8585d88d7f292f49e6b640e8.sample
Loading resource: res://audio/announcer/goal-526.wav
Loading resource: res://.godot/imported/goal-526.wav-87b6de77070f7775447cb155e9d564ec.sample
Loading resource: res://audio/announcer/killstreak-42.wav
Loading resource: res://.godot/imported/killstreak-42.wav-d3df926ab3840f31d07d10ad115635d8.sample
Loading resource: res://audio/announcer/killstreak-137.wav
Loading resource: res://.godot/imported/killstreak-137.wav-89ab41950f4bdd7b2298681f8ec31acd.sample
Loading resource: res://audio/announcer/killstreak-526.wav
Loading resource: res://.godot/imported/killstreak-526.wav-c78eb32bcacde06c74c44213b075b200.sample
Loading resource: res://audio/announcer/spree-42.wav
Loading resource: res://.godot/imported/spree-42.wav-b3be388f3ead4b11f1bbdb71f3e904e5.sample
Loading resource: res://audio/announcer/spree-137.wav
Loading resource: res://.godot/imported/spree-137.wav-7f6a1187315ab4dce0ef1e3a16db40da.sample
Loading resource: res://audio/announcer/spree-526.wav
Loading resource: res://.godot/imported/spree-526.wav-a17b64bde01f3d907056739f9f73e952.sample
Loading resource: res://audio/announcer/multikill-42.wav
Loading resource: res://.godot/imported/multikill-42.wav-f499bf766651e4678fe8433c95bcb998.sample
Loading resource: res://audio/announcer/multikill-137.wav
Loading resource: res://.godot/imported/multikill-137.wav-80e09bf324ea0e98fe99fd406a9a8706.sample
Loading resource: res://audio/announcer/multikill-526.wav
Loading resource: res://.godot/imported/multikill-526.wav-1fb616723b85039d47bb4d3740fd09b3.sample
Loading resource: res://audio/announcer/victory-42.wav
Loading resource: res://.godot/imported/victory-42.wav-9caf1886a0ac0865073cb2292d009f14.sample
Loading resource: res://audio/announcer/victory-137.wav
Loading resource: res://.godot/imported/victory-137.wav-dfc3d56d4e719fe55e443553cf091cc2.sample
Loading resource: res://audio/announcer/victory-526.wav
Loading resource: res://.godot/imported/victory-526.wav-8da42eef6ec74d1295743f5b77d2825f.sample
Loading resource: res://audio/announcer/defeat-42.wav
Loading resource: res://.godot/imported/defeat-42.wav-e8d0a88d96e26bd15ea6a241742227d8.sample
Loading resource: res://audio/announcer/defeat-137.wav
Loading resource: res://.godot/imported/defeat-137.wav-2b2f2b1b883b83041e3df62e274b90ab.sample
Loading resource: res://audio/announcer/defeat-526.wav
Loading resource: res://.godot/imported/defeat-526.wav-936c829e8fc38a9eaada0cf86409ae43.sample
Loading resource: res://audio/announcer/score-42.wav
Loading resource: res://.godot/imported/score-42.wav-a208dc69e00b496fd5c76d7f513f655e.sample
Loading resource: res://audio/announcer/score-137.wav
Loading resource: res://.godot/imported/score-137.wav-c520ea342930456f0fdd29f5cdd45add.sample
Loading resource: res://audio/announcer/score-526.wav
Loading resource: res://.godot/imported/score-526.wav-dd58f0407f9ffc1bfa6dfb1ce6670c4f.sample
Loading resource: res://audio/announcer/boss-42.wav
Loading resource: res://.godot/imported/boss-42.wav-82fb85917511263f2e7b5038edd86d74.sample
Loading resource: res://audio/announcer/boss-137.wav
Loading resource: res://.godot/imported/boss-137.wav-b58ac6e9346cc36c210681bb770d7aa6.sample
Loading resource: res://audio/announcer/boss-526.wav
Loading resource: res://.godot/imported/boss-526.wav-d02c10ac643c629384ecf5187546017f.sample
Loading resource: res://audio/announcer/objective-42.wav
Loading resource: res://.godot/imported/objective-42.wav-573e06dc998ca38c6033ee1e2a12d1c7.sample
Loading resource: res://audio/announcer/objective-137.wav
Loading resource: res://.godot/imported/objective-137.wav-84a3e5a56f4edcfa847ab866bd24266f.sample
Loading resource: res://audio/announcer/objective-526.wav
Loading resource: res://.godot/imported/objective-526.wav-dbba0fecc617df6ddf82946cf8d056aa.sample
AUDIO_WAVEFORM_OK driver=ALSA frames=44100 peak=0.25514674186707 energy=50.6707905416745 streams=73 variation_frames=44100,44100 variation_peaks=0.06726046651602,0.06726046651602 variation_zcr=0.13172335600907,0.09272108843537 pitch_plans=[1.0, 2.0, 1.1225],[1.0, 1.2599, 1.0] variation_pcm_equal=false file=/tmp/opencode/audio-slot-20260929/pcm/master-mix.wav sha256=0177ec7994600a2f6e723b2a19a55f19971b41ca3a46cc5ddee48093369c64ed
XR: Clearing primary interface
XR: Removed interface "Native mobile"
XR: Removed interface "OpenXR"
