Godot Engine v4.5.2.stable.official.6ce3de25a - https://godotengine.org

[   0% ] [90m[1mfirst_scan_filesystem[22m | Started Project initialization (5 steps)[39m[0m
[   0% ] [90m[1mfirst_scan_filesystem[22m | Scanning file structure...[39m[0m
[  16% ] [90m[1mfirst_scan_filesystem[22m | Loading global class names...[39m[0m
[  33% ] [90m[1mfirst_scan_filesystem[22m | Verifying GDExtensions...[39m[0m
[  50% ] [90m[1mfirst_scan_filesystem[22m | Creating autoload scripts...[39m[0m
[  66% ] [90m[1mfirst_scan_filesystem[22m | Initializing plugins...[39m[0m
[  83% ] [90m[1mfirst_scan_filesystem[22m | Starting file scan...[39m[0m
[92m[ DONE ][39m [1mfirst_scan_filesystem[22m
[0m
[   0% ] [90m[1m_update_scan_actions[22m | Started Scanning actions... (9 steps)[39m[0m
[   0% ] [90m[1m_update_scan_actions[22m | vesper-viaduct.glb[39m[0m
[  10% ] [90m[1m_update_scan_actions[22m | vesper-viaduct_MothLocal_asphalt.png[39m[0m
[  20% ] [90m[1m_update_scan_actions[22m | vesper-viaduct_MothLocal_brick.png[39m[0m
[  30% ] [90m[1m_update_scan_actions[22m | vesper-viaduct_MothLocal_cobbles.png[39m[0m
[  40% ] [90m[1m_update_scan_actions[22m | vesper-viaduct_MothLocal_iron.png[39m[0m
[  50% ] [90m[1m_update_scan_actions[22m | vesper-viaduct_MothLocal_plaster.png[39m[0m
[  60% ] [90m[1m_update_scan_actions[22m | vesper-viaduct_MothLocal_quay.png[39m[0m
[  70% ] [90m[1m_update_scan_actions[22m | vesper-viaduct_MothLocal_sandstone.png[39m[0m
[  80% ] [90m[1m_update_scan_actions[22m | vesper-viaduct_MothLocal_slate.png[39m[0m
[92m[ DONE ][39m [1m_update_scan_actions[22m
[0m
[   0% ] [90m[1mloading_editor_layout[22m | Started Loading editor (5 steps)[39m[0m
[   0% ] [90m[1mloading_editor_layout[22m | Loading editor layout...[39m[0m
[92m[ DONE ][39m [1mloading_editor_layout[22m
[0m
