{
  "source_commit": "51289b79c627a26a381ba556b92bab71f93f3732",
  "meshes": 86,
  "instances": 68,
  "batchedMeshes": 0,
  "shaderMaterials": 0,
  "nodes": 88,
  "limitations": [
    "onBeforeCompile effects and runtime animation not translated",
    "standard-material fallback is not fidelity acceptance"
  ],
  "instance_policy": "expanded with transforms and colors; no EXT_mesh_gpu_instancing",
  "material_side": {
    "policy": "BackSide: reversed triangles, negated normals, tangent handedness; FrontSide glTF material",
    "meshes": 2,
    "triangles": 3488
  },
  "environment": {
    "background": "575777",
    "fog": {
      "color": "575777",
      "density": 0.0045
    }
  },
  "bytes": 2060200,
  "sha256": "f777aeb151e4724758742dcc9d15e7d94e47e7cc80bfaf4948b4dc770844e0e7",
  "messages": [
    "Failed to load resource: the server responded with a status of 404 (Not Found)",
    "THREE.GLTFExporter: Merged metalnessMap and roughnessMap textures.",
    "THREE.GLTFExporter: Merged metalnessMap and roughnessMap textures.",
    "THREE.GLTFExporter: Merged metalnessMap and roughnessMap textures.",
    "GLTFExporter: Use MeshStandardMaterial or MeshBasicMaterial for best results.",
    "THREE.GLTFExporter: Merged metalnessMap and roughnessMap textures.",
    "THREE.GLTFExporter: Merged metalnessMap and roughnessMap textures.",
    "THREE.GLTFExporter: Merged metalnessMap and roughnessMap textures.",
    "THREE.GLTFExporter: Merged metalnessMap and roughnessMap textures.",
    "THREE.GLTFExporter: Merged metalnessMap and roughnessMap textures.",
    "[.WebGL-0x3a9c000e8e00]GL Driver Message (OpenGL, Performance, GL_CLOSE_PATH_NV, High): GPU stall due to ReadPixels"
  ]
}
