{
  "source_commit": "51289b79c627a26a381ba556b92bab71f93f3732",
  "meshes": 172,
  "instances": 116,
  "batchedMeshes": 0,
  "shaderMaterials": 0,
  "nodes": 174,
  "limitations": [
    "onBeforeCompile effects and runtime animation not translated",
    "standard-material fallback is not fidelity acceptance"
  ],
  "instance_policy": "expanded with transforms and colors; no EXT_mesh_gpu_instancing",
  "material_side": {
    "policy": "BackSide: reversed triangles, negated normals, tangent handedness; FrontSide glTF material",
    "meshes": 2,
    "triangles": 3488
  },
  "environment": {
    "background": "7faeb0",
    "fog": {
      "color": "7faeb0",
      "density": 0.005
    }
  },
  "bytes": 2167296,
  "sha256": "3e5f81ffd0077e13b395de4909c0a147d427f5a8d2c0f03d547d268e993fe2ab",
  "messages": [
    "Failed to load resource: the server responded with a status of 404 (Not Found)",
    "THREE.GLTFExporter: Merged metalnessMap and roughnessMap textures.",
    "THREE.GLTFExporter: Merged metalnessMap and roughnessMap textures.",
    "THREE.GLTFExporter: Merged metalnessMap and roughnessMap textures.",
    "GLTFExporter: Use MeshStandardMaterial or MeshBasicMaterial for best results.",
    "THREE.GLTFExporter: Merged metalnessMap and roughnessMap textures.",
    "THREE.GLTFExporter: Merged metalnessMap and roughnessMap textures.",
    "THREE.GLTFExporter: Merged metalnessMap and roughnessMap textures.",
    "THREE.GLTFExporter: Merged metalnessMap and roughnessMap textures.",
    "THREE.GLTFExporter: Merged metalnessMap and roughnessMap textures.",
    "THREE.GLTFExporter: Merged metalnessMap and roughnessMap textures.",
    "[.WebGL-0x3794000ee200]GL Driver Message (OpenGL, Performance, GL_CLOSE_PATH_NV, High): GPU stall due to ReadPixels"
  ]
}
