TAP version 13
# TAP_DIAGNOSTIC {"shots":0,"ack":2}
# Subtest: received fire tap is stepped before release, not merely ACKed
not ok 1 - received fire tap is stepped before release, not merely ACKed
  ---
  duration_ms: 575.425259
  type: 'test'
  location: '/tmp/opencode/horde-repair-59c2b33/port/native-horde/repair-regression.test.mjs:55:2'
  failureType: 'testCodeFailure'
  error: 'received fire tap was lost'
  code: 'ERR_ASSERTION'
  name: 'AssertionError'
  expected: true
  actual: false
  operator: '=='
  stack: |-
    TestContext.<anonymous> (file:///tmp/opencode/horde-repair-59c2b33/port/native-horde/repair-regression.test.mjs:60:4)
    async Test.run (node:internal/test_runner/test:1054:7)
    async startSubtestAfterBootstrap (node:internal/test_runner/harness:296:3)
  ...
# Subtest: explicit cancellation discards pending fire, ACK names only stepped neutral sample
not ok 2 - explicit cancellation discards pending fire, ACK names only stepped neutral sample
  ---
  duration_ms: 484.35424
  type: 'test'
  location: '/tmp/opencode/horde-repair-59c2b33/port/native-horde/repair-regression.test.mjs:67:2'
  failureType: 'testCodeFailure'
  error: |-
    cancelled fire executed

    1 !== 0

  code: 'ERR_ASSERTION'
  name: 'AssertionError'
  expected: 0
  actual: 1
  operator: 'strictEqual'
  stack: |-
    TestContext.<anonymous> (file:///tmp/opencode/horde-repair-59c2b33/port/native-horde/repair-regression.test.mjs:71:11)
    async Test.run (node:internal/test_runner/test:1054:7)
    async Test.processPendingSubtests (node:internal/test_runner/test:744:7)
  ...
# Subtest: input expiry invalidates epoch and never ACKs a late stale-epoch command
not ok 3 - input expiry invalidates epoch and never ACKs a late stale-epoch command
  ---
  duration_ms: 1037.683932
  type: 'test'
  location: '/tmp/opencode/horde-repair-59c2b33/port/native-horde/repair-regression.test.mjs:76:2'
  failureType: 'testCodeFailure'
  error: |-
    stale epoch rearmed firing

    5 !== 3

  code: 'ERR_ASSERTION'
  name: 'AssertionError'
  expected: 3
  actual: 5
  operator: 'strictEqual'
  stack: |-
    TestContext.<anonymous> (file:///tmp/opencode/horde-repair-59c2b33/port/native-horde/repair-regression.test.mjs:82:11)
    async Test.run (node:internal/test_runner/test:1054:7)
    async Test.processPendingSubtests (node:internal/test_runner/test:744:7)
  ...
# Subtest: source string-ID wave event gets unique serial wire identity
not ok 4 - source string-ID wave event gets unique serial wire identity
  ---
  duration_ms: 6810.011882
  type: 'test'
  location: '/tmp/opencode/horde-repair-59c2b33/port/native-horde/repair-regression.test.mjs:87:2'
  failureType: 'testCodeFailure'
  error: 'genuine source modifier event lost'
  code: 'ERR_ASSERTION'
  name: 'AssertionError'
  expected: true
  actual: false
  operator: '=='
  stack: |-
    TestContext.<anonymous> (file:///tmp/opencode/horde-repair-59c2b33/port/native-horde/repair-regression.test.mjs:91:4)
    async Test.run (node:internal/test_runner/test:1054:7)
    async Test.processPendingSubtests (node:internal/test_runner/test:744:7)
  ...
# Subtest: oversized frame closes peer gracefully and listener survives
not ok 5 - oversized frame closes peer gracefully and listener survives
  ---
  duration_ms: 683.388304
  type: 'test'
  location: '/tmp/opencode/horde-repair-59c2b33/port/native-horde/repair-regression.test.mjs:95:2'
  failureType: 'testCodeFailure'
  error: |-
    node:events:497
          throw er; // Unhandled 'error' event
          ^

    RangeError: Max payload size exceeded
        at Receiver.haveLength (/home/mojo/.hermes-instances/fresh/workspace/cocs-godot-port/node_modules/ws/lib/receiver.js:442:28)
        at Receiver.getPayloadLength16 (/home/mojo/.hermes-instances/fresh/workspace/cocs-godot-port/node_modules/ws/lib/receiver.js:393:10)
        at Receiver.startLoop (/home/mojo/.hermes-instances/fresh/workspace/cocs-godot-port/node_modules/ws/lib/receiver.js:181:16)
        at Receiver._write (/home/mojo/.hermes-instances/fresh/workspace/cocs-godot-port/node_modules/ws/lib/receiver.js:117:10)
        at writeOrBuffer (node:internal/streams/writable:572:12)
        at _write (node:internal/streams/writable:501:10)
        at Writable.write (node:internal/streams/writable:510:10)
        at Socket.socketOnData (/home/mojo/.hermes-instances/fresh/workspace/cocs-godot-port/node_modules/ws/lib/websocket.js:1374:35)
        at Socket.emit (node:events:519:28)
        at addChunk (node:internal/streams/readable:561:12)
    Emitted 'error' event on WebSocket instance at:
        at Receiver.receiverOnError (/home/mojo/.hermes-instances/fresh/workspace/cocs-godot-port/node_modules/ws/lib/websocket.js:1218:15)
        at Receiver.emit (node:events:519:28)
        at emitErrorNT (node:internal/streams/destroy:170:8)
        at emitErrorCloseNT (node:internal/streams/destroy:129:3)
        at process.processTicksAndRejections (node:internal/process/task_queues:89:21) {
      code: 'WS_ERR_UNSUPPORTED_MESSAGE_LENGTH',
      [Symbol(status-code)]: 1009
    }

    Node.js v22.23.1


    1 !== 0

  code: 'ERR_ASSERTION'
  name: 'AssertionError'
  expected: 0
  actual: 1
  operator: 'strictEqual'
  stack: |-
    Receiver.haveLength (/home/mojo/.hermes-instances/fresh/workspace/cocs-godot-port/node_modules/ws/lib/receiver.js:442:28)
    Receiver.getPayloadLength16 (/home/mojo/.hermes-instances/fresh/workspace/cocs-godot-port/node_modules/ws/lib/receiver.js:393:10)
    Receiver.startLoop (/home/mojo/.hermes-instances/fresh/workspace/cocs-godot-port/node_modules/ws/lib/receiver.js:181:16)
    Receiver._write (/home/mojo/.hermes-instances/fresh/workspace/cocs-godot-port/node_modules/ws/lib/receiver.js:117:10)
    writeOrBuffer (node:internal/streams/writable:572:12)
    _write (node:internal/streams/writable:501:10)
    Writable.write (node:internal/streams/writable:510:10)
    Socket.socketOnData (/home/mojo/.hermes-instances/fresh/workspace/cocs-godot-port/node_modules/ws/lib/websocket.js:1374:35)
    Socket.emit (node:events:519:28)
    addChunk (node:internal/streams/readable:561:12)
    Receiver.receiverOnError (/home/mojo/.hermes-instances/fresh/workspace/cocs-godot-port/node_modules/ws/lib/websocket.js:1218:15)
    Receiver.emit (node:events:519:28)
    emitErrorNT (node:internal/streams/destroy:170:8)
    emitErrorCloseNT (node:internal/streams/destroy:129:3)
    process.processTicksAndRejections (node:internal/process/task_queues:89:21) {
    TestContext.<anonymous> (file:///tmp/opencode/horde-repair-59c2b33/port/native-horde/repair-regression.test.mjs:97:10)
    Test.runInAsyncScope (node:async_hooks:214:14)
    Test.run (node:internal/test_runner/test:1047:25)
    Test.processPendingSubtests (node:internal/test_runner/test:744:18)
    Test.postRun (node:internal/test_runner/test:1173:19)
    Test.run (node:internal/test_runner/test:1101:12)
    process.processTicksAndRejections (node:internal/process/task_queues:103:5)
    async Test.processPendingSubtests (node:internal/test_runner/test:744:7)
  ...
# Subtest: valid lifecycle-message flood is rate bounded
not ok 6 - valid lifecycle-message flood is rate bounded
  ---
  duration_ms: 1206.34856
  type: 'test'
  location: '/tmp/opencode/horde-repair-59c2b33/port/native-horde/repair-regression.test.mjs:99:2'
  failureType: 'testCodeFailure'
  error: 'Bounded diagnostic timeout'
  code: 'ERR_TEST_FAILURE'
  stack: |-
    wait (file:///tmp/opencode/horde-repair-59c2b33/port/native-horde/repair-regression.test.mjs:28:8)
    async TestContext.<anonymous> (file:///tmp/opencode/horde-repair-59c2b33/port/native-horde/repair-regression.test.mjs:102:4)
    async Test.run (node:internal/test_runner/test:1054:7)
    async Test.processPendingSubtests (node:internal/test_runner/test:744:7)
  ...
# Subtest: outbound backlog limit closes peer (synthetic WebSocket backpressure, not source state)
not ok 7 - outbound backlog limit closes peer (synthetic WebSocket backpressure, not source state)
  ---
  duration_ms: 1205.412695
  type: 'test'
  location: '/tmp/opencode/horde-repair-59c2b33/port/native-horde/repair-regression.test.mjs:106:2'
  failureType: 'testCodeFailure'
  error: 'Bounded diagnostic timeout'
  code: 'ERR_TEST_FAILURE'
  stack: |-
    wait (file:///tmp/opencode/horde-repair-59c2b33/port/native-horde/repair-regression.test.mjs:28:8)
    async TestContext.<anonymous> (file:///tmp/opencode/horde-repair-59c2b33/port/native-horde/repair-regression.test.mjs:111:4)
    async Test.run (node:internal/test_runner/test:1054:7)
    async Test.processPendingSubtests (node:internal/test_runner/test:744:7)
  ...
# CLOCK_DIAGNOSTIC {"sourceSeconds":4.649999999999989,"wallSeconds":4.485848458,"ratio":1.0365931982626928}
# Subtest: normal-rate clock diagnostic uses measured wall time, not injected time
not ok 8 - normal-rate clock diagnostic uses measured wall time, not injected time
  ---
  duration_ms: 4554.677025
  type: 'test'
  location: '/tmp/opencode/horde-repair-59c2b33/port/native-horde/repair-regression.test.mjs:115:2'
  failureType: 'testCodeFailure'
  error: 'source clock is running ahead of wall time'
  code: 'ERR_ASSERTION'
  name: 'AssertionError'
  expected: true
  actual: false
  operator: '=='
  stack: |-
    TestContext.<anonymous> (file:///tmp/opencode/horde-repair-59c2b33/port/native-horde/repair-regression.test.mjs:120:4)
    async Test.run (node:internal/test_runner/test:1054:7)
    async Test.processPendingSubtests (node:internal/test_runner/test:744:7)
  ...
# Subtest: retained failed product run cannot pass acceptance hygiene
not ok 9 - retained failed product run cannot pass acceptance hygiene
  ---
  duration_ms: 43.629182
  type: 'test'
  location: '/tmp/opencode/horde-repair-59c2b33/port/native-horde/repair-regression.test.mjs:124:2'
  failureType: 'testCodeFailure'
  error: 'Missing expected exception: failed harness/resource log accepted'
  code: 'ERR_ASSERTION'
  name: 'AssertionError'
  operator: 'throws'
  stack: |-
    TestContext.<anonymous> (file:///tmp/opencode/horde-repair-59c2b33/port/native-horde/repair-regression.test.mjs:128:10)
    Test.runInAsyncScope (node:async_hooks:214:14)
    Test.run (node:internal/test_runner/test:1047:25)
    Test.processPendingSubtests (node:internal/test_runner/test:744:18)
    Test.postRun (node:internal/test_runner/test:1173:19)
    Test.run (node:internal/test_runner/test:1101:12)
    process.processTicksAndRejections (node:internal/process/task_queues:103:5)
    async Test.processPendingSubtests (node:internal/test_runner/test:744:7)
  ...
1..9
# tests 9
# suites 0
# pass 0
# fail 9
# cancelled 0
# skipped 0
# todo 0
# duration_ms 17291.570615
