TAP version 13
# Subtest: source one-shot fields are consumed once while source held fields persist
ok 1 - source one-shot fields are consumed once while source held fields persist
  ---
  duration_ms: 1.052462
  type: 'test'
  ...
# Subtest: FIFO preserves two distinct press/release pairs, bounds work instead of dropping commands
ok 2 - FIFO preserves two distinct press/release pairs, bounds work instead of dropping commands
  ---
  duration_ms: 0.338975
  type: 'test'
  ...
# Subtest: cancel and round reset clear queue/holds without falsely claiming old samples were stepped
ok 3 - cancel and round reset clear queue/holds without falsely claiming old samples were stepped
  ---
  duration_ms: 0.123241
  type: 'test'
  ...
# Subtest: duplicate/unsafe seq does not renew expiry; stale samples are never implicitly applied
ok 4 - duplicate/unsafe seq does not renew expiry; stale samples are never implicitly applied
  ---
  duration_ms: 0.132889
  type: 'test'
  ...
# Subtest: serial cursor preserves repeated opaque source IDs and detects a lost source ring
ok 5 - serial cursor preserves repeated opaque source IDs and detects a lost source ring
  ---
  duration_ms: 0.348844
  type: 'test'
  ...
# Subtest: outbound message and total queued-byte boundaries are inclusive and bounded
ok 6 - outbound message and total queued-byte boundaries are inclusive and bounded
  ---
  duration_ms: 0.101641
  type: 'test'
  ...
# TAP_DIAGNOSTIC {"shots":1,"ack":2,"input":{"receivedSeq":2,"appliedSeq":2,"cancelledThrough":0,"queueDepth":0}}
# Subtest: received fire tap is stepped before release, not merely ACKed
ok 7 - received fire tap is stepped before release, not merely ACKed
  ---
  duration_ms: 618.901875
  type: 'test'
  ...
# Subtest: explicit cancellation discards pending fire, ACK names only stepped neutral sample
ok 8 - explicit cancellation discards pending fire, ACK names only stepped neutral sample
  ---
  duration_ms: 471.559847
  type: 'test'
  ...
# Subtest: input expiry invalidates epoch and never ACKs a late stale-epoch command
ok 9 - input expiry invalidates epoch and never ACKs a late stale-epoch command
  ---
  duration_ms: 1072.02865
  type: 'test'
  ...
# Subtest: source string-ID wave event gets unique serial wire identity
ok 10 - source string-ID wave event gets unique serial wire identity
  ---
  duration_ms: 7082.013382
  type: 'test'
  ...
# Subtest: oversized frame closes peer gracefully and listener survives
ok 11 - oversized frame closes peer gracefully and listener survives
  ---
  duration_ms: 726.741057
  type: 'test'
  ...
# Subtest: valid lifecycle-message flood is rate bounded
ok 12 - valid lifecycle-message flood is rate bounded
  ---
  duration_ms: 9.186289
  type: 'test'
  ...
# Subtest: outbound backlog limit closes peer (synthetic WebSocket backpressure, not source state)
ok 13 - outbound backlog limit closes peer (synthetic WebSocket backpressure, not source state)
  ---
  duration_ms: 8.015345
  type: 'test'
  ...
# CLOCK_DIAGNOSTIC {"sourceSeconds":4.499999999999989,"wallSeconds":4.4883443660000015,"ratio":1.0025968671406502}
# Subtest: normal-rate clock diagnostic uses measured wall time, not injected time
ok 14 - normal-rate clock diagnostic uses measured wall time, not injected time
  ---
  duration_ms: 4582.571332
  type: 'test'
  ...
# Subtest: retained failed product run cannot pass acceptance hygiene
ok 15 - retained failed product run cannot pass acceptance hygiene
  ---
  duration_ms: 4.253233
  type: 'test'
  ...
1..15
# tests 15
# suites 0
# pass 15
# fail 0
# cancelled 0
# skipped 0
# todo 0
# duration_ms 15339.528933
