TAP version 13
# Subtest: source one-shot fields are consumed once while source held fields persist
ok 1 - source one-shot fields are consumed once while source held fields persist
  ---
  duration_ms: 1.215458
  type: 'test'
  ...
# Subtest: FIFO preserves two distinct press/release pairs, bounds work instead of dropping commands
ok 2 - FIFO preserves two distinct press/release pairs, bounds work instead of dropping commands
  ---
  duration_ms: 0.385001
  type: 'test'
  ...
# Subtest: cancel and round reset clear queue/holds without falsely claiming old samples were stepped
ok 3 - cancel and round reset clear queue/holds without falsely claiming old samples were stepped
  ---
  duration_ms: 0.159999
  type: 'test'
  ...
# Subtest: duplicate/unsafe seq does not renew expiry; stale samples are never implicitly applied
ok 4 - duplicate/unsafe seq does not renew expiry; stale samples are never implicitly applied
  ---
  duration_ms: 0.148559
  type: 'test'
  ...
# Subtest: serial cursor preserves repeated opaque source IDs and detects a lost source ring
ok 5 - serial cursor preserves repeated opaque source IDs and detects a lost source ring
  ---
  duration_ms: 0.288841
  type: 'test'
  ...
# Subtest: outbound message and total queued-byte boundaries are inclusive and bounded
ok 6 - outbound message and total queued-byte boundaries are inclusive and bounded
  ---
  duration_ms: 0.076804
  type: 'test'
  ...
# TAP_DIAGNOSTIC {"shots":1,"ack":2,"input":{"receivedSeq":2,"appliedSeq":2,"cancelledThrough":0,"queueDepth":0}}
# Subtest: received fire tap is stepped before release, not merely ACKed
ok 7 - received fire tap is stepped before release, not merely ACKed
  ---
  duration_ms: 620.39769
  type: 'test'
  ...
# Subtest: explicit cancellation discards pending fire, ACK names only stepped neutral sample
ok 8 - explicit cancellation discards pending fire, ACK names only stepped neutral sample
  ---
  duration_ms: 533.953432
  type: 'test'
  ...
# Subtest: input expiry invalidates epoch and never ACKs a late stale-epoch command
ok 9 - input expiry invalidates epoch and never ACKs a late stale-epoch command
  ---
  duration_ms: 1067.371952
  type: 'test'
  ...
# Subtest: source string-ID wave event gets unique serial wire identity
ok 10 - source string-ID wave event gets unique serial wire identity
  ---
  duration_ms: 7074.420199
  type: 'test'
  ...
# Subtest: oversized frame closes peer gracefully and listener survives
ok 11 - oversized frame closes peer gracefully and listener survives
  ---
  duration_ms: 621.201766
  type: 'test'
  ...
# Subtest: valid lifecycle-message flood is rate bounded
ok 12 - valid lifecycle-message flood is rate bounded
  ---
  duration_ms: 14.716285
  type: 'test'
  ...
# Subtest: outbound backlog limit closes peer (synthetic WebSocket backpressure, not source state)
ok 13 - outbound backlog limit closes peer (synthetic WebSocket backpressure, not source state)
  ---
  duration_ms: 5.838244
  type: 'test'
  ...
# CLOCK_DIAGNOSTIC {"sourceSeconds":4.4499999999999895,"wallSeconds":4.4608630929999995,"ratio":0.9975648001802484}
# Subtest: normal-rate clock diagnostic uses measured wall time, not injected time
ok 14 - normal-rate clock diagnostic uses measured wall time, not injected time
  ---
  duration_ms: 4568.181879
  type: 'test'
  ...
# Subtest: retained failed product run cannot pass acceptance hygiene
ok 15 - retained failed product run cannot pass acceptance hygiene
  ---
  duration_ms: 5.060455
  type: 'test'
  ...
# Subtest: legal one-wave source preset meridian-exchange
ok 16 - legal one-wave source preset meridian-exchange
  ---
  duration_ms: 0.818554
  type: 'test'
  ...
# Subtest: legal one-wave source preset verdant-reliquary
ok 17 - legal one-wave source preset verdant-reliquary
  ---
  duration_ms: 0.142417
  type: 'test'
  ...
# Subtest: legal one-wave source preset ember-crucible
ok 18 - legal one-wave source preset ember-crucible
  ---
  duration_ms: 0.067687
  type: 'test'
  ...
# Subtest: invalid targets rejected rather than silently clamped
ok 19 - invalid targets rejected rather than silently clamped
  ---
  duration_ms: 0.156223
  type: 'test'
  ...
# Subtest: foreign maps and mode rejected
ok 20 - foreign maps and mode rejected
  ---
  duration_ms: 0.10684
  type: 'test'
  ...
# Subtest: default is ten waves
ok 21 - default is ten waves
  ---
  duration_ms: 0.062668
  type: 'test'
  ...
# Subtest: missing evidence cannot pass
ok 22 - missing evidence cannot pass
  ---
  duration_ms: 0.514915
  type: 'test'
  ...
# Subtest: malformed native records rejected
ok 23 - malformed native records rejected
  ---
  duration_ms: 0.102713
  type: 'test'
  ...
# Subtest: synthetic correlation baseline
ok 24 - synthetic correlation baseline
  ---
  duration_ms: 1.062382
  type: 'test'
  ...
# Subtest: mismatched actor rejected
ok 25 - mismatched actor rejected
  ---
  duration_ms: 0.568145
  type: 'test'
  ...
# Subtest: wrong rendered position rejected
ok 26 - wrong rendered position rejected
  ---
  duration_ms: 0.239719
  type: 'test'
  ...
# Subtest: snapshot gaps rejected
ok 27 - snapshot gaps rejected
  ---
  duration_ms: 0.142958
  type: 'test'
  ...
# Subtest: ACK/receipt cannot stand in for victory
ok 28 - ACK/receipt cannot stand in for victory
  ---
  duration_ms: 0.187612
  type: 'test'
  ...
# Subtest: owned local server rejects browser origins and closes listeners
ok 29 - owned local server rejects browser origins and closes listeners
  ---
  duration_ms: 11.899014
  type: 'test'
  ...
1..29
# tests 29
# suites 0
# pass 29
# fail 0
# cancelled 0
# skipped 0
# todo 0
# duration_ms 15231.236221

TAP version 13
# Subtest: horde display adapts waves and enemy counts
ok 1 - horde display adapts waves and enemy counts
  ---
  duration_ms: 0.749255
  type: 'test'
  ...
# Subtest: campaign display surfaces waypoint distance, steps, story and boss
ok 2 - campaign display surfaces waypoint distance, steps, story and boss
  ---
  duration_ms: 0.125165
  type: 'test'
  ...
# Subtest: display adapter stays sane when economy and boss-phase fields ride along
ok 3 - display adapter stays sane when economy and boss-phase fields ride along
  ---
  duration_ms: 0.103354
  type: 'test'
  ...
# Subtest: results and summaries reflect win or loss
ok 4 - results and summaries reflect win or loss
  ---
  duration_ms: 0.142888
  type: 'test'
  ...
# Subtest: adapter forwards horde upgrades, boss phases, checkpoint and notices
ok 5 - adapter forwards horde upgrades, boss phases, checkpoint and notices
  ---
  duration_ms: 0.420017
  type: 'test'
  ...
# Subtest: adapter derives a checkpoint from a numeric step and reads top-level hud notices
ok 6 - adapter derives a checkpoint from a numeric step and reads top-level hud notices
  ---
  duration_ms: 0.11227
  type: 'test'
  ...
# Subtest: adapter defaults the upgrade, phase and checkpoint fields when absent
ok 7 - adapter defaults the upgrade, phase and checkpoint fields when absent
  ---
  duration_ms: 0.659576
  type: 'test'
  ...
# Subtest: adapter accepts object selections and pending upgrade queues
ok 8 - adapter accepts object selections and pending upgrade queues
  ---
  duration_ms: 0.171211
  type: 'test'
  ...
# Subtest: adapter normalises notice tones and drops empty notices
ok 9 - adapter normalises notice tones and drops empty notices
  ---
  duration_ms: 0.422692
  type: 'test'
  ...
# Subtest: single-player HUD exposes screen-reader labels for the new controls
ok 10 - single-player HUD exposes screen-reader labels for the new controls
  ---
  duration_ms: 50.463042
  type: 'test'
  ...
# Subtest: theater filters expose labelled select controls
ok 11 - theater filters expose labelled select controls
  ---
  duration_ms: 153.520391
  type: 'test'
  ...
# Subtest: theater exposes replay export and import controls
ok 12 - theater exposes replay export and import controls
  ---
  duration_ms: 96.366106
  type: 'test'
  ...
# Subtest: accessibility panel renders palette radios and the high-contrast switch
ok 13 - accessibility panel renders palette radios and the high-contrast switch
  ---
  duration_ms: 864.861991
  type: 'test'
  ...
# Subtest: keybind remap UI is keyboard reachable and labelled per action
ok 14 - keybind remap UI is keyboard reachable and labelled per action
  ---
  duration_ms: 801.252928
  type: 'test'
  ...
# Subtest: browse screen exposes mode, map and size filters plus practice vs bots
ok 15 - browse screen exposes mode, map and size filters plus practice vs bots
  ---
  duration_ms: 818.777377
  type: 'test'
  ...
# Subtest: results summary card surfaces XP, prestige progress and achievements
ok 16 - results summary card surfaces XP, prestige progress and achievements
  ---
  duration_ms: 830.561386
  type: 'test'
  ...
# Subtest: help legend covers the systems added on top of the core loop
ok 17 - help legend covers the systems added on top of the core loop
  ---
  duration_ms: 0.290044
  type: 'test'
  ...
# Subtest: settings help renders the new-systems legend as an accessible list
ok 18 - settings help renders the new-systems legend as an accessible list
  ---
  duration_ms: 98.377977
  type: 'test'
  ...
# Subtest: campaign mission select derives stars, locks and best results
ok 19 - campaign mission select derives stars, locks and best results
  ---
  duration_ms: 0.541285
  type: 'test'
  ...
# Subtest: campaign mission select renders locked and replay affordances
ok 20 - campaign mission select renders locked and replay affordances
  ---
  duration_ms: 830.862932
  type: 'test'
  ...
# Subtest: results medals render as an accessible list with per-medal detail
ok 21 - results medals render as an accessible list with per-medal detail
  ---
  duration_ms: 1680.842145
  type: 'test'
  ...
# Subtest: arsenal inspector exposes weapons, operators, attachments and cosmetics
ok 22 - arsenal inspector exposes weapons, operators, attachments and cosmetics
  ---
  duration_ms: 139.134424
  type: 'test'
  ...
# Subtest: spectator board groups teams, shows lives and marks the followed target
ok 23 - spectator board groups teams, shows lives and marks the followed target
  ---
  duration_ms: 37.18383
  type: 'test'
  ...
# Subtest: single-player modes are registered and configuration keeps the mission
ok 24 - single-player modes are registered and configuration keeps the mission
  ---
  duration_ms: 1.002079
  type: 'test'
  ...
# Subtest: horde leaves a lone player with three lives and an empty battlefield
ok 25 - horde leaves a lone player with three lives and an empty battlefield
  ---
  duration_ms: 44.859368
  type: 'test'
  ...
# Subtest: horde waves spawn fast fragile husks, not normal bots
ok 26 - horde waves spawn fast fragile husks, not normal bots
  ---
  duration_ms: 81.319111
  type: 'test'
  ...
# Subtest: dead enemies never respawn
ok 27 - dead enemies never respawn
  ---
  duration_ms: 89.376484
  type: 'test'
  ...
# Subtest: losing all lives ends the run on the hostile side
ok 28 - losing all lives ends the run on the hostile side
  ---
  duration_ms: 104.912776
  type: 'test'
  ...
# Subtest: campaign starts the player at the authored point facing the mission direction
ok 29 - campaign starts the player at the authored point facing the mission direction
  ---
  duration_ms: 119.651343
  type: 'test'
  ...
# Subtest: the first campaign objective sets a waypoint and the next spawns themed enemies
ok 30 - the first campaign objective sets a waypoint and the next spawns themed enemies
  ---
  duration_ms: 166.136639
  type: 'test'
  ...
# Subtest: convoy-run plays through every step to a win
ok 31 - convoy-run plays through every step to a win
  ---
  duration_ms: 1738.795217
  type: 'test'
  ...
# Subtest: reactor-run ends with a Warden boss and a win
ok 32 - reactor-run ends with a Warden boss and a win
  ---
  duration_ms: 3017.5769
  type: 'test'
  ...
# Subtest: single-player snapshot exposes objective steps, story and waypoint data
ok 33 - single-player snapshot exposes objective steps, story and waypoint data
  ---
  duration_ms: 135.583848
  type: 'test'
  ...
# Subtest: spawnGroup fields groups by type and tracks bosses
ok 34 - spawnGroup fields groups by type and tracks bosses
  ---
  duration_ms: 69.01685
  type: 'test'
  ...
# Subtest: enemy fields build a fragile, differentiated enemy
ok 35 - enemy fields build a fragile, differentiated enemy
  ---
  duration_ms: 9.378289
  type: 'test'
  ...
# Subtest: enemy deploys vary speed within a class and carry reduced firepower
ok 36 - enemy deploys vary speed within a class and carry reduced firepower
  ---
  duration_ms: 47.142347
  type: 'test'
  ...
# Subtest: area confinement keeps zoned NPCs inside their leash when the player is far
ok 37 - area confinement keeps zoned NPCs inside their leash when the player is far
  ---
  duration_ms: 426.250114
  type: 'test'
  ...
# Subtest: hard patrol zones loop NPCs inside their radius instead of wandering the map
ok 38 - hard patrol zones loop NPCs inside their radius instead of wandering the map
  ---
  duration_ms: 365.566545
  type: 'test'
  ...
# Subtest: group spawns de-clump onto distinct in-radius floor points
ok 39 - group spawns de-clump onto distinct in-radius floor points
  ---
  duration_ms: 8.113007
  type: 'test'
  ...
# Subtest: campaign predeploys reinforcements and fires its timed bark exactly once
ok 40 - campaign predeploys reinforcements and fires its timed bark exactly once
  ---
  duration_ms: 1834.300279
  type: 'test'
  ...
# Subtest: horde clears resupply the player and offer deterministic upgrades
ok 41 - horde clears resupply the player and offer deterministic upgrades
  ---
  duration_ms: 7.456638
  type: 'test'
  ...
# Subtest: clearing the third horde wave offers an upgrade during intermission
ok 42 - clearing the third horde wave offers an upgrade during intermission
  ---
  duration_ms: 19.390146
  type: 'test'
  ...
# Subtest: horde-only upgrades append after the powerups and re-apply idempotently
ok 43 - horde-only upgrades append after the powerups and re-apply idempotently
  ---
  duration_ms: 6.011338
  type: 'test'
  ...
# Subtest: horde run upgrades re-issue after a mid-wave death without compounding
ok 44 - horde run upgrades re-issue after a mid-wave death without compounding
  ---
  duration_ms: 6.416327
  type: 'test'
  ...
# Subtest: horde composition fields the new archetypes without breaking wave one
ok 45 - horde composition fields the new archetypes without breaking wave one
  ---
  duration_ms: 0.151925
  type: 'test'
  ...
# Subtest: campaign checkpoints persist and resume a retry from the saved step
ok 46 - campaign checkpoints persist and resume a retry from the saved step
  ---
  duration_ms: 1536.237097
  type: 'test'
  ...
# Subtest: campaign launch intent picks the checkpoint: next mission fresh, resume stored
ok 47 - campaign launch intent picks the checkpoint: next mission fresh, resume stored
  ---
  duration_ms: 63.740209
  type: 'test'
  ...
# Subtest: boss phases surface as a named, pip-counted snapshot entry
ok 48 - boss phases surface as a named, pip-counted snapshot entry
  ---
  duration_ms: 281.170747
  type: 'test'
  ...
# Subtest: sapper telegraphs its fuse, then detonates inside the blast radius
ok 49 - sapper telegraphs its fuse, then detonates inside the blast radius
  ---
  duration_ms: 20.424265
  type: 'test'
  ...
# Subtest: mender telegraphs and lands a heal pulse on nearby allies
ok 50 - mender telegraphs and lands a heal pulse on nearby allies
  ---
  duration_ms: 38.877945
  type: 'test'
  ...
# Subtest: overseer pulses its command aura on a cooldown
ok 51 - overseer pulses its command aura on a cooldown
  ---
  duration_ms: 56.60234
  type: 'test'
  ...
# Subtest: mortar marks, telegraphs and lands an AoE on a stationary player
ok 52 - mortar marks, telegraphs and lands an AoE on a stationary player
  ---
  duration_ms: 16.869371
  type: 'test'
  ...
# Subtest: the bulwark front plate blunts damage and a flank bypasses it
ok 53 - the bulwark front plate blunts damage and a flank bypasses it
  ---
  duration_ms: 7.208953
  type: 'test'
  ...
# Subtest: throne-siege plays through the finale to a win
ok 54 - throne-siege plays through the finale to a win
  ---
  duration_ms: 1017.865322
  type: 'test'
  ...
# Subtest: area confinement keeps zoned NPCs leashed and moving on the new maps
ok 55 - area confinement keeps zoned NPCs leashed and moving on the new maps
  ---
  duration_ms: 974.007061
  type: 'test'
  ...
# Subtest: horde waves cycle readable modifiers and telegraph each twist
ok 56 - horde waves cycle readable modifiers and telegraph each twist
  ---
  duration_ms: 26.762245
  type: 'test'
  ...
# Subtest: boss phases mechanically escalate the Warden and telegraph a ground slam
ok 57 - boss phases mechanically escalate the Warden and telegraph a ground slam
  ---
  duration_ms: 3860.980248
  type: 'test'
  ...
# Subtest: the throne finale resumes from a checkpoint and keeps its finale win
ok 58 - the throne finale resumes from a checkpoint and keeps its finale win
  ---
  duration_ms: 49.369352
  type: 'test'
  ...
# Subtest: ghost-wire and crown-duel terminate with a win on every difficulty
ok 59 - ghost-wire and crown-duel terminate with a win on every difficulty
  ---
  duration_ms: 14150.294854
  type: 'test'
  ...
# Subtest: the lancer flanks to cover and bursts after a telegraph
ok 60 - the lancer flanks to cover and bursts after a telegraph
  ---
  duration_ms: 9.875922
  type: 'test'
  ...
# Subtest: the sentinel shields nearby allies in formation
ok 61 - the sentinel shields nearby allies in formation
  ---
  duration_ms: 7.109447
  type: 'test'
  ...
# Subtest: the Harbinger summons adds and its phases escalate
ok 62 - the Harbinger summons adds and its phases escalate
  ---
  duration_ms: 7.881944
  type: 'test'
  ...
# Subtest: horde endless scoring is deterministic and grows with the wave
ok 63 - horde endless scoring is deterministic and grows with the wave
  ---
  duration_ms: 0.259757
  type: 'test'
  ...
# Subtest: horde endless escalates a boss every fifth wave and alternates classes
ok 64 - horde endless escalates a boss every fifth wave and alternates classes
  ---
  duration_ms: 0.111529
  type: 'test'
  ...
# Subtest: endless horde banks score per wave and ends with a clean summary on death
ok 65 - endless horde banks score per wave and ends with a clean summary on death
  ---
  duration_ms: 142.744611
  type: 'test'
  ...
# Subtest: a bounded horde run still ends at its wave target and banks a won summary
ok 66 - a bounded horde run still ends at its wave target and banks a won summary
  ---
  duration_ms: 13.041096
  type: 'test'
  ...
# Subtest: horde modifiers inject flankers, shield-bearers and a champion boss
ok 67 - horde modifiers inject flankers, shield-bearers and a champion boss
  ---
  duration_ms: 23.821272
  type: 'test'
  ...
# Subtest: campaign missions author weather and scripted beats can change it
ok 68 - campaign missions author weather and scripted beats can change it
  ---
  duration_ms: 123.924122
  type: 'test'
  ...
# Subtest: campaign missions play their timed story transmissions without gating wins
ok 69 - campaign missions play their timed story transmissions without gating wins
  ---
  duration_ms: 174.077083
  type: 'test'
  ...
# Subtest: the declared live enemy cap holds even on deep overflow waves
ok 70 - the declared live enemy cap holds even on deep overflow waves
  ---
  duration_ms: 0.329338
  type: 'test'
  ...
1..70
# tests 70
# suites 0
# pass 70
# fail 0
# cancelled 0
# skipped 0
# todo 0
# duration_ms 31551.994713

Godot Engine v4.5.2.stable.official.6ce3de25a - https://godotengine.org

HORDE_TESTS checks=15 failures=0

Godot Engine v4.5.2.stable.official.6ce3de25a - https://godotengine.org

PORT_CONTROL_SAFETY_OK checks=2497 synthetic=true parts=8

Godot Engine v4.5.2.stable.official.6ce3de25a - https://godotengine.org

PORT_GAME_HUD_SESSION_OK actual_scene=true captured_state=true synthetic_transitions=true passive_input=true

HORDE_VERIFY_OK commands=5
