WorkerThreadPool: 32 threads, 9 max low-priority.
Godot Engine v4.5.2.stable.official.6ce3de25a - https://godotengine.org
TextServer: Added interface "Dummy"
TextServer: Added interface "ICU / HarfBuzz / Graphite (Built-in)"
Unrecognized output string "misc2" in mapping:
030000000d0f0000ab01000011010000,Horipad Steam,a:b0,b:b1,back:b10,dpdown:h0.4,dpleft:h0.8,dpright:h0.2,dpup:h0.1,guide:b12,leftshoulder:b6,leftstick:b13,lefttrigger:a5,leftx:a0,lefty:a1,misc2:b2,paddle1:b19,paddle2:b18,paddle3:b15,paddle4:b5,rightshoulder:b7,rightstick:b14,righttrigger:a4,rightx:a2,righty:a3,start:b11,x:b3,y:b4,platform:Linux,
Unrecognized output string "misc2" in mapping:
050000000d0f00009601000091000000,Horipad Steam,a:b0,b:b1,back:b10,dpdown:h0.4,dpleft:h0.8,dpright:h0.2,dpup:h0.1,guide:b12,leftshoulder:b6,leftstick:b13,lefttrigger:a5,leftx:a0,lefty:a1,misc2:b2,paddle1:b19,paddle2:b18,paddle3:b15,paddle4:b5,rightshoulder:b7,rightstick:b14,righttrigger:a4,rightx:a2,righty:a3,start:b11,x:b3,y:b4,platform:Linux,
Unrecognized output string "misc2" in mapping:
030000007e0500006920000011010000,Nintendo Switch 2 Pro Controller,a:b0,b:b1,back:b14,dpdown:b8,dpleft:b10,dpright:b9,dpup:b11,guide:b16,leftshoulder:b12,leftstick:b15,lefttrigger:b13,leftx:a0,lefty:a1~,misc1:b17,misc2:b20,paddle1:b18,paddle2:b19,rightshoulder:b4,rightstick:b7,righttrigger:b5,rightx:a2,righty:a3~,start:b6,x:b2,y:b3,platform:Linux,
SDL: Init OK!
Using "default" pen tablet driver...

TextServer: Primary interface set to: "ICU / HarfBuzz / Graphite (Built-in)".
CORE API HASH: 3758106041
EDITOR API HASH: 1819551975
Loading resource: res://tests/protocol/lobby_social.gd
Loading resource: res://debug/debug_panel.tscn
Loading resource: res://debug/debug_panel.gd
Loading resource: res://moth/surface.gdshader
Loading resource: res://graphics_atmosphere/horizon.gdshader
Loading resource: res://graphics_atmosphere/distant_ground.gdshader
Loading resource: res://material_language/family.gdshader
Loading resource: res://moth_scenery/panel.gdshader
Loading resource: res://moth_scenery/motes.gdshader
Loading resource: res://combat_pickup_assets/energy.gdshader
Loading resource: res://shader_lab/moth_common.gdshaderinc
Loading resource: res://graphics_fx/moth_world.gdshader
Loading resource: res://player_fx/mark.gdshader
Loading resource: res://combat_shields/interference.gdshader
Loading resource: res://shader_lab/shield.gdshader
Loading resource: res://shader_lab/conduit.gdshader
Loading resource: res://shader_lab/phase.gdshader
Loading resource: res://blood_fx/fluid.gdshader
Loading resource: res://blood_fx/fluid_draw.gdshader
Loading resource: res://blood_fx/stain.gdshader
Loading resource: res://benchmark/benchmark.tscn
Loading resource: res://benchmark/driver.gd
Loading resource: res://weapon_effects/flash.gdshader
Loading resource: res://combat_particles/simulation.gdshader
Loading resource: res://combat_particles/draw.gdshader
SceneTreeFTI: traversal method DEFAULT
Loading resource: res://debug/diagnostics.gd
Loading resource: res://ui/local_settings.gd
Loading resource: res://career/service.gd
Loading resource: res://career/identity.gd
Loaded system CA certificates
SOCIAL_GEOMETRY (960, 640) toggle=[P: (490.0, 216.6667), S: (110.0, 36.0)] panel=[P: (60.0, 40.0), S: (560.0, 330.6667)]
SOCIAL_GEOMETRY (1280, 800) toggle=[P: (703.3333, 323.3333), S: (110.0, 36.0)] panel=[P: (273.3333, 57.33331), S: (560.0, 420.0)]
PORT_SOCIAL_OK checks=80 failures=0
XR: Clearing primary interface
XR: Removed interface "Native mobile"
XR: Removed interface "OpenXR"
WARNING: ObjectDB instances leaked at exit (run with --verbose for details).
     at: cleanup (core/object/object.cpp:2514)
Leaked instance: GDScriptNativeClass:9223372048816931500
Leaked instance: GDScript:9223372070962857366 - Resource path: res://vehicles/session_shots.gd
Leaked instance: GDScript:9223372096497780163 - Resource path: res://vehicles/shot_fx.gd
ERROR: Cannot get path of node as it is not in a scene tree.
   at: get_path (scene/main/node.cpp:2374)
Leaked instance: Node3D:83802195855 - Node path: 
ERROR: Cannot get path of node as it is not in a scene tree.
   at: get_path (scene/main/node.cpp:2374)
Leaked instance: Node3D:83818973072 - Node path: 
Hint: Leaked instances typically happen when nodes are removed from the scene tree (with `remove_child()`) but not freed (with `free()` or `queue_free()`).
ERROR: 2 resources still in use at exit.
   at: clear (core/io/resource.cpp:799)
Resource still in use: res://vehicles/session_shots.gd (GDScript)
Resource still in use: res://vehicles/shot_fx.gd (GDScript)
Orphan StringName: allowed (static: 0, total: 4)
Orphan StringName: bound_client (static: 0, total: 4)
Orphan StringName: _ready (static: 1, total: 2)
Orphan StringName: _exit_tree (static: 1, total: 2)
Orphan StringName: remove_trace (static: 0, total: 1)
Orphan StringName: traces (static: 0, total: 4)
Orphan StringName: clear_round (static: 0, total: 2)
Orphan StringName: shot_fx (static: 0, total: 4)
Orphan StringName: active (static: 0, total: 5)
Orphan StringName: _on_events (static: 0, total: 1)
Orphan StringName: "vehicles/shot_fx.gd" (static: 0, total: 1)
Orphan StringName: apply_events (static: 0, total: 1)
Orphan StringName: point (static: 0, total: 1)
Orphan StringName: Node3D (static: 1, total: 4)
Orphan StringName: "vehicles/session_shots.gd" (static: 0, total: 1)
Orphan StringName: highest (static: 0, total: 5)
Orphan StringName: ID_WINDOW (static: 0, total: 1)
Orphan StringName: bind (static: 0, total: 1)
Orphan StringName: _process (static: 3, total: 5)
Orphan StringName: Node (static: 1, total: 3)
Orphan StringName: seen (static: 0, total: 4)
Orphan StringName: MAX_TRACES (static: 0, total: 1)
Orphan StringName: set_active (static: 0, total: 1)
Orphan StringName: ShotFX (static: 0, total: 1)
Orphan StringName: LIFE (static: 0, total: 1)
StringName: 25 unclaimed string names at exit.
