TAP version 13
# Subtest: package Horde synthetic factory: exit
ok 1 - package Horde synthetic factory: exit
  ---
  duration_ms: 99.316169
  type: 'test'
  ...
# Subtest: package Horde synthetic factory: native-failure
ok 2 - package Horde synthetic factory: native-failure
  ---
  duration_ms: 103.743445
  type: 'test'
  ...
# Subtest: package Horde synthetic factory: native-crash
ok 3 - package Horde synthetic factory: native-crash
  ---
  duration_ms: 112.778571
  type: 'test'
  ...
# Subtest: package Horde synthetic factory: missing-native
ok 4 - package Horde synthetic factory: missing-native
  ---
  duration_ms: 95.455071
  type: 'test'
  ...
# Subtest: package Horde synthetic factory: interrupt
ok 5 - package Horde synthetic factory: interrupt
  ---
  duration_ms: 189.843972
  type: 'test'
  ...
# Subtest: package Horde synthetic factory: terminate
ok 6 - package Horde synthetic factory: terminate
  ---
  duration_ms: 186.298774
  type: 'test'
  ...
# Subtest: package Horde synthetic factory: server-failure
ok 7 - package Horde synthetic factory: server-failure
  ---
  duration_ms: 361.483486
  type: 'test'
  ...
# Subtest: package Horde synthetic factory: listen-failure
ok 8 - package Horde synthetic factory: listen-failure
  ---
  duration_ms: 45.770211
  type: 'test'
  ...
# Subtest: package Horde synthetic factory: factory-failure
ok 9 - package Horde synthetic factory: factory-failure
  ---
  duration_ms: 47.922958
  type: 'test'
  ...
# Subtest: package Horde synthetic factory: wrong-service
ok 10 - package Horde synthetic factory: wrong-service
  ---
  duration_ms: 59.765263
  type: 'test'
  ...
# Subtest: package Horde synthetic factory: wrong-transport
ok 11 - package Horde synthetic factory: wrong-transport
  ---
  duration_ms: 61.522631
  type: 'test'
  ...
# Subtest: package Horde synthetic factory: string-transport
ok 12 - package Horde synthetic factory: string-transport
  ---
  duration_ms: 69.678155
  type: 'test'
  ...
# Subtest: package Horde synthetic factory: wrong-local
ok 13 - package Horde synthetic factory: wrong-local
  ---
  duration_ms: 107.563023
  type: 'test'
  ...
# Subtest: package Horde synthetic factory: wrong-port
ok 14 - package Horde synthetic factory: wrong-port
  ---
  duration_ms: 59.923737
  type: 'test'
  ...
# Subtest: package Horde synthetic factory: bad-args
ok 15 - package Horde synthetic factory: bad-args
  ---
  duration_ms: 26.820998
  type: 'test'
  ...
# Subtest: dev Horde synthetic factory: exit
ok 16 - dev Horde synthetic factory: exit
  ---
  duration_ms: 95.170197
  type: 'test'
  ...
# Subtest: dev Horde synthetic factory: native-failure
ok 17 - dev Horde synthetic factory: native-failure
  ---
  duration_ms: 96.475854
  type: 'test'
  ...
# Subtest: dev Horde synthetic factory: native-crash
ok 18 - dev Horde synthetic factory: native-crash
  ---
  duration_ms: 96.962085
  type: 'test'
  ...
# Subtest: dev Horde synthetic factory: missing-native
ok 19 - dev Horde synthetic factory: missing-native
  ---
  duration_ms: 30.79663
  type: 'test'
  ...
# Subtest: dev Horde synthetic factory: interrupt
ok 20 - dev Horde synthetic factory: interrupt
  ---
  duration_ms: 201.973155
  type: 'test'
  ...
# Subtest: dev Horde synthetic factory: terminate
ok 21 - dev Horde synthetic factory: terminate
  ---
  duration_ms: 202.989517
  type: 'test'
  ...
# Subtest: dev Horde synthetic factory: server-failure
ok 22 - dev Horde synthetic factory: server-failure
  ---
  duration_ms: 376.167404
  type: 'test'
  ...
# Subtest: dev Horde synthetic factory: listen-failure
ok 23 - dev Horde synthetic factory: listen-failure
  ---
  duration_ms: 68.769876
  type: 'test'
  ...
# Subtest: dev Horde synthetic factory: factory-failure
ok 24 - dev Horde synthetic factory: factory-failure
  ---
  duration_ms: 65.804892
  type: 'test'
  ...
# Subtest: dev Horde synthetic factory: wrong-service
ok 25 - dev Horde synthetic factory: wrong-service
  ---
  duration_ms: 82.706514
  type: 'test'
  ...
# Subtest: dev Horde synthetic factory: wrong-transport
ok 26 - dev Horde synthetic factory: wrong-transport
  ---
  duration_ms: 79.593845
  type: 'test'
  ...
# Subtest: dev Horde synthetic factory: string-transport
ok 27 - dev Horde synthetic factory: string-transport
  ---
  duration_ms: 80.715173
  type: 'test'
  ...
# Subtest: dev Horde synthetic factory: wrong-local
ok 28 - dev Horde synthetic factory: wrong-local
  ---
  duration_ms: 78.914291
  type: 'test'
  ...
# Subtest: dev Horde synthetic factory: wrong-port
ok 29 - dev Horde synthetic factory: wrong-port
  ---
  duration_ms: 77.596416
  type: 'test'
  ...
# Subtest: dev Horde synthetic factory: bad-args
ok 30 - dev Horde synthetic factory: bad-args
  ---
  duration_ms: 58.931822
  type: 'test'
  ...
1..30
# tests 30
# suites 0
# pass 30
# fail 0
# cancelled 0
# skipped 0
# todo 0
# duration_ms 3366.021198
