TAP version 13
# Subtest: Horde is default-ten-wave local-only and refuses unsupported or ignored controls
ok 1 - Horde is default-ten-wave local-only and refuses unsupported or ignored controls
  ---
  duration_ms: 2.673601
  type: 'test'
  ...
# Subtest: existing viewer, combat setup and smoke routes stay compatible
ok 2 - existing viewer, combat setup and smoke routes stay compatible
  ---
  duration_ms: 0.252698
  type: 'test'
  ...
# Subtest: each standalone map/mode reaches its actual scene and locked identity
ok 3 - each standalone map/mode reaches its actual scene and locked identity
  ---
  duration_ms: 0.85559
  type: 'test'
  ...
# Subtest: standalone selection rejects substitutions, unsupported modes and ignored options
ok 4 - standalone selection rejects substitutions, unsupported modes and ignored options
  ---
  duration_ms: 0.531505
  type: 'test'
  ...
# Subtest: sports round options preserve legal ordinary configuration without silent clamping
ok 5 - sports round options preserve legal ordinary configuration without silent clamping
  ---
  duration_ms: 1.18286
  type: 'test'
  ...
# Subtest: world traversal and command board remain distinct native scenes
ok 6 - world traversal and command board remain distinct native scenes
  ---
  duration_ms: 0.158135
  type: 'test'
  ...
1..6
# tests 6
# suites 0
# pass 6
# fail 0
# cancelled 0
# skipped 0
# todo 0
# duration_ms 49.168575
