TAP version 13
# Subtest: package: external authority ownership and cleanup on exit
ok 1 - package: external authority ownership and cleanup on exit
  ---
  duration_ms: 55.967578
  type: 'test'
  ...
# Subtest: package: external authority ownership and cleanup on native-failure
ok 2 - package: external authority ownership and cleanup on native-failure
  ---
  duration_ms: 82.991712
  type: 'test'
  ...
# Subtest: package: external authority ownership and cleanup on missing-native
ok 3 - package: external authority ownership and cleanup on missing-native
  ---
  duration_ms: 32.587307
  type: 'test'
  ...
# Subtest: dev: external authority ownership and cleanup on exit
ok 4 - dev: external authority ownership and cleanup on exit
  ---
  duration_ms: 86.174538
  type: 'test'
  ...
# Subtest: dev: external authority ownership and cleanup on native-failure
ok 5 - dev: external authority ownership and cleanup on native-failure
  ---
  duration_ms: 72.482367
  type: 'test'
  ...
# Subtest: dev: external authority ownership and cleanup on missing-native
ok 6 - dev: external authority ownership and cleanup on missing-native
  ---
  duration_ms: 92.605507
  type: 'test'
  ...
1..6
# tests 6
# suites 0
# pass 6
# fail 0
# cancelled 0
# skipped 0
# todo 0
# duration_ms 463.035807
