TAP version 13
# Subtest: source native-only stub: showcase exit
ok 1 - source native-only stub: showcase exit
  ---
  duration_ms: 84.626223
  type: 'test'
  ...
# Subtest: source native-only stub: showcase smoke
ok 2 - source native-only stub: showcase smoke
  ---
  duration_ms: 73.564194
  type: 'test'
  ...
# Subtest: source native-only stub: aurora-basin exit
ok 3 - source native-only stub: aurora-basin exit
  ---
  duration_ms: 72.355164
  type: 'test'
  ...
# Subtest: source native-only stub: aurora-basin smoke
ok 4 - source native-only stub: aurora-basin smoke
  ---
  duration_ms: 136.524404
  type: 'test'
  ...
# Subtest: source native-only stub: cinder-array exit
ok 5 - source native-only stub: cinder-array exit
  ---
  duration_ms: 77.907199
  type: 'test'
  ...
# Subtest: source native-only stub: cinder-array smoke
ok 6 - source native-only stub: cinder-array smoke
  ---
  duration_ms: 71.32257
  type: 'test'
  ...
# Subtest: source native-only stub: particle-lab exit
ok 7 - source native-only stub: particle-lab exit
  ---
  duration_ms: 69.940558
  type: 'test'
  ...
# Subtest: source native-only stub: particle-lab smoke
ok 8 - source native-only stub: particle-lab smoke
  ---
  duration_ms: 72.877334
  type: 'test'
  ...
# Subtest: source native-only stub: shader-lab exit
ok 9 - source native-only stub: shader-lab exit
  ---
  duration_ms: 68.192755
  type: 'test'
  ...
# Subtest: source native-only stub: shader-lab smoke
ok 10 - source native-only stub: shader-lab smoke
  ---
  duration_ms: 71.411093
  type: 'test'
  ...
# Subtest: source native-only stub ownership: native-failure
ok 11 - source native-only stub ownership: native-failure
  ---
  duration_ms: 80.901424
  type: 'test'
  ...
# Subtest: source native-only stub ownership: native-crash
ok 12 - source native-only stub ownership: native-crash
  ---
  duration_ms: 72.713118
  type: 'test'
  ...
# Subtest: source native-only stub ownership: missing-native
ok 13 - source native-only stub ownership: missing-native
  ---
  duration_ms: 36.671287
  type: 'test'
  ...
# Subtest: source native-only stub ownership: spawn-failure
ok 14 - source native-only stub ownership: spawn-failure
  ---
  duration_ms: 176.149786
  type: 'test'
  ...
# Subtest: source native-only stub ownership: wrong-version
ok 15 - source native-only stub ownership: wrong-version
  ---
  duration_ms: 50.724078
  type: 'test'
  ...
# Subtest: source native-only stub ownership: invalid-lock
ok 16 - source native-only stub ownership: invalid-lock
  ---
  duration_ms: 29.802107
  type: 'test'
  ...
# Subtest: source native-only stub ownership: interrupt
ok 17 - source native-only stub ownership: interrupt
  ---
  duration_ms: 170.250862
  type: 'test'
  ...
# Subtest: source native-only stub ownership: terminate
ok 18 - source native-only stub ownership: terminate
  ---
  duration_ms: 173.217597
  type: 'test'
  ...
# Subtest: source native-only stub ownership: uncooperative
ok 19 - source native-only stub ownership: uncooperative
  ---
  duration_ms: 3178.624585
  type: 'test'
  ...
# Subtest: source native-only stub ownership: bad-args
ok 20 - source native-only stub ownership: bad-args
  ---
  duration_ms: 33.527617
  type: 'test'
  ...
# Subtest: source native-only stub ownership: ambiguous-help
ok 21 - source native-only stub ownership: ambiguous-help
  ---
  duration_ms: 33.910534
  type: 'test'
  ...
# Subtest: package native-only stub: showcase exit
ok 22 - package native-only stub: showcase exit
  ---
  duration_ms: 63.95793
  type: 'test'
  ...
# Subtest: package native-only stub: showcase smoke
ok 23 - package native-only stub: showcase smoke
  ---
  duration_ms: 55.50567
  type: 'test'
  ...
# Subtest: package native-only stub: aurora-basin exit
ok 24 - package native-only stub: aurora-basin exit
  ---
  duration_ms: 50.658295
  type: 'test'
  ...
# Subtest: package native-only stub: aurora-basin smoke
ok 25 - package native-only stub: aurora-basin smoke
  ---
  duration_ms: 48.99288
  type: 'test'
  ...
# Subtest: package native-only stub: cinder-array exit
ok 26 - package native-only stub: cinder-array exit
  ---
  duration_ms: 144.825482
  type: 'test'
  ...
# Subtest: package native-only stub: cinder-array smoke
ok 27 - package native-only stub: cinder-array smoke
  ---
  duration_ms: 48.464177
  type: 'test'
  ...
# Subtest: package native-only stub: particle-lab exit
ok 28 - package native-only stub: particle-lab exit
  ---
  duration_ms: 57.030003
  type: 'test'
  ...
# Subtest: package native-only stub: particle-lab smoke
ok 29 - package native-only stub: particle-lab smoke
  ---
  duration_ms: 52.722447
  type: 'test'
  ...
# Subtest: package native-only stub: shader-lab exit
ok 30 - package native-only stub: shader-lab exit
  ---
  duration_ms: 52.747087
  type: 'test'
  ...
# Subtest: package native-only stub: shader-lab smoke
ok 31 - package native-only stub: shader-lab smoke
  ---
  duration_ms: 51.599391
  type: 'test'
  ...
# Subtest: package native-only stub ownership: native-failure
ok 32 - package native-only stub ownership: native-failure
  ---
  duration_ms: 123.268167
  type: 'test'
  ...
# Subtest: package native-only stub ownership: native-crash
ok 33 - package native-only stub ownership: native-crash
  ---
  duration_ms: 60.727801
  type: 'test'
  ...
# Subtest: package native-only stub ownership: missing-native
ok 34 - package native-only stub ownership: missing-native
  ---
  duration_ms: 31.521738
  type: 'test'
  ...
# Subtest: package native-only stub ownership: interrupt
ok 35 - package native-only stub ownership: interrupt
  ---
  duration_ms: 166.92376
  type: 'test'
  ...
# Subtest: package native-only stub ownership: terminate
ok 36 - package native-only stub ownership: terminate
  ---
  duration_ms: 153.860557
  type: 'test'
  ...
# Subtest: package native-only stub ownership: uncooperative
ok 37 - package native-only stub ownership: uncooperative
  ---
  duration_ms: 3160.2608
  type: 'test'
  ...
# Subtest: package native-only stub ownership: bad-args
ok 38 - package native-only stub ownership: bad-args
  ---
  duration_ms: 39.575593
  type: 'test'
  ...
# Subtest: package native-only stub ownership: ambiguous-help
ok 39 - package native-only stub ownership: ambiguous-help
  ---
  duration_ms: 27.799459
  type: 'test'
  ...
1..39
# tests 39
# suites 0
# pass 39
# fail 0
# cancelled 0
# skipped 0
# todo 0
# duration_ms 4876.623138
