{
  "source_commit": "515daf07589150dd3241f4ae1425cc1b093912f5",
  "source_derivative_commit": "61fca35c65488502b794900cde0a5247bfb123bf",
  "meshes": 86,
  "instances": 68,
  "batchedMeshes": 0,
  "shaderMaterials": 0,
  "nodes": 88,
  "limitations": [
    "onBeforeCompile effects and runtime animation not translated",
    "standard-material fallback is not fidelity acceptance"
  ],
  "instance_policy": "expanded with transforms and colors; no EXT_mesh_gpu_instancing",
  "material_side": {
    "policy": "BackSide: reversed triangles, negated normals, tangent handedness; FrontSide glTF material",
    "meshes": 2,
    "triangles": 3488
  },
  "environment": {
    "background": "575777",
    "fog": {
      "color": "575777",
      "density": 0.0045
    }
  },
  "bytes": 2100068,
  "sha256": "eeaafb1ba9f48a73027cd4147f733ef8bf6fced8fdc13c128aba4cfeaeda6491",
  "messages": [
    "THREE.GLTFExporter: Merged metalnessMap and roughnessMap textures.",
    "THREE.GLTFExporter: Merged metalnessMap and roughnessMap textures.",
    "THREE.GLTFExporter: Merged metalnessMap and roughnessMap textures.",
    "GLTFExporter: Use MeshStandardMaterial or MeshBasicMaterial for best results.",
    "THREE.GLTFExporter: Merged metalnessMap and roughnessMap textures.",
    "THREE.GLTFExporter: Merged metalnessMap and roughnessMap textures.",
    "THREE.GLTFExporter: Merged metalnessMap and roughnessMap textures.",
    "THREE.GLTFExporter: Merged metalnessMap and roughnessMap textures.",
    "THREE.GLTFExporter: Merged metalnessMap and roughnessMap textures.",
    "[.WebGL-0x1edc03a9ce00]GL Driver Message (OpenGL, Performance, GL_CLOSE_PATH_NV, High): GPU stall due to ReadPixels"
  ]
}
