gate-runner-tests: PASS
playable-gate-registration: PASS
verifier-report-tests: PASS
ci-artifact-tests: PASS
native-ci-contracts: PASS
export-tests: PASS
moth-export: PASS
gltf-sides: PASS
health-hud-evidence: PASS
projectile-navigation: PASS
objective-evidence: PASS
objective-progression-evidence: PASS
objective-completion-evidence: PASS
launcher-options: PASS
package-options: PASS
product-shell-supervisor: PASS
native-graphics-options: PASS
native-graphics-ownership: PASS
lobby-options: PASS
lobby-ownership: PASS
horde-closure: PASS
native-arena-closure: PASS
package-identity-routes: PASS
native-arena-authority: PASS
local-24-roster: PASS
horde-ownership: PASS
zone-routing: PASS
combined-arms-evidence: PASS
lattice-req-generator-tests: PASS
lattice-req-catalog-check: PASS
semantic-export: PASS
source-inventory: PASS
package-manifest-contracts: PASS
career-catalog-check: PASS
career-source-contracts: PASS
career-persistence: PASS
career-history-storage: PASS
career-results-source: PASS
career-equipment-source: PASS
social-source: PASS
source-tests: PASS
arms-race-source: PASS
horde-source: PASS
cinderwake-source: PASS
horde-upgrade-adapter: PASS
horde-adapter: PASS
horde-death-wire: PASS
horde-input-oracle: PASS
godot-import: PASS
career-projection: PASS
career-identity-native: PASS
career-equipment-native: PASS
career-results-native: PASS
career-history-native: PASS
career-results-history-ui: PASS
social-native: PASS
reconnect-source-native: PASS
reconnect-offline-results: PASS
reconnect-menu: PASS
career-modal: PASS
cinderwake-native: PASS
identity-horde-composition: PASS
loadout-unit: PASS
loadout-source-parity: PASS
loadout-client: PASS
loadout-setup: PASS
loadout-lobby: PASS
loadout-session: PASS
loadout-loopback: PASS
loadout-lifecycle: PASS
viewer-smoke: PASS
graphics-terrain: PASS
moth-resources: PASS
graphics-atmosphere: PASS
graphics-fx: PASS
moth-scenery: PASS
shader-lab: PASS
particle-lab: PASS
showcase-startup: PASS
aurora-traversal: PASS
cinder-traversal: PASS
exploration-walker: PASS
first-person-rig: PASS
first-person-binding: PASS
first-person-ads: PASS
first-person-recoil: PASS
combat-actions: PASS
combat-shields: PASS
combat-shield-capacity: PASS
combat-particles: PASS
combat-pickup-assets: PASS
weapon-effects: PASS
weapon-effects-rig: PASS
muzzle-sight-geometry: PASS
muzzle-path-geometry: PASS
projectile-flight: PASS
alt-fire: PASS
weapon-handling: PASS
weapon-detail: PASS
weapon-export: PASS
world-weapon-identity: PASS
player-fx-direction: PASS
player-fx-low-health: PASS
player-fx-lifecycle: PASS
player-fx-marks: PASS
player-fx-impacts: PASS
player-fx-overlay: PASS
player-fx-integration: PASS
benchmark-contracts: PASS
benchmark-tools: PASS
benchmark-autostart: PASS
material-language: PASS
material-derived: PASS
identity-zone-route: PASS
debug-tools: PASS
debug-panel: PASS
mode-diagnostics: PASS
blood-live-harness: PASS
blood-live-native: PASS
route-parity: PASS
main-menu-smoke: PASS
main-menu-contracts: PASS
product-shell-settings: PASS
product-shell-journey: PASS
product-shell-guest-leave: PASS
material-coverage-floor: PASS
release-pipeline-tools: PASS
blood-fx-contracts: PASS
blood-fx-surfaces: PASS
blood-fx-stress: PASS
combat-integration-oracle: PASS
combat-integration: PASS
combat-combined-integration: PASS
combat-remote-muzzle: PASS
identity-horde-occlusion: PASS
native-arena-maps: PASS
native-arena-session: PASS
native-arena-composition: PASS
identity-prototype-graybox: PASS
identity-prototype-oracle: PASS
identity-prototype-rays: PASS
identity-prototype-lifecycle: PASS
native-arena-prism: PASS
native-arena-aurora: PASS
native-arena-cinder: PASS
glb-import: PASS
glb-sides: PASS
input-queue: PASS
protocol-envelopes: PASS
packet-replay: PASS
native-live: PASS
presentation-replay: PASS
round-boundaries: PASS
native-lifecycle: PASS
combat-feedback: PASS
projectiles: PASS
audio-feedback: PASS
local-lifecycle: PASS
pickup-presentation: PASS
entity-visuals: PASS
operator-geometry: PASS
world-weapon-import: PASS
world-weapon-grips: PASS
native-trace: PASS
guest-session: PASS
lobby-flow: PASS
lobby-spectator-context: PASS
match-selection: PASS
scoreboard: PASS
team-scores: PASS
scoreboard-session: PASS
game-hud: PASS
game-hud-setup: PASS
game-hud-debug: PASS
puma-presentation: PASS
zone-modes: PASS
combined-arms-controls: PASS
combined-arms-graphics: PASS
arms-race: PASS
horde-model: PASS
horde-death-presentation: PASS
horde-upgrade-native: PASS
horde-upgrade-fixture: FAIL
HORDE_UPGRADE_LOOPBACK_FAIL {"label":"TEST-ONLY accelerated-offer fixture (not natural 3-wave gameplay)","harness":"godot/tests/horde/upgrade_loopback.mjs","ok":false,"checks":22,"failures":11,"failed":["exactly one authoritative upgrade-applied record","authoritative record has the live wave and count 1","applied choice is one of the offered rows","applied snapshot closes the offer and carries the pick","no upgrade was refused or replayed","live intent and its answer share one input epoch","no control reset after the intent was sent","source match holds exactly the applied upgrade","native observer reported the same loopback","native observer delivery path is a real engine input path","godot child exited cleanly with no ERROR/SCRIPT ERROR"],"fixture":{"wave":3,"activated":1,"choices":["haste","overcharge","overshield"]},"authority":{"offerRows":["haste","overcharge","overshield"],"applied":[],"rejects":1,"controlResets":4,"intent":{"applied":0,"choice":"overcharge","inputEpoch":3,"type":"horde-upgrade","wave":3},"answer":null},"native":null,"records":2968,"steps":{"total":263,"afterApply":263,"monotonic":true},"display":":0","shots":[{"ok":true,"path":"/tmp/horde-upgrade-loopback-u7ooK8/horde-upgrade-offer.png","tag":"offer"}],"copiedShots":[],"godotExit":{"code":null,"signal":"SIGKILL"},"resetContext":[{"index":48,"reason":"stale-input","seqBefore":1,"seqAfter":3,"gapBeforeMs":256,"gapAfterMs":1753,"beforeOffer":true},{"index":290,"reason":"stale-input","seqBefore":3,"seqAfter":5,"gapBeforeMs":241,"gapAfterMs":196,"beforeOffer":true},{"index":989,"reason":"stale-input","seqBefore":89,"seqAfter":95,"gapBeforeMs":256,"gapAfterMs":1922,"beforeOffer":false},{"index":1266,"reason":"stale-input","seqBefore":95,"seqAfter":97,"gapBeforeMs":257,"gapAfterMs":80,"beforeOffer":false}]}
FAILED CHECK: exactly one authoritative upgrade-applied record :: []
FAILED CHECK: authoritative record has the live wave and count 1 :: null
FAILED CHECK: applied choice is one of the offered rows :: undefined
FAILED CHECK: applied snapshot closes the offer and carries the pick :: null
FAILED CHECK: no upgrade was refused or replayed :: ["stale-round"]
FAILED CHECK: live intent and its answer share one input epoch :: {"intent":{"applied":0,"choice":"overcharge","inputEpoch":3,"type":"horde-upgrade","wave":3},"answer":null}
FAILED CHECK: no control reset after the intent was sent :: {"total":4,"reasons":["stale-input","stale-input","stale-input","stale-input"],"intentRecord":1210}
FAILED CHECK: source match holds exactly the applied upgrade :: {"upgrades":[],"wave":3}
FAILED CHECK: native observer reported the same loopback :: null
FAILED CHECK: native observer delivery path is a real engine input path :: undefined
FAILED CHECK: godot child exited cleanly with no ERROR/SCRIPT ERROR :: {"exit":{"code":null,"signal":"SIGKILL"},"timedOut":true,"spawnError":null,"fatal":[]}

