gate-runner-tests: PASS
ci-artifact-tests: PASS
export-tests: PASS
moth-export: PASS
gltf-sides: PASS
health-hud-evidence: PASS
projectile-navigation: PASS
objective-evidence: PASS
objective-progression-evidence: PASS
objective-completion-evidence: PASS
launcher-options: PASS
package-options: PASS
native-graphics-options: PASS
native-graphics-ownership: PASS
lobby-options: PASS
lobby-ownership: PASS
horde-closure: PASS
native-arena-authority: PASS
horde-ownership: PASS
zone-routing: PASS
combined-arms-evidence: PASS
semantic-export: PASS
source-tests: PASS
arms-race-source: PASS
horde-source: PASS
horde-adapter: PASS
horde-input-oracle: PASS
godot-import: PASS
viewer-smoke: PASS
graphics-terrain: PASS
moth-resources: PASS
graphics-atmosphere: PASS
graphics-fx: PASS
moth-scenery: PASS
shader-lab: PASS
particle-lab: PASS
showcase-startup: PASS
aurora-traversal: PASS
cinder-traversal: PASS
exploration-walker: PASS
first-person-rig: PASS
first-person-binding: PASS
first-person-ads: PASS
combat-actions: FAIL
Godot Engine v4.5.2.stable.official.6ce3de25a - https://godotengine.org

ERROR: eligible click captures
   at: push_error (core/variant/variant_utility.cpp:1024)
   GDScript backtrace (most recent call first):
       [0] check (res://tests/combat_actions/controls.gd:13)
       [1] _initialize (res://tests/combat_actions/controls.gd:93)
ERROR: shared session responsive ADS press
   at: push_error (core/variant/variant_utility.cpp:1024)
   GDScript backtrace (most recent call first):
       [0] check (res://tests/combat_actions/controls.gd:13)
       [1] _initialize (res://tests/combat_actions/controls.gd:99)
ERROR: ADS look applies source .85 once
   at: push_error (core/variant/variant_utility.cpp:1024)
   GDScript backtrace (most recent call first):
       [0] check (res://tests/combat_actions/controls.gd:13)
       [1] _initialize (res://tests/combat_actions/controls.gd:101)
ERROR: focus starts aimed
   at: push_error (core/variant/variant_utility.cpp:1024)
   GDScript backtrace (most recent call first):
       [0] check (res://tests/combat_actions/controls.gd:13)
       [1] _initialize (res://tests/combat_actions/controls.gd:107)
ERROR: focus fresh release/press works
   at: push_error (core/variant/variant_utility.cpp:1024)
   GDScript backtrace (most recent call first):
       [0] check (res://tests/combat_actions/controls.gd:13)
       [1] _initialize (res://tests/combat_actions/controls.gd:128)
ERROR: stale starts aimed
   at: push_error (core/variant/variant_utility.cpp:1024)
   GDScript backtrace (most recent call first):
       [0] check (res://tests/combat_actions/controls.gd:13)
       [1] _initialize (res://tests/combat_actions/controls.gd:107)
ERROR: stale fresh release/press works
   at: push_error (core/variant/variant_utility.cpp:1024)
   GDScript backtrace (most recent call first):
       [0] check (res://tests/combat_actions/controls.gd:13)
       [1] _initialize (res://tests/combat_actions/controls.gd:128)
ERROR: dead starts aimed
   at: push_error (core/variant/variant_utility.cpp:1024)
   GDScript backtrace (most recent call first):
       [0] check (res://tests/combat_actions/controls.gd:13)
       [1] _initialize (res://tests/combat_actions/controls.gd:107)
ERROR: dead fresh release/press works
   at: push_error (core/variant/variant_utility.cpp:1024)
   GDScript backtrace (most recent call first):
       [0] check (res://tests/combat_actions/controls.gd:13)
       [1] _initialize (res://tests/combat_actions/controls.gd:128)
ERROR: spectator starts aimed
   at: push_error (core/variant/variant_utility.cpp:1024)
   GDScript backtrace (most recent call first):
       [0] check (res://tests/combat_actions/controls.gd:13)
       [1] _initialize (res://tests/combat_actions/controls.gd:107)
ERROR: spectator fresh release/press works
   at: push_error (core/variant/variant_utility.cpp:1024)
   GDScript backtrace (most recent call first):
       [0] check (res://tests/combat_actions/controls.gd:13)
       [1] _initialize (res://tests/combat_actions/controls.gd:128)
ERROR: results starts aimed
   at: push_error (core/variant/variant_utility.cpp:1024)
   GDScript backtrace (most recent call first):
       [0] check (res://tests/combat_actions/controls.gd:13)
       [1] _initialize (res://tests/combat_actions/controls.gd:107)
ERROR: results fresh release/press works
   at: push_error (core/variant/variant_utility.cpp:1024)
   GDScript backtrace (most recent call first):
       [0] check (res://tests/combat_actions/controls.gd:13)
       [1] _initialize (res://tests/combat_actions/controls.gd:128)
ERROR: weapon starts aimed
   at: push_error (core/variant/variant_utility.cpp:1024)
   GDScript backtrace (most recent call first):
       [0] check (res://tests/combat_actions/controls.gd:13)
       [1] _initialize (res://tests/combat_actions/controls.gd:107)
ERROR: weapon fresh release/press works
   at: push_error (core/variant/variant_utility.cpp:1024)
   GDScript backtrace (most recent call first):
       [0] check (res://tests/combat_actions/controls.gd:13)
       [1] _initialize (res://tests/combat_actions/controls.gd:128)
ERROR: reload starts aimed
   at: push_error (core/variant/variant_utility.cpp:1024)
   GDScript backtrace (most recent call first):
       [0] check (res://tests/combat_actions/controls.gd:13)
       [1] _initialize (res://tests/combat_actions/controls.gd:107)
ERROR: reload fresh release/press works
   at: push_error (core/variant/variant_utility.cpp:1024)
   GDScript backtrace (most recent call first):
       [0] check (res://tests/combat_actions/controls.gd:13)
       [1] _initialize (res://tests/combat_actions/controls.gd:128)
ERROR: Arms Race ADS independent from pinned weapon selection
   at: push_error (core/variant/variant_utility.cpp:1024)
   GDScript backtrace (most recent call first):
       [0] check (res://tests/combat_actions/controls.gd:13)
       [1] _initialize (res://tests/combat_actions/controls.gd:134)
NATIVE_COMBAT_ACTIONS checks=90 failures=18 synthetic=true

verify exit=1
