Godot Engine v4.5.2.stable.official.6ce3de25a - https://godotengine.org
WARNING: Could not set V-Sync mode, as changing V-Sync mode is not supported by the graphics driver.
     at: set_use_vsync (platform/linuxbsd/x11/gl_manager_x11.cpp:364)
OpenGL API 4.5 (Core Profile) Mesa 25.2.8-0ubuntu0.25.10.2 - Compatibility - Using Device: Mesa - llvmpipe (LLVM 20.1.8, 256 bits)

PHYSICAL {"event":"check","message":"actual board.tscn loaded by engine","ms":14,"ok":true}
PHYSICAL {"event":"check","message":"default list; built-in smoke off","ms":255,"ok":true}
PHYSICAL {"control":"Connect / start","event":"mouse","ms":255,"x":79.5,"y":150.5}
PHYSICAL {"event":"check","message":"Connect reaches real recipient projection","ms":560,"ok":true}
PHYSICAL {"actions":[],"actor":0,"event":"connected","flux":120.05,"history":"No actions submitted.","map":"asterion-relay","mode":"cocs-coop","ms":560,"peer":1,"round":1,"selected":"","spawned":null,"spent":0.0,"team":0}
PHYSICAL {"control":"List","event":"mouse","ms":560,"x":908.5,"y":251.5}
PHYSICAL {"code":4194322,"event":"key","ms":653}
PHYSICAL {"code":4194322,"event":"key","ms":666}
PHYSICAL {"code":4194309,"event":"key","ms":671}
PHYSICAL {"event":"check","message":"physical view choice map=true","ms":713,"ok":true}
PHYSICAL {"event":"check","message":"real wire ownership retains team symbols","ms":713,"ok":true}
PHYSICAL {"event":"check","message":"own public frontier is positioned","ms":713,"ok":true}
PHYSICAL {"control":"public marker front-0","event":"mouse","ms":713,"x":293.0,"y":353.25}
PHYSICAL {"event":"check","message":"physical marker click synchronizes ItemList","ms":745,"ok":true}
PHYSICAL {"event":"check","message":"map click receives native keyboard focus","ms":745,"ok":true}
PHYSICAL {"code":4194320,"event":"key","ms":745}
PHYSICAL {"event":"check","message":"map Up browses objective","ms":753,"ok":true}
PHYSICAL {"code":4194322,"event":"key","ms":753}
PHYSICAL {"event":"check","message":"map Down restores own frontier","ms":759,"ok":true}
PHYSICAL {"event":"check","message":"map mouse/keyboard selection sends no orders or purchases","ms":759,"ok":true}
PHYSICAL {"control":"Map","event":"mouse","ms":759,"x":908.5,"y":251.5}
PHYSICAL {"code":4194322,"event":"key","ms":768}
PHYSICAL {"code":4194309,"event":"key","ms":776}
PHYSICAL {"event":"check","message":"physical view choice map=false","ms":784,"ok":true}
PHYSICAL {"event":"check","message":"List retains map-selected target","ms":784,"ok":true}
PHYSICAL {"control":"List","event":"mouse","ms":784,"x":908.5,"y":251.5}
PHYSICAL {"code":4194322,"event":"key","ms":792}
PHYSICAL {"code":4194322,"event":"key","ms":796}
PHYSICAL {"code":4194309,"event":"key","ms":801}
PHYSICAL {"event":"check","message":"physical view choice map=true","ms":815,"ok":true}
PHYSICAL {"event":"check","message":"view toggles preserve selection","ms":815,"ok":true}
PHYSICAL {"event":"check","message":"explicit HOLD enabled","ms":815,"ok":true}
PHYSICAL {"control":"Issue HOLD / GO","event":"mouse","ms":815,"x":86.0,"y":513.5}
PHYSICAL {"control":"Issue HOLD / GO","event":"mouse","ms":825,"x":86.0,"y":513.5}
PHYSICAL {"event":"check","message":"rapid HOLD clicks remain deduplicated","ms":834,"ok":true}
PHYSICAL {"event":"check","message":"HOLD accepted running by real source","ms":842,"ok":true}
PHYSICAL {"actions":[{"actionSeq":1,"cardId":"native-r1-p1-s1","kind":"hold","reason":null,"roundRev":1,"status":"pending (server accepted)","target":"front-0"}],"actor":0,"event":"map-hold-accepted","flux":120.6,"history":"native-r1-p1-s1 • hold • pending (server accepted)","map":"asterion-relay","mode":"cocs-coop","ms":842,"peer":1,"round":1,"selected":"front-0","spawned":null,"spent":0.0,"team":0}
PHYSICAL {"event":"check","message":"map receipt fully visible without scroll","ms":1644,"ok":true}
PHYSICAL {"event":"check","message":"map fits viewport","ms":1644,"ok":true}
PHYSICAL {"event":"check","message":"resources and explicit action visible","ms":1644,"ok":true}
PHYSICAL {"event":"check","message":"saved map-receipts","ms":1667,"ok":true}
PHYSICAL {"control":"Disconnect","event":"mouse","ms":1667,"x":192.0,"y":150.5}
PHYSICAL {"event":"check","message":"physical disconnect clears state and selection","ms":1696,"ok":true}
PHYSICAL {"event":"check","message":"disconnect removes positioned map targets","ms":1696,"ok":true}
PHYSICAL {"control":"empty disconnected map","event":"mouse","ms":1696,"x":106.0,"y":391.0}
PHYSICAL {"code":4194322,"event":"key","ms":1703}
PHYSICAL {"control":"Issue HOLD / GO","event":"mouse","ms":1709,"x":86.0,"y":539.5}
PHYSICAL {"event":"check","message":"empty map keyboard/click cannot select or submit","ms":1718,"ok":true}
PHYSICAL {"event":"check","message":"saved map-disconnected","ms":1741,"ok":true}
PHYSICAL {"checks":26,"event":"result","failures":0,"input":"Input.parse_input_event mouse and physical-key events; not OS input","ms":1741}
