TAP version 13
# Subtest: committed Nacre recipe preserves canonical geometry and strictly validates Horde metadata for DM
not ok 1 - committed Nacre recipe preserves canonical geometry and strictly validates Horde metadata for DM
  ---
  duration_ms: 20.035572
  type: 'test'
  location: '/home/mojo/.tmp-on-disk/cocs-nacre-dm-repair-20260929/port/native-arenas/tests/nacre-authority.test.mjs:12:1'
  failureType: 'testCodeFailure'
  error: |-
    Expected values to be strictly equal:
    
    2 !== 1
    
  code: 'ERR_ASSERTION'
  name: 'AssertionError'
  expected: 1
  actual: 2
  operator: 'strictEqual'
  stack: |-
    TestContext.<anonymous> (file:///home/mojo/.tmp-on-disk/cocs-nacre-dm-repair-20260929/port/native-arenas/tests/nacre-authority.test.mjs:16:10)
    Test.runInAsyncScope (node:async_hooks:214:14)
    Test.run (node:internal/test_runner/test:1047:25)
    Test.start (node:internal/test_runner/test:944:17)
    startSubtestAfterBootstrap (node:internal/test_runner/harness:296:17)
  ...
# Subtest: committed Nacre DM authority: readiness, real room host/start and source snapshot
ok 2 - committed Nacre DM authority: readiness, real room host/start and source snapshot
  ---
  duration_ms: 106.788257
  type: 'test'
  ...
1..2
# tests 2
# suites 0
# pass 1
# fail 1
# cancelled 0
# skipped 0
# todo 0
# duration_ms 756.519837
