Godot Engine v4.5.2.stable.official.6ce3de25a - https://godotengine.org
WARNING: Could not set V-Sync mode, as changing V-Sync mode is not supported by the graphics driver.
     at: set_use_vsync (platform/linuxbsd/x11/gl_manager_x11.cpp:364)
OpenGL API 4.5 (Core Profile) Mesa 25.2.8-0ubuntu0.25.10.2 - Compatibility - Using Device: Mesa - llvmpipe (LLVM 20.1.8, 256 bits)

WEAPON_AUTH {"ack":0,"actor_id":1.0,"ammo":["∞",0.0,0.0,0.0,0.0,0.0,0.0,0.0,0.0,0.0],"captured":false,"focused":true,"health":100.0,"position":[-44.0,0.0,-34.0],"seq":1.0,"stage":0,"weapon":0.0}
WEAPON_AUTH {"ack":134,"actor_id":1.0,"ammo":["∞",6.0,0.0,0.0,0.0,0.0,0.0,0.0,0.0,0.0],"captured":true,"focused":true,"health":100.0,"position":[-13.862,0.0,-19.993],"seq":156.0,"stage":1,"weapon":1.0}
WEAPON_LIVE key=49 pressed=true
PORT_NATIVE_TRACE {"ack":140,"actor_id":1,"controls":{"crouch":false,"fire":false,"interact":false,"jump":false,"mobility":false,"pitch":0.0,"reload":false,"sprint":false,"weapon":0,"x":0.0,"yaw":3.00472164154053,"z":0.0},"event":"input_queue","monotonic_usec":8668967,"phase":3,"queue_result":0,"queued":true,"round":1,"schema":1,"sequence":305}
PORT_NATIVE_TRACE {"ack":141,"actor_id":1,"controls":{"crouch":false,"fire":false,"interact":false,"jump":false,"mobility":false,"pitch":0.0,"reload":false,"sprint":false,"weapon":0,"x":0.0,"yaw":3.00472164154053,"z":0.0},"event":"input_queue","monotonic_usec":8706454,"phase":3,"queue_result":0,"queued":true,"round":1,"schema":1,"sequence":307}
WEAPON_AUTH {"ack":142,"actor_id":1.0,"ammo":["∞",6.0,0.0,0.0,0.0,0.0,0.0,0.0,0.0,0.0],"captured":true,"focused":true,"health":100.0,"position":[-14.103,0.0,-18.224],"seq":165.0,"stage":2,"weapon":0.0}
WEAPON_LIVE key=49 pressed=false
WEAPON_LIVE key=50 pressed=true
PORT_NATIVE_TRACE {"ack":142,"actor_id":1,"controls":{"crouch":false,"fire":false,"interact":false,"jump":false,"mobility":false,"pitch":0.0,"reload":false,"sprint":false,"weapon":1,"x":0.0,"yaw":3.00472164154053,"z":0.0},"event":"input_queue","monotonic_usec":8745360,"phase":3,"queue_result":0,"queued":true,"round":1,"schema":1,"sequence":309}
PORT_NATIVE_TRACE {"ack":143,"actor_id":1,"controls":{"crouch":false,"fire":false,"interact":false,"jump":false,"mobility":false,"pitch":0.0,"reload":false,"sprint":false,"weapon":1,"x":0.0,"yaw":3.00472164154053,"z":0.0},"event":"input_queue","monotonic_usec":8781986,"phase":3,"queue_result":0,"queued":true,"round":1,"schema":1,"sequence":311}
WEAPON_AUTH {"ack":144,"actor_id":1.0,"ammo":["∞",6.0,0.0,0.0,0.0,0.0,0.0,0.0,0.0,0.0],"captured":true,"focused":true,"health":100.0,"position":[-14.12,0.0,-18.1],"seq":167.0,"stage":3,"weapon":1.0}
WEAPON_LIVE key=50 pressed=false
PORT_NATIVE_TRACE {"ack":144,"actor_id":1,"controls":{"crouch":false,"fire":false,"interact":false,"jump":false,"mobility":false,"pitch":0.0,"reload":false,"sprint":false,"weapon":0,"x":0.0,"yaw":3.00472164154053,"z":0.0},"event":"input_queue","monotonic_usec":8820438,"phase":3,"queue_result":0,"queued":true,"round":1,"schema":1,"sequence":313}
PORT_NATIVE_TRACE {"ack":145,"actor_id":1,"controls":{"crouch":false,"fire":false,"interact":false,"jump":false,"mobility":false,"pitch":0.0,"reload":false,"sprint":false,"weapon":0,"x":0.0,"yaw":3.00472164154053,"z":0.0},"event":"input_queue","monotonic_usec":8844224,"phase":3,"queue_result":0,"queued":true,"round":1,"schema":1,"sequence":315}
WEAPON_AUTH {"ack":146,"actor_id":1.0,"ammo":["∞",6.0,0.0,0.0,0.0,0.0,0.0,0.0,0.0,0.0],"captured":true,"focused":true,"health":100.0,"position":[-14.129,0.0,-18.029],"seq":169.0,"stage":4,"weapon":0.0}
PORT_NATIVE_TRACE {"ack":146,"actor_id":1,"controls":{"crouch":false,"fire":false,"interact":false,"jump":false,"mobility":false,"pitch":0.0,"reload":false,"sprint":false,"weapon":1,"x":0.0,"yaw":3.00472164154053,"z":0.0},"event":"input_queue","monotonic_usec":8868149,"phase":3,"queue_result":0,"queued":true,"round":1,"schema":1,"sequence":317}
PORT_NATIVE_TRACE {"ack":147,"actor_id":1,"controls":{"crouch":false,"fire":false,"interact":false,"jump":false,"mobility":false,"pitch":0.0,"reload":false,"sprint":false,"weapon":1,"x":0.0,"yaw":3.00472164154053,"z":0.0},"event":"input_queue","monotonic_usec":8890778,"phase":3,"queue_result":0,"queued":true,"round":1,"schema":1,"sequence":319}
PORT_NATIVE_TRACE {"ack":147,"actor_id":1,"controls":{"crouch":false,"fire":false,"interact":false,"jump":false,"mobility":false,"pitch":0.0,"reload":false,"sprint":false,"weapon":1,"x":0.0,"yaw":3.00472164154053,"z":0.0},"event":"input_queue","monotonic_usec":8911703,"phase":3,"queue_result":0,"queued":true,"round":1,"schema":1,"sequence":320}
WEAPON_AUTH {"ack":149,"actor_id":1.0,"ammo":["∞",6.0,0.0,0.0,0.0,0.0,0.0,0.0,0.0,0.0],"captured":true,"focused":true,"health":100.0,"position":[-14.132,0.0,-18.011],"seq":171.0,"stage":5,"weapon":1.0}
WEAPON_LIVE key=4194305 pressed=true
WEAPON_LIVE key=4194305 pressed=false
WEAPON_LIVE key=49 pressed=true
WEAPON_LIVE key=49 pressed=false
WEAPON_LIVE key=49 pressed=true
PORT_NATIVE_TRACE {"ack":168,"actor_id":1,"controls":{"crouch":false,"fire":false,"interact":false,"jump":false,"mobility":false,"pitch":0.0,"reload":false,"sprint":false,"weapon":0,"x":0.0,"yaw":3.00472164154053,"z":0.0},"event":"input_queue","monotonic_usec":9386438,"phase":3,"queue_result":0,"queued":true,"round":1,"schema":1,"sequence":355}
PORT_NATIVE_TRACE {"ack":170,"actor_id":1,"controls":{"crouch":false,"fire":false,"interact":false,"jump":false,"mobility":false,"pitch":0.0,"reload":false,"sprint":false,"weapon":0,"x":0.0,"yaw":3.00472164154053,"z":0.0},"event":"input_queue","monotonic_usec":9410019,"phase":3,"queue_result":0,"queued":true,"round":1,"schema":1,"sequence":357}
WEAPON_AUTH {"ack":171,"actor_id":1.0,"ammo":["∞",6.0,0.0,0.0,0.0,0.0,0.0,0.0,0.0,0.0],"captured":true,"focused":true,"health":100.0,"position":[-14.132,0.0,-18.011],"seq":186.0,"stage":7,"weapon":0.0}
WEAPON_LIVE key=49 pressed=false
PORT_WEAPON_LIVE_OK {"ack":185,"actor_id":1,"rocket_ammo":6.0,"screenshot":true,"smoke":false,"stages":7,"weapon":0.0}
