Godot Engine v4.5.2.stable.official.6ce3de25a - https://godotengine.org
WARNING: Could not set V-Sync mode, as changing V-Sync mode is not supported by the graphics driver.
     at: set_use_vsync (platform/linuxbsd/x11/gl_manager_x11.cpp:364)
OpenGL API 4.5 (Core Profile) Mesa 25.2.8-0ubuntu0.25.10.2 - Compatibility - Using Device: Mesa - llvmpipe (LLVM 20.1.8, 256 bits)

PHYSICAL {"event":"check","message":"actual board scene","ms":10,"ok":true}
PHYSICAL {"event":"check","message":"no smoke activation; purchase disabled initially","ms":245,"ok":true}
PHYSICAL {"control":"Connect / start","event":"mouse","ms":246,"x":79.5,"y":150.5}
PHYSICAL {"event":"check","message":"Connect reaches recipient projection","ms":574,"ok":true}
PHYSICAL {"actions":[],"actor":0,"event":"connected","flux":120.05,"gate":"Wait for the between-wave recruitment window","map":"asterion-relay","ms":574,"peer":1,"recruitment":{"open":false,"peer":1,"phase":"intermission","sink":{"affordable":true,"available":true,"cost":50.0,"enabled":false},"spawned":0.0,"wave":0.0},"req":0.0,"round":1,"spent":0.0}
PHYSICAL {"control":"List","event":"mouse","ms":574,"x":908.5,"y":251.5}
PHYSICAL {"code":4194322,"event":"key","ms":668}
PHYSICAL {"code":4194322,"event":"key","ms":686}
PHYSICAL {"code":4194309,"event":"key","ms":693}
PHYSICAL {"event":"check","message":"physical Map choice","ms":730,"ok":true}
PHYSICAL {"event":"check","message":"recipient frontier on map","ms":731,"ok":true}
PHYSICAL {"control":"front-0 marker","event":"mouse","ms":731,"x":293.0,"y":353.25}
PHYSICAL {"code":4194320,"event":"key","ms":762}
PHYSICAL {"event":"check","message":"map key changes selection","ms":773,"ok":true}
PHYSICAL {"code":4194322,"event":"key","ms":773}
PHYSICAL {"event":"check","message":"map and list share recipient selection","ms":784,"ok":true}
PHYSICAL {"control":"Issue HOLD / GO","event":"mouse","ms":784,"x":86.0,"y":513.5}
PHYSICAL {"control":"Issue HOLD / GO","event":"mouse","ms":800,"x":86.0,"y":513.5}
PHYSICAL {"event":"check","message":"co-op HOLD still accepted exactly once","ms":832,"ok":true}
PHYSICAL {"event":"check","message":"initial deployment is not a spend window","ms":832,"ok":true}
PHYSICAL {"event":"check","message":"saved waiting-window","ms":1650,"ok":true}
PHYSICAL {"event":"check","message":"natural between-wave window authorizes recruitment","ms":129571,"ok":true}
PHYSICAL {"actions":[{"actionSeq":1,"cardId":"native-r1-p1-s1","kind":"hold","reason":"ttl","roundRev":1,"status":"rejected","target":"front-0"}],"actor":0,"event":"before-purchase","flux":300.0,"gate":"","map":"asterion-relay","ms":129571,"peer":1,"recruitment":{"open":true,"peer":1,"phase":"intermission","sink":{"affordable":true,"available":true,"cost":50.0,"enabled":true},"spawned":0.0,"wave":1.0},"req":50.0,"round":1,"spent":28.0}
PHYSICAL {"event":"check","message":"new window needs fresh explicit consent","ms":129571,"ok":true}
PHYSICAL {"event":"check","message":"co-op label and 50 FLUX cost visible","ms":129571,"ok":true}
PHYSICAL {"control":"Authorize one 50 FLUX purchase","event":"mouse","ms":129571,"x":297.0,"y":513.5}
PHYSICAL {"event":"check","message":"mouse authorizes one purchase","ms":129583,"ok":true}
PHYSICAL {"code":4194306,"event":"key","ms":129583}
PHYSICAL {"event":"check","message":"Tab focuses co-op purchase","ms":129589,"ok":true}
PHYSICAL {"code":4194309,"event":"key","ms":129589}
PHYSICAL {"control":"Co-op REINFORCE","event":"mouse","ms":129599,"x":512.0,"y":513.5}
PHYSICAL {"control":"Co-op REINFORCE","event":"mouse","ms":129608,"x":512.0,"y":513.5}
PHYSICAL {"event":"check","message":"Enter and repeated clicks send exactly one purchase","ms":129617,"ok":true}
PHYSICAL {"event":"check","message":"source done receipt confirms recruitment","ms":129636,"ok":true}
PHYSICAL {"event":"check","message":"source cumulative spent increases exactly 50","ms":129636,"ok":true}
PHYSICAL {"event":"check","message":"source spawned counter increases exactly one","ms":129636,"ok":true}
PHYSICAL {"event":"check","message":"consent consumed after purchase","ms":129636,"ok":true}
PHYSICAL {"event":"check","message":"both receipts inside viewport","ms":130425,"ok":true}
PHYSICAL {"event":"check","message":"resources and purchase visible","ms":130425,"ok":true}
PHYSICAL {"actions":[{"actionSeq":1,"cardId":"native-r1-p1-s1","kind":"hold","reason":"ttl","roundRev":1,"status":"rejected","target":"front-0"},{"actionSeq":2,"cardId":"native-r1-p1-s2","kind":"reinforce","reason":null,"roundRev":1,"status":"confirmed","target":""}],"actor":0,"event":"purchase-confirmed","flux":256.8,"gate":"","map":"asterion-relay","ms":130425,"peer":1,"recruitment":{"open":true,"peer":1,"phase":"intermission","sink":{"affordable":true,"available":true,"cost":50.0,"enabled":true},"spawned":1.0,"wave":1.0},"req":50.0,"round":1,"spent":78.0}
PHYSICAL {"event":"check","message":"saved economy-receipts","ms":130444,"ok":true}
PHYSICAL {"control":"Disconnect","event":"mouse","ms":130445,"x":192.0,"y":150.5}
PHYSICAL {"event":"check","message":"disconnect clears receipts and recipient map","ms":130507,"ok":true}
PHYSICAL {"control":"Co-op REINFORCE","event":"mouse","ms":130507,"x":512.0,"y":539.5}
PHYSICAL {"event":"check","message":"disconnected click cannot purchase","ms":130515,"ok":true}
PHYSICAL {"event":"check","message":"saved economy-disconnected","ms":130538,"ok":true}
PHYSICAL {"checks":26,"event":"result","failures":0,"input":"engine mouse and physical-key events; not OS input","ms":130538}
