Godot Engine v4.5.2.stable.official.6ce3de25a - https://godotengine.org
WARNING: Could not set V-Sync mode, as changing V-Sync mode is not supported by the graphics driver.
     at: set_use_vsync (platform/linuxbsd/x11/gl_manager_x11.cpp:364)
OpenGL API 4.5 (Core Profile) Mesa 25.2.8-0ubuntu0.25.10.2 - Compatibility - Using Device: Mesa - llvmpipe (LLVM 20.1.8, 256 bits)

SPORT_SAMPLE {"ack":0,"actor":0,"ball":null,"camera":[65.0,48.0,70.0],"engaged":false,"focused":true,"phase":"countdown","render":[-44.0,0.0,-71.0],"seconds":0.353477333333333,"seq":1,"stage":-1,"v":{"altitude":0.0,"driver":0.0,"flight":false,"gunner":null,"health":300.0,"heat":0.0,"id":0.0,"kind":"puma","maxHealth":300.0,"overheated":false,"passengers":[],"pitchBody":0.0,"respawnTimer":0.0,"roll":0.0,"turretYaw":0.0,"vx":0.0,"vy":0.0,"vz":0.0,"x":-44.0,"y":0.0,"yaw":1.571,"z":-71.0}}
SPORT_SAMPLE {"ack":5,"actor":0,"ball":null,"camera":[-53.0,5.0,-70.9981689453125],"engaged":false,"focused":true,"phase":"countdown","render":[-44.0,0.0,-71.0],"seconds":0.568518518518519,"seq":7,"stage":-1,"v":{"altitude":0.0,"driver":0.0,"flight":false,"gunner":null,"health":300.0,"heat":0.0,"id":0.0,"kind":"puma","maxHealth":300.0,"overheated":false,"passengers":[],"pitchBody":0.0,"respawnTimer":0.0,"roll":0.0,"turretYaw":0.0,"vx":0.0,"vy":0.0,"vz":0.0,"x":-44.0,"y":0.0,"yaw":1.571,"z":-71.0}}
SPORT_SAMPLE {"ack":9,"actor":0,"ball":null,"camera":[-53.0,5.0,-70.9981689453125],"engaged":false,"focused":true,"phase":"countdown","render":[-44.0,0.0,-71.0],"seconds":0.784869333333333,"seq":14,"stage":-1,"v":{"altitude":0.0,"driver":0.0,"flight":false,"gunner":null,"health":300.0,"heat":0.0,"id":0.0,"kind":"puma","maxHealth":300.0,"overheated":false,"passengers":[],"pitchBody":0.0,"respawnTimer":0.0,"roll":0.0,"turretYaw":0.0,"vx":0.0,"vy":0.0,"vz":0.0,"x":-44.0,"y":0.0,"yaw":1.571,"z":-71.0}}
SPORT_SAMPLE {"ack":13,"actor":0,"ball":null,"camera":[-53.0,5.0,-70.9981689453125],"engaged":false,"focused":true,"phase":"countdown","render":[-44.0,0.0,-71.0],"seconds":0.997089060606061,"seq":21,"stage":-1,"v":{"altitude":0.0,"driver":0.0,"flight":false,"gunner":null,"health":300.0,"heat":0.0,"id":0.0,"kind":"puma","maxHealth":300.0,"overheated":false,"passengers":[],"pitchBody":0.0,"respawnTimer":0.0,"roll":0.0,"turretYaw":0.0,"vx":0.0,"vy":0.0,"vz":0.0,"x":-44.0,"y":0.0,"yaw":1.571,"z":-71.0}}
SPORT_SAMPLE {"ack":16,"actor":0,"ball":null,"camera":[-53.0,5.0,-70.9981689453125],"engaged":false,"focused":true,"phase":"countdown","render":[-44.0,0.0,-71.0],"seconds":1.2094627979798,"seq":27,"stage":-1,"v":{"altitude":0.0,"driver":0.0,"flight":false,"gunner":null,"health":300.0,"heat":0.0,"id":0.0,"kind":"puma","maxHealth":300.0,"overheated":false,"passengers":[],"pitchBody":0.0,"respawnTimer":0.0,"roll":0.0,"turretYaw":0.0,"vx":0.0,"vy":0.0,"vz":0.0,"x":-44.0,"y":0.0,"yaw":1.571,"z":-71.0}}
SPORT_SAMPLE {"ack":20,"actor":0,"ball":null,"camera":[-53.0,5.0,-70.9981689453125],"engaged":false,"focused":true,"phase":"countdown","render":[-44.0,0.0,-71.0],"seconds":1.42230614141414,"seq":34,"stage":-1,"v":{"altitude":0.0,"driver":0.0,"flight":false,"gunner":null,"health":300.0,"heat":0.0,"id":0.0,"kind":"puma","maxHealth":300.0,"overheated":false,"passengers":[],"pitchBody":0.0,"respawnTimer":0.0,"roll":0.0,"turretYaw":0.0,"vx":0.0,"vy":0.0,"vz":0.0,"x":-44.0,"y":0.0,"yaw":1.571,"z":-71.0}}
SPORT_SAMPLE {"ack":23,"actor":0,"ball":null,"camera":[-53.0,5.0,-70.9981689453125],"engaged":false,"focused":true,"phase":"countdown","render":[-44.0,0.0,-71.0],"seconds":1.63619503030303,"seq":41,"stage":-1,"v":{"altitude":0.0,"driver":0.0,"flight":false,"gunner":null,"health":300.0,"heat":0.0,"id":0.0,"kind":"puma","maxHealth":300.0,"overheated":false,"passengers":[],"pitchBody":0.0,"respawnTimer":0.0,"roll":0.0,"turretYaw":0.0,"vx":0.0,"vy":0.0,"vz":0.0,"x":-44.0,"y":0.0,"yaw":1.571,"z":-71.0}}
SPORT_SAMPLE {"ack":27,"actor":0,"ball":null,"camera":[-53.0,5.0,-70.9981689453125],"engaged":false,"focused":true,"phase":"countdown","render":[-44.0,0.0,-71.0],"seconds":1.85227977777778,"seq":48,"stage":-1,"v":{"altitude":0.0,"driver":0.0,"flight":false,"gunner":null,"health":300.0,"heat":0.0,"id":0.0,"kind":"puma","maxHealth":300.0,"overheated":false,"passengers":[],"pitchBody":0.0,"respawnTimer":0.0,"roll":0.0,"turretYaw":0.0,"vx":0.0,"vy":0.0,"vz":0.0,"x":-44.0,"y":0.0,"yaw":1.571,"z":-71.0}}
SPORT_SAMPLE {"ack":30,"actor":0,"ball":null,"camera":[-53.0,5.0,-70.9981689453125],"engaged":false,"focused":true,"phase":"countdown","render":[-44.0,0.0,-71.0],"seconds":2.06616866666666,"seq":54,"stage":-1,"v":{"altitude":0.0,"driver":0.0,"flight":false,"gunner":null,"health":300.0,"heat":0.0,"id":0.0,"kind":"puma","maxHealth":300.0,"overheated":false,"passengers":[],"pitchBody":0.0,"respawnTimer":0.0,"roll":0.0,"turretYaw":0.0,"vx":0.0,"vy":0.0,"vz":0.0,"x":-44.0,"y":0.0,"yaw":1.571,"z":-71.0}}
SPORT_SAMPLE {"ack":34,"actor":0,"ball":null,"camera":[-53.0,5.0,-70.9981689453125],"engaged":false,"focused":true,"phase":"countdown","render":[-44.0,0.0,-71.0],"seconds":2.28169304761904,"seq":61,"stage":-1,"v":{"altitude":0.0,"driver":0.0,"flight":false,"gunner":null,"health":300.0,"heat":0.0,"id":0.0,"kind":"puma","maxHealth":300.0,"overheated":false,"passengers":[],"pitchBody":0.0,"respawnTimer":0.0,"roll":0.0,"turretYaw":0.0,"vx":0.0,"vy":0.0,"vz":0.0,"x":-44.0,"y":0.0,"yaw":1.571,"z":-71.0}}
SPORT_SAMPLE {"ack":37,"actor":0,"ball":null,"camera":[-53.0,5.0,-70.9981689453125],"engaged":false,"focused":true,"phase":"countdown","render":[-44.0,0.0,-71.0],"seconds":2.50323619047619,"seq":68,"stage":-1,"v":{"altitude":0.0,"driver":0.0,"flight":false,"gunner":null,"health":300.0,"heat":0.0,"id":0.0,"kind":"puma","maxHealth":300.0,"overheated":false,"passengers":[],"pitchBody":0.0,"respawnTimer":0.0,"roll":0.0,"turretYaw":0.0,"vx":0.0,"vy":0.0,"vz":0.0,"x":-44.0,"y":0.0,"yaw":1.571,"z":-71.0}}
SPORT_SAMPLE {"ack":41,"actor":0,"ball":null,"camera":[-53.0,5.0,-70.9981689453125],"engaged":false,"focused":true,"phase":"countdown","render":[-44.0,0.0,-71.0],"seconds":2.72083333333333,"seq":74,"stage":-1,"v":{"altitude":0.0,"driver":0.0,"flight":false,"gunner":null,"health":300.0,"heat":0.0,"id":0.0,"kind":"puma","maxHealth":300.0,"overheated":false,"passengers":[],"pitchBody":0.0,"respawnTimer":0.0,"roll":0.0,"turretYaw":0.0,"vx":0.0,"vy":0.0,"vz":0.0,"x":-44.0,"y":0.0,"yaw":1.571,"z":-71.0}}
SPORT_SAMPLE {"ack":44,"actor":0,"ball":null,"camera":[-53.0,5.0,-70.9981689453125],"engaged":false,"focused":true,"phase":"countdown","render":[-44.0,0.0,-71.0],"seconds":2.93869047619047,"seq":81,"stage":-1,"v":{"altitude":0.0,"driver":0.0,"flight":false,"gunner":null,"health":300.0,"heat":0.0,"id":0.0,"kind":"puma","maxHealth":300.0,"overheated":false,"passengers":[],"pitchBody":0.0,"respawnTimer":0.0,"roll":0.0,"turretYaw":0.0,"vx":0.0,"vy":0.0,"vz":0.0,"x":-44.0,"y":0.0,"yaw":1.571,"z":-71.0}}
SPORT_SAMPLE {"ack":47,"actor":0,"ball":null,"camera":[-53.0,5.0,-70.9981689453125],"engaged":false,"focused":true,"phase":"countdown","render":[-44.0,0.0,-71.0],"seconds":3.15595238095238,"seq":87,"stage":-1,"v":{"altitude":0.0,"driver":0.0,"flight":false,"gunner":null,"health":300.0,"heat":0.0,"id":0.0,"kind":"puma","maxHealth":300.0,"overheated":false,"passengers":[],"pitchBody":0.0,"respawnTimer":0.0,"roll":0.0,"turretYaw":0.0,"vx":0.0,"vy":0.0,"vz":0.0,"x":-44.0,"y":0.0,"yaw":1.571,"z":-71.0}}
SPORT_EVENT {"key":87,"pressed":false,"seconds":3.24880952380952}
SPORT_EVENT {"key":83,"pressed":false,"seconds":3.24880952380952}
SPORT_EVENT {"key":65,"pressed":false,"seconds":3.24880952380952}
SPORT_EVENT {"key":68,"pressed":false,"seconds":3.24880952380952}
SPORT_EVENT {"key":32,"pressed":false,"seconds":3.24880952380952}
SPORT_EVENT {"key":4194325,"pressed":false,"seconds":3.24880952380952}
SPORT_EVENT {"key":82,"pressed":false,"seconds":3.24880952380952}
SPORT_EVENT {"key":4194309,"pressed":true,"seconds":3.24880952380952}
SPORT_EVENT {"key":4194309,"pressed":false,"seconds":3.24880952380952}
SPORT_EVENT {"key":87,"pressed":true,"seconds":3.24880952380952}
SPORT_STAGE {"seconds":3.24880952380952,"stage":0}
SPORT_SAMPLE {"ack":51,"actor":0,"ball":null,"camera":[-52.9989356994629,5.0,-70.9981689453125],"engaged":true,"focused":true,"phase":"racing","render":[-43.9780006408691,0.0,-71.0],"seconds":3.37261904761904,"seq":94,"stage":0,"v":{"altitude":0.0,"driver":0.0,"flight":false,"gunner":null,"health":300.0,"heat":0.0,"id":0.0,"kind":"puma","maxHealth":300.0,"overheated":false,"passengers":[],"pitchBody":0.026,"respawnTimer":0.0,"roll":0.0,"turretYaw":0.0,"vx":0.651,"vy":0.0,"vz":0.0,"x":-43.978,"y":0.0,"yaw":1.571,"z":-71.0}}
SPORT_SAMPLE {"ack":55,"actor":0,"ball":null,"camera":[-52.7577781677246,5.0,-70.9981689453125],"engaged":true,"focused":true,"phase":"racing","render":[-43.4500007629395,0.0,-71.0],"seconds":3.58928571428571,"seq":101,"stage":0,"v":{"altitude":0.0,"driver":0.0,"flight":false,"gunner":null,"health":300.0,"heat":0.0,"id":0.0,"kind":"puma","maxHealth":300.0,"overheated":false,"passengers":[],"pitchBody":0.069,"respawnTimer":0.0,"roll":0.0,"turretYaw":0.0,"vx":3.648,"vy":0.0,"vz":0.0,"x":-43.45,"y":0.0,"yaw":1.571,"z":-71.0}}
SPORT_SAMPLE {"ack":58,"actor":0,"ball":null,"camera":[-52.0375366210938,5.0,-70.9981689453125],"engaged":true,"focused":true,"phase":"racing","render":[-42.4529991149902,0.0,-71.0],"seconds":3.80228109523809,"seq":107,"stage":0,"v":{"altitude":0.0,"driver":0.0,"flight":false,"gunner":null,"health":300.0,"heat":0.0,"id":0.0,"kind":"puma","maxHealth":300.0,"overheated":false,"passengers":[],"pitchBody":0.072,"respawnTimer":0.0,"roll":0.0,"turretYaw":0.0,"vx":6.089,"vy":0.0,"vz":0.0,"x":-42.453,"y":0.0,"yaw":1.571,"z":-71.0}}
SPORT_SAMPLE {"ack":62,"actor":0,"ball":null,"camera":[-50.6440925598145,5.0,-70.9981689453125],"engaged":true,"focused":true,"phase":"racing","render":[-40.7019996643066,0.0,-71.0],"seconds":4.02142857142856,"seq":114,"stage":0,"v":{"altitude":0.0,"driver":0.0,"flight":false,"gunner":null,"health":300.0,"heat":0.0,"id":0.0,"kind":"puma","maxHealth":300.0,"overheated":false,"passengers":[],"pitchBody":0.067,"respawnTimer":0.0,"roll":0.0,"turretYaw":0.0,"vx":8.685,"vy":0.0,"vz":0.0,"x":-40.702,"y":0.0,"yaw":1.571,"z":-71.0}}
SPORT_SAMPLE {"ack":66,"actor":0,"ball":null,"camera":[-48.6352691650391,5.0,-70.9981689453125],"engaged":true,"focused":true,"phase":"racing","render":[-38.3860015869141,0.0,-71.0],"seconds":4.23809523809523,"seq":121,"stage":0,"v":{"altitude":0.0,"driver":0.0,"flight":false,"gunner":null,"health":300.0,"heat":0.0,"id":0.0,"kind":"puma","maxHealth":300.0,"overheated":false,"passengers":[],"pitchBody":0.058,"respawnTimer":0.0,"roll":0.0,"turretYaw":0.0,"vx":10.941,"vy":0.0,"vz":0.0,"x":-38.386,"y":0.0,"yaw":1.571,"z":-71.0}}
SPORT_SAMPLE {"ack":69,"actor":0,"ball":null,"camera":[-46.3634567260742,5.0,-70.9981689453125],"engaged":true,"focused":true,"phase":"racing","render":[-36.015998840332,0.0,-71.0],"seconds":4.45228271428571,"seq":127,"stage":0,"v":{"altitude":0.0,"driver":0.0,"flight":false,"gunner":null,"health":300.0,"heat":0.0,"id":0.0,"kind":"puma","maxHealth":300.0,"overheated":false,"passengers":[],"pitchBody":0.05,"respawnTimer":0.0,"roll":0.0,"turretYaw":0.0,"vx":12.583,"vy":0.0,"vz":0.0,"x":-36.016,"y":0.0,"yaw":1.571,"z":-71.0}}
SPORT_SAMPLE {"ack":73,"actor":0,"ball":null,"camera":[-43.5681381225586,5.0,-70.9981689453125],"engaged":true,"focused":true,"phase":"racing","render":[-32.875,0.0,-71.0],"seconds":4.66452014141414,"seq":134,"stage":0,"v":{"altitude":0.0,"driver":0.0,"flight":false,"gunner":null,"health":300.0,"heat":0.0,"id":0.0,"kind":"puma","maxHealth":300.0,"overheated":false,"passengers":[],"pitchBody":0.041,"respawnTimer":0.0,"roll":0.0,"turretYaw":0.0,"vx":14.164,"vy":0.0,"vz":0.0,"x":-32.875,"y":0.0,"yaw":1.571,"z":-71.0}}
SPORT_EVENT {"key":87,"pressed":false,"seconds":4.7251262020202}
SPORT_EVENT {"key":83,"pressed":false,"seconds":4.7251262020202}
SPORT_EVENT {"key":65,"pressed":false,"seconds":4.7251262020202}
SPORT_EVENT {"key":68,"pressed":false,"seconds":4.7251262020202}
SPORT_EVENT {"key":32,"pressed":false,"seconds":4.7251262020202}
SPORT_EVENT {"key":4194325,"pressed":false,"seconds":4.7251262020202}
SPORT_EVENT {"key":82,"pressed":false,"seconds":4.7251262020202}
SPORT_EVENT {"key":87,"pressed":true,"seconds":4.7251262020202}
SPORT_EVENT {"key":68,"pressed":true,"seconds":4.7251262020202}
SPORT_STAGE {"seconds":4.7251262020202,"stage":1}
SPORT_SAMPLE {"ack":76,"actor":0,"ball":null,"camera":[-40.282787322998,5.0,-70.795166015625],"engaged":true,"focused":true,"phase":"racing","render":[-29.4090003967285,0.0,-71.0139999389648],"seconds":4.87777777777777,"seq":141,"stage":1,"v":{"altitude":0.0,"driver":0.0,"flight":false,"gunner":null,"health":300.0,"heat":0.0,"id":0.0,"kind":"puma","maxHealth":300.0,"overheated":false,"passengers":[],"pitchBody":0.028,"respawnTimer":0.0,"roll":-0.145,"turretYaw":0.0,"vx":15.374,"vy":0.0,"vz":-0.499,"x":-29.409,"y":0.0,"yaw":1.744,"z":-71.014}}
SPORT_SAMPLE {"ack":80,"actor":0,"ball":null,"camera":[-36.2307014465332,5.0,-67.920539855957],"engaged":true,"focused":true,"phase":"racing","render":[-26.3999996185303,0.0,-71.6139984130859],"seconds":5.09583198412698,"seq":147,"stage":1,"v":{"altitude":0.0,"driver":0.0,"flight":false,"gunner":null,"health":300.0,"heat":0.0,"id":0.0,"kind":"puma","maxHealth":300.0,"overheated":false,"passengers":[],"pitchBody":-0.003,"respawnTimer":0.0,"roll":-0.309,"turretYaw":0.0,"vx":14.325,"vy":0.0,"vz":-5.291,"x":-26.4,"y":0.0,"yaw":2.141,"z":-71.614}}
SPORT_SAMPLE {"ack":85,"actor":0,"ball":null,"camera":[-31.5065631866455,5.0,-66.4073944091797],"engaged":true,"focused":true,"phase":"racing","render":[-23.4659996032715,0.0,-73.4670028686523],"seconds":5.30983533333333,"seq":154,"stage":1,"v":{"altitude":0.0,"driver":0.0,"flight":false,"gunner":null,"health":300.0,"heat":0.0,"id":0.0,"kind":"puma","maxHealth":300.0,"overheated":false,"passengers":[],"pitchBody":-0.014,"respawnTimer":0.0,"roll":-0.344,"turretYaw":0.0,"vx":10.795,"vy":0.0,"vz":-9.933,"x":-23.466,"y":0.0,"yaw":2.524,"z":-73.467}}
SPORT_SAMPLE {"ack":89,"actor":0,"ball":null,"camera":[-26.2679214477539,5.0,-66.5779190063477],"engaged":true,"focused":true,"phase":"racing","render":[-21.7549991607666,0.0,-75.75],"seconds":5.53172638383838,"seq":160,"stage":1,"v":{"altitude":0.0,"driver":0.0,"flight":false,"gunner":null,"health":300.0,"heat":0.0,"id":0.0,"kind":"puma","maxHealth":300.0,"overheated":false,"passengers":[],"pitchBody":-0.019,"respawnTimer":0.0,"roll":-0.349,"turretYaw":0.0,"vx":6.479,"vy":0.0,"vz":-12.48,"x":-21.755,"y":0.0,"yaw":2.9,"z":-75.75}}
SPORT_SAMPLE {"ack":94,"actor":0,"ball":null,"camera":[-21.3794116973877,5.0,-68.3843231201172],"engaged":true,"focused":true,"phase":"racing","render":[-21.0319995880127,0.0,-78.8600006103516],"seconds":5.73484848484848,"seq":167,"stage":1,"v":{"altitude":0.0,"driver":0.0,"flight":false,"gunner":null,"health":300.0,"heat":0.0,"id":0.0,"kind":"puma","maxHealth":300.0,"overheated":false,"passengers":[],"pitchBody":-0.009,"respawnTimer":0.0,"roll":-0.35,"turretYaw":0.0,"vx":-0.031,"vy":0.0,"vz":-13.713,"x":-21.032,"y":0.0,"yaw":3.403,"z":-78.86}}
SPORT_SAMPLE {"ack":99,"actor":0,"ball":null,"camera":[-18.013355255127,5.0,-70.5476226806641],"engaged":true,"focused":true,"phase":"racing","render":[-21.1110000610352,0.0,-79.2570037841797],"seconds":5.93787878787878,"seq":173,"stage":1,"v":{"altitude":0.0,"driver":0.0,"flight":false,"gunner":null,"health":300.0,"heat":0.0,"id":0.0,"kind":"puma","maxHealth":300.0,"overheated":false,"passengers":[],"pitchBody":0.045,"respawnTimer":0.0,"roll":-0.103,"turretYaw":0.0,"vx":-0.833,"vy":0.0,"vz":-1.764,"x":-21.111,"y":0.0,"yaw":3.659,"z":-79.257}}
SPORT_SAMPLE {"ack":104,"actor":0,"ball":null,"camera":[-16.0192985534668,5.0,-71.927360534668],"engaged":true,"focused":true,"phase":"racing","render":[-21.1450004577637,0.0,-79.3150024414062],"seconds":6.15738422222221,"seq":179,"stage":1,"v":{"altitude":0.0,"driver":0.0,"flight":false,"gunner":null,"health":300.0,"heat":0.0,"id":0.0,"kind":"puma","maxHealth":300.0,"overheated":false,"passengers":[],"pitchBody":0.01,"respawnTimer":0.0,"roll":-0.024,"turretYaw":0.0,"vx":0.0,"vy":0.0,"vz":0.0,"x":-21.145,"y":0.0,"yaw":3.864,"z":-79.315}}
SPORT_EVENT {"key":87,"pressed":false,"seconds":6.22177633333332}
SPORT_EVENT {"key":83,"pressed":false,"seconds":6.22177633333332}
SPORT_EVENT {"key":65,"pressed":false,"seconds":6.22177633333332}
SPORT_EVENT {"key":68,"pressed":false,"seconds":6.22177633333332}
SPORT_EVENT {"key":32,"pressed":false,"seconds":6.22177633333332}
SPORT_EVENT {"key":4194325,"pressed":false,"seconds":6.22177633333332}
SPORT_EVENT {"key":82,"pressed":false,"seconds":6.22177633333332}
SPORT_EVENT {"key":32,"pressed":true,"seconds":6.22177633333332}
SPORT_STAGE {"seconds":6.22177633333332,"stage":2}
SPORT_SAMPLE {"ack":108,"actor":0,"ball":null,"camera":[-14.7259273529053,5.0,-73.0435943603516],"engaged":true,"focused":true,"phase":"racing","render":[-21.1450004577637,0.0,-79.3150024414062],"seconds":6.37302033333332,"seq":185,"stage":2,"v":{"altitude":0.0,"driver":0.0,"flight":false,"gunner":null,"health":300.0,"heat":0.0,"id":0.0,"kind":"puma","maxHealth":300.0,"overheated":false,"passengers":[],"pitchBody":0.002,"respawnTimer":0.0,"roll":-0.005,"turretYaw":0.0,"vx":0.0,"vy":0.0,"vz":0.0,"x":-21.145,"y":0.0,"yaw":3.98,"z":-79.315}}
SPORT_SAMPLE {"ack":114,"actor":0,"ball":null,"camera":[-14.4839057922363,5.0,-73.2682876586914],"engaged":true,"focused":true,"phase":"racing","render":[-21.1450004577637,0.0,-79.3150024414062],"seconds":6.59024255555554,"seq":192,"stage":2,"v":{"altitude":0.0,"driver":0.0,"flight":false,"gunner":null,"health":300.0,"heat":0.0,"id":0.0,"kind":"puma","maxHealth":300.0,"overheated":false,"passengers":[],"pitchBody":0.0,"respawnTimer":0.0,"roll":-0.001,"turretYaw":0.0,"vx":0.0,"vy":0.0,"vz":0.0,"x":-21.145,"y":0.0,"yaw":3.98,"z":-79.315}}
SPORT_SAMPLE {"ack":119,"actor":0,"ball":null,"camera":[-14.4563541412354,5.0,-73.2938690185547],"engaged":true,"focused":true,"phase":"racing","render":[-21.1450004577637,0.0,-79.3150024414062],"seconds":6.80690922222221,"seq":199,"stage":2,"v":{"altitude":0.0,"driver":0.0,"flight":false,"gunner":null,"health":300.0,"heat":0.0,"id":0.0,"kind":"puma","maxHealth":300.0,"overheated":false,"passengers":[],"pitchBody":0.0,"respawnTimer":0.0,"roll":0.0,"turretYaw":0.0,"vx":0.0,"vy":0.0,"vz":0.0,"x":-21.145,"y":0.0,"yaw":3.98,"z":-79.315}}
SPORT_SAMPLE {"ack":123,"actor":0,"ball":null,"camera":[-14.4531898498535,5.0,-73.2967987060547],"engaged":true,"focused":true,"phase":"racing","render":[-21.1450004577637,0.0,-79.3150024414062],"seconds":7.02569099999998,"seq":205,"stage":2,"v":{"altitude":0.0,"driver":0.0,"flight":false,"gunner":null,"health":300.0,"heat":0.0,"id":0.0,"kind":"puma","maxHealth":300.0,"overheated":false,"passengers":[],"pitchBody":0.0,"respawnTimer":0.0,"roll":0.0,"turretYaw":0.0,"vx":0.0,"vy":0.0,"vz":0.0,"x":-21.145,"y":0.0,"yaw":3.98,"z":-79.315}}
SPORT_SAMPLE {"ack":129,"actor":0,"ball":null,"camera":[-14.4528322219849,5.0,-73.2971343994141],"engaged":true,"focused":true,"phase":"racing","render":[-21.1450004577637,0.0,-79.3150024414062],"seconds":7.24623766666665,"seq":212,"stage":2,"v":{"altitude":0.0,"driver":0.0,"flight":false,"gunner":null,"health":300.0,"heat":0.0,"id":0.0,"kind":"puma","maxHealth":300.0,"overheated":false,"passengers":[],"pitchBody":0.0,"respawnTimer":0.0,"roll":0.0,"turretYaw":0.0,"vx":0.0,"vy":0.0,"vz":0.0,"x":-21.145,"y":0.0,"yaw":3.98,"z":-79.315}}
SPORT_SAMPLE {"ack":133,"actor":0,"ball":null,"camera":[-14.4527940750122,5.0,-73.2971572875977],"engaged":true,"focused":true,"phase":"racing","render":[-21.1450004577637,0.0,-79.3150024414062],"seconds":7.44656244444443,"seq":218,"stage":2,"v":{"altitude":0.0,"driver":0.0,"flight":false,"gunner":null,"health":300.0,"heat":0.0,"id":0.0,"kind":"puma","maxHealth":300.0,"overheated":false,"passengers":[],"pitchBody":0.0,"respawnTimer":0.0,"roll":0.0,"turretYaw":0.0,"vx":0.0,"vy":0.0,"vz":0.0,"x":-21.145,"y":0.0,"yaw":3.98,"z":-79.315}}
SPORT_SAMPLE {"ack":138,"actor":0,"ball":null,"camera":[-14.4527902603149,5.0,-73.2971572875977],"engaged":true,"focused":true,"phase":"racing","render":[-21.1450004577637,0.0,-79.3150024414062],"seconds":7.66830744444443,"seq":225,"stage":2,"v":{"altitude":0.0,"driver":0.0,"flight":false,"gunner":null,"health":300.0,"heat":0.0,"id":0.0,"kind":"puma","maxHealth":300.0,"overheated":false,"passengers":[],"pitchBody":0.0,"respawnTimer":0.0,"roll":0.0,"turretYaw":0.0,"vx":0.0,"vy":0.0,"vz":0.0,"x":-21.145,"y":0.0,"yaw":3.98,"z":-79.315}}
SPORT_EVENT {"key":87,"pressed":false,"seconds":7.73497411111109}
SPORT_EVENT {"key":83,"pressed":false,"seconds":7.73497411111109}
SPORT_EVENT {"key":65,"pressed":false,"seconds":7.73497411111109}
SPORT_EVENT {"key":68,"pressed":false,"seconds":7.73497411111109}
SPORT_EVENT {"key":32,"pressed":false,"seconds":7.73497411111109}
SPORT_EVENT {"key":4194325,"pressed":false,"seconds":7.73497411111109}
SPORT_EVENT {"key":82,"pressed":false,"seconds":7.73497411111109}
SPORT_EVENT {"key":83,"pressed":true,"seconds":7.73497411111109}
SPORT_STAGE {"seconds":7.73497411111109,"stage":3}
SPORT_SAMPLE {"ack":143,"actor":0,"ball":null,"camera":[-14.4503707885742,5.0,-73.2950897216797],"engaged":true,"focused":true,"phase":"racing","render":[-21.1350002288818,0.0,-79.3059997558594],"seconds":7.88669399999998,"seq":231,"stage":3,"v":{"altitude":0.0,"driver":0.0,"flight":false,"gunner":null,"health":300.0,"heat":0.0,"id":0.0,"kind":"puma","maxHealth":300.0,"overheated":false,"passengers":[],"pitchBody":-0.012,"respawnTimer":0.0,"roll":0.0,"turretYaw":0.0,"vx":0.243,"vy":0.0,"vz":0.218,"x":-21.135,"y":0.0,"yaw":3.98,"z":-79.306}}
SPORT_SAMPLE {"ack":148,"actor":0,"ball":null,"camera":[-14.3681335449219,5.0,-73.2213134765625],"engaged":true,"focused":true,"phase":"racing","render":[-20.9720001220703,0.0,-79.1600036621094],"seconds":8.10428299999998,"seq":238,"stage":3,"v":{"altitude":0.0,"driver":0.0,"flight":false,"gunner":null,"health":300.0,"heat":0.0,"id":0.0,"kind":"puma","maxHealth":300.0,"overheated":false,"passengers":[],"pitchBody":-0.027,"respawnTimer":0.0,"roll":0.0,"turretYaw":0.0,"vx":1.088,"vy":0.0,"vz":0.979,"x":-20.972,"y":0.0,"yaw":3.98,"z":-79.16}}
SPORT_SCREENSHOT 0
SPORT_SAMPLE {"ack":152,"actor":0,"ball":null,"camera":[-14.212911605835,5.0,-73.0814437866211],"engaged":true,"focused":true,"phase":"racing","render":[-20.7369995117188,0.0,-78.947998046875],"seconds":8.38292599999998,"seq":243,"stage":3,"v":{"altitude":0.0,"driver":0.0,"flight":false,"gunner":null,"health":300.0,"heat":0.0,"id":0.0,"kind":"puma","maxHealth":300.0,"overheated":false,"passengers":[],"pitchBody":-0.028,"respawnTimer":0.0,"roll":0.0,"turretYaw":0.0,"vx":1.68,"vy":0.0,"vz":1.512,"x":-20.737,"y":0.0,"yaw":3.98,"z":-78.948}}
SPORT_SAMPLE {"ack":156,"actor":0,"ball":null,"camera":[-13.5222282409668,5.0,-72.4599914550781],"engaged":true,"focused":true,"phase":"racing","render":[-19.878999710083,0.0,-78.177001953125],"seconds":8.58333333333331,"seq":254,"stage":3,"v":{"altitude":0.0,"driver":0.0,"flight":false,"gunner":null,"health":300.0,"heat":0.0,"id":0.0,"kind":"puma","maxHealth":300.0,"overheated":false,"passengers":[],"pitchBody":-0.027,"respawnTimer":0.0,"roll":0.0,"turretYaw":0.0,"vx":2.924,"vy":0.0,"vz":2.63,"x":-19.879,"y":0.0,"yaw":3.98,"z":-78.177}}
SPORT_SAMPLE {"ack":161,"actor":0,"ball":null,"camera":[-12.8664751052856,5.0,-71.8704147338867],"engaged":true,"focused":true,"phase":"racing","render":[-19.2250003814697,0.0,-77.5879974365234],"seconds":8.79635733333332,"seq":260,"stage":3,"v":{"altitude":0.0,"driver":0.0,"flight":false,"gunner":null,"health":300.0,"heat":0.0,"id":0.0,"kind":"puma","maxHealth":300.0,"overheated":false,"passengers":[],"pitchBody":-0.026,"respawnTimer":0.0,"roll":0.0,"turretYaw":0.0,"vx":3.554,"vy":0.0,"vz":3.198,"x":-19.225,"y":0.0,"yaw":3.98,"z":-77.588}}
SPORT_SAMPLE {"ack":166,"actor":0,"ball":null,"camera":[-12.1035175323486,5.0,-71.1842041015625],"engaged":true,"focused":true,"phase":"racing","render":[-18.3090000152588,0.0,-76.7639999389648],"seconds":9.00869290476189,"seq":267,"stage":3,"v":{"altitude":0.0,"driver":0.0,"flight":false,"gunner":null,"health":300.0,"heat":0.0,"id":0.0,"kind":"puma","maxHealth":300.0,"overheated":false,"passengers":[],"pitchBody":-0.024,"respawnTimer":0.0,"roll":0.0,"turretYaw":0.0,"vx":4.239,"vy":0.0,"vz":3.814,"x":-18.309,"y":0.0,"yaw":3.98,"z":-76.764}}
SPORT_SAMPLE {"ack":171,"actor":0,"ball":null,"camera":[-11.2227802276611,5.0,-70.3915328979492],"engaged":true,"focused":true,"phase":"racing","render":[-17.423999786377,0.0,-75.9680023193359],"seconds":9.21666666666665,"seq":273,"stage":3,"v":{"altitude":0.0,"driver":0.0,"flight":false,"gunner":null,"health":300.0,"heat":0.0,"id":0.0,"kind":"puma","maxHealth":300.0,"overheated":false,"passengers":[],"pitchBody":-0.009,"respawnTimer":0.0,"roll":0.0,"turretYaw":0.0,"vx":4.46,"vy":0.0,"vz":4.013,"x":-17.424,"y":0.0,"yaw":3.98,"z":-75.968}}
SPORT_EVENT {"key":87,"pressed":false,"seconds":9.23749999999999}
SPORT_EVENT {"key":83,"pressed":false,"seconds":9.23749999999999}
SPORT_EVENT {"key":65,"pressed":false,"seconds":9.23749999999999}
SPORT_EVENT {"key":68,"pressed":false,"seconds":9.23749999999999}
SPORT_EVENT {"key":32,"pressed":false,"seconds":9.23749999999999}
SPORT_EVENT {"key":4194325,"pressed":false,"seconds":9.23749999999999}
SPORT_EVENT {"key":82,"pressed":false,"seconds":9.23749999999999}
SPORT_EVENT {"key":4194305,"pressed":true,"seconds":9.23749999999999}
SPORT_EVENT {"key":4194305,"pressed":false,"seconds":9.23749999999999}
SPORT_EVENT {"key":87,"pressed":true,"seconds":9.23749999999999}
SPORT_STAGE {"seconds":9.23749999999999,"stage":4}
SPORT_SAMPLE {"ack":176,"actor":0,"ball":null,"camera":[-10.2701292037964,5.0,-69.534423828125],"engaged":false,"focused":true,"phase":"racing","render":[-16.5459995269775,0.0,-75.1780014038086],"seconds":9.42499999999999,"seq":279,"stage":4,"v":{"altitude":0.0,"driver":0.0,"flight":false,"gunner":null,"health":300.0,"heat":0.0,"id":0.0,"kind":"puma","maxHealth":300.0,"overheated":false,"passengers":[],"pitchBody":0.009,"respawnTimer":0.0,"roll":0.0,"turretYaw":0.0,"vx":4.222,"vy":0.0,"vz":3.799,"x":-16.546,"y":0.0,"yaw":3.98,"z":-75.178}}
SPORT_SAMPLE {"ack":181,"actor":0,"ball":null,"camera":[-9.39442825317383,5.0,-68.7464370727539],"engaged":false,"focused":true,"phase":"racing","render":[-15.6269998550415,0.0,-74.3509979248047],"seconds":9.63333333333333,"seq":286,"stage":4,"v":{"altitude":0.0,"driver":0.0,"flight":false,"gunner":null,"health":300.0,"heat":0.0,"id":0.0,"kind":"puma","maxHealth":300.0,"overheated":false,"passengers":[],"pitchBody":0.016,"respawnTimer":0.0,"roll":0.0,"turretYaw":0.0,"vx":3.701,"vy":0.0,"vz":3.33,"x":-15.627,"y":0.0,"yaw":3.98,"z":-74.351}}
SPORT_SAMPLE {"ack":186,"actor":0,"ball":null,"camera":[-8.59036254882812,5.0,-68.0232009887695],"engaged":false,"focused":true,"phase":"racing","render":[-14.9320001602173,0.0,-73.7259979248047],"seconds":9.84166666666667,"seq":292,"stage":4,"v":{"altitude":0.0,"driver":0.0,"flight":false,"gunner":null,"health":300.0,"heat":0.0,"id":0.0,"kind":"puma","maxHealth":300.0,"overheated":false,"passengers":[],"pitchBody":0.017,"respawnTimer":0.0,"roll":0.0,"turretYaw":0.0,"vx":3.288,"vy":0.0,"vz":2.958,"x":-14.932,"y":0.0,"yaw":3.98,"z":-73.726}}
SPORT_SAMPLE {"ack":191,"actor":0,"ball":null,"camera":[-7.91131544113159,5.0,-67.4122848510742],"engaged":false,"focused":true,"phase":"racing","render":[-14.3170003890991,0.0,-73.1719970703125],"seconds":10.05,"seq":298,"stage":4,"v":{"altitude":0.0,"driver":0.0,"flight":false,"gunner":null,"health":300.0,"heat":0.0,"id":0.0,"kind":"puma","maxHealth":300.0,"overheated":false,"passengers":[],"pitchBody":0.016,"respawnTimer":0.0,"roll":0.0,"turretYaw":0.0,"vx":2.899,"vy":0.0,"vz":2.609,"x":-14.317,"y":0.0,"yaw":3.98,"z":-73.172}}
SPORT_SAMPLE {"ack":196,"actor":0,"ball":null,"camera":[-7.33075332641602,5.0,-66.8897857666016],"engaged":false,"focused":true,"phase":"racing","render":[-13.6940002441406,0.0,-72.6119995117188],"seconds":10.2533553333333,"seq":305,"stage":4,"v":{"altitude":0.0,"driver":0.0,"flight":false,"gunner":null,"health":300.0,"heat":0.0,"id":0.0,"kind":"puma","maxHealth":300.0,"overheated":false,"passengers":[],"pitchBody":0.015,"respawnTimer":0.0,"roll":0.0,"turretYaw":0.0,"vx":2.472,"vy":0.0,"vz":2.224,"x":-13.694,"y":0.0,"yaw":3.98,"z":-72.612}}
SPORT_SAMPLE {"ack":201,"actor":0,"ball":null,"camera":[-6.78020334243774,5.0,-66.3945083618164],"engaged":false,"focused":true,"phase":"racing","render":[-13.2379999160767,0.0,-72.2009963989258],"seconds":10.4723572727273,"seq":311,"stage":4,"v":{"altitude":0.0,"driver":0.0,"flight":false,"gunner":null,"health":300.0,"heat":0.0,"id":0.0,"kind":"puma","maxHealth":300.0,"overheated":false,"passengers":[],"pitchBody":0.014,"respawnTimer":0.0,"roll":0.0,"turretYaw":0.0,"vx":2.124,"vy":0.0,"vz":1.911,"x":-13.238,"y":0.0,"yaw":3.98,"z":-72.201}}
SPORT_SAMPLE {"ack":207,"actor":0,"ball":null,"camera":[-6.28988933563232,5.0,-65.953498840332],"engaged":false,"focused":true,"phase":"racing","render":[-12.7349996566772,0.0,-71.7480010986328],"seconds":10.6925816666667,"seq":319,"stage":4,"v":{"altitude":0.0,"driver":0.0,"flight":false,"gunner":null,"health":300.0,"heat":0.0,"id":0.0,"kind":"puma","maxHealth":300.0,"overheated":false,"passengers":[],"pitchBody":0.013,"respawnTimer":0.0,"roll":0.0,"turretYaw":0.0,"vx":1.682,"vy":0.0,"vz":1.513,"x":-12.735,"y":0.0,"yaw":3.98,"z":-71.748}}
SPORT_EVENT {"key":87,"pressed":false,"seconds":10.7334136666667}
SPORT_EVENT {"key":83,"pressed":false,"seconds":10.7334136666667}
SPORT_EVENT {"key":65,"pressed":false,"seconds":10.7334136666667}
SPORT_EVENT {"key":68,"pressed":false,"seconds":10.7334136666667}
SPORT_EVENT {"key":32,"pressed":false,"seconds":10.7334136666667}
SPORT_EVENT {"key":4194325,"pressed":false,"seconds":10.7334136666667}
SPORT_EVENT {"key":82,"pressed":false,"seconds":10.7334136666667}
SPORT_EVENT {"key":4194309,"pressed":true,"seconds":10.7334136666667}
SPORT_EVENT {"key":4194309,"pressed":false,"seconds":10.7334136666667}
SPORT_EVENT {"key":87,"pressed":true,"seconds":10.7334136666667}
SPORT_EVENT {"key":4194325,"pressed":true,"seconds":10.7334136666667}
SPORT_STAGE {"seconds":10.7334136666667,"stage":5}
SPORT_SAMPLE {"ack":212,"actor":0,"ball":null,"camera":[-5.94027662277222,5.0,-65.638313293457],"engaged":true,"focused":true,"phase":"racing","render":[-12.5410003662109,0.0,-71.5739974975586],"seconds":10.9029466666667,"seq":325,"stage":5,"v":{"altitude":0.0,"driver":0.0,"flight":false,"gunner":null,"health":300.0,"heat":0.0,"id":0.0,"kind":"puma","maxHealth":300.0,"overheated":false,"passengers":[],"pitchBody":0.078,"respawnTimer":0.0,"roll":0.0,"turretYaw":0.0,"vx":-0.258,"vy":0.0,"vz":-0.232,"x":-12.541,"y":0.0,"yaw":3.98,"z":-71.574}}
SPORT_SAMPLE {"ack":217,"actor":0,"ball":null,"camera":[-6.05206632614136,5.0,-65.7391510009766],"engaged":true,"focused":true,"phase":"racing","render":[-12.9250001907349,0.0,-71.9199981689453],"seconds":11.1166666666667,"seq":331,"stage":5,"v":{"altitude":0.0,"driver":0.0,"flight":false,"gunner":null,"health":300.0,"heat":0.0,"id":0.0,"kind":"puma","maxHealth":300.0,"overheated":false,"passengers":[],"pitchBody":0.112,"respawnTimer":0.0,"roll":0.0,"turretYaw":0.0,"vx":-3.31,"vy":0.0,"vz":-2.978,"x":-12.925,"y":0.0,"yaw":3.98,"z":-71.92}}
SPORT_SAMPLE {"ack":222,"actor":0,"ball":null,"camera":[-6.76540851593018,5.0,-66.3809509277344],"engaged":true,"focused":true,"phase":"racing","render":[-14.1199998855591,0.0,-72.995002746582],"seconds":11.3287878787879,"seq":338,"stage":5,"v":{"altitude":0.0,"driver":0.0,"flight":false,"gunner":null,"health":300.0,"heat":0.0,"id":0.0,"kind":"puma","maxHealth":300.0,"overheated":false,"passengers":[],"pitchBody":0.113,"respawnTimer":0.0,"roll":0.0,"turretYaw":0.0,"vx":-6.639,"vy":0.0,"vz":-5.973,"x":-14.12,"y":0.0,"yaw":3.98,"z":-72.995}}
SPORT_SAMPLE {"ack":227,"actor":0,"ball":null,"camera":[-8.24639511108398,5.0,-67.7132263183594],"engaged":true,"focused":true,"phase":"racing","render":[-15.7259998321533,0.0,-74.4390029907227],"seconds":11.5483333333333,"seq":344,"stage":5,"v":{"altitude":0.0,"driver":0.0,"flight":false,"gunner":null,"health":300.0,"heat":0.0,"id":0.0,"kind":"puma","maxHealth":300.0,"overheated":false,"passengers":[],"pitchBody":0.102,"respawnTimer":0.0,"roll":0.0,"turretYaw":0.0,"vx":-9.144,"vy":0.0,"vz":-8.227,"x":-15.726,"y":0.0,"yaw":3.98,"z":-74.439}}
SPORT_SAMPLE {"ack":232,"actor":0,"ball":null,"camera":[-10.2639236450195,5.0,-69.5287322998047],"engaged":true,"focused":true,"phase":"racing","render":[-18.1730003356934,0.0,-76.6419982910156],"seconds":11.765,"seq":351,"stage":5,"v":{"altitude":0.0,"driver":0.0,"flight":false,"gunner":null,"health":300.0,"heat":0.0,"id":0.0,"kind":"puma","maxHealth":300.0,"overheated":false,"passengers":[],"pitchBody":0.084,"respawnTimer":0.0,"roll":0.0,"turretYaw":0.0,"vx":-11.57,"vy":0.0,"vz":-10.41,"x":-18.173,"y":0.0,"yaw":3.98,"z":-76.642}}
SPORT_SAMPLE {"ack":237,"actor":0,"ball":null,"camera":[-12.7711162567139,5.0,-71.7845993041992],"engaged":true,"focused":true,"phase":"racing","render":[-20.6720008850098,0.0,-78.8899993896484],"seconds":11.9812379047619,"seq":357,"stage":5,"v":{"altitude":0.0,"driver":0.0,"flight":false,"gunner":null,"health":300.0,"heat":0.0,"id":0.0,"kind":"puma","maxHealth":300.0,"overheated":false,"passengers":[],"pitchBody":0.068,"respawnTimer":0.0,"roll":0.0,"turretYaw":0.0,"vx":-13.217,"vy":0.0,"vz":-11.891,"x":-20.672,"y":0.0,"yaw":3.98,"z":-78.89}}
SPORT_SAMPLE {"ack":242,"actor":0,"ball":null,"camera":[-14.245265007019,5.0,-73.1112670898438],"engaged":true,"focused":true,"phase":"racing","render":[-21.1439990997314,0.0,-79.3150024414062],"seconds":12.1983333333333,"seq":364,"stage":5,"v":{"altitude":0.0,"driver":0.0,"flight":false,"gunner":null,"health":300.0,"heat":0.0,"id":0.0,"kind":"puma","maxHealth":300.0,"overheated":false,"passengers":[],"pitchBody":0.018,"respawnTimer":0.0,"roll":0.0,"turretYaw":0.0,"vx":0.0,"vy":0.0,"vz":0.0,"x":-21.144,"y":0.0,"yaw":3.98,"z":-79.315}}
SPORT_EVENT {"key":87,"pressed":false,"seconds":12.22}
SPORT_EVENT {"key":83,"pressed":false,"seconds":12.22}
SPORT_EVENT {"key":65,"pressed":false,"seconds":12.22}
SPORT_EVENT {"key":68,"pressed":false,"seconds":12.22}
SPORT_EVENT {"key":32,"pressed":false,"seconds":12.22}
SPORT_EVENT {"key":4194325,"pressed":false,"seconds":12.22}
SPORT_EVENT {"key":82,"pressed":false,"seconds":12.22}
SPORT_EVENT {"key":87,"pressed":true,"seconds":12.22}
SPORT_STAGE {"seconds":12.22,"stage":6}
SPORT_SAMPLE {"ack":247,"actor":0,"ball":null,"camera":[-14.4248542785645,5.0,-73.2729263305664],"engaged":false,"focused":false,"phase":"racing","render":[-21.1439990997314,0.0,-79.3150024414062],"seconds":12.4031003838384,"seq":371,"stage":6,"v":{"altitude":0.0,"driver":0.0,"flight":false,"gunner":null,"health":300.0,"heat":0.0,"id":0.0,"kind":"puma","maxHealth":300.0,"overheated":false,"passengers":[],"pitchBody":0.003,"respawnTimer":0.0,"roll":0.0,"turretYaw":0.0,"vx":0.0,"vy":0.0,"vz":0.0,"x":-21.144,"y":0.0,"yaw":3.98,"z":-79.315}}
SPORT_SAMPLE {"ack":251,"actor":0,"ball":null,"camera":[-14.4482679367065,5.0,-73.2939987182617],"engaged":false,"focused":false,"phase":"racing","render":[-21.1439990997314,0.0,-79.3150024414062],"seconds":12.6061306868687,"seq":376,"stage":6,"v":{"altitude":0.0,"driver":0.0,"flight":false,"gunner":null,"health":300.0,"heat":0.0,"id":0.0,"kind":"puma","maxHealth":300.0,"overheated":false,"passengers":[],"pitchBody":0.001,"respawnTimer":0.0,"roll":0.0,"turretYaw":0.0,"vx":0.0,"vy":0.0,"vz":0.0,"x":-21.144,"y":0.0,"yaw":3.98,"z":-79.315}}
SPORT_SAMPLE {"ack":255,"actor":0,"ball":null,"camera":[-14.4513101577759,5.0,-73.296745300293],"engaged":false,"focused":false,"phase":"racing","render":[-21.1439990997314,0.0,-79.3150024414062],"seconds":12.8061306868687,"seq":382,"stage":6,"v":{"altitude":0.0,"driver":0.0,"flight":false,"gunner":null,"health":300.0,"heat":0.0,"id":0.0,"kind":"puma","maxHealth":300.0,"overheated":false,"passengers":[],"pitchBody":0.0,"respawnTimer":0.0,"roll":0.0,"turretYaw":0.0,"vx":0.0,"vy":0.0,"vz":0.0,"x":-21.144,"y":0.0,"yaw":3.98,"z":-79.315}}
SPORT_SAMPLE {"ack":261,"actor":0,"ball":null,"camera":[-14.451735496521,5.0,-73.2971267700195],"engaged":false,"focused":false,"phase":"racing","render":[-21.1439990997314,0.0,-79.3150024414062],"seconds":13.0282275555556,"seq":389,"stage":6,"v":{"altitude":0.0,"driver":0.0,"flight":false,"gunner":null,"health":300.0,"heat":0.0,"id":0.0,"kind":"puma","maxHealth":300.0,"overheated":false,"passengers":[],"pitchBody":0.0,"respawnTimer":0.0,"roll":0.0,"turretYaw":0.0,"vx":0.0,"vy":0.0,"vz":0.0,"x":-21.144,"y":0.0,"yaw":3.98,"z":-79.315}}
SPORT_SAMPLE {"ack":265,"actor":0,"ball":null,"camera":[-14.4517803192139,5.0,-73.2971572875977],"engaged":false,"focused":false,"phase":"racing","render":[-21.1439990997314,0.0,-79.3150024414062],"seconds":13.2282275555556,"seq":395,"stage":6,"v":{"altitude":0.0,"driver":0.0,"flight":false,"gunner":null,"health":300.0,"heat":0.0,"id":0.0,"kind":"puma","maxHealth":300.0,"overheated":false,"passengers":[],"pitchBody":0.0,"respawnTimer":0.0,"roll":0.0,"turretYaw":0.0,"vx":0.0,"vy":0.0,"vz":0.0,"x":-21.144,"y":0.0,"yaw":3.98,"z":-79.315}}
SPORT_SAMPLE {"ack":269,"actor":0,"ball":null,"camera":[-14.4517850875854,5.0,-73.2971572875977],"engaged":false,"focused":false,"phase":"racing","render":[-21.1439990997314,0.0,-79.3150024414062],"seconds":13.4287326060606,"seq":401,"stage":6,"v":{"altitude":0.0,"driver":0.0,"flight":false,"gunner":null,"health":300.0,"heat":0.0,"id":0.0,"kind":"puma","maxHealth":300.0,"overheated":false,"passengers":[],"pitchBody":0.0,"respawnTimer":0.0,"roll":0.0,"turretYaw":0.0,"vx":0.0,"vy":0.0,"vz":0.0,"x":-21.144,"y":0.0,"yaw":3.98,"z":-79.315}}
SPORT_SAMPLE {"ack":274,"actor":0,"ball":null,"camera":[-14.4517850875854,5.0,-73.2971572875977],"engaged":false,"focused":false,"phase":"racing","render":[-21.1439990997314,0.0,-79.3150024414062],"seconds":13.6333333333333,"seq":407,"stage":6,"v":{"altitude":0.0,"driver":0.0,"flight":false,"gunner":null,"health":300.0,"heat":0.0,"id":0.0,"kind":"puma","maxHealth":300.0,"overheated":false,"passengers":[],"pitchBody":0.0,"respawnTimer":0.0,"roll":0.0,"turretYaw":0.0,"vx":0.0,"vy":0.0,"vz":0.0,"x":-21.144,"y":0.0,"yaw":3.98,"z":-79.315}}
SPORT_EVENT {"key":87,"pressed":false,"seconds":13.7242424242424}
SPORT_EVENT {"key":83,"pressed":false,"seconds":13.7242424242424}
SPORT_EVENT {"key":65,"pressed":false,"seconds":13.7242424242424}
SPORT_EVENT {"key":68,"pressed":false,"seconds":13.7242424242424}
SPORT_EVENT {"key":32,"pressed":false,"seconds":13.7242424242424}
SPORT_EVENT {"key":4194325,"pressed":false,"seconds":13.7242424242424}
SPORT_EVENT {"key":82,"pressed":false,"seconds":13.7242424242424}
SPORT_EVENT {"key":87,"pressed":true,"seconds":13.7242424242424}
SPORT_STAGE {"seconds":13.7242424242424,"stage":7}
SPORT_SAMPLE {"ack":279,"actor":0,"ball":null,"camera":[-14.4517850875854,5.0,-73.2971572875977],"engaged":false,"focused":true,"phase":"racing","render":[-21.1439990997314,0.0,-79.3150024414062],"seconds":13.8412526666667,"seq":414,"stage":7,"v":{"altitude":0.0,"driver":0.0,"flight":false,"gunner":null,"health":300.0,"heat":0.0,"id":0.0,"kind":"puma","maxHealth":300.0,"overheated":false,"passengers":[],"pitchBody":0.0,"respawnTimer":0.0,"roll":0.0,"turretYaw":0.0,"vx":0.0,"vy":0.0,"vz":0.0,"x":-21.144,"y":0.0,"yaw":3.98,"z":-79.315}}
SPORT_SAMPLE {"ack":283,"actor":0,"ball":null,"camera":[-14.4517860412598,5.0,-73.2971649169922],"engaged":false,"focused":true,"phase":"racing","render":[-21.1439990997314,0.0,-79.3150024414062],"seconds":14.0434476666667,"seq":420,"stage":7,"v":{"altitude":0.0,"driver":0.0,"flight":false,"gunner":null,"health":300.0,"heat":0.0,"id":0.0,"kind":"puma","maxHealth":300.0,"overheated":false,"passengers":[],"pitchBody":0.0,"respawnTimer":0.0,"roll":0.0,"turretYaw":0.0,"vx":0.0,"vy":0.0,"vz":0.0,"x":-21.144,"y":0.0,"yaw":3.98,"z":-79.315}}
SPORT_SAMPLE {"ack":287,"actor":0,"ball":null,"camera":[-14.4517860412598,5.0,-73.2971649169922],"engaged":false,"focused":true,"phase":"racing","render":[-21.1439990997314,0.0,-79.3150024414062],"seconds":14.243865,"seq":426,"stage":7,"v":{"altitude":0.0,"driver":0.0,"flight":false,"gunner":null,"health":300.0,"heat":0.0,"id":0.0,"kind":"puma","maxHealth":300.0,"overheated":false,"passengers":[],"pitchBody":0.0,"respawnTimer":0.0,"roll":0.0,"turretYaw":0.0,"vx":0.0,"vy":0.0,"vz":0.0,"x":-21.144,"y":0.0,"yaw":3.98,"z":-79.315}}
SPORT_SAMPLE {"ack":291,"actor":0,"ball":null,"camera":[-14.4517860412598,5.0,-73.2971649169922],"engaged":false,"focused":true,"phase":"racing","render":[-21.1439990997314,0.0,-79.3150024414062],"seconds":14.468865,"seq":432,"stage":7,"v":{"altitude":0.0,"driver":0.0,"flight":false,"gunner":null,"health":300.0,"heat":0.0,"id":0.0,"kind":"puma","maxHealth":300.0,"overheated":false,"passengers":[],"pitchBody":0.0,"respawnTimer":0.0,"roll":0.0,"turretYaw":0.0,"vx":0.0,"vy":0.0,"vz":0.0,"x":-21.144,"y":0.0,"yaw":3.98,"z":-79.315}}
SPORT_SAMPLE {"ack":296,"actor":0,"ball":null,"camera":[-14.4517860412598,5.0,-73.2971649169922],"engaged":false,"focused":true,"phase":"racing","render":[-21.1439990997314,0.0,-79.3150024414062],"seconds":14.6986316666667,"seq":439,"stage":7,"v":{"altitude":0.0,"driver":0.0,"flight":false,"gunner":null,"health":300.0,"heat":0.0,"id":0.0,"kind":"puma","maxHealth":300.0,"overheated":false,"passengers":[],"pitchBody":0.0,"respawnTimer":0.0,"roll":0.0,"turretYaw":0.0,"vx":0.0,"vy":0.0,"vz":0.0,"x":-21.144,"y":0.0,"yaw":3.98,"z":-79.315}}
SPORT_SAMPLE {"ack":302,"actor":0,"ball":null,"camera":[-14.4517860412598,5.0,-73.2971649169922],"engaged":false,"focused":true,"phase":"racing","render":[-21.1439990997314,0.0,-79.3150024414062],"seconds":14.9080323333334,"seq":445,"stage":7,"v":{"altitude":0.0,"driver":0.0,"flight":false,"gunner":null,"health":300.0,"heat":0.0,"id":0.0,"kind":"puma","maxHealth":300.0,"overheated":false,"passengers":[],"pitchBody":0.0,"respawnTimer":0.0,"roll":0.0,"turretYaw":0.0,"vx":0.0,"vy":0.0,"vz":0.0,"x":-21.144,"y":0.0,"yaw":3.98,"z":-79.315}}
SPORT_SAMPLE {"ack":307,"actor":0,"ball":null,"camera":[-14.4517860412598,5.0,-73.2971649169922],"engaged":false,"focused":true,"phase":"racing","render":[-21.1439990997314,0.0,-79.3150024414062],"seconds":15.1211413809524,"seq":452,"stage":7,"v":{"altitude":0.0,"driver":0.0,"flight":false,"gunner":null,"health":300.0,"heat":0.0,"id":0.0,"kind":"puma","maxHealth":300.0,"overheated":false,"passengers":[],"pitchBody":0.0,"respawnTimer":0.0,"roll":0.0,"turretYaw":0.0,"vx":0.0,"vy":0.0,"vz":0.0,"x":-21.144,"y":0.0,"yaw":3.98,"z":-79.315}}
SPORT_EVENT {"key":87,"pressed":false,"seconds":15.2191026666667}
SPORT_EVENT {"key":83,"pressed":false,"seconds":15.2191026666667}
SPORT_EVENT {"key":65,"pressed":false,"seconds":15.2191026666667}
SPORT_EVENT {"key":68,"pressed":false,"seconds":15.2191026666667}
SPORT_EVENT {"key":32,"pressed":false,"seconds":15.2191026666667}
SPORT_EVENT {"key":4194325,"pressed":false,"seconds":15.2191026666667}
SPORT_EVENT {"key":82,"pressed":false,"seconds":15.2191026666667}
SPORT_EVENT {"key":4194309,"pressed":true,"seconds":15.2191026666667}
SPORT_EVENT {"key":4194309,"pressed":false,"seconds":15.2191026666667}
SPORT_EVENT {"key":87,"pressed":true,"seconds":15.2191026666667}
SPORT_STAGE {"seconds":15.2191026666667,"stage":8}
SPORT_SAMPLE {"ack":311,"actor":0,"ball":null,"camera":[-14.4517860412598,5.0,-73.2971649169922],"engaged":true,"focused":true,"phase":"racing","render":[-21.1439990997314,0.0,-79.3150024414062],"seconds":15.3438976666667,"seq":459,"stage":8,"v":{"altitude":0.0,"driver":0.0,"flight":false,"gunner":null,"health":300.0,"heat":0.0,"id":0.0,"kind":"puma","maxHealth":300.0,"overheated":false,"passengers":[],"pitchBody":0.0,"respawnTimer":0.0,"roll":0.0,"turretYaw":0.0,"vx":0.0,"vy":0.0,"vz":0.0,"x":-21.144,"y":0.0,"yaw":3.98,"z":-79.315}}
SPORT_SAMPLE {"ack":315,"actor":0,"ball":null,"camera":[-14.4517860412598,5.0,-73.2971649169922],"engaged":true,"focused":true,"phase":"racing","render":[-21.1439990997314,0.0,-79.3150024414062],"seconds":15.5549406666667,"seq":465,"stage":8,"v":{"altitude":0.0,"driver":0.0,"flight":false,"gunner":null,"health":300.0,"heat":0.0,"id":0.0,"kind":"puma","maxHealth":300.0,"overheated":false,"passengers":[],"pitchBody":0.0,"respawnTimer":0.0,"roll":0.0,"turretYaw":0.0,"vx":0.0,"vy":0.0,"vz":0.0,"x":-21.144,"y":0.0,"yaw":3.98,"z":-79.315}}
SPORT_SAMPLE {"ack":318,"actor":0,"ball":null,"camera":[-14.4517860412598,5.0,-73.2971649169922],"engaged":true,"focused":true,"phase":"racing","render":[-21.1439990997314,0.0,-79.3150024414062],"seconds":15.7601956666667,"seq":471,"stage":8,"v":{"altitude":0.0,"driver":0.0,"flight":false,"gunner":null,"health":300.0,"heat":0.0,"id":0.0,"kind":"puma","maxHealth":300.0,"overheated":false,"passengers":[],"pitchBody":0.0,"respawnTimer":0.0,"roll":0.0,"turretYaw":0.0,"vx":0.0,"vy":0.0,"vz":0.0,"x":-21.144,"y":0.0,"yaw":3.98,"z":-79.315}}
SPORT_SAMPLE {"ack":324,"actor":0,"ball":null,"camera":[-14.4517860412598,5.0,-73.2971649169922],"engaged":true,"focused":true,"phase":"racing","render":[-21.1439990997314,0.0,-79.3150024414062],"seconds":15.9888746666667,"seq":477,"stage":8,"v":{"altitude":0.0,"driver":0.0,"flight":false,"gunner":null,"health":300.0,"heat":0.0,"id":0.0,"kind":"puma","maxHealth":300.0,"overheated":false,"passengers":[],"pitchBody":0.0,"respawnTimer":0.0,"roll":0.0,"turretYaw":0.0,"vx":0.0,"vy":0.0,"vz":0.0,"x":-21.144,"y":0.0,"yaw":3.98,"z":-79.315}}
SPORT_SAMPLE {"ack":330,"actor":0,"ball":null,"camera":[-14.4517860412598,5.0,-73.2971649169922],"engaged":true,"focused":true,"phase":"racing","render":[-21.1439990997314,0.0,-79.3150024414062],"seconds":16.2151156666667,"seq":483,"stage":8,"v":{"altitude":0.0,"driver":0.0,"flight":false,"gunner":null,"health":300.0,"heat":0.0,"id":0.0,"kind":"puma","maxHealth":300.0,"overheated":false,"passengers":[],"pitchBody":0.0,"respawnTimer":0.0,"roll":0.0,"turretYaw":0.0,"vx":0.0,"vy":0.0,"vz":0.0,"x":-21.144,"y":0.0,"yaw":3.98,"z":-79.315}}
SPORT_SAMPLE {"ack":336,"actor":0,"ball":null,"camera":[-14.4517860412598,5.0,-73.2971649169922],"engaged":true,"focused":true,"phase":"racing","render":[-21.1439990997314,0.0,-79.3150024414062],"seconds":16.4386343333334,"seq":490,"stage":8,"v":{"altitude":0.0,"driver":0.0,"flight":false,"gunner":null,"health":300.0,"heat":0.0,"id":0.0,"kind":"puma","maxHealth":300.0,"overheated":false,"passengers":[],"pitchBody":0.0,"respawnTimer":0.0,"roll":0.0,"turretYaw":0.0,"vx":0.0,"vy":0.0,"vz":0.0,"x":-21.144,"y":0.0,"yaw":3.98,"z":-79.315}}
SPORT_SAMPLE {"ack":342,"actor":0,"ball":null,"camera":[-14.4517860412598,5.0,-73.2971649169922],"engaged":true,"focused":true,"phase":"racing","render":[-21.1439990997314,0.0,-79.3150024414062],"seconds":16.6698666666667,"seq":497,"stage":8,"v":{"altitude":0.0,"driver":0.0,"flight":false,"gunner":null,"health":300.0,"heat":0.0,"id":0.0,"kind":"puma","maxHealth":300.0,"overheated":false,"passengers":[],"pitchBody":0.0,"respawnTimer":0.0,"roll":0.0,"turretYaw":0.0,"vx":0.0,"vy":0.0,"vz":0.0,"x":-21.144,"y":0.0,"yaw":3.98,"z":-79.315}}
SPORT_EVENT {"key":87,"pressed":false,"seconds":16.7444086666667}
SPORT_EVENT {"key":83,"pressed":false,"seconds":16.7444086666667}
SPORT_EVENT {"key":65,"pressed":false,"seconds":16.7444086666667}
SPORT_EVENT {"key":68,"pressed":false,"seconds":16.7444086666667}
SPORT_EVENT {"key":32,"pressed":false,"seconds":16.7444086666667}
SPORT_EVENT {"key":4194325,"pressed":false,"seconds":16.7444086666667}
SPORT_EVENT {"key":82,"pressed":false,"seconds":16.7444086666667}
SPORT_EVENT {"key":82,"pressed":true,"seconds":16.7444086666667}
SPORT_EVENT {"key":82,"pressed":false,"seconds":16.7444086666667}
SPORT_STAGE {"seconds":16.7444086666667,"stage":9}
SPORT_SAMPLE {"ack":348,"actor":0,"ball":null,"camera":[-14.4517860412598,5.0,-73.2971649169922],"engaged":true,"focused":true,"phase":"racing","render":[-21.1439990997314,0.0,-79.3150024414062],"seconds":16.8946763333334,"seq":504,"stage":9,"v":{"altitude":0.0,"driver":0.0,"flight":false,"gunner":null,"health":300.0,"heat":0.0,"id":0.0,"kind":"puma","maxHealth":300.0,"overheated":false,"passengers":[],"pitchBody":0.0,"respawnTimer":0.0,"roll":0.0,"turretYaw":0.0,"vx":0.0,"vy":0.0,"vz":0.0,"x":-21.144,"y":0.0,"yaw":3.98,"z":-79.315}}
SPORT_SAMPLE {"ack":353,"actor":0,"ball":null,"camera":[-14.4517860412598,5.0,-73.2971649169922],"engaged":true,"focused":true,"phase":"racing","render":[-21.1439990997314,0.0,-79.3150024414062],"seconds":17.1209053333334,"seq":511,"stage":9,"v":{"altitude":0.0,"driver":0.0,"flight":false,"gunner":null,"health":300.0,"heat":0.0,"id":0.0,"kind":"puma","maxHealth":300.0,"overheated":false,"passengers":[],"pitchBody":0.0,"respawnTimer":0.0,"roll":0.0,"turretYaw":0.0,"vx":0.0,"vy":0.0,"vz":0.0,"x":-21.144,"y":0.0,"yaw":3.98,"z":-79.315}}
SPORT_SAMPLE {"ack":359,"actor":0,"ball":null,"camera":[-14.4517860412598,5.0,-73.2971649169922],"engaged":true,"focused":true,"phase":"racing","render":[-21.1439990997314,0.0,-79.3150024414062],"seconds":17.3524353333334,"seq":518,"stage":9,"v":{"altitude":0.0,"driver":0.0,"flight":false,"gunner":null,"health":300.0,"heat":0.0,"id":0.0,"kind":"puma","maxHealth":300.0,"overheated":false,"passengers":[],"pitchBody":0.0,"respawnTimer":0.0,"roll":0.0,"turretYaw":0.0,"vx":0.0,"vy":0.0,"vz":0.0,"x":-21.144,"y":0.0,"yaw":3.98,"z":-79.315}}
SPORT_SAMPLE {"ack":365,"actor":0,"ball":null,"camera":[-14.4517860412598,5.0,-73.2971649169922],"engaged":true,"focused":true,"phase":"racing","render":[-21.1439990997314,0.0,-79.3150024414062],"seconds":17.5579906666667,"seq":524,"stage":9,"v":{"altitude":0.0,"driver":0.0,"flight":false,"gunner":null,"health":300.0,"heat":0.0,"id":0.0,"kind":"puma","maxHealth":300.0,"overheated":false,"passengers":[],"pitchBody":0.0,"respawnTimer":0.0,"roll":0.0,"turretYaw":0.0,"vx":0.0,"vy":0.0,"vz":0.0,"x":-21.144,"y":0.0,"yaw":3.98,"z":-79.315}}
SPORT_SAMPLE {"ack":370,"actor":0,"ball":null,"camera":[-14.4517860412598,5.0,-73.2971649169922],"engaged":true,"focused":true,"phase":"racing","render":[-21.1439990997314,0.0,-79.3150024414062],"seconds":17.7762493333334,"seq":530,"stage":9,"v":{"altitude":0.0,"driver":0.0,"flight":false,"gunner":null,"health":300.0,"heat":0.0,"id":0.0,"kind":"puma","maxHealth":300.0,"overheated":false,"passengers":[],"pitchBody":0.0,"respawnTimer":0.0,"roll":0.0,"turretYaw":0.0,"vx":0.0,"vy":0.0,"vz":0.0,"x":-21.144,"y":0.0,"yaw":3.98,"z":-79.315}}
SPORT_SAMPLE {"ack":374,"actor":0,"ball":null,"camera":[-14.4517860412598,5.0,-73.2971649169922],"engaged":true,"focused":true,"phase":"racing","render":[-21.1439990997314,0.0,-79.3150024414062],"seconds":18.0014363333334,"seq":537,"stage":9,"v":{"altitude":0.0,"driver":0.0,"flight":false,"gunner":null,"health":300.0,"heat":0.0,"id":0.0,"kind":"puma","maxHealth":300.0,"overheated":false,"passengers":[],"pitchBody":0.0,"respawnTimer":0.0,"roll":0.0,"turretYaw":0.0,"vx":0.0,"vy":0.0,"vz":0.0,"x":-21.144,"y":0.0,"yaw":3.98,"z":-79.315}}
SPORT_EVENT {"key":87,"pressed":false,"seconds":18.2258514444445}
SPORT_EVENT {"key":83,"pressed":false,"seconds":18.2258514444445}
SPORT_EVENT {"key":65,"pressed":false,"seconds":18.2258514444445}
SPORT_EVENT {"key":68,"pressed":false,"seconds":18.2258514444445}
SPORT_EVENT {"key":32,"pressed":false,"seconds":18.2258514444445}
SPORT_EVENT {"key":4194325,"pressed":false,"seconds":18.2258514444445}
SPORT_EVENT {"key":82,"pressed":false,"seconds":18.2258514444445}
SPORT_EVENT {"key":4194305,"pressed":true,"seconds":18.2258514444445}
SPORT_EVENT {"key":4194305,"pressed":false,"seconds":18.2258514444445}
SPORT_STAGE {"seconds":18.2258514444445,"stage":10}
SPORT_SAMPLE {"ack":379,"actor":0,"ball":null,"camera":[-14.4517860412598,5.0,-73.2971649169922],"engaged":true,"focused":true,"phase":"racing","render":[-21.1439990997314,0.0,-79.3150024414062],"seconds":18.2258514444445,"seq":544,"stage":10,"v":{"altitude":0.0,"driver":0.0,"flight":false,"gunner":null,"health":300.0,"heat":0.0,"id":0.0,"kind":"puma","maxHealth":300.0,"overheated":false,"passengers":[],"pitchBody":0.0,"respawnTimer":0.0,"roll":0.0,"turretYaw":0.0,"vx":0.0,"vy":0.0,"vz":0.0,"x":-21.144,"y":0.0,"yaw":3.98,"z":-79.315}}
SPORT_SAMPLE {"ack":383,"actor":0,"ball":null,"camera":[-14.4517860412598,5.0,-73.2971649169922],"engaged":false,"focused":true,"phase":"racing","render":[-21.1439990997314,0.0,-79.3150024414062],"seconds":18.4537780000001,"seq":551,"stage":10,"v":{"altitude":0.0,"driver":0.0,"flight":false,"gunner":null,"health":300.0,"heat":0.0,"id":0.0,"kind":"puma","maxHealth":300.0,"overheated":false,"passengers":[],"pitchBody":0.0,"respawnTimer":0.0,"roll":0.0,"turretYaw":0.0,"vx":0.0,"vy":0.0,"vz":0.0,"x":-21.144,"y":0.0,"yaw":3.98,"z":-79.315}}
SPORT_SAMPLE {"ack":388,"actor":0,"ball":null,"camera":[-14.4517860412598,5.0,-73.2971649169922],"engaged":false,"focused":true,"phase":"racing","render":[-21.1439990997314,0.0,-79.3150024414062],"seconds":18.6592086666667,"seq":557,"stage":10,"v":{"altitude":0.0,"driver":0.0,"flight":false,"gunner":null,"health":300.0,"heat":0.0,"id":0.0,"kind":"puma","maxHealth":300.0,"overheated":false,"passengers":[],"pitchBody":0.0,"respawnTimer":0.0,"roll":0.0,"turretYaw":0.0,"vx":0.0,"vy":0.0,"vz":0.0,"x":-21.144,"y":0.0,"yaw":3.98,"z":-79.315}}
SPORT_SAMPLE {"ack":394,"actor":0,"ball":null,"camera":[-14.4517860412598,5.0,-73.2971649169922],"engaged":false,"focused":true,"phase":"racing","render":[-21.1439990997314,0.0,-79.3150024414062],"seconds":18.8710716666667,"seq":564,"stage":10,"v":{"altitude":0.0,"driver":0.0,"flight":false,"gunner":null,"health":300.0,"heat":0.0,"id":0.0,"kind":"puma","maxHealth":300.0,"overheated":false,"passengers":[],"pitchBody":0.0,"respawnTimer":0.0,"roll":0.0,"turretYaw":0.0,"vx":0.0,"vy":0.0,"vz":0.0,"x":-21.144,"y":0.0,"yaw":3.98,"z":-79.315}}
SPORT_SAMPLE {"ack":400,"actor":0,"ball":null,"camera":[-14.4517860412598,5.0,-73.2971649169922],"engaged":false,"focused":true,"phase":"racing","render":[-21.1439990997314,0.0,-79.3150024414062],"seconds":19.0803646666667,"seq":570,"stage":10,"v":{"altitude":0.0,"driver":0.0,"flight":false,"gunner":null,"health":300.0,"heat":0.0,"id":0.0,"kind":"puma","maxHealth":300.0,"overheated":false,"passengers":[],"pitchBody":0.0,"respawnTimer":0.0,"roll":0.0,"turretYaw":0.0,"vx":0.0,"vy":0.0,"vz":0.0,"x":-21.144,"y":0.0,"yaw":3.98,"z":-79.315}}
SPORT_SAMPLE {"ack":406,"actor":0,"ball":null,"camera":[-14.4517860412598,5.0,-73.2971649169922],"engaged":false,"focused":true,"phase":"racing","render":[-21.1439990997314,0.0,-79.3150024414062],"seconds":19.2861111111112,"seq":576,"stage":10,"v":{"altitude":0.0,"driver":0.0,"flight":false,"gunner":null,"health":300.0,"heat":0.0,"id":0.0,"kind":"puma","maxHealth":300.0,"overheated":false,"passengers":[],"pitchBody":0.0,"respawnTimer":0.0,"roll":0.0,"turretYaw":0.0,"vx":0.0,"vy":0.0,"vz":0.0,"x":-21.144,"y":0.0,"yaw":3.98,"z":-79.315}}
SPORT_SAMPLE {"ack":412,"actor":0,"ball":null,"camera":[-14.4517860412598,5.0,-73.2971649169922],"engaged":false,"focused":true,"phase":"racing","render":[-21.1439990997314,0.0,-79.3150024414062],"seconds":19.488888888889,"seq":581,"stage":10,"v":{"altitude":0.0,"driver":0.0,"flight":false,"gunner":null,"health":300.0,"heat":0.0,"id":0.0,"kind":"puma","maxHealth":300.0,"overheated":false,"passengers":[],"pitchBody":0.0,"respawnTimer":0.0,"roll":0.0,"turretYaw":0.0,"vx":0.0,"vy":0.0,"vz":0.0,"x":-21.144,"y":0.0,"yaw":3.98,"z":-79.315}}
SPORT_SAMPLE {"ack":417,"actor":0,"ball":null,"camera":[-14.4517860412598,5.0,-73.2971649169922],"engaged":false,"focused":true,"phase":"racing","render":[-21.1439990997314,0.0,-79.3150024414062],"seconds":19.7181383333334,"seq":588,"stage":10,"v":{"altitude":0.0,"driver":0.0,"flight":false,"gunner":null,"health":300.0,"heat":0.0,"id":0.0,"kind":"puma","maxHealth":300.0,"overheated":false,"passengers":[],"pitchBody":0.0,"respawnTimer":0.0,"roll":0.0,"turretYaw":0.0,"vx":0.0,"vy":0.0,"vz":0.0,"x":-21.144,"y":0.0,"yaw":3.98,"z":-79.315}}
SPORT_SAMPLE {"ack":423,"actor":0,"ball":null,"camera":[-14.4517860412598,5.0,-73.2971649169922],"engaged":false,"focused":true,"phase":"racing","render":[-21.1439990997314,0.0,-79.3150024414062],"seconds":19.9458957777779,"seq":595,"stage":10,"v":{"altitude":0.0,"driver":0.0,"flight":false,"gunner":null,"health":300.0,"heat":0.0,"id":0.0,"kind":"puma","maxHealth":300.0,"overheated":false,"passengers":[],"pitchBody":0.0,"respawnTimer":0.0,"roll":0.0,"turretYaw":0.0,"vx":0.0,"vy":0.0,"vz":0.0,"x":-21.144,"y":0.0,"yaw":3.98,"z":-79.315}}
SPORT_SAMPLE {"ack":428,"actor":0,"ball":null,"camera":[-14.4517860412598,5.0,-73.2971649169922],"engaged":false,"focused":true,"phase":"racing","render":[-21.1439990997314,0.0,-79.3150024414062],"seconds":20.1693946666668,"seq":602,"stage":10,"v":{"altitude":0.0,"driver":0.0,"flight":false,"gunner":null,"health":300.0,"heat":0.0,"id":0.0,"kind":"puma","maxHealth":300.0,"overheated":false,"passengers":[],"pitchBody":0.0,"respawnTimer":0.0,"roll":0.0,"turretYaw":0.0,"vx":0.0,"vy":0.0,"vz":0.0,"x":-21.144,"y":0.0,"yaw":3.98,"z":-79.315}}
SPORT_OBSERVATION_ENDED no_native_completion_marker=true
