Godot Engine v4.5.2.stable.official.6ce3de25a - https://godotengine.org
WARNING: Could not set V-Sync mode, as changing V-Sync mode is not supported by the graphics driver.
     at: set_use_vsync (platform/linuxbsd/x11/gl_manager_x11.cpp:364)
OpenGL API 4.5 (Core Profile) Mesa 25.2.8-0ubuntu0.25.10.2 - Compatibility - Using Device: Mesa - llvmpipe (LLVM 20.1.8, 256 bits)

WORLD_COMMANDS {"ackHighWater":1,"actor":0,"event":"check","inputSeq":2,"message":"ordinary world host ready","ms":4254,"ok":true,"peer":1,"snapshotSeq":1}
WORLD_COMMANDS {"ackHighWater":1,"actor":0,"event":"check","inputSeq":2,"message":"overlay shares the actor movement transport","ms":4254,"ok":true,"peer":1,"snapshotSeq":1}
WORLD_COMMANDS {"ackHighWater":10,"actor":0,"event":"opened","inputSeq":12,"ms":5149,"peer":1,"snapshotSeq":48}
WORLD_COMMANDS {"ackHighWater":10,"actor":0,"event":"check","inputSeq":12,"message":"C releases pointer and blocks capture with controls held","ms":5149,"ok":true,"peer":1,"snapshotSeq":48}
WORLD_COMMANDS {"ackHighWater":10,"actor":0,"event":"check","inputSeq":12,"message":"opening sends no command","ms":5149,"ok":true,"peer":1,"snapshotSeq":48}
WORLD_COMMANDS {"ackHighWater":26,"actor":0,"event":"check","inputSeq":27,"message":"open overlay stops authoritative movement despite held W/fire","ms":5814,"ok":true,"peer":1,"snapshotSeq":73}
WORLD_COMMANDS {"ackHighWater":27,"actor":0,"event":"check","inputSeq":28,"message":"public own-front objective listed","ms":5903,"ok":true,"peer":1,"snapshotSeq":75}
WORLD_COMMANDS {"ackHighWater":29,"actor":0,"event":"check","inputSeq":30,"message":"objective selection has no command side effect","ms":6001,"ok":true,"peer":1,"snapshotSeq":78}
WORLD_COMMANDS {"ackHighWater":33,"actor":0,"event":"check","inputSeq":34,"message":"double HOLD click queues one action without world recapture","ms":6202,"ok":true,"peer":1,"snapshotSeq":84}
WORLD_COMMANDS {"ackHighWater":33,"actor":0,"event":"check","inputSeq":34,"message":"HOLD receives authoritative card status","ms":6202,"ok":true,"peer":1,"snapshotSeq":84}
WORLD_COMMANDS {"ackHighWater":33,"actor":0,"event":"check","inputSeq":34,"message":"source accepts HOLD","ms":6202,"ok":true,"peer":1,"snapshotSeq":84}
WORLD_COMMANDS {"ackHighWater":33,"actions":[{"actionSeq":1,"cardId":"native-r1-p1-s1","kind":"hold","reason":null,"roundRev":1,"status":"pending (server accepted)","target":"front-0"}],"actor":0,"event":"hold-receipt","inputSeq":34,"ms":6202,"peer":1,"snapshotSeq":84}
WORLD_COMMANDS {"ackHighWater":52,"actor":0,"event":"check","inputSeq":53,"message":"co-op recruitment uses current transport window permission","ms":6984,"ok":true,"peer":1,"snapshotSeq":108}
WORLD_COMMANDS {"ackHighWater":52,"actor":0,"event":"coop-window","gate":"Wait for the between-wave recruitment window","inputSeq":53,"ms":6984,"peer":1,"recruitment":{"open":false,"peer":1,"phase":"build_up","sink":{"affordable":true,"available":true,"cost":50.0,"enabled":false},"spawned":0.0,"wave":1.0},"snapshotSeq":108}
WORLD_COMMANDS {"ackHighWater":52,"actor":0,"event":"check","inputSeq":53,"message":"saved commands","ms":7105,"ok":true,"peer":1,"snapshotSeq":108}
WORLD_COMMANDS {"ackHighWater":52,"actor":0,"event":"check","inputSeq":53,"message":"command panel fits native viewport","ms":7105,"ok":true,"peer":1,"snapshotSeq":108}
WORLD_COMMANDS {"ackHighWater":56,"actor":0,"event":"check","inputSeq":57,"message":"closing clears selection and held movement blocks recapture","ms":7244,"ok":true,"peer":1,"snapshotSeq":115}
WORLD_COMMANDS {"ackHighWater":58,"actor":0,"event":"check","inputSeq":59,"message":"key release with mouse still held cannot recapture","ms":7336,"ok":true,"peer":1,"snapshotSeq":117}
WORLD_COMMANDS {"ackHighWater":60,"actor":0,"event":"check","inputSeq":61,"message":"releasing all controls alone does not resume","ms":7420,"ok":true,"peer":1,"snapshotSeq":120}
WORLD_COMMANDS {"ackHighWater":60,"actor":0,"event":"resume-click","inputSeq":61,"ms":7420,"peer":1,"snapshotSeq":120}
WORLD_COMMANDS {"ackHighWater":62,"actor":0,"event":"check","inputSeq":63,"message":"fresh click after release resumes world","ms":7514,"ok":true,"peer":1,"snapshotSeq":123}
WORLD_COMMANDS {"ackHighWater":62,"actor":0,"event":"resumed","inputSeq":63,"ms":7514,"peer":1,"snapshotSeq":123}
WORLD_COMMANDS {"ackHighWater":71,"actor":0,"event":"check","inputSeq":74,"message":"same actor moves after explicit recapture","ms":7974,"ok":true,"peer":1,"snapshotSeq":135}
WORLD_COMMANDS {"ackHighWater":77,"actor":0,"event":"check","inputSeq":78,"message":"saved reopened","ms":8185,"ok":true,"peer":1,"snapshotSeq":139}
WORLD_COMMANDS {"ackHighWater":77,"actions":[{"actionSeq":1,"cardId":"native-r1-p1-s1","kind":"hold","reason":"replaced","roundRev":1,"status":"confirmed","target":"front-0"}],"actor":0,"event":"before-disconnect","inputSeq":78,"ms":8185,"peer":1,"snapshotSeq":139}
WORLD_COMMANDS {"ackHighWater":0,"actor":-1,"event":"check","inputSeq":0,"message":"disconnect clears recipient actions, selection, consent and controls","ms":8214,"ok":true,"peer":-1,"snapshotSeq":-1}
WORLD_COMMANDS {"ackHighWater":0,"actor":-1,"checks":20,"event":"result","failures":0,"inputSeq":0,"ms":8214,"peer":-1,"snapshotSeq":-1}
