Godot Engine v4.5.2.stable.official.6ce3de25a - https://godotengine.org
WARNING: Could not set V-Sync mode, as changing V-Sync mode is not supported by the graphics driver.
     at: set_use_vsync (platform/linuxbsd/x11/gl_manager_x11.cpp:364)
OpenGL API 4.5 (Core Profile) Mesa 25.2.8-0ubuntu0.25.10.2 - Compatibility - Using Device: Mesa - llvmpipe (LLVM 20.1.8, 256 bits)

PHYSICAL {"event":"check","message":"actual board.tscn loaded by engine","ms":12,"ok":true}
PHYSICAL {"event":"check","message":"default list; built-in smoke off","ms":300,"ok":true}
PHYSICAL {"control":"Connect / start","event":"mouse","ms":300,"x":79.5,"y":150.5}
PHYSICAL {"event":"check","message":"Connect reaches real recipient projection","ms":720,"ok":true}
PHYSICAL {"actions":[],"actor":0,"event":"connected","flux":80.033,"history":"No actions submitted.","map":"monsoon-foundry","mode":"cocs","ms":720,"peer":1,"round":1,"selected":"","spawned":0.0,"spent":0.0,"team":0}
PHYSICAL {"control":"List","event":"mouse","ms":720,"x":1228.5,"y":251.5}
PHYSICAL {"code":4194322,"event":"key","ms":854}
PHYSICAL {"code":4194322,"event":"key","ms":880}
PHYSICAL {"code":4194309,"event":"key","ms":891}
PHYSICAL {"event":"check","message":"physical view choice map=true","ms":950,"ok":true}
PHYSICAL {"event":"check","message":"real wire ownership retains team symbols","ms":950,"ok":true}
PHYSICAL {"event":"check","message":"own public frontier is positioned","ms":950,"ok":true}
PHYSICAL {"control":"public marker front-0","event":"mouse","ms":950,"x":373.0,"y":382.625}
PHYSICAL {"event":"check","message":"physical marker click synchronizes ItemList","ms":995,"ok":true}
PHYSICAL {"event":"check","message":"map click receives native keyboard focus","ms":995,"ok":true}
PHYSICAL {"code":4194320,"event":"key","ms":995}
PHYSICAL {"event":"check","message":"map Up browses objective","ms":1012,"ok":true}
PHYSICAL {"code":4194322,"event":"key","ms":1012}
PHYSICAL {"event":"check","message":"map Down restores own frontier","ms":1026,"ok":true}
PHYSICAL {"event":"check","message":"map mouse/keyboard selection sends no orders or purchases","ms":1026,"ok":true}
PHYSICAL {"control":"Map","event":"mouse","ms":1026,"x":1228.5,"y":251.5}
PHYSICAL {"code":4194322,"event":"key","ms":1056}
PHYSICAL {"code":4194309,"event":"key","ms":1075}
PHYSICAL {"event":"check","message":"physical view choice map=false","ms":1091,"ok":true}
PHYSICAL {"event":"check","message":"List retains map-selected target","ms":1091,"ok":true}
PHYSICAL {"control":"List","event":"mouse","ms":1091,"x":1228.5,"y":251.5}
PHYSICAL {"code":4194322,"event":"key","ms":1115}
PHYSICAL {"code":4194322,"event":"key","ms":1139}
PHYSICAL {"code":4194309,"event":"key","ms":1150}
PHYSICAL {"event":"check","message":"physical view choice map=true","ms":1177,"ok":true}
PHYSICAL {"event":"check","message":"view toggles preserve selection","ms":1177,"ok":true}
PHYSICAL {"event":"check","message":"explicit HOLD enabled","ms":1177,"ok":true}
PHYSICAL {"control":"Issue HOLD / GO","event":"mouse","ms":1177,"x":86.0,"y":513.5}
PHYSICAL {"control":"Issue HOLD / GO","event":"mouse","ms":1198,"x":86.0,"y":513.5}
PHYSICAL {"event":"check","message":"rapid HOLD clicks remain deduplicated","ms":1211,"ok":true}
PHYSICAL {"event":"check","message":"HOLD accepted running by real source","ms":1234,"ok":true}
PHYSICAL {"actions":[{"actionSeq":1,"cardId":"native-r1-p1-s1","kind":"hold","reason":null,"roundRev":1,"status":"pending (server accepted)","target":"front-0"}],"actor":0,"event":"map-hold-accepted","flux":80.633,"history":"native-r1-p1-s1 • hold • pending (server accepted)","map":"monsoon-foundry","mode":"cocs","ms":1235,"peer":1,"round":1,"selected":"front-0","spawned":0.0,"spent":0.0,"team":0}
PHYSICAL {"event":"check","message":"map receipt fully visible without scroll","ms":2033,"ok":true}
PHYSICAL {"event":"check","message":"map fits viewport","ms":2033,"ok":true}
PHYSICAL {"event":"check","message":"resources and explicit action visible","ms":2033,"ok":true}
PHYSICAL {"event":"check","message":"saved map-receipts","ms":2077,"ok":true}
PHYSICAL {"control":"Disconnect","event":"mouse","ms":2078,"x":192.0,"y":150.5}
PHYSICAL {"event":"check","message":"physical disconnect clears state and selection","ms":2124,"ok":true}
PHYSICAL {"event":"check","message":"disconnect removes positioned map targets","ms":2124,"ok":true}
PHYSICAL {"control":"empty disconnected map","event":"mouse","ms":2124,"x":106.0,"y":365.0}
PHYSICAL {"code":4194322,"event":"key","ms":2137}
PHYSICAL {"control":"Issue HOLD / GO","event":"mouse","ms":2145,"x":86.0,"y":513.5}
PHYSICAL {"event":"check","message":"empty map keyboard/click cannot select or submit","ms":2168,"ok":true}
PHYSICAL {"event":"check","message":"saved map-disconnected","ms":2209,"ok":true}
PHYSICAL {"checks":26,"event":"result","failures":0,"input":"Input.parse_input_event mouse and physical-key events; not OS input","ms":2210}
