Owned local server ready at ws://127.0.0.1:46049/native-arenas; --smoke
Godot Engine v4.5.2.stable.official.6ce3de25a - https://godotengine.org

ERROR: Cannot open file 'res://.godot/imported/weapon-0.glb-11d8264f936b1c8f03250e8e0e97f472.scn'.
   at: load (core/io/resource_format_binary.cpp:1220)
   GDScript backtrace (most recent call first):
       [0] set_weapon (res://source_operators/operator_visual.gd:130)
       [1] apply_actor (res://source_operators/operator_visual.gd:154)
       [2] apply_state (res://world/presentation.gd:61)
       [3] on_snapshot (res://world/session.gd:431)
       [4] on_snapshot (res://native_arenas/demo.gd:208)
       [5] decode_text (res://net/client.gd:212)
       [6] decode_text (res://native_arenas/client.gd:36)
       [7] _process (res://net/client.gd:243)
ERROR: Failed loading resource: res://.godot/imported/weapon-0.glb-11d8264f936b1c8f03250e8e0e97f472.scn.
   at: _load (core/io/resource_loader.cpp:343)
   GDScript backtrace (most recent call first):
       [0] set_weapon (res://source_operators/operator_visual.gd:130)
       [1] apply_actor (res://source_operators/operator_visual.gd:154)
       [2] apply_state (res://world/presentation.gd:61)
       [3] on_snapshot (res://world/session.gd:431)
       [4] on_snapshot (res://native_arenas/demo.gd:208)
       [5] decode_text (res://net/client.gd:212)
       [6] decode_text (res://native_arenas/client.gd:36)
       [7] _process (res://net/client.gd:243)
ERROR: Failed loading resource: res://source_operators/generated/world_weapons/weapon-0.glb.
   at: _load (core/io/resource_loader.cpp:343)
   GDScript backtrace (most recent call first):
       [0] set_weapon (res://source_operators/operator_visual.gd:130)
       [1] apply_actor (res://source_operators/operator_visual.gd:154)
       [2] apply_state (res://world/presentation.gd:61)
       [3] on_snapshot (res://world/session.gd:431)
       [4] on_snapshot (res://native_arenas/demo.gd:208)
       [5] decode_text (res://net/client.gd:212)
       [6] decode_text (res://native_arenas/client.gd:36)
       [7] _process (res://net/client.gd:243)
ERROR: Cannot open file 'res://.godot/imported/weapon-0.glb-11d8264f936b1c8f03250e8e0e97f472.scn'.
   at: load (core/io/resource_format_binary.cpp:1220)
   GDScript backtrace (most recent call first):
       [0] set_weapon (res://source_operators/operator_visual.gd:130)
       [1] apply_actor (res://source_operators/operator_visual.gd:154)
       [2] apply_state (res://world/presentation.gd:61)
       [3] on_snapshot (res://world/session.gd:431)
       [4] on_snapshot (res://native_arenas/demo.gd:208)
       [5] decode_text (res://net/client.gd:212)
       [6] decode_text (res://native_arenas/client.gd:36)
       [7] _process (res://net/client.gd:243)
ERROR: Failed loading resource: res://.godot/imported/weapon-0.glb-11d8264f936b1c8f03250e8e0e97f472.scn.
   at: _load (core/io/resource_loader.cpp:343)
   GDScript backtrace (most recent call first):
       [0] set_weapon (res://source_operators/operator_visual.gd:130)
       [1] apply_actor (res://source_operators/operator_visual.gd:154)
       [2] apply_state (res://world/presentation.gd:61)
       [3] on_snapshot (res://world/session.gd:431)
       [4] on_snapshot (res://native_arenas/demo.gd:208)
       [5] decode_text (res://net/client.gd:212)
       [6] decode_text (res://native_arenas/client.gd:36)
       [7] _process (res://net/client.gd:243)
ERROR: Failed loading resource: res://source_operators/generated/world_weapons/weapon-0.glb.
   at: _load (core/io/resource_loader.cpp:343)
   GDScript backtrace (most recent call first):
       [0] set_weapon (res://source_operators/operator_visual.gd:130)
       [1] apply_actor (res://source_operators/operator_visual.gd:154)
       [2] apply_state (res://world/presentation.gd:61)
       [3] on_snapshot (res://world/session.gd:431)
       [4] on_snapshot (res://native_arenas/demo.gd:208)
       [5] decode_text (res://net/client.gd:212)
       [6] decode_text (res://native_arenas/client.gd:36)
       [7] _process (res://net/client.gd:243)
ERROR: Cannot open file 'res://.godot/imported/weapon-0.glb-11d8264f936b1c8f03250e8e0e97f472.scn'.
   at: load (core/io/resource_format_binary.cpp:1220)
   GDScript backtrace (most recent call first):
       [0] set_weapon (res://source_operators/operator_visual.gd:130)
       [1] apply_actor (res://source_operators/operator_visual.gd:154)
       [2] apply_state (res://world/presentation.gd:61)
       [3] on_snapshot (res://world/session.gd:431)
       [4] on_snapshot (res://native_arenas/demo.gd:208)
       [5] decode_text (res://net/client.gd:212)
       [6] decode_text (res://native_arenas/client.gd:36)
       [7] _process (res://net/client.gd:243)
ERROR: Failed loading resource: res://.godot/imported/weapon-0.glb-11d8264f936b1c8f03250e8e0e97f472.scn.
   at: _load (core/io/resource_loader.cpp:343)
   GDScript backtrace (most recent call first):
       [0] set_weapon (res://source_operators/operator_visual.gd:130)
       [1] apply_actor (res://source_operators/operator_visual.gd:154)
       [2] apply_state (res://world/presentation.gd:61)
       [3] on_snapshot (res://world/session.gd:431)
       [4] on_snapshot (res://native_arenas/demo.gd:208)
       [5] decode_text (res://net/client.gd:212)
       [6] decode_text (res://native_arenas/client.gd:36)
       [7] _process (res://net/client.gd:243)
ERROR: Failed loading resource: res://source_operators/generated/world_weapons/weapon-0.glb.
   at: _load (core/io/resource_loader.cpp:343)
   GDScript backtrace (most recent call first):
       [0] set_weapon (res://source_operators/operator_visual.gd:130)
       [1] apply_actor (res://source_operators/operator_visual.gd:154)
       [2] apply_state (res://world/presentation.gd:61)
       [3] on_snapshot (res://world/session.gd:431)
       [4] on_snapshot (res://native_arenas/demo.gd:208)
       [5] decode_text (res://net/client.gd:212)
       [6] decode_text (res://native_arenas/client.gd:36)
       [7] _process (res://net/client.gd:243)
ERROR: Cannot open file 'res://.godot/imported/weapon-0.glb-11d8264f936b1c8f03250e8e0e97f472.scn'.
   at: load (core/io/resource_format_binary.cpp:1220)
   GDScript backtrace (most recent call first):
       [0] set_weapon (res://source_operators/operator_visual.gd:130)
       [1] apply_actor (res://source_operators/operator_visual.gd:154)
       [2] apply_state (res://world/presentation.gd:61)
       [3] on_snapshot (res://world/session.gd:431)
       [4] on_snapshot (res://native_arenas/demo.gd:208)
       [5] decode_text (res://net/client.gd:212)
       [6] decode_text (res://native_arenas/client.gd:36)
       [7] _process (res://net/client.gd:243)
ERROR: Failed loading resource: res://.godot/imported/weapon-0.glb-11d8264f936b1c8f03250e8e0e97f472.scn.
   at: _load (core/io/resource_loader.cpp:343)
   GDScript backtrace (most recent call first):
       [0] set_weapon (res://source_operators/operator_visual.gd:130)
       [1] apply_actor (res://source_operators/operator_visual.gd:154)
       [2] apply_state (res://world/presentation.gd:61)
       [3] on_snapshot (res://world/session.gd:431)
       [4] on_snapshot (res://native_arenas/demo.gd:208)
       [5] decode_text (res://net/client.gd:212)
       [6] decode_text (res://native_arenas/client.gd:36)
       [7] _process (res://net/client.gd:243)
ERROR: Failed loading resource: res://source_operators/generated/world_weapons/weapon-0.glb.
   at: _load (core/io/resource_loader.cpp:343)
   GDScript backtrace (most recent call first):
       [0] set_weapon (res://source_operators/operator_visual.gd:130)
       [1] apply_actor (res://source_operators/operator_visual.gd:154)
       [2] apply_state (res://world/presentation.gd:61)
       [3] on_snapshot (res://world/session.gd:431)
       [4] on_snapshot (res://native_arenas/demo.gd:208)
       [5] decode_text (res://net/client.gd:212)
       [6] decode_text (res://native_arenas/client.gd:36)
       [7] _process (res://net/client.gd:243)
ERROR: Cannot open file 'res://.godot/imported/weapon-0.glb-11d8264f936b1c8f03250e8e0e97f472.scn'.
   at: load (core/io/resource_format_binary.cpp:1220)
   GDScript backtrace (most recent call first):
       [0] set_weapon (res://source_operators/operator_visual.gd:130)
       [1] apply_actor (res://source_operators/operator_visual.gd:154)
       [2] apply_state (res://world/presentation.gd:61)
       [3] on_snapshot (res://world/session.gd:431)
       [4] on_snapshot (res://native_arenas/demo.gd:208)
       [5] decode_text (res://net/client.gd:212)
       [6] decode_text (res://native_arenas/client.gd:36)
       [7] _process (res://net/client.gd:243)
ERROR: Failed loading resource: res://.godot/imported/weapon-0.glb-11d8264f936b1c8f03250e8e0e97f472.scn.
   at: _load (core/io/resource_loader.cpp:343)
   GDScript backtrace (most recent call first):
       [0] set_weapon (res://source_operators/operator_visual.gd:130)
       [1] apply_actor (res://source_operators/operator_visual.gd:154)
       [2] apply_state (res://world/presentation.gd:61)
       [3] on_snapshot (res://world/session.gd:431)
       [4] on_snapshot (res://native_arenas/demo.gd:208)
       [5] decode_text (res://net/client.gd:212)
       [6] decode_text (res://native_arenas/client.gd:36)
       [7] _process (res://net/client.gd:243)
ERROR: Failed loading resource: res://source_operators/generated/world_weapons/weapon-0.glb.
   at: _load (core/io/resource_loader.cpp:343)
   GDScript backtrace (most recent call first):
       [0] set_weapon (res://source_operators/operator_visual.gd:130)
       [1] apply_actor (res://source_operators/operator_visual.gd:154)
       [2] apply_state (res://world/presentation.gd:61)
       [3] on_snapshot (res://world/session.gd:431)
       [4] on_snapshot (res://native_arenas/demo.gd:208)
       [5] decode_text (res://net/client.gd:212)
       [6] decode_text (res://native_arenas/client.gd:36)
       [7] _process (res://net/client.gd:243)
ERROR: Cannot open file 'res://.godot/imported/weapon-0.glb-11d8264f936b1c8f03250e8e0e97f472.scn'.
   at: load (core/io/resource_format_binary.cpp:1220)
   GDScript backtrace (most recent call first):
       [0] set_weapon (res://source_operators/operator_visual.gd:130)
       [1] apply_actor (res://source_operators/operator_visual.gd:154)
       [2] apply_state (res://world/presentation.gd:61)
       [3] on_snapshot (res://world/session.gd:431)
       [4] on_snapshot (res://native_arenas/demo.gd:208)
       [5] decode_text (res://net/client.gd:212)
       [6] decode_text (res://native_arenas/client.gd:36)
       [7] _process (res://net/client.gd:243)
ERROR: Failed loading resource: res://.godot/imported/weapon-0.glb-11d8264f936b1c8f03250e8e0e97f472.scn.
   at: _load (core/io/resource_loader.cpp:343)
   GDScript backtrace (most recent call first):
       [0] set_weapon (res://source_operators/operator_visual.gd:130)
       [1] apply_actor (res://source_operators/operator_visual.gd:154)
       [2] apply_state (res://world/presentation.gd:61)
       [3] on_snapshot (res://world/session.gd:431)
       [4] on_snapshot (res://native_arenas/demo.gd:208)
       [5] decode_text (res://net/client.gd:212)
       [6] decode_text (res://native_arenas/client.gd:36)
       [7] _process (res://net/client.gd:243)
ERROR: Failed loading resource: res://source_operators/generated/world_weapons/weapon-0.glb.
   at: _load (core/io/resource_loader.cpp:343)
   GDScript backtrace (most recent call first):
       [0] set_weapon (res://source_operators/operator_visual.gd:130)
       [1] apply_actor (res://source_operators/operator_visual.gd:154)
       [2] apply_state (res://world/presentation.gd:61)
       [3] on_snapshot (res://world/session.gd:431)
       [4] on_snapshot (res://native_arenas/demo.gd:208)
       [5] decode_text (res://net/client.gd:212)
       [6] decode_text (res://native_arenas/client.gd:36)
       [7] _process (res://net/client.gd:243)
ERROR: Cannot open file 'res://.godot/imported/weapon-0.glb-11d8264f936b1c8f03250e8e0e97f472.scn'.
   at: load (core/io/resource_format_binary.cpp:1220)
   GDScript backtrace (most recent call first):
       [0] set_weapon (res://source_operators/operator_visual.gd:130)
       [1] apply_actor (res://source_operators/operator_visual.gd:154)
       [2] apply_state (res://world/presentation.gd:61)
       [3] on_snapshot (res://world/session.gd:431)
       [4] on_snapshot (res://native_arenas/demo.gd:208)
       [5] decode_text (res://net/client.gd:212)
       [6] decode_text (res://native_arenas/client.gd:36)
       [7] _process (res://net/client.gd:243)
ERROR: Failed loading resource: res://.godot/imported/weapon-0.glb-11d8264f936b1c8f03250e8e0e97f472.scn.
   at: _load (core/io/resource_loader.cpp:343)
   GDScript backtrace (most recent call first):
       [0] set_weapon (res://source_operators/operator_visual.gd:130)
       [1] apply_actor (res://source_operators/operator_visual.gd:154)
       [2] apply_state (res://world/presentation.gd:61)
       [3] on_snapshot (res://world/session.gd:431)
       [4] on_snapshot (res://native_arenas/demo.gd:208)
       [5] decode_text (res://net/client.gd:212)
       [6] decode_text (res://native_arenas/client.gd:36)
       [7] _process (res://net/client.gd:243)
ERROR: Failed loading resource: res://source_operators/generated/world_weapons/weapon-0.glb.
   at: _load (core/io/resource_loader.cpp:343)
   GDScript backtrace (most recent call first):
       [0] set_weapon (res://source_operators/operator_visual.gd:130)
       [1] apply_actor (res://source_operators/operator_visual.gd:154)
       [2] apply_state (res://world/presentation.gd:61)
       [3] on_snapshot (res://world/session.gd:431)
       [4] on_snapshot (res://native_arenas/demo.gd:208)
       [5] decode_text (res://net/client.gd:212)
       [6] decode_text (res://native_arenas/client.gd:36)
       [7] _process (res://net/client.gd:243)
ERROR: Cannot open file 'res://.godot/imported/weapon-0.glb-11d8264f936b1c8f03250e8e0e97f472.scn'.
   at: load (core/io/resource_format_binary.cpp:1220)
   GDScript backtrace (most recent call first):
       [0] set_weapon (res://source_operators/operator_visual.gd:130)
       [1] apply_actor (res://source_operators/operator_visual.gd:154)
       [2] apply_state (res://world/presentation.gd:61)
       [3] on_snapshot (res://world/session.gd:431)
       [4] on_snapshot (res://native_arenas/demo.gd:208)
       [5] decode_text (res://net/client.gd:212)
       [6] decode_text (res://native_arenas/client.gd:36)
       [7] _process (res://net/client.gd:243)
ERROR: Failed loading resource: res://.godot/imported/weapon-0.glb-11d8264f936b1c8f03250e8e0e97f472.scn.
   at: _load (core/io/resource_loader.cpp:343)
   GDScript backtrace (most recent call first):
       [0] set_weapon (res://source_operators/operator_visual.gd:130)
       [1] apply_actor (res://source_operators/operator_visual.gd:154)
       [2] apply_state (res://world/presentation.gd:61)
       [3] on_snapshot (res://world/session.gd:431)
       [4] on_snapshot (res://native_arenas/demo.gd:208)
       [5] decode_text (res://net/client.gd:212)
       [6] decode_text (res://native_arenas/client.gd:36)
       [7] _process (res://net/client.gd:243)
ERROR: Failed loading resource: res://source_operators/generated/world_weapons/weapon-0.glb.
   at: _load (core/io/resource_loader.cpp:343)
   GDScript backtrace (most recent call first):
       [0] set_weapon (res://source_operators/operator_visual.gd:130)
       [1] apply_actor (res://source_operators/operator_visual.gd:154)
       [2] apply_state (res://world/presentation.gd:61)
       [3] on_snapshot (res://world/session.gd:431)
       [4] on_snapshot (res://native_arenas/demo.gd:208)
       [5] decode_text (res://net/client.gd:212)
       [6] decode_text (res://native_arenas/client.gd:36)
       [7] _process (res://net/client.gd:243)
ERROR: Cannot open file 'res://.godot/imported/weapon-0.glb-11d8264f936b1c8f03250e8e0e97f472.scn'.
   at: load (core/io/resource_format_binary.cpp:1220)
   GDScript backtrace (most recent call first):
       [0] set_weapon (res://source_operators/operator_visual.gd:130)
       [1] apply_actor (res://source_operators/operator_visual.gd:154)
       [2] apply_state (res://world/presentation.gd:61)
       [3] on_snapshot (res://world/session.gd:431)
       [4] on_snapshot (res://native_arenas/demo.gd:208)
       [5] decode_text (res://net/client.gd:212)
       [6] decode_text (res://native_arenas/client.gd:36)
       [7] _process (res://net/client.gd:243)
ERROR: Failed loading resource: res://.godot/imported/weapon-0.glb-11d8264f936b1c8f03250e8e0e97f472.scn.
   at: _load (core/io/resource_loader.cpp:343)
   GDScript backtrace (most recent call first):
       [0] set_weapon (res://source_operators/operator_visual.gd:130)
       [1] apply_actor (res://source_operators/operator_visual.gd:154)
       [2] apply_state (res://world/presentation.gd:61)
       [3] on_snapshot (res://world/session.gd:431)
       [4] on_snapshot (res://native_arenas/demo.gd:208)
       [5] decode_text (res://net/client.gd:212)
       [6] decode_text (res://native_arenas/client.gd:36)
       [7] _process (res://net/client.gd:243)
ERROR: Failed loading resource: res://source_operators/generated/world_weapons/weapon-0.glb.
   at: _load (core/io/resource_loader.cpp:343)
   GDScript backtrace (most recent call first):
       [0] set_weapon (res://source_operators/operator_visual.gd:130)
       [1] apply_actor (res://source_operators/operator_visual.gd:154)
       [2] apply_state (res://world/presentation.gd:61)
       [3] on_snapshot (res://world/session.gd:431)
       [4] on_snapshot (res://native_arenas/demo.gd:208)
       [5] decode_text (res://net/client.gd:212)
       [6] decode_text (res://native_arenas/client.gd:36)
       [7] _process (res://net/client.gd:243)
ERROR: Cannot open file 'res://.godot/imported/weapon-0.glb-11d8264f936b1c8f03250e8e0e97f472.scn'.
   at: load (core/io/resource_format_binary.cpp:1220)
   GDScript backtrace (most recent call first):
       [0] set_weapon (res://source_operators/operator_visual.gd:130)
       [1] apply_actor (res://source_operators/operator_visual.gd:154)
       [2] apply_state (res://world/presentation.gd:61)
       [3] on_snapshot (res://world/session.gd:431)
       [4] on_snapshot (res://native_arenas/demo.gd:208)
       [5] decode_text (res://net/client.gd:212)
       [6] decode_text (res://native_arenas/client.gd:36)
       [7] _process (res://net/client.gd:243)
ERROR: Failed loading resource: res://.godot/imported/weapon-0.glb-11d8264f936b1c8f03250e8e0e97f472.scn.
   at: _load (core/io/resource_loader.cpp:343)
   GDScript backtrace (most recent call first):
       [0] set_weapon (res://source_operators/operator_visual.gd:130)
       [1] apply_actor (res://source_operators/operator_visual.gd:154)
       [2] apply_state (res://world/presentation.gd:61)
       [3] on_snapshot (res://world/session.gd:431)
       [4] on_snapshot (res://native_arenas/demo.gd:208)
       [5] decode_text (res://net/client.gd:212)
       [6] decode_text (res://native_arenas/client.gd:36)
       [7] _process (res://net/client.gd:243)
ERROR: Failed loading resource: res://source_operators/generated/world_weapons/weapon-0.glb.
   at: _load (core/io/resource_loader.cpp:343)
   GDScript backtrace (most recent call first):
       [0] set_weapon (res://source_operators/operator_visual.gd:130)
       [1] apply_actor (res://source_operators/operator_visual.gd:154)
       [2] apply_state (res://world/presentation.gd:61)
       [3] on_snapshot (res://world/session.gd:431)
       [4] on_snapshot (res://native_arenas/demo.gd:208)
       [5] decode_text (res://net/client.gd:212)
       [6] decode_text (res://native_arenas/client.gd:36)
       [7] _process (res://net/client.gd:243)
ERROR: Cannot open file 'res://.godot/imported/weapon-0.glb-11d8264f936b1c8f03250e8e0e97f472.scn'.
   at: load (core/io/resource_format_binary.cpp:1220)
   GDScript backtrace (most recent call first):
       [0] set_weapon (res://source_operators/operator_visual.gd:130)
       [1] apply_actor (res://source_operators/operator_visual.gd:154)
       [2] apply_state (res://world/presentation.gd:61)
       [3] on_snapshot (res://world/session.gd:431)
       [4] on_snapshot (res://native_arenas/demo.gd:208)
       [5] decode_text (res://net/client.gd:212)
       [6] decode_text (res://native_arenas/client.gd:36)
       [7] _process (res://net/client.gd:243)
ERROR: Failed loading resource: res://.godot/imported/weapon-0.glb-11d8264f936b1c8f03250e8e0e97f472.scn.
   at: _load (core/io/resource_loader.cpp:343)
   GDScript backtrace (most recent call first):
       [0] set_weapon (res://source_operators/operator_visual.gd:130)
       [1] apply_actor (res://source_operators/operator_visual.gd:154)
       [2] apply_state (res://world/presentation.gd:61)
       [3] on_snapshot (res://world/session.gd:431)
       [4] on_snapshot (res://native_arenas/demo.gd:208)
       [5] decode_text (res://net/client.gd:212)
       [6] decode_text (res://native_arenas/client.gd:36)
       [7] _process (res://net/client.gd:243)
ERROR: Failed loading resource: res://source_operators/generated/world_weapons/weapon-0.glb.
   at: _load (core/io/resource_loader.cpp:343)
   GDScript backtrace (most recent call first):
       [0] set_weapon (res://source_operators/operator_visual.gd:130)
       [1] apply_actor (res://source_operators/operator_visual.gd:154)
       [2] apply_state (res://world/presentation.gd:61)
       [3] on_snapshot (res://world/session.gd:431)
       [4] on_snapshot (res://native_arenas/demo.gd:208)
       [5] decode_text (res://net/client.gd:212)
       [6] decode_text (res://native_arenas/client.gd:36)
       [7] _process (res://net/client.gd:243)
ERROR: Cannot open file 'res://.godot/imported/weapon-0.glb-11d8264f936b1c8f03250e8e0e97f472.scn'.
   at: load (core/io/resource_format_binary.cpp:1220)
   GDScript backtrace (most recent call first):
       [0] set_weapon (res://source_operators/operator_visual.gd:130)
       [1] apply_actor (res://source_operators/operator_visual.gd:154)
       [2] apply_state (res://world/presentation.gd:61)
       [3] on_snapshot (res://world/session.gd:431)
       [4] on_snapshot (res://native_arenas/demo.gd:208)
       [5] decode_text (res://net/client.gd:212)
       [6] decode_text (res://native_arenas/client.gd:36)
       [7] _process (res://net/client.gd:243)
ERROR: Failed loading resource: res://.godot/imported/weapon-0.glb-11d8264f936b1c8f03250e8e0e97f472.scn.
   at: _load (core/io/resource_loader.cpp:343)
   GDScript backtrace (most recent call first):
       [0] set_weapon (res://source_operators/operator_visual.gd:130)
       [1] apply_actor (res://source_operators/operator_visual.gd:154)
       [2] apply_state (res://world/presentation.gd:61)
       [3] on_snapshot (res://world/session.gd:431)
       [4] on_snapshot (res://native_arenas/demo.gd:208)
       [5] decode_text (res://net/client.gd:212)
       [6] decode_text (res://native_arenas/client.gd:36)
       [7] _process (res://net/client.gd:243)
ERROR: Failed loading resource: res://source_operators/generated/world_weapons/weapon-0.glb.
   at: _load (core/io/resource_loader.cpp:343)
   GDScript backtrace (most recent call first):
       [0] set_weapon (res://source_operators/operator_visual.gd:130)
       [1] apply_actor (res://source_operators/operator_visual.gd:154)
       [2] apply_state (res://world/presentation.gd:61)
       [3] on_snapshot (res://world/session.gd:431)
       [4] on_snapshot (res://native_arenas/demo.gd:208)
       [5] decode_text (res://net/client.gd:212)
       [6] decode_text (res://native_arenas/client.gd:36)
       [7] _process (res://net/client.gd:243)
ERROR: Cannot open file 'res://.godot/imported/weapon-0.glb-11d8264f936b1c8f03250e8e0e97f472.scn'.
   at: load (core/io/resource_format_binary.cpp:1220)
   GDScript backtrace (most recent call first):
       [0] set_weapon (res://source_operators/operator_visual.gd:130)
       [1] apply_actor (res://source_operators/operator_visual.gd:154)
       [2] apply_state (res://world/presentation.gd:61)
       [3] on_snapshot (res://world/session.gd:431)
       [4] on_snapshot (res://native_arenas/demo.gd:208)
       [5] decode_text (res://net/client.gd:212)
       [6] decode_text (res://native_arenas/client.gd:36)
       [7] _process (res://net/client.gd:243)
ERROR: Failed loading resource: res://.godot/imported/weapon-0.glb-11d8264f936b1c8f03250e8e0e97f472.scn.
   at: _load (core/io/resource_loader.cpp:343)
   GDScript backtrace (most recent call first):
       [0] set_weapon (res://source_operators/operator_visual.gd:130)
       [1] apply_actor (res://source_operators/operator_visual.gd:154)
       [2] apply_state (res://world/presentation.gd:61)
       [3] on_snapshot (res://world/session.gd:431)
       [4] on_snapshot (res://native_arenas/demo.gd:208)
       [5] decode_text (res://net/client.gd:212)
       [6] decode_text (res://native_arenas/client.gd:36)
       [7] _process (res://net/client.gd:243)
ERROR: Failed loading resource: res://source_operators/generated/world_weapons/weapon-0.glb.
   at: _load (core/io/resource_loader.cpp:343)
   GDScript backtrace (most recent call first):
       [0] set_weapon (res://source_operators/operator_visual.gd:130)
       [1] apply_actor (res://source_operators/operator_visual.gd:154)
       [2] apply_state (res://world/presentation.gd:61)
       [3] on_snapshot (res://world/session.gd:431)
       [4] on_snapshot (res://native_arenas/demo.gd:208)
       [5] decode_text (res://net/client.gd:212)
       [6] decode_text (res://native_arenas/client.gd:36)
       [7] _process (res://net/client.gd:243)
ERROR: Cannot open file 'res://.godot/imported/weapon-0.glb-11d8264f936b1c8f03250e8e0e97f472.scn'.
   at: load (core/io/resource_format_binary.cpp:1220)
   GDScript backtrace (most recent call first):
       [0] set_weapon (res://source_operators/operator_visual.gd:130)
       [1] apply_actor (res://source_operators/operator_visual.gd:154)
       [2] apply_state (res://world/presentation.gd:61)
       [3] on_snapshot (res://world/session.gd:431)
       [4] on_snapshot (res://native_arenas/demo.gd:208)
       [5] decode_text (res://net/client.gd:212)
       [6] decode_text (res://native_arenas/client.gd:36)
       [7] _process (res://net/client.gd:243)
ERROR: Failed loading resource: res://.godot/imported/weapon-0.glb-11d8264f936b1c8f03250e8e0e97f472.scn.
   at: _load (core/io/resource_loader.cpp:343)
   GDScript backtrace (most recent call first):
       [0] set_weapon (res://source_operators/operator_visual.gd:130)
       [1] apply_actor (res://source_operators/operator_visual.gd:154)
       [2] apply_state (res://world/presentation.gd:61)
       [3] on_snapshot (res://world/session.gd:431)
       [4] on_snapshot (res://native_arenas/demo.gd:208)
       [5] decode_text (res://net/client.gd:212)
       [6] decode_text (res://native_arenas/client.gd:36)
       [7] _process (res://net/client.gd:243)
ERROR: Failed loading resource: res://source_operators/generated/world_weapons/weapon-0.glb.
   at: _load (core/io/resource_loader.cpp:343)
   GDScript backtrace (most recent call first):
       [0] set_weapon (res://source_operators/operator_visual.gd:130)
       [1] apply_actor (res://source_operators/operator_visual.gd:154)
       [2] apply_state (res://world/presentation.gd:61)
       [3] on_snapshot (res://world/session.gd:431)
       [4] on_snapshot (res://native_arenas/demo.gd:208)
       [5] decode_text (res://net/client.gd:212)
       [6] decode_text (res://native_arenas/client.gd:36)
       [7] _process (res://net/client.gd:243)
ERROR: Cannot open file 'res://.godot/imported/weapon-0.glb-11d8264f936b1c8f03250e8e0e97f472.scn'.
   at: load (core/io/resource_format_binary.cpp:1220)
   GDScript backtrace (most recent call first):
       [0] set_weapon (res://source_operators/operator_visual.gd:130)
       [1] apply_actor (res://source_operators/operator_visual.gd:154)
       [2] apply_state (res://world/presentation.gd:61)
       [3] on_snapshot (res://world/session.gd:431)
       [4] on_snapshot (res://native_arenas/demo.gd:208)
       [5] decode_text (res://net/client.gd:212)
       [6] decode_text (res://native_arenas/client.gd:36)
       [7] _process (res://net/client.gd:243)
ERROR: Failed loading resource: res://.godot/imported/weapon-0.glb-11d8264f936b1c8f03250e8e0e97f472.scn.
   at: _load (core/io/resource_loader.cpp:343)
   GDScript backtrace (most recent call first):
       [0] set_weapon (res://source_operators/operator_visual.gd:130)
       [1] apply_actor (res://source_operators/operator_visual.gd:154)
       [2] apply_state (res://world/presentation.gd:61)
       [3] on_snapshot (res://world/session.gd:431)
       [4] on_snapshot (res://native_arenas/demo.gd:208)
       [5] decode_text (res://net/client.gd:212)
       [6] decode_text (res://native_arenas/client.gd:36)
       [7] _process (res://net/client.gd:243)
ERROR: Failed loading resource: res://source_operators/generated/world_weapons/weapon-0.glb.
   at: _load (core/io/resource_loader.cpp:343)
   GDScript backtrace (most recent call first):
       [0] set_weapon (res://source_operators/operator_visual.gd:130)
       [1] apply_actor (res://source_operators/operator_visual.gd:154)
       [2] apply_state (res://world/presentation.gd:61)
       [3] on_snapshot (res://world/session.gd:431)
       [4] on_snapshot (res://native_arenas/demo.gd:208)
       [5] decode_text (res://net/client.gd:212)
       [6] decode_text (res://native_arenas/client.gd:36)
       [7] _process (res://net/client.gd:243)
ERROR: Cannot open file 'res://.godot/imported/weapon-0.glb-11d8264f936b1c8f03250e8e0e97f472.scn'.
   at: load (core/io/resource_format_binary.cpp:1220)
   GDScript backtrace (most recent call first):
       [0] set_weapon (res://source_operators/operator_visual.gd:130)
       [1] apply_actor (res://source_operators/operator_visual.gd:154)
       [2] apply_state (res://world/presentation.gd:61)
       [3] on_snapshot (res://world/session.gd:431)
       [4] on_snapshot (res://native_arenas/demo.gd:208)
       [5] decode_text (res://net/client.gd:212)
       [6] decode_text (res://native_arenas/client.gd:36)
       [7] _process (res://net/client.gd:243)
ERROR: Failed loading resource: res://.godot/imported/weapon-0.glb-11d8264f936b1c8f03250e8e0e97f472.scn.
   at: _load (core/io/resource_loader.cpp:343)
   GDScript backtrace (most recent call first):
       [0] set_weapon (res://source_operators/operator_visual.gd:130)
       [1] apply_actor (res://source_operators/operator_visual.gd:154)
       [2] apply_state (res://world/presentation.gd:61)
       [3] on_snapshot (res://world/session.gd:431)
       [4] on_snapshot (res://native_arenas/demo.gd:208)
       [5] decode_text (res://net/client.gd:212)
       [6] decode_text (res://native_arenas/client.gd:36)
       [7] _process (res://net/client.gd:243)
ERROR: Failed loading resource: res://source_operators/generated/world_weapons/weapon-0.glb.
   at: _load (core/io/resource_loader.cpp:343)
   GDScript backtrace (most recent call first):
       [0] set_weapon (res://source_operators/operator_visual.gd:130)
       [1] apply_actor (res://source_operators/operator_visual.gd:154)
       [2] apply_state (res://world/presentation.gd:61)
       [3] on_snapshot (res://world/session.gd:431)
       [4] on_snapshot (res://native_arenas/demo.gd:208)
       [5] decode_text (res://net/client.gd:212)
       [6] decode_text (res://native_arenas/client.gd:36)
       [7] _process (res://net/client.gd:243)
ERROR: Cannot open file 'res://.godot/imported/weapon-0.glb-11d8264f936b1c8f03250e8e0e97f472.scn'.
   at: load (core/io/resource_format_binary.cpp:1220)
   GDScript backtrace (most recent call first):
       [0] set_weapon (res://source_operators/operator_visual.gd:130)
       [1] apply_actor (res://source_operators/operator_visual.gd:154)
       [2] apply_state (res://world/presentation.gd:61)
       [3] on_snapshot (res://world/session.gd:431)
       [4] on_snapshot (res://native_arenas/demo.gd:208)
       [5] decode_text (res://net/client.gd:212)
       [6] decode_text (res://native_arenas/client.gd:36)
       [7] _process (res://net/client.gd:243)
ERROR: Failed loading resource: res://.godot/imported/weapon-0.glb-11d8264f936b1c8f03250e8e0e97f472.scn.
   at: _load (core/io/resource_loader.cpp:343)
   GDScript backtrace (most recent call first):
       [0] set_weapon (res://source_operators/operator_visual.gd:130)
       [1] apply_actor (res://source_operators/operator_visual.gd:154)
       [2] apply_state (res://world/presentation.gd:61)
       [3] on_snapshot (res://world/session.gd:431)
       [4] on_snapshot (res://native_arenas/demo.gd:208)
       [5] decode_text (res://net/client.gd:212)
       [6] decode_text (res://native_arenas/client.gd:36)
       [7] _process (res://net/client.gd:243)
ERROR: Failed loading resource: res://source_operators/generated/world_weapons/weapon-0.glb.
   at: _load (core/io/resource_loader.cpp:343)
   GDScript backtrace (most recent call first):
       [0] set_weapon (res://source_operators/operator_visual.gd:130)
       [1] apply_actor (res://source_operators/operator_visual.gd:154)
       [2] apply_state (res://world/presentation.gd:61)
       [3] on_snapshot (res://world/session.gd:431)
       [4] on_snapshot (res://native_arenas/demo.gd:208)
       [5] decode_text (res://net/client.gd:212)
       [6] decode_text (res://native_arenas/client.gd:36)
       [7] _process (res://net/client.gd:243)
ERROR: Cannot open file 'res://.godot/imported/weapon-0.glb-11d8264f936b1c8f03250e8e0e97f472.scn'.
   at: load (core/io/resource_format_binary.cpp:1220)
   GDScript backtrace (most recent call first):
       [0] set_weapon (res://source_operators/operator_visual.gd:130)
       [1] apply_actor (res://source_operators/operator_visual.gd:154)
       [2] apply_state (res://world/presentation.gd:61)
       [3] on_snapshot (res://world/session.gd:431)
       [4] on_snapshot (res://native_arenas/demo.gd:208)
       [5] decode_text (res://net/client.gd:212)
       [6] decode_text (res://native_arenas/client.gd:36)
       [7] _process (res://net/client.gd:243)
ERROR: Failed loading resource: res://.godot/imported/weapon-0.glb-11d8264f936b1c8f03250e8e0e97f472.scn.
   at: _load (core/io/resource_loader.cpp:343)
   GDScript backtrace (most recent call first):
       [0] set_weapon (res://source_operators/operator_visual.gd:130)
       [1] apply_actor (res://source_operators/operator_visual.gd:154)
       [2] apply_state (res://world/presentation.gd:61)
       [3] on_snapshot (res://world/session.gd:431)
       [4] on_snapshot (res://native_arenas/demo.gd:208)
       [5] decode_text (res://net/client.gd:212)
       [6] decode_text (res://native_arenas/client.gd:36)
       [7] _process (res://net/client.gd:243)
ERROR: Failed loading resource: res://source_operators/generated/world_weapons/weapon-0.glb.
   at: _load (core/io/resource_loader.cpp:343)
   GDScript backtrace (most recent call first):
       [0] set_weapon (res://source_operators/operator_visual.gd:130)
       [1] apply_actor (res://source_operators/operator_visual.gd:154)
       [2] apply_state (res://world/presentation.gd:61)
       [3] on_snapshot (res://world/session.gd:431)
       [4] on_snapshot (res://native_arenas/demo.gd:208)
       [5] decode_text (res://net/client.gd:212)
       [6] decode_text (res://native_arenas/client.gd:36)
       [7] _process (res://net/client.gd:243)
ERROR: Cannot open file 'res://.godot/imported/weapon-0.glb-11d8264f936b1c8f03250e8e0e97f472.scn'.
   at: load (core/io/resource_format_binary.cpp:1220)
   GDScript backtrace (most recent call first):
       [0] set_weapon (res://source_operators/operator_visual.gd:130)
       [1] apply_actor (res://source_operators/operator_visual.gd:154)
       [2] apply_state (res://world/presentation.gd:61)
       [3] on_snapshot (res://world/session.gd:431)
       [4] on_snapshot (res://native_arenas/demo.gd:208)
       [5] decode_text (res://net/client.gd:212)
       [6] decode_text (res://native_arenas/client.gd:36)
       [7] _process (res://net/client.gd:243)
ERROR: Failed loading resource: res://.godot/imported/weapon-0.glb-11d8264f936b1c8f03250e8e0e97f472.scn.
   at: _load (core/io/resource_loader.cpp:343)
   GDScript backtrace (most recent call first):
       [0] set_weapon (res://source_operators/operator_visual.gd:130)
       [1] apply_actor (res://source_operators/operator_visual.gd:154)
       [2] apply_state (res://world/presentation.gd:61)
       [3] on_snapshot (res://world/session.gd:431)
       [4] on_snapshot (res://native_arenas/demo.gd:208)
       [5] decode_text (res://net/client.gd:212)
       [6] decode_text (res://native_arenas/client.gd:36)
       [7] _process (res://net/client.gd:243)
ERROR: Failed loading resource: res://source_operators/generated/world_weapons/weapon-0.glb.
   at: _load (core/io/resource_loader.cpp:343)
   GDScript backtrace (most recent call first):
       [0] set_weapon (res://source_operators/operator_visual.gd:130)
       [1] apply_actor (res://source_operators/operator_visual.gd:154)
       [2] apply_state (res://world/presentation.gd:61)
       [3] on_snapshot (res://world/session.gd:431)
       [4] on_snapshot (res://native_arenas/demo.gd:208)
       [5] decode_text (res://net/client.gd:212)
       [6] decode_text (res://native_arenas/client.gd:36)
       [7] _process (res://net/client.gd:243)
ERROR: Cannot open file 'res://.godot/imported/weapon-0.glb-11d8264f936b1c8f03250e8e0e97f472.scn'.
   at: load (core/io/resource_format_binary.cpp:1220)
   GDScript backtrace (most recent call first):
       [0] set_weapon (res://source_operators/operator_visual.gd:130)
       [1] apply_actor (res://source_operators/operator_visual.gd:154)
       [2] apply_state (res://world/presentation.gd:61)
       [3] on_snapshot (res://world/session.gd:431)
       [4] on_snapshot (res://native_arenas/demo.gd:208)
       [5] decode_text (res://net/client.gd:212)
       [6] decode_text (res://native_arenas/client.gd:36)
       [7] _process (res://net/client.gd:243)
ERROR: Failed loading resource: res://.godot/imported/weapon-0.glb-11d8264f936b1c8f03250e8e0e97f472.scn.
   at: _load (core/io/resource_loader.cpp:343)
   GDScript backtrace (most recent call first):
       [0] set_weapon (res://source_operators/operator_visual.gd:130)
       [1] apply_actor (res://source_operators/operator_visual.gd:154)
       [2] apply_state (res://world/presentation.gd:61)
       [3] on_snapshot (res://world/session.gd:431)
       [4] on_snapshot (res://native_arenas/demo.gd:208)
       [5] decode_text (res://net/client.gd:212)
       [6] decode_text (res://native_arenas/client.gd:36)
       [7] _process (res://net/client.gd:243)
ERROR: Failed loading resource: res://source_operators/generated/world_weapons/weapon-0.glb.
   at: _load (core/io/resource_loader.cpp:343)
   GDScript backtrace (most recent call first):
       [0] set_weapon (res://source_operators/operator_visual.gd:130)
       [1] apply_actor (res://source_operators/operator_visual.gd:154)
       [2] apply_state (res://world/presentation.gd:61)
       [3] on_snapshot (res://world/session.gd:431)
       [4] on_snapshot (res://native_arenas/demo.gd:208)
       [5] decode_text (res://net/client.gd:212)
       [6] decode_text (res://native_arenas/client.gd:36)
       [7] _process (res://net/client.gd:243)
ERROR: Cannot open file 'res://.godot/imported/weapon-0.glb-11d8264f936b1c8f03250e8e0e97f472.scn'.
   at: load (core/io/resource_format_binary.cpp:1220)
   GDScript backtrace (most recent call first):
       [0] set_weapon (res://source_operators/operator_visual.gd:130)
       [1] apply_actor (res://source_operators/operator_visual.gd:154)
       [2] apply_state (res://world/presentation.gd:61)
       [3] on_snapshot (res://world/session.gd:431)
       [4] on_snapshot (res://native_arenas/demo.gd:208)
       [5] decode_text (res://net/client.gd:212)
       [6] decode_text (res://native_arenas/client.gd:36)
       [7] _process (res://net/client.gd:243)
ERROR: Failed loading resource: res://.godot/imported/weapon-0.glb-11d8264f936b1c8f03250e8e0e97f472.scn.
   at: _load (core/io/resource_loader.cpp:343)
   GDScript backtrace (most recent call first):
       [0] set_weapon (res://source_operators/operator_visual.gd:130)
       [1] apply_actor (res://source_operators/operator_visual.gd:154)
       [2] apply_state (res://world/presentation.gd:61)
       [3] on_snapshot (res://world/session.gd:431)
       [4] on_snapshot (res://native_arenas/demo.gd:208)
       [5] decode_text (res://net/client.gd:212)
       [6] decode_text (res://native_arenas/client.gd:36)
       [7] _process (res://net/client.gd:243)
ERROR: Failed loading resource: res://source_operators/generated/world_weapons/weapon-0.glb.
   at: _load (core/io/resource_loader.cpp:343)
   GDScript backtrace (most recent call first):
       [0] set_weapon (res://source_operators/operator_visual.gd:130)
       [1] apply_actor (res://source_operators/operator_visual.gd:154)
       [2] apply_state (res://world/presentation.gd:61)
       [3] on_snapshot (res://world/session.gd:431)
       [4] on_snapshot (res://native_arenas/demo.gd:208)
       [5] decode_text (res://net/client.gd:212)
       [6] decode_text (res://native_arenas/client.gd:36)
       [7] _process (res://net/client.gd:243)
ERROR: Cannot open file 'res://.godot/imported/weapon-0.glb-11d8264f936b1c8f03250e8e0e97f472.scn'.
   at: load (core/io/resource_format_binary.cpp:1220)
   GDScript backtrace (most recent call first):
       [0] set_weapon (res://source_operators/operator_visual.gd:130)
       [1] apply_actor (res://source_operators/operator_visual.gd:154)
       [2] apply_state (res://world/presentation.gd:61)
       [3] on_snapshot (res://world/session.gd:431)
       [4] on_snapshot (res://native_arenas/demo.gd:208)
       [5] decode_text (res://net/client.gd:212)
       [6] decode_text (res://native_arenas/client.gd:36)
       [7] _process (res://net/client.gd:243)
ERROR: Failed loading resource: res://.godot/imported/weapon-0.glb-11d8264f936b1c8f03250e8e0e97f472.scn.
   at: _load (core/io/resource_loader.cpp:343)
   GDScript backtrace (most recent call first):
       [0] set_weapon (res://source_operators/operator_visual.gd:130)
       [1] apply_actor (res://source_operators/operator_visual.gd:154)
       [2] apply_state (res://world/presentation.gd:61)
       [3] on_snapshot (res://world/session.gd:431)
       [4] on_snapshot (res://native_arenas/demo.gd:208)
       [5] decode_text (res://net/client.gd:212)
       [6] decode_text (res://native_arenas/client.gd:36)
       [7] _process (res://net/client.gd:243)
ERROR: Failed loading resource: res://source_operators/generated/world_weapons/weapon-0.glb.
   at: _load (core/io/resource_loader.cpp:343)
   GDScript backtrace (most recent call first):
       [0] set_weapon (res://source_operators/operator_visual.gd:130)
       [1] apply_actor (res://source_operators/operator_visual.gd:154)
       [2] apply_state (res://world/presentation.gd:61)
       [3] on_snapshot (res://world/session.gd:431)
       [4] on_snapshot (res://native_arenas/demo.gd:208)
       [5] decode_text (res://net/client.gd:212)
       [6] decode_text (res://native_arenas/client.gd:36)
       [7] _process (res://net/client.gd:243)
ERROR: Cannot open file 'res://.godot/imported/weapon-0.glb-11d8264f936b1c8f03250e8e0e97f472.scn'.
   at: load (core/io/resource_format_binary.cpp:1220)
   GDScript backtrace (most recent call first):
       [0] set_weapon (res://source_operators/operator_visual.gd:130)
       [1] apply_actor (res://source_operators/operator_visual.gd:154)
       [2] apply_state (res://world/presentation.gd:61)
       [3] on_snapshot (res://world/session.gd:431)
       [4] on_snapshot (res://native_arenas/demo.gd:208)
       [5] decode_text (res://net/client.gd:212)
       [6] decode_text (res://native_arenas/client.gd:36)
       [7] _process (res://net/client.gd:243)
ERROR: Failed loading resource: res://.godot/imported/weapon-0.glb-11d8264f936b1c8f03250e8e0e97f472.scn.
   at: _load (core/io/resource_loader.cpp:343)
   GDScript backtrace (most recent call first):
       [0] set_weapon (res://source_operators/operator_visual.gd:130)
       [1] apply_actor (res://source_operators/operator_visual.gd:154)
       [2] apply_state (res://world/presentation.gd:61)
       [3] on_snapshot (res://world/session.gd:431)
       [4] on_snapshot (res://native_arenas/demo.gd:208)
       [5] decode_text (res://net/client.gd:212)
       [6] decode_text (res://native_arenas/client.gd:36)
       [7] _process (res://net/client.gd:243)
ERROR: Failed loading resource: res://source_operators/generated/world_weapons/weapon-0.glb.
   at: _load (core/io/resource_loader.cpp:343)
   GDScript backtrace (most recent call first):
       [0] set_weapon (res://source_operators/operator_visual.gd:130)
       [1] apply_actor (res://source_operators/operator_visual.gd:154)
       [2] apply_state (res://world/presentation.gd:61)
       [3] on_snapshot (res://world/session.gd:431)
       [4] on_snapshot (res://native_arenas/demo.gd:208)
       [5] decode_text (res://net/client.gd:212)
       [6] decode_text (res://native_arenas/client.gd:36)
       [7] _process (res://net/client.gd:243)
ERROR: Cannot open file 'res://.godot/imported/weapon-0.glb-11d8264f936b1c8f03250e8e0e97f472.scn'.
   at: load (core/io/resource_format_binary.cpp:1220)
   GDScript backtrace (most recent call first):
       [0] set_weapon (res://source_operators/operator_visual.gd:130)
       [1] apply_actor (res://source_operators/operator_visual.gd:154)
       [2] apply_state (res://world/presentation.gd:61)
       [3] on_snapshot (res://world/session.gd:431)
       [4] on_snapshot (res://native_arenas/demo.gd:208)
       [5] decode_text (res://net/client.gd:212)
       [6] decode_text (res://native_arenas/client.gd:36)
       [7] _process (res://net/client.gd:243)
ERROR: Failed loading resource: res://.godot/imported/weapon-0.glb-11d8264f936b1c8f03250e8e0e97f472.scn.
   at: _load (core/io/resource_loader.cpp:343)
   GDScript backtrace (most recent call first):
       [0] set_weapon (res://source_operators/operator_visual.gd:130)
       [1] apply_actor (res://source_operators/operator_visual.gd:154)
       [2] apply_state (res://world/presentation.gd:61)
       [3] on_snapshot (res://world/session.gd:431)
       [4] on_snapshot (res://native_arenas/demo.gd:208)
       [5] decode_text (res://net/client.gd:212)
       [6] decode_text (res://native_arenas/client.gd:36)
       [7] _process (res://net/client.gd:243)
ERROR: Failed loading resource: res://source_operators/generated/world_weapons/weapon-0.glb.
   at: _load (core/io/resource_loader.cpp:343)
   GDScript backtrace (most recent call first):
       [0] set_weapon (res://source_operators/operator_visual.gd:130)
       [1] apply_actor (res://source_operators/operator_visual.gd:154)
       [2] apply_state (res://world/presentation.gd:61)
       [3] on_snapshot (res://world/session.gd:431)
       [4] on_snapshot (res://native_arenas/demo.gd:208)
       [5] decode_text (res://net/client.gd:212)
       [6] decode_text (res://native_arenas/client.gd:36)
       [7] _process (res://net/client.gd:243)
NATIVE_DM_SMOKE_OK {"acks":13,"actors":3,"camera":"public-actor","fired":true,"geometryHash":"2a8c06ba5b3a893135a3a6aef906a36f016107b5153fe5ec3b8a9efbfee66c86","localAlive":true,"map":"aurora-basin","mode":"deathmatch","moved":true,"snapshots":8}
