gate-runner-tests: PASS
playable-gate-registration: PASS
verifier-report-tests: PASS
ci-artifact-tests: PASS
native-ci-contracts: PASS
export-tests: PASS
moth-export: PASS
gltf-sides: PASS
health-hud-evidence: PASS
projectile-navigation: PASS
objective-evidence: PASS
objective-progression-evidence: PASS
objective-completion-evidence: PASS
launcher-options: PASS
package-options: PASS
product-shell-supervisor: PASS
native-graphics-options: PASS
native-graphics-ownership: PASS
lobby-options: PASS
lobby-ownership: PASS
horde-closure: PASS
native-arena-closure: PASS
package-identity-routes: PASS
native-arena-authority: PASS
local-24-roster: PASS
horde-ownership: PASS
zone-routing: PASS
combined-arms-evidence: PASS
lattice-req-generator-tests: PASS
lattice-req-catalog-check: PASS
semantic-export: PASS
source-inventory: PASS
package-manifest-contracts: PASS
career-catalog-check: PASS
finish-catalog-check: PASS
finish-source-palette: PASS
career-source-contracts: PASS
career-persistence: PASS
career-history-storage: PASS
career-results-source: PASS
career-equipment-source: PASS
career-equipped-source: PASS
social-source: PASS
source-tests: PASS
arms-race-source: PASS
horde-source: PASS
cinderwake-source: PASS
horde-upgrade-adapter: PASS
horde-adapter: PASS
horde-death-wire: PASS
horde-input-oracle: PASS
godot-import: PASS
career-projection: PASS
career-package-catalog: PASS
career-identity-native: PASS
career-equipment-native: PASS
career-equipped-model: PASS
career-equipped-ui: PASS
career-player-flow-clarity-source: PASS
career-player-flow-clarity-model: PASS
career-player-flow-clarity-ui: PASS
career-player-flow-clarity-journey: PASS
career-equipped-lobby: PASS
career-equipped-journey: PASS
career-results-native: PASS
career-history-native: PASS
career-results-history-ui: PASS
social-native: PASS
reconnect-source-native: PASS
reconnect-offline-results: PASS
reconnect-menu: PASS
career-modal: PASS
cinderwake-native: PASS
identity-horde-composition: PASS
loadout-unit: PASS
loadout-source-parity: PASS
loadout-client: PASS
loadout-setup: PASS
loadout-lobby: PASS
loadout-session: PASS
loadout-loopback: PASS
loadout-lifecycle: PASS
viewer-smoke: PASS
graphics-terrain: PASS
moth-resources: PASS
graphics-atmosphere: PASS
graphics-fx: PASS
moth-scenery: PASS
shader-lab: PASS
particle-lab: PASS
showcase-startup: PASS
aurora-traversal: PASS
cinder-traversal: PASS
exploration-walker: PASS
first-person-rig: PASS
first-person-finishes: PASS
finish-source-journey: PASS
finish-native-source-replay: PASS
first-person-binding: PASS
first-person-ads: PASS
first-person-recoil: PASS
combat-actions: PASS
combat-shields: PASS
combat-shield-capacity: PASS
combat-particles: PASS
combat-pickup-assets: PASS
weapon-effects: PASS
weapon-effects-rig: PASS
muzzle-sight-geometry: PASS
muzzle-path-geometry: PASS
projectile-flight: PASS
alt-fire: PASS
weapon-handling: PASS
weapon-detail: PASS
weapon-export: PASS
world-weapon-identity: PASS
player-fx-direction: PASS
player-fx-low-health: PASS
player-fx-lifecycle: PASS
player-fx-marks: PASS
player-fx-impacts: PASS
player-fx-overlay: PASS
player-fx-integration: PASS
benchmark-contracts: PASS
benchmark-tools: PASS
benchmark-autostart: PASS
material-language: PASS
material-derived: PASS
identity-zone-route: PASS
debug-tools: PASS
debug-panel: FAIL
Godot Engine v4.5.2.stable.official.6ce3de25a - https://godotengine.org

ERROR: debug panel: the round boundary clears the god toggle
   at: push_error (core/variant/variant_utility.cpp:1024)
   GDScript backtrace (most recent call first):
       [0] check (res://tests/debug/panel.gd:18)
       [1] run (res://tests/debug/panel.gd:128)
DEBUG_PANEL_TESTS checks=45 failures=1

