Godot Engine v4.5.2.stable.official.6ce3de25a - https://godotengine.org

SCRIPT ERROR: Parse Error: Cannot infer the type of "near" variable because the value doesn't have a set type.
          at: GDScript::reload (res://audio/av_service.gd:185)
SCRIPT ERROR: Compile Error: Failed to compile depended scripts.
          at: GDScript::reload (res://world/session.gd:0)
SCRIPT ERROR: Compile Error: Failed to compile depended scripts.
          at: GDScript::reload (res://assault/demo.gd:0)
SCRIPT ERROR: Compile Error: Failed to compile depended scripts.
          at: GDScript::reload (res://tests/audio_new/assault_no_network.gd:0)
SCRIPT ERROR: Compile Error: Failed to compile depended scripts.
          at: GDScript::reload (res://tests/audio_new/independent_event_binding.gd:0)
ERROR: Failed to load script "res://tests/audio_new/independent_event_binding.gd" with error "Compilation failed".
   at: load (modules/gdscript/gdscript.cpp:3041)
SCRIPT ERROR: Invalid call. Nonexistent function 'new' in base 'GDScript'.
          at: av_ensure (res://world/session.gd:21)
          GDScript backtrace (most recent call first):
              [0] av_ensure (res://world/session.gd:21)
              [1] av_start (res://world/session.gd:31)
              [2] run (res://tests/audio_new/independent_event_binding.gd:17)
SCRIPT ERROR: Invalid call. Nonexistent function 'bind_session' in base 'Nil'.
          at: av_start (res://world/session.gd:38)
          GDScript backtrace (most recent call first):
              [0] av_start (res://world/session.gd:38)
              [1] run (res://tests/audio_new/independent_event_binding.gd:17)
SCRIPT ERROR: Invalid call. Nonexistent function 'status' in base 'Nil'.
          at: run (res://tests/audio_new/independent_event_binding.gd:22)
          GDScript backtrace (most recent call first):
              [0] run (res://tests/audio_new/independent_event_binding.gd:22)
ERROR: Assault event-binding fixture setup: Input could not be queued. Relaunch to reconnect.
   at: push_error (core/variant/variant_utility.cpp:1024)
   GDScript backtrace (most recent call first):
       [0] on_error (res://tests/audio_new/assault_no_network.gd:7)
       [1] _process (res://world/session.gd:899)
       [2] _process (res://assault/demo.gd:200)
