Godot Engine v4.5.2.stable.official.6ce3de25a - https://godotengine.org

SCRIPT ERROR: Invalid call. Nonexistent function 'bind' in base 'Nil'.
          at: bind_session (res://audio/av_service.gd:61)
          GDScript backtrace (most recent call first):
              [0] bind_session (res://audio/av_service.gd:61)
              [1] _initialize (res://tests/audio_new/lifecycle.gd:14)
SCRIPT ERROR: Invalid call. Nonexistent function 'set_outcome' in base 'Nil'.
          at: start_round (res://audio/av_service.gd:79)
          GDScript backtrace (most recent call first):
              [0] start_round (res://audio/av_service.gd:79)
              [1] _initialize (res://tests/audio_new/lifecycle.gd:15)
SCRIPT ERROR: Invalid call. Nonexistent function 'set_focus' in base 'Nil'.
          at: apply_snapshot (res://audio/av_service.gd:127)
          GDScript backtrace (most recent call first):
              [0] apply_snapshot (res://audio/av_service.gd:127)
              [1] _initialize (res://tests/audio_new/lifecycle.gd:19)
SCRIPT ERROR: Invalid call. Nonexistent function 'set_escalation' in base 'Nil'.
          at: apply_events (res://audio/av_service.gd:202)
          GDScript backtrace (most recent call first):
              [0] apply_events (res://audio/av_service.gd:202)
              [1] _initialize (res://tests/audio_new/lifecycle.gd:20)
SCRIPT ERROR: Invalid call. Nonexistent function 'status' in base 'Nil'.
          at: status (res://audio/av_service.gd:261)
          GDScript backtrace (most recent call first):
              [0] status (res://audio/av_service.gd:261)
              [1] _initialize (res://tests/audio_new/lifecycle.gd:21)
SCRIPT ERROR: Invalid access to property or key 'routing' on a base object of type 'Dictionary'.
          at: _initialize (res://tests/audio_new/lifecycle.gd:21)
          GDScript backtrace (most recent call first):
              [0] _initialize (res://tests/audio_new/lifecycle.gd:21)
