E
======================================================================
ERROR: setUpClass (test_validate.Replay)
----------------------------------------------------------------------
Traceback (most recent call last):
  File "/home/mojo/.hermes-instances/fresh/workspace/cocs-godot-port/port/native-combined-arms/test_validate.py", line 13, in setUpClass
    cls.text=(root/'native.log').read_text()
             ~~~~~~~~~~~~~~~~~~~~~~~~~~~~~^^
  File "/usr/lib/python3.13/pathlib/_local.py", line 548, in read_text
    return PathBase.read_text(self, encoding, errors, newline)
           ~~~~~~~~~~~~~~~~~~^^^^^^^^^^^^^^^^^^^^^^^^^^^^^^^^^
  File "/usr/lib/python3.13/pathlib/_abc.py", line 632, in read_text
    with self.open(mode='r', encoding=encoding, errors=errors, newline=newline) as f:
         ~~~~~~~~~^^^^^^^^^^^^^^^^^^^^^^^^^^^^^^^^^^^^^^^^^^^^^^^^^^^^^^^^^^^^^
  File "/usr/lib/python3.13/pathlib/_local.py", line 539, in open
    return io.open(self, mode, buffering, encoding, errors, newline)
           ~~~~~~~^^^^^^^^^^^^^^^^^^^^^^^^^^^^^^^^^^^^^^^^^^^^^^^^^^
FileNotFoundError: [Errno 2] No such file or directory: '/home/mojo/.hermes-instances/fresh/workspace/cocs-godot-port/port/native-combined-arms/evidence/launcher-check/native.log'

----------------------------------------------------------------------
Ran 0 tests in 0.004s

FAILED (errors=1)
