Godot Engine v4.5.2.stable.official.6ce3de25a - https://godotengine.org
WARNING: Could not set V-Sync mode, as changing V-Sync mode is not supported by the graphics driver.
     at: set_use_vsync (platform/linuxbsd/x11/gl_manager_x11.cpp:364)
OpenGL API 4.5 (Core Profile) Mesa 25.2.8-0ubuntu0.25.10.2 - Compatibility - Using Device: Mesa - llvmpipe (LLVM 20.1.8, 256 bits)

WORLD_COMMANDS {"ackHighWater":0,"actor":0,"event":"check","inputSeq":2,"message":"ordinary world host ready","ms":4040,"ok":true,"peer":1,"snapshotSeq":1}
WORLD_COMMANDS {"ackHighWater":0,"actor":0,"event":"check","inputSeq":2,"message":"actual co-op world and shared movement socket","ms":4041,"ok":true,"peer":1,"snapshotSeq":1}
WORLD_COMMANDS {"ackHighWater":10,"actor":0,"event":"opened","inputSeq":12,"ms":4940,"peer":1,"snapshotSeq":47}
WORLD_COMMANDS {"ackHighWater":10,"actor":0,"event":"check","inputSeq":12,"message":"C releases pointer with W/fire held","ms":4940,"ok":true,"peer":1,"snapshotSeq":47}
WORLD_COMMANDS {"ackHighWater":23,"actor":0,"event":"overlay-settled","inputSeq":24,"ms":5456,"peer":1,"snapshotSeq":68}
WORLD_COMMANDS {"ackHighWater":32,"actor":0,"event":"check","inputSeq":33,"message":"overlay stops authoritative motion with W/fire held","ms":5893,"ok":true,"peer":1,"snapshotSeq":81}
WORLD_COMMANDS {"ackHighWater":33,"actor":0,"event":"check","inputSeq":34,"message":"own frontier listed","ms":5982,"ok":true,"peer":1,"snapshotSeq":82}
WORLD_COMMANDS {"ackHighWater":35,"actor":0,"event":"check","inputSeq":36,"message":"selection submits nothing","ms":6077,"ok":true,"peer":1,"snapshotSeq":85}
WORLD_COMMANDS {"ackHighWater":39,"actor":0,"event":"check","inputSeq":40,"message":"one HOLD accepted by source","ms":6253,"ok":true,"peer":1,"snapshotSeq":91}
WORLD_COMMANDS {"ackHighWater":39,"actions":[{"actionSeq":1,"cardId":"native-r1-p1-s1","kind":"hold","reason":null,"roundRev":1,"status":"pending (server accepted)","target":"front-0"}],"actor":0,"command":{"executor":0.0,"flux":124.55,"humans":1.0,"lease":{"chief":false,"executor":0.0,"humans":1.0,"requestable":false,"requests":[],"slot":0.0,"start":0.0,"until":600.0},"leaseUntil":600.0,"policy":{"0":null},"route":{"0":null},"seat":{"0":null},"slicePerPlayer":2.0,"slices":[{"allowance":62.0,"id":0.0,"remaining":62.0,"spent":0.0}],"spent":{},"threads":{"cap":2.0,"used":0.0},"votes":{"0":[]}},"consent":false,"event":"hold-receipt","gate":"Repeated activation suppressed","inputSeq":40,"ms":6253,"peer":1,"recruitment":{"open":false,"peer":1,"phase":"build_up","sink":{"affordable":true,"available":true,"cost":50.0,"enabled":false},"spawned":0.0,"wave":1.0},"req":0.0,"round":1,"snapshotSeq":91,"spent":0.0}
WORLD_COMMANDS {"ackHighWater":39,"actor":0,"event":"check","inputSeq":40,"message":"initial deployment recruitment closed","ms":6253,"ok":true,"peer":1,"snapshotSeq":91}
WORLD_COMMANDS {"ackHighWater":40,"actor":0,"event":"check","inputSeq":41,"message":"saved waiting-window","ms":6338,"ok":true,"peer":1,"snapshotSeq":92}
WORLD_COMMANDS {"ackHighWater":923,"actor":0,"event":"check","inputSeq":924,"message":"natural intermission permits recruitment","ms":54029,"ok":true,"peer":1,"snapshotSeq":1526}
WORLD_COMMANDS {"ackHighWater":923,"actions":[{"actionSeq":1,"cardId":"native-r1-p1-s1","kind":"hold","reason":"replaced","roundRev":1,"status":"confirmed","target":"front-0"}],"actor":0,"command":{"executor":0.0,"flux":299.993,"humans":1.0,"lease":{"chief":false,"executor":0.0,"humans":1.0,"requestable":false,"requests":[],"slot":0.0,"start":3000.0,"until":3600.0},"leaseUntil":3600.0,"policy":{"0":null},"route":{"0":null},"seat":{"0":null},"slicePerPlayer":2.0,"slices":[{"allowance":149.0,"id":0.0,"remaining":149.0,"spent":0.0}],"spent":{},"threads":{"cap":2.0,"used":1.0},"votes":{"0":[]}},"consent":false,"event":"window-open","gate":"Recipient permission available. Authorize, then purchase once.","inputSeq":924,"ms":54029,"peer":1,"recruitment":{"open":true,"peer":1,"phase":"intermission","sink":{"affordable":true,"available":true,"cost":50.0,"enabled":true},"spawned":0.0,"wave":1.0},"req":0.0,"round":1,"snapshotSeq":1526,"spent":14.0}
WORLD_COMMANDS {"ackHighWater":923,"actor":0,"event":"check","inputSeq":924,"message":"natural window needs explicit 50-FLUX consent","ms":54029,"ok":true,"peer":1,"snapshotSeq":1526}
WORLD_COMMANDS {"ackHighWater":925,"actor":0,"event":"check","inputSeq":926,"message":"purchase without consent sends nothing","ms":54095,"ok":true,"peer":1,"snapshotSeq":1528}
WORLD_COMMANDS {"ackHighWater":927,"actor":0,"event":"check","inputSeq":928,"message":"engine click authorizes expiring lease","ms":54155,"ok":true,"peer":1,"snapshotSeq":1530}
WORLD_COMMANDS {"ackHighWater":927,"actions":[{"actionSeq":1,"cardId":"native-r1-p1-s1","kind":"hold","reason":"replaced","roundRev":1,"status":"confirmed","target":"front-0"}],"actor":0,"command":{"executor":0.0,"flux":299.993,"humans":1.0,"lease":{"chief":false,"executor":0.0,"humans":1.0,"requestable":false,"requests":[],"slot":0.0,"start":3000.0,"until":3600.0},"leaseUntil":3600.0,"policy":{"0":null},"route":{"0":null},"seat":{"0":null},"slicePerPlayer":2.0,"slices":[{"allowance":149.0,"id":0.0,"remaining":149.0,"spent":0.0}],"spent":{},"threads":{"cap":2.0,"used":1.0},"votes":{"0":[]}},"consent":true,"event":"old-consent","gate":"Recipient permission available. Authorize, then purchase once.","inputSeq":928,"ms":54155,"peer":1,"recruitment":{"open":true,"peer":1,"phase":"intermission","sink":{"affordable":true,"available":true,"cost":50.0,"enabled":true},"spawned":0.0,"wave":1.0},"req":0.0,"round":1,"snapshotSeq":1530,"spent":14.0}
WORLD_COMMANDS {"ackHighWater":928,"actor":0,"event":"check","inputSeq":929,"message":"saved authorized-old-lease","ms":54217,"ok":true,"peer":1,"snapshotSeq":1531}
WORLD_COMMANDS {"ackHighWater":1182,"actor":0,"event":"check","inputSeq":1183,"message":"source lease expires naturally","ms":62990,"ok":true,"peer":1,"snapshotSeq":1800}
WORLD_COMMANDS {"ackHighWater":1182,"actions":[{"actionSeq":1,"cardId":"native-r1-p1-s1","kind":"hold","reason":"replaced","roundRev":1,"status":"confirmed","target":"front-0"}],"actor":0,"command":{"executor":0.0,"flux":299.993,"humans":1.0,"lease":{"chief":false,"executor":0.0,"humans":1.0,"requestable":false,"requests":[],"slot":0.0,"start":3600.0,"until":4200.0},"leaseUntil":4200.0,"policy":{"0":null},"route":{"0":null},"seat":{"0":null},"slicePerPlayer":2.0,"slices":[{"allowance":149.0,"id":0.0,"remaining":149.0,"spent":0.0}],"spent":{},"threads":{"cap":2.0,"used":1.0},"votes":{"0":[]}},"consent":false,"event":"lease-rotated","gate":"Recipient permission available. Authorize, then purchase once.","inputSeq":1183,"ms":62990,"peer":1,"recruitment":{"open":true,"peer":1,"phase":"intermission","sink":{"affordable":true,"available":true,"cost":50.0,"enabled":true},"spawned":0.0,"wave":1.0},"req":50.0,"round":1,"snapshotSeq":1800,"spent":14.0}
WORLD_COMMANDS {"ackHighWater":1182,"actor":0,"event":"check","inputSeq":1183,"message":"natural epoch change drops old consent","ms":62990,"ok":true,"peer":1,"snapshotSeq":1800}
WORLD_COMMANDS {"ackHighWater":1191,"actor":0,"event":"check","inputSeq":1192,"message":"old consent cannot purchase after natural lease expiration","ms":63375,"ok":true,"peer":1,"snapshotSeq":1813}
WORLD_COMMANDS {"ackHighWater":1191,"actions":[{"actionSeq":1,"cardId":"native-r1-p1-s1","kind":"hold","reason":"replaced","roundRev":1,"status":"confirmed","target":"front-0"}],"actor":0,"command":{"executor":0.0,"flux":299.993,"humans":1.0,"lease":{"chief":false,"executor":0.0,"humans":1.0,"requestable":false,"requests":[],"slot":0.0,"start":3600.0,"until":4200.0},"leaseUntil":4200.0,"policy":{"0":null},"route":{"0":null},"seat":{"0":null},"slicePerPlayer":2.0,"slices":[{"allowance":149.0,"id":0.0,"remaining":149.0,"spent":0.0}],"spent":{},"threads":{"cap":2.0,"used":1.0},"votes":{"0":[]}},"consent":false,"event":"old-consent-blocked","gate":"Recipient permission available. Authorize, then purchase once.","inputSeq":1192,"ms":63376,"peer":1,"recruitment":{"open":true,"peer":1,"phase":"intermission","sink":{"affordable":true,"available":true,"cost":50.0,"enabled":true},"spawned":0.0,"wave":1.0},"req":50.0,"round":1,"snapshotSeq":1813,"spent":14.0}
WORLD_COMMANDS {"ackHighWater":1191,"actor":0,"event":"check","inputSeq":1192,"message":"saved expired-consent","ms":63444,"ok":true,"peer":1,"snapshotSeq":1813}
WORLD_COMMANDS {"ackHighWater":1191,"actor":0,"event":"check","inputSeq":1192,"message":"same natural window still permits new consent","ms":63445,"ok":true,"peer":1,"snapshotSeq":1813}
WORLD_COMMANDS {"ackHighWater":1191,"actions":[{"actionSeq":1,"cardId":"native-r1-p1-s1","kind":"hold","reason":"replaced","roundRev":1,"status":"confirmed","target":"front-0"}],"actor":0,"command":{"executor":0.0,"flux":299.993,"humans":1.0,"lease":{"chief":false,"executor":0.0,"humans":1.0,"requestable":false,"requests":[],"slot":0.0,"start":3600.0,"until":4200.0},"leaseUntil":4200.0,"policy":{"0":null},"route":{"0":null},"seat":{"0":null},"slicePerPlayer":2.0,"slices":[{"allowance":149.0,"id":0.0,"remaining":149.0,"spent":0.0}],"spent":{},"threads":{"cap":2.0,"used":1.0},"votes":{"0":[]}},"consent":false,"event":"before-purchase","gate":"Recipient permission available. Authorize, then purchase once.","inputSeq":1192,"ms":63445,"peer":1,"recruitment":{"open":true,"peer":1,"phase":"intermission","sink":{"affordable":true,"available":true,"cost":50.0,"enabled":true},"spawned":0.0,"wave":1.0},"req":50.0,"round":1,"snapshotSeq":1813,"spent":14.0}
WORLD_COMMANDS {"ackHighWater":1192,"actor":0,"event":"check","inputSeq":1193,"message":"new deliberate consent for current lease","ms":63508,"ok":true,"peer":1,"snapshotSeq":1816}
WORLD_COMMANDS {"ackHighWater":1192,"actions":[{"actionSeq":1,"cardId":"native-r1-p1-s1","kind":"hold","reason":"replaced","roundRev":1,"status":"confirmed","target":"front-0"}],"actor":0,"command":{"executor":0.0,"flux":299.993,"humans":1.0,"lease":{"chief":false,"executor":0.0,"humans":1.0,"requestable":false,"requests":[],"slot":0.0,"start":3600.0,"until":4200.0},"leaseUntil":4200.0,"policy":{"0":null},"route":{"0":null},"seat":{"0":null},"slicePerPlayer":2.0,"slices":[{"allowance":149.0,"id":0.0,"remaining":149.0,"spent":0.0}],"spent":{},"threads":{"cap":2.0,"used":1.0},"votes":{"0":[]}},"consent":true,"event":"fresh-consent","gate":"Recipient permission available. Authorize, then purchase once.","inputSeq":1193,"ms":63508,"peer":1,"recruitment":{"open":true,"peer":1,"phase":"intermission","sink":{"affordable":true,"available":true,"cost":50.0,"enabled":true},"spawned":0.0,"wave":1.0},"req":50.0,"round":1,"snapshotSeq":1816,"spent":14.0}
WORLD_COMMANDS {"ackHighWater":1194,"actor":0,"event":"check","inputSeq":1195,"message":"Tab focuses REINFORCE","ms":63606,"ok":true,"peer":1,"snapshotSeq":1819}
WORLD_COMMANDS {"ackHighWater":1200,"actor":0,"event":"check","inputSeq":1201,"message":"Enter and repeated clicks consume one consent","ms":63913,"ok":true,"peer":1,"snapshotSeq":1828}
WORLD_COMMANDS {"ackHighWater":1200,"actor":0,"event":"check","inputSeq":1201,"message":"matching source done receipt","ms":63913,"ok":true,"peer":1,"snapshotSeq":1828}
WORLD_COMMANDS {"ackHighWater":1200,"actor":0,"event":"check","inputSeq":1201,"message":"recipient cumulative spent +50 and spawned +1","ms":63913,"ok":true,"peer":1,"snapshotSeq":1828}
WORLD_COMMANDS {"ackHighWater":1200,"actions":[{"actionSeq":1,"cardId":"native-r1-p1-s1","kind":"hold","reason":"replaced","roundRev":1,"status":"confirmed","target":"front-0"},{"actionSeq":2,"cardId":"native-r1-p1-s2","kind":"reinforce","reason":null,"roundRev":1,"status":"confirmed","target":""}],"actor":0,"command":{"executor":0.0,"flux":250.769,"humans":1.0,"lease":{"chief":false,"executor":0.0,"humans":1.0,"requestable":false,"requests":[],"slot":0.0,"start":3600.0,"until":4200.0},"leaseUntil":4200.0,"policy":{"0":null},"route":{"0":null},"seat":{"0":null},"slicePerPlayer":2.0,"slices":[{"allowance":125.0,"id":0.0,"remaining":75.0,"spent":50.0}],"spent":{"0":50.0},"threads":{"cap":3.0,"used":2.0},"votes":{"0":[]}},"consent":false,"event":"purchase-receipt","gate":"Repeated activation suppressed","inputSeq":1201,"ms":63913,"peer":1,"recruitment":{"open":true,"peer":1,"phase":"intermission","sink":{"affordable":true,"available":true,"cost":50.0,"enabled":true},"spawned":1.0,"wave":1.0},"req":50.0,"round":1,"snapshotSeq":1828,"spent":64.0}
WORLD_COMMANDS {"ackHighWater":1201,"actor":0,"event":"check","inputSeq":1202,"message":"saved purchase-receipt","ms":64000,"ok":true,"peer":1,"snapshotSeq":1830}
WORLD_COMMANDS {"ackHighWater":1201,"actor":0,"event":"check","inputSeq":1202,"message":"panel fits viewport","ms":64000,"ok":true,"peer":1,"snapshotSeq":1830}
WORLD_COMMANDS {"ackHighWater":1201,"actor":0,"event":"closing","inputSeq":1202,"ms":64000,"peer":1,"snapshotSeq":1830}
WORLD_COMMANDS {"ackHighWater":1205,"actor":0,"event":"check","inputSeq":1206,"message":"close drops selection and held W blocks recapture","ms":64161,"ok":true,"peer":1,"snapshotSeq":1836}
WORLD_COMMANDS {"ackHighWater":1207,"actor":0,"event":"check","inputSeq":1208,"message":"held mouse still blocks recapture","ms":64271,"ok":true,"peer":1,"snapshotSeq":1839}
WORLD_COMMANDS {"ackHighWater":1209,"actor":0,"event":"check","inputSeq":1210,"message":"releasing controls alone does not resume","ms":64366,"ok":true,"peer":1,"snapshotSeq":1842}
WORLD_COMMANDS {"ackHighWater":1209,"actor":0,"event":"resume-click","inputSeq":1210,"ms":64366,"peer":1,"snapshotSeq":1842}
WORLD_COMMANDS {"ackHighWater":1211,"actor":0,"event":"check","inputSeq":1212,"message":"fresh click recaptures","ms":64473,"ok":true,"peer":1,"snapshotSeq":1846}
WORLD_COMMANDS {"ackHighWater":1211,"actor":0,"event":"movement-start","inputSeq":1212,"ms":64473,"peer":1,"snapshotSeq":1846}
WORLD_COMMANDS {"ackHighWater":1223,"actor":0,"event":"check","inputSeq":1224,"message":"same actor moves after fresh click","ms":65063,"ok":true,"peer":1,"snapshotSeq":1864}
WORLD_COMMANDS {"ackHighWater":1223,"actor":0,"event":"movement-end","inputSeq":1224,"ms":65063,"peer":1,"snapshotSeq":1864}
WORLD_COMMANDS {"ackHighWater":1225,"actor":0,"event":"reopened","inputSeq":1227,"ms":65165,"peer":1,"snapshotSeq":1867}
WORLD_COMMANDS {"ackHighWater":1225,"actor":0,"event":"check","inputSeq":1227,"message":"reopening restores no stale consent","ms":65165,"ok":true,"peer":1,"snapshotSeq":1867}
WORLD_COMMANDS {"ackHighWater":1245,"actor":0,"event":"check","inputSeq":1246,"message":"reopened repeated purchase cannot duplicate","ms":66057,"ok":true,"peer":1,"snapshotSeq":1895}
WORLD_COMMANDS {"ackHighWater":1245,"actions":[{"actionSeq":1,"cardId":"native-r1-p1-s1","kind":"hold","reason":"replaced","roundRev":1,"status":"confirmed","target":"front-0"},{"actionSeq":2,"cardId":"native-r1-p1-s2","kind":"reinforce","reason":null,"roundRev":1,"status":"confirmed","target":""}],"actor":0,"command":{"executor":0.0,"flux":268.524,"humans":1.0,"lease":{"chief":false,"executor":0.0,"humans":1.0,"requestable":false,"requests":[],"slot":0.0,"start":3600.0,"until":4200.0},"leaseUntil":4200.0,"policy":{"0":null},"route":{"0":null},"seat":{"0":null},"slicePerPlayer":2.0,"slices":[{"allowance":134.0,"id":0.0,"remaining":84.0,"spent":50.0}],"spent":{"0":50.0},"threads":{"cap":3.0,"used":2.0},"votes":{"0":[]}},"consent":false,"event":"final-receipt","gate":"Recipient permission available. Authorize, then purchase once.","inputSeq":1246,"ms":66057,"peer":1,"recruitment":{"open":true,"peer":1,"phase":"intermission","sink":{"affordable":true,"available":true,"cost":50.0,"enabled":true},"spawned":1.0,"wave":1.0},"req":50.0,"round":1,"snapshotSeq":1895,"spent":64.0}
WORLD_COMMANDS {"ackHighWater":1245,"actor":0,"event":"check","inputSeq":1246,"message":"saved reopened","ms":66128,"ok":true,"peer":1,"snapshotSeq":1895}
WORLD_COMMANDS {"ackHighWater":0,"actor":-1,"event":"check","inputSeq":0,"message":"disconnect clears controls and consent","ms":66167,"ok":true,"peer":-1,"snapshotSeq":-1}
WORLD_COMMANDS {"ackHighWater":0,"actor":-1,"checks":35,"event":"result","failures":0,"input":"engine key/mouse events; not OS/human input","inputSeq":0,"ms":66167,"peer":-1,"snapshotSeq":-1}
