Godot Engine v4.5.2.stable.official.6ce3de25a - https://godotengine.org
WARNING: Could not set V-Sync mode, as changing V-Sync mode is not supported by the graphics driver.
     at: set_use_vsync (platform/linuxbsd/x11/gl_manager_x11.cpp:364)
OpenGL API 4.5 (Core Profile) Mesa 25.2.8-0ubuntu0.25.10.2 - Compatibility - Using Device: Mesa - llvmpipe (LLVM 20.1.8, 256 bits)

SPORT_SAMPLE {"ack":0,"actor":0,"ball":{"r":1.1,"vx":0.0,"vz":0.0,"x":0.0,"y":1.1,"z":0.0},"camera":[65.0,48.0,70.0],"engaged":false,"focused":true,"phase":"kickoff","render":[-32.0,0.0,-9.0],"seconds":0.341367,"seq":1,"stage":-1,"v":{"altitude":0.0,"driver":0.0,"flight":false,"gunner":null,"health":300.0,"heat":0.0,"id":0.0,"kind":"puma","maxHealth":300.0,"overheated":false,"passengers":[],"pitchBody":0.0,"respawnTimer":0.0,"roll":0.0,"turretYaw":0.0,"vx":0.0,"vy":0.0,"vz":0.0,"x":-32.0,"y":0.0,"yaw":1.571,"z":-9.0}}
SPORT_SAMPLE {"ack":5,"actor":0,"ball":{"r":1.1,"vx":0.0,"vz":0.0,"x":0.0,"y":1.1,"z":0.0},"camera":[-41.0,5.0,-8.99816703796387],"engaged":false,"focused":true,"phase":"kickoff","render":[-32.0,0.0,-9.0],"seconds":0.56832,"seq":8,"stage":-1,"v":{"altitude":0.0,"driver":0.0,"flight":false,"gunner":null,"health":300.0,"heat":0.0,"id":0.0,"kind":"puma","maxHealth":300.0,"overheated":false,"passengers":[],"pitchBody":0.0,"respawnTimer":0.0,"roll":0.0,"turretYaw":0.0,"vx":0.0,"vy":0.0,"vz":0.0,"x":-32.0,"y":0.0,"yaw":1.571,"z":-9.0}}
SPORT_SAMPLE {"ack":11,"actor":0,"ball":{"r":1.1,"vx":0.0,"vz":0.0,"x":0.0,"y":1.1,"z":0.0},"camera":[-41.0,5.0,-8.99816703796387],"engaged":false,"focused":true,"phase":"kickoff","render":[-32.0,0.0,-9.0],"seconds":0.798116666666667,"seq":14,"stage":-1,"v":{"altitude":0.0,"driver":0.0,"flight":false,"gunner":null,"health":300.0,"heat":0.0,"id":0.0,"kind":"puma","maxHealth":300.0,"overheated":false,"passengers":[],"pitchBody":0.0,"respawnTimer":0.0,"roll":0.0,"turretYaw":0.0,"vx":0.0,"vy":0.0,"vz":0.0,"x":-32.0,"y":0.0,"yaw":1.571,"z":-9.0}}
SPORT_SAMPLE {"ack":17,"actor":0,"ball":{"r":1.1,"vx":0.0,"vz":0.0,"x":0.0,"y":1.1,"z":0.0},"camera":[-41.0,5.0,-8.99816703796387],"engaged":false,"focused":true,"phase":"kickoff","render":[-32.0,0.0,-9.0],"seconds":1.025274,"seq":21,"stage":-1,"v":{"altitude":0.0,"driver":0.0,"flight":false,"gunner":null,"health":300.0,"heat":0.0,"id":0.0,"kind":"puma","maxHealth":300.0,"overheated":false,"passengers":[],"pitchBody":0.0,"respawnTimer":0.0,"roll":0.0,"turretYaw":0.0,"vx":0.0,"vy":0.0,"vz":0.0,"x":-32.0,"y":0.0,"yaw":1.571,"z":-9.0}}
SPORT_SAMPLE {"ack":22,"actor":0,"ball":{"r":1.1,"vx":0.0,"vz":0.0,"x":0.0,"y":1.1,"z":0.0},"camera":[-41.0,5.0,-8.99816703796387],"engaged":false,"focused":true,"phase":"kickoff","render":[-32.0,0.0,-9.0],"seconds":1.23571428571429,"seq":28,"stage":-1,"v":{"altitude":0.0,"driver":0.0,"flight":false,"gunner":null,"health":300.0,"heat":0.0,"id":0.0,"kind":"puma","maxHealth":300.0,"overheated":false,"passengers":[],"pitchBody":0.0,"respawnTimer":0.0,"roll":0.0,"turretYaw":0.0,"vx":0.0,"vy":0.0,"vz":0.0,"x":-32.0,"y":0.0,"yaw":1.571,"z":-9.0}}
SPORT_SAMPLE {"ack":28,"actor":0,"ball":{"r":1.1,"vx":0.0,"vz":0.0,"x":0.0,"y":1.1,"z":0.0},"camera":[-41.0,5.0,-8.99816703796387],"engaged":false,"focused":true,"phase":"kickoff","render":[-32.0,0.0,-9.0],"seconds":1.45079365079365,"seq":34,"stage":-1,"v":{"altitude":0.0,"driver":0.0,"flight":false,"gunner":null,"health":300.0,"heat":0.0,"id":0.0,"kind":"puma","maxHealth":300.0,"overheated":false,"passengers":[],"pitchBody":0.0,"respawnTimer":0.0,"roll":0.0,"turretYaw":0.0,"vx":0.0,"vy":0.0,"vz":0.0,"x":-32.0,"y":0.0,"yaw":1.571,"z":-9.0}}
SPORT_SAMPLE {"ack":34,"actor":0,"ball":{"r":1.1,"vx":0.0,"vz":0.0,"x":0.0,"y":1.1,"z":0.0},"camera":[-41.0,5.0,-8.99816703796387],"engaged":false,"focused":true,"phase":"kickoff","render":[-32.0,0.0,-9.0],"seconds":1.67695633333333,"seq":41,"stage":-1,"v":{"altitude":0.0,"driver":0.0,"flight":false,"gunner":null,"health":300.0,"heat":0.0,"id":0.0,"kind":"puma","maxHealth":300.0,"overheated":false,"passengers":[],"pitchBody":0.0,"respawnTimer":0.0,"roll":0.0,"turretYaw":0.0,"vx":0.0,"vy":0.0,"vz":0.0,"x":-32.0,"y":0.0,"yaw":1.571,"z":-9.0}}
SPORT_SAMPLE {"ack":40,"actor":0,"ball":{"r":1.1,"vx":0.0,"vz":0.0,"x":0.0,"y":1.1,"z":0.0},"camera":[-41.0,5.0,-8.99816703796387],"engaged":false,"focused":true,"phase":"kickoff","render":[-32.0,0.0,-9.0],"seconds":1.914577,"seq":48,"stage":-1,"v":{"altitude":0.0,"driver":0.0,"flight":false,"gunner":null,"health":300.0,"heat":0.0,"id":0.0,"kind":"puma","maxHealth":300.0,"overheated":false,"passengers":[],"pitchBody":0.0,"respawnTimer":0.0,"roll":0.0,"turretYaw":0.0,"vx":0.0,"vy":0.0,"vz":0.0,"x":-32.0,"y":0.0,"yaw":1.571,"z":-9.0}}
SPORT_SAMPLE {"ack":45,"actor":0,"ball":{"r":1.1,"vx":0.0,"vz":0.0,"x":0.0,"y":1.1,"z":0.0},"camera":[-41.0,5.0,-8.99816703796387],"engaged":false,"focused":true,"phase":"kickoff","render":[-32.0,0.0,-9.0],"seconds":2.11879074074074,"seq":54,"stage":-1,"v":{"altitude":0.0,"driver":0.0,"flight":false,"gunner":null,"health":300.0,"heat":0.0,"id":0.0,"kind":"puma","maxHealth":300.0,"overheated":false,"passengers":[],"pitchBody":0.0,"respawnTimer":0.0,"roll":0.0,"turretYaw":0.0,"vx":0.0,"vy":0.0,"vz":0.0,"x":-32.0,"y":0.0,"yaw":1.571,"z":-9.0}}
SPORT_SAMPLE {"ack":50,"actor":0,"ball":{"r":1.1,"vx":0.0,"vz":0.0,"x":0.0,"y":1.1,"z":0.0},"camera":[-41.0,5.0,-8.99816703796387],"engaged":false,"focused":true,"phase":"kickoff","render":[-32.0,0.0,-9.0],"seconds":2.32424242424243,"seq":60,"stage":-1,"v":{"altitude":0.0,"driver":0.0,"flight":false,"gunner":null,"health":300.0,"heat":0.0,"id":0.0,"kind":"puma","maxHealth":300.0,"overheated":false,"passengers":[],"pitchBody":0.0,"respawnTimer":0.0,"roll":0.0,"turretYaw":0.0,"vx":0.0,"vy":0.0,"vz":0.0,"x":-32.0,"y":0.0,"yaw":1.571,"z":-9.0}}
SPORT_SAMPLE {"ack":55,"actor":0,"ball":{"r":1.1,"vx":0.0,"vz":0.0,"x":0.0,"y":1.1,"z":0.0},"camera":[-41.0,5.0,-8.99816703796387],"engaged":false,"focused":true,"phase":"kickoff","render":[-32.0,0.0,-9.0],"seconds":2.53544466666667,"seq":66,"stage":-1,"v":{"altitude":0.0,"driver":0.0,"flight":false,"gunner":null,"health":300.0,"heat":0.0,"id":0.0,"kind":"puma","maxHealth":300.0,"overheated":false,"passengers":[],"pitchBody":0.0,"respawnTimer":0.0,"roll":0.0,"turretYaw":0.0,"vx":0.0,"vy":0.0,"vz":0.0,"x":-32.0,"y":0.0,"yaw":1.571,"z":-9.0}}
SPORT_SAMPLE {"ack":60,"actor":0,"ball":{"r":1.1,"vx":0.0,"vz":0.0,"x":0.0,"y":1.1,"z":0.0},"camera":[-41.0,5.0,-8.99816703796387],"engaged":false,"focused":true,"phase":"kickoff","render":[-32.0,0.0,-9.0],"seconds":2.73662266666667,"seq":72,"stage":-1,"v":{"altitude":0.0,"driver":0.0,"flight":false,"gunner":null,"health":300.0,"heat":0.0,"id":0.0,"kind":"puma","maxHealth":300.0,"overheated":false,"passengers":[],"pitchBody":0.0,"respawnTimer":0.0,"roll":0.0,"turretYaw":0.0,"vx":0.0,"vy":0.0,"vz":0.0,"x":-32.0,"y":0.0,"yaw":1.571,"z":-9.0}}
SPORT_SAMPLE {"ack":66,"actor":0,"ball":{"r":1.1,"vx":0.0,"vz":0.0,"x":0.0,"y":1.1,"z":0.0},"camera":[-41.0,5.0,-8.99816703796387],"engaged":false,"focused":true,"phase":"kickoff","render":[-32.0,0.0,-9.0],"seconds":2.97623344444444,"seq":80,"stage":-1,"v":{"altitude":0.0,"driver":0.0,"flight":false,"gunner":null,"health":300.0,"heat":0.0,"id":0.0,"kind":"puma","maxHealth":300.0,"overheated":false,"passengers":[],"pitchBody":0.0,"respawnTimer":0.0,"roll":0.0,"turretYaw":0.0,"vx":0.0,"vy":0.0,"vz":0.0,"x":-32.0,"y":0.0,"yaw":1.571,"z":-9.0}}
SPORT_SAMPLE {"ack":71,"actor":0,"ball":{"r":1.1,"vx":0.0,"vz":0.0,"x":0.0,"y":1.1,"z":0.0},"camera":[-41.0,5.0,-8.99816703796387],"engaged":false,"focused":true,"phase":"kickoff","render":[-32.0,0.0,-9.0],"seconds":3.18055555555556,"seq":86,"stage":-1,"v":{"altitude":0.0,"driver":0.0,"flight":false,"gunner":null,"health":300.0,"heat":0.0,"id":0.0,"kind":"puma","maxHealth":300.0,"overheated":false,"passengers":[],"pitchBody":0.0,"respawnTimer":0.0,"roll":0.0,"turretYaw":0.0,"vx":0.0,"vy":0.0,"vz":0.0,"x":-32.0,"y":0.0,"yaw":1.571,"z":-9.0}}
SPORT_EVENT {"key":87,"pressed":false,"seconds":3.30138888888889}
SPORT_EVENT {"key":83,"pressed":false,"seconds":3.30138888888889}
SPORT_EVENT {"key":65,"pressed":false,"seconds":3.30138888888889}
SPORT_EVENT {"key":68,"pressed":false,"seconds":3.30138888888889}
SPORT_EVENT {"key":32,"pressed":false,"seconds":3.30138888888889}
SPORT_EVENT {"key":4194325,"pressed":false,"seconds":3.30138888888889}
SPORT_EVENT {"key":82,"pressed":false,"seconds":3.30138888888889}
SPORT_EVENT {"key":4194309,"pressed":true,"seconds":3.30138888888889}
SPORT_EVENT {"key":4194309,"pressed":false,"seconds":3.30138888888889}
SPORT_EVENT {"key":87,"pressed":true,"seconds":3.30138888888889}
SPORT_STAGE {"seconds":3.30138888888889,"stage":0}
SPORT_SAMPLE {"ack":78,"actor":0,"ball":{"r":1.1,"vx":0.0,"vz":0.0,"x":0.0,"y":1.1,"z":0.0},"camera":[-40.9986686706543,5.0,-8.99816703796387],"engaged":true,"focused":true,"phase":"playing","render":[-31.9419994354248,0.0,-9.0],"seconds":3.46289682539683,"seq":95,"stage":0,"v":{"altitude":0.0,"driver":0.0,"flight":false,"gunner":null,"health":300.0,"heat":0.0,"id":0.0,"kind":"puma","maxHealth":300.0,"overheated":false,"passengers":[],"pitchBody":0.041,"respawnTimer":0.0,"roll":0.0,"turretYaw":0.0,"vx":1.166,"vy":0.0,"vz":0.0,"x":-31.942,"y":0.0,"yaw":1.571,"z":-9.0}}
SPORT_SAMPLE {"ack":83,"actor":0,"ball":{"r":1.1,"vx":0.0,"vz":0.0,"x":0.0,"y":1.1,"z":0.0},"camera":[-40.7853012084961,5.0,-8.99816703796387],"engaged":true,"focused":true,"phase":"playing","render":[-31.4090003967285,0.0,-9.0],"seconds":3.66468253968254,"seq":101,"stage":0,"v":{"altitude":0.0,"driver":0.0,"flight":false,"gunner":null,"health":300.0,"heat":0.0,"id":0.0,"kind":"puma","maxHealth":300.0,"overheated":false,"passengers":[],"pitchBody":0.074,"respawnTimer":0.0,"roll":0.0,"turretYaw":0.0,"vx":3.92,"vy":0.0,"vz":0.0,"x":-31.409,"y":0.0,"yaw":1.571,"z":-9.0}}
SPORT_SAMPLE {"ack":88,"actor":0,"ball":{"r":1.1,"vx":0.0,"vz":0.0,"x":0.0,"y":1.1,"z":0.0},"camera":[-40.079216003418,5.0,-8.99816703796387],"engaged":true,"focused":true,"phase":"playing","render":[-30.55299949646,0.0,-9.0],"seconds":3.86607142857143,"seq":106,"stage":0,"v":{"altitude":0.0,"driver":0.0,"flight":false,"gunner":null,"health":300.0,"heat":0.0,"id":0.0,"kind":"puma","maxHealth":300.0,"overheated":false,"passengers":[],"pitchBody":0.077,"respawnTimer":0.0,"roll":0.0,"turretYaw":0.0,"vx":6.11,"vy":0.0,"vz":0.0,"x":-30.553,"y":0.0,"yaw":1.571,"z":-9.0}}
SPORT_SAMPLE {"ack":94,"actor":0,"ball":{"r":1.1,"vx":0.0,"vz":0.0,"x":0.0,"y":1.1,"z":0.0},"camera":[-38.6393623352051,4.99505186080933,-8.99816989898682],"engaged":true,"focused":true,"phase":"playing","render":[-28.7689990997314,0.0,-9.0],"seconds":4.08461266666667,"seq":113,"stage":0,"v":{"altitude":0.0,"driver":0.0,"flight":false,"gunner":null,"health":300.0,"heat":0.0,"id":0.0,"kind":"puma","maxHealth":300.0,"overheated":false,"passengers":[],"pitchBody":0.072,"respawnTimer":0.0,"roll":0.0,"turretYaw":0.0,"vx":8.919,"vy":0.0,"vz":0.0,"x":-28.769,"y":0.0,"yaw":1.571,"z":-9.0}}
SPORT_SAMPLE {"ack":98,"actor":0,"ball":{"r":1.1,"vx":0.0,"vz":0.0,"x":0.0,"y":1.1,"z":0.0},"camera":[-36.0168151855469,4.82821702957153,-8.99824905395508],"engaged":true,"focused":true,"phase":"playing","render":[-26.3770008087158,0.0,-9.0],"seconds":4.306053,"seq":120,"stage":0,"v":{"altitude":0.0,"driver":0.0,"flight":false,"gunner":null,"health":300.0,"heat":0.0,"id":0.0,"kind":"puma","maxHealth":300.0,"overheated":false,"passengers":[],"pitchBody":0.063,"respawnTimer":0.0,"roll":0.0,"turretYaw":0.0,"vx":11.351,"vy":0.0,"vz":0.0,"x":-26.377,"y":0.0,"yaw":1.571,"z":-9.0}}
SPORT_SAMPLE {"ack":103,"actor":0,"ball":{"r":1.1,"vx":0.0,"vz":0.0,"x":0.0,"y":1.1,"z":0.0},"camera":[-33.5477066040039,4.83646821975708,-8.99824714660645],"engaged":true,"focused":true,"phase":"playing","render":[-23.4669990539551,0.0,-9.0],"seconds":4.52424242424243,"seq":127,"stage":0,"v":{"altitude":0.0,"driver":0.0,"flight":false,"gunner":null,"health":300.0,"heat":0.0,"id":0.0,"kind":"puma","maxHealth":300.0,"overheated":false,"passengers":[],"pitchBody":0.052,"respawnTimer":0.0,"roll":0.0,"turretYaw":0.0,"vx":13.375,"vy":0.0,"vz":0.0,"x":-23.467,"y":0.0,"yaw":1.571,"z":-9.0}}
SPORT_SAMPLE {"ack":108,"actor":0,"ball":{"r":1.1,"vx":0.0,"vz":0.0,"x":0.0,"y":1.1,"z":0.0},"camera":[-30.3017997741699,4.75298261642456,-8.99828624725342],"engaged":true,"focused":true,"phase":"playing","render":[-20.1359996795654,0.0,-9.0],"seconds":4.74426733333334,"seq":134,"stage":0,"v":{"altitude":0.0,"driver":0.0,"flight":false,"gunner":null,"health":300.0,"heat":0.0,"id":0.0,"kind":"puma","maxHealth":300.0,"overheated":false,"passengers":[],"pitchBody":0.042,"respawnTimer":0.0,"roll":0.0,"turretYaw":0.0,"vx":15.002,"vy":0.0,"vz":0.0,"x":-20.136,"y":0.0,"yaw":1.571,"z":-9.0}}
SPORT_EVENT {"key":87,"pressed":false,"seconds":4.76850975757576}
SPORT_EVENT {"key":83,"pressed":false,"seconds":4.76850975757576}
SPORT_EVENT {"key":65,"pressed":false,"seconds":4.76850975757576}
SPORT_EVENT {"key":68,"pressed":false,"seconds":4.76850975757576}
SPORT_EVENT {"key":32,"pressed":false,"seconds":4.76850975757576}
SPORT_EVENT {"key":4194325,"pressed":false,"seconds":4.76850975757576}
SPORT_EVENT {"key":82,"pressed":false,"seconds":4.76850975757576}
SPORT_EVENT {"key":87,"pressed":true,"seconds":4.76850975757576}
SPORT_EVENT {"key":68,"pressed":true,"seconds":4.76850975757576}
SPORT_STAGE {"seconds":4.76850975757576,"stage":1}
SPORT_SAMPLE {"ack":112,"actor":0,"ball":{"r":1.1,"vx":0.0,"vz":0.0,"x":0.0,"y":1.1,"z":0.0},"camera":[-26.6142959594727,4.70732307434082,-7.73862743377686],"engaged":true,"focused":true,"phase":"playing","render":[-17.0270004272461,0.0,-9.10700035095215],"seconds":4.96269630303031,"seq":140,"stage":1,"v":{"altitude":0.0,"driver":0.0,"flight":false,"gunner":null,"health":300.0,"heat":0.0,"id":0.0,"kind":"puma","maxHealth":300.0,"overheated":false,"passengers":[],"pitchBody":0.018,"respawnTimer":0.0,"roll":-0.23,"turretYaw":0.0,"vx":15.733,"vy":0.0,"vz":-1.963,"x":-17.027,"y":0.0,"yaw":1.896,"z":-9.107}}
SPORT_SAMPLE {"ack":117,"actor":0,"ball":{"r":1.1,"vx":0.0,"vz":0.0,"x":0.0,"y":1.1,"z":0.0},"camera":[-22.4905548095703,4.76823043823242,-5.365553855896],"engaged":true,"focused":true,"phase":"playing","render":[-13.5959997177124,0.0,-10.3140001296997],"seconds":5.1797440909091,"seq":147,"stage":1,"v":{"altitude":0.0,"driver":0.0,"flight":false,"gunner":null,"health":300.0,"heat":0.0,"id":0.0,"kind":"puma","maxHealth":300.0,"overheated":false,"passengers":[],"pitchBody":-0.008,"respawnTimer":0.0,"roll":-0.331,"turretYaw":0.0,"vx":13.362,"vy":0.0,"vz":-7.787,"x":-13.596,"y":0.0,"yaw":2.313,"z":-10.314}}
SPORT_SAMPLE {"ack":121,"actor":0,"ball":{"r":1.1,"vx":0.0,"vz":0.0,"x":0.0,"y":1.1,"z":0.0},"camera":[-17.2374019622803,4.79910278320312,-4.66407108306885],"engaged":true,"focused":true,"phase":"playing","render":[-11.0080003738403,0.0,-12.668999671936],"seconds":5.40200233333334,"seq":154,"stage":1,"v":{"altitude":0.0,"driver":0.0,"flight":false,"gunner":null,"health":300.0,"heat":0.0,"id":0.0,"kind":"puma","maxHealth":300.0,"overheated":false,"passengers":[],"pitchBody":-0.018,"respawnTimer":0.0,"roll":-0.347,"turretYaw":0.0,"vx":8.873,"vy":0.0,"vz":-11.793,"x":-11.008,"y":0.0,"yaw":2.723,"z":-12.669}}
SPORT_SAMPLE {"ack":125,"actor":0,"ball":{"r":1.1,"vx":0.0,"vz":0.0,"x":0.0,"y":1.1,"z":0.0},"camera":[-11.9300851821899,4.7953462600708,-5.85294055938721],"engaged":true,"focused":true,"phase":"playing","render":[-9.7819995880127,0.0,-15.2629995346069],"seconds":5.62121212121213,"seq":160,"stage":1,"v":{"altitude":0.0,"driver":0.0,"flight":false,"gunner":null,"health":300.0,"heat":0.0,"id":0.0,"kind":"puma","maxHealth":300.0,"overheated":false,"passengers":[],"pitchBody":-0.019,"respawnTimer":0.0,"roll":-0.349,"turretYaw":0.0,"vx":3.591,"vy":0.0,"vz":-13.73,"x":-9.782,"y":0.0,"yaw":3.151,"z":-15.263}}
SPORT_SAMPLE {"ack":130,"actor":0,"ball":{"r":1.1,"vx":-11.754,"vz":-16.152,"x":-0.28,"y":1.1,"z":-0.487},"camera":[-7.46930694580078,4.87347793579102,-8.70866680145264],"engaged":true,"focused":true,"phase":"playing","render":[-9.83500003814697,0.0,-18.5189990997314],"seconds":5.84307400000001,"seq":167,"stage":1,"v":{"altitude":0.0,"driver":0.0,"flight":false,"gunner":null,"health":300.0,"heat":0.0,"id":0.0,"kind":"puma","maxHealth":300.0,"overheated":false,"passengers":[],"pitchBody":-0.002,"respawnTimer":0.0,"roll":-0.35,"turretYaw":0.0,"vx":-3.389,"vy":0.0,"vz":-13.643,"x":-9.835,"y":0.0,"yaw":3.617,"z":-18.519}}
SPORT_SAMPLE {"ack":133,"actor":0,"ball":{"r":1.1,"vx":13.355,"vz":-25.295,"x":3.547,"y":1.1,"z":-6.89},"camera":[-5.45247650146484,4.80845355987549,-13.1793174743652],"engaged":true,"focused":true,"phase":"playing","render":[-11.0170001983643,0.0,-21.0599994659424],"seconds":6.05000000000001,"seq":173,"stage":1,"v":{"altitude":0.0,"driver":0.0,"flight":false,"gunner":null,"health":300.0,"heat":0.0,"id":0.0,"kind":"puma","maxHealth":300.0,"overheated":false,"passengers":[],"pitchBody":0.002,"respawnTimer":0.0,"roll":-0.35,"turretYaw":0.0,"vx":-7.806,"vy":0.0,"vz":-11.719,"x":-11.017,"y":0.0,"yaw":3.926,"z":-21.06}}
SPORT_SAMPLE {"ack":139,"actor":0,"ball":{"r":1.1,"vx":11.837,"vz":-22.421,"x":6.05,"y":1.1,"z":-11.632},"camera":[-4.48135757446289,4.95364618301392,-16.029655456543],"engaged":true,"focused":true,"phase":"playing","render":[-11.6479997634888,0.0,-21.8470001220703],"seconds":6.25070866666668,"seq":179,"stage":1,"v":{"altitude":0.0,"driver":0.0,"flight":false,"gunner":null,"health":300.0,"heat":0.0,"id":0.0,"kind":"puma","maxHealth":300.0,"overheated":false,"passengers":[],"pitchBody":0.029,"respawnTimer":0.0,"roll":-0.131,"turretYaw":0.0,"vx":-0.929,"vy":0.0,"vz":-0.617,"x":-11.648,"y":0.0,"yaw":4.187,"z":-21.847}}
SPORT_EVENT {"key":87,"pressed":false,"seconds":6.28354466666668}
SPORT_EVENT {"key":83,"pressed":false,"seconds":6.28354466666668}
SPORT_EVENT {"key":65,"pressed":false,"seconds":6.28354466666668}
SPORT_EVENT {"key":68,"pressed":false,"seconds":6.28354466666668}
SPORT_EVENT {"key":32,"pressed":false,"seconds":6.28354466666668}
SPORT_EVENT {"key":4194325,"pressed":false,"seconds":6.28354466666668}
SPORT_EVENT {"key":82,"pressed":false,"seconds":6.28354466666668}
SPORT_EVENT {"key":32,"pressed":true,"seconds":6.28354466666668}
SPORT_STAGE {"seconds":6.28354466666668,"stage":2}
SPORT_SAMPLE {"ack":143,"actor":0,"ball":{"r":1.1,"vx":10.493,"vz":-19.874,"x":8.269,"y":1.1,"z":-15.835},"camera":[-3.52936267852783,4.99468421936035,-18.2753143310547],"engaged":true,"focused":true,"phase":"playing","render":[-11.7639999389648,0.0,-21.9160003662109],"seconds":6.46463022222223,"seq":185,"stage":2,"v":{"altitude":0.0,"driver":0.0,"flight":false,"gunner":null,"health":300.0,"heat":0.0,"id":0.0,"kind":"puma","maxHealth":300.0,"overheated":false,"passengers":[],"pitchBody":0.009,"respawnTimer":0.0,"roll":-0.035,"turretYaw":0.0,"vx":0.0,"vy":0.0,"vz":0.0,"x":-11.764,"y":0.0,"yaw":4.363,"z":-21.916}}
SPORT_SAMPLE {"ack":147,"actor":0,"ball":{"r":1.1,"vx":9.115,"vz":-17.265,"x":10.542,"y":1.1,"z":-20.139},"camera":[-3.33078575134277,4.99944734573364,-18.7769241333008],"engaged":true,"focused":true,"phase":"playing","render":[-11.7639999389648,0.0,-21.9160003662109],"seconds":6.68572666666668,"seq":192,"stage":2,"v":{"altitude":0.0,"driver":0.0,"flight":false,"gunner":null,"health":300.0,"heat":0.0,"id":0.0,"kind":"puma","maxHealth":300.0,"overheated":false,"passengers":[],"pitchBody":0.001,"respawnTimer":0.0,"roll":-0.005,"turretYaw":0.0,"vx":0.0,"vy":0.0,"vz":0.0,"x":-11.764,"y":0.0,"yaw":4.363,"z":-21.916}}
SPORT_SAMPLE {"ack":151,"actor":0,"ball":{"r":1.1,"vx":7.919,"vz":8.249,"x":12.516,"y":1.1,"z":-22.483},"camera":[-3.31059455871582,4.99993181228638,-18.8279304504395],"engaged":true,"focused":true,"phase":"playing","render":[-11.7639999389648,0.0,-21.9160003662109],"seconds":6.90038600000001,"seq":199,"stage":2,"v":{"altitude":0.0,"driver":0.0,"flight":false,"gunner":null,"health":300.0,"heat":0.0,"id":0.0,"kind":"puma","maxHealth":300.0,"overheated":false,"passengers":[],"pitchBody":0.0,"respawnTimer":0.0,"roll":-0.001,"turretYaw":0.0,"vx":0.0,"vy":0.0,"vz":0.0,"x":-11.764,"y":0.0,"yaw":4.363,"z":-21.916}}
SPORT_SAMPLE {"ack":154,"actor":0,"ball":{"r":1.1,"vx":7.019,"vz":7.312,"x":14.0,"y":1.1,"z":-20.937},"camera":[-3.30810070037842,4.99999141693115,-18.834228515625],"engaged":true,"focused":true,"phase":"playing","render":[-11.7639999389648,0.0,-21.9160003662109],"seconds":7.11276300000001,"seq":205,"stage":2,"v":{"altitude":0.0,"driver":0.0,"flight":false,"gunner":null,"health":300.0,"heat":0.0,"id":0.0,"kind":"puma","maxHealth":300.0,"overheated":false,"passengers":[],"pitchBody":0.0,"respawnTimer":0.0,"roll":0.0,"turretYaw":0.0,"vx":0.0,"vy":0.0,"vz":0.0,"x":-11.764,"y":0.0,"yaw":4.363,"z":-21.916}}
SPORT_SAMPLE {"ack":158,"actor":0,"ball":{"r":1.1,"vx":6.098,"vz":6.352,"x":15.52,"y":1.1,"z":-19.353},"camera":[-3.30780029296875,4.99999952316284,-18.8349895477295],"engaged":true,"focused":true,"phase":"playing","render":[-11.7639999389648,0.0,-21.9160003662109],"seconds":7.33447900000001,"seq":212,"stage":2,"v":{"altitude":0.0,"driver":0.0,"flight":false,"gunner":null,"health":300.0,"heat":0.0,"id":0.0,"kind":"puma","maxHealth":300.0,"overheated":false,"passengers":[],"pitchBody":0.0,"respawnTimer":0.0,"roll":0.0,"turretYaw":0.0,"vx":0.0,"vy":0.0,"vz":0.0,"x":-11.764,"y":0.0,"yaw":4.363,"z":-21.916}}
SPORT_SAMPLE {"ack":164,"actor":0,"ball":{"r":1.1,"vx":5.405,"vz":5.631,"x":16.664,"y":1.1,"z":-18.162},"camera":[-3.30776500701904,4.99999952316284,-18.8350772857666],"engaged":true,"focused":true,"phase":"playing","render":[-11.7639999389648,0.0,-21.9160003662109],"seconds":7.56406466666668,"seq":218,"stage":2,"v":{"altitude":0.0,"driver":0.0,"flight":false,"gunner":null,"health":300.0,"heat":0.0,"id":0.0,"kind":"puma","maxHealth":300.0,"overheated":false,"passengers":[],"pitchBody":0.0,"respawnTimer":0.0,"roll":0.0,"turretYaw":0.0,"vx":0.0,"vy":0.0,"vz":0.0,"x":-11.764,"y":0.0,"yaw":4.363,"z":-21.916}}
SPORT_EVENT {"key":87,"pressed":false,"seconds":7.77954577777779}
SPORT_EVENT {"key":83,"pressed":false,"seconds":7.77954577777779}
SPORT_EVENT {"key":65,"pressed":false,"seconds":7.77954577777779}
SPORT_EVENT {"key":68,"pressed":false,"seconds":7.77954577777779}
SPORT_EVENT {"key":32,"pressed":false,"seconds":7.77954577777779}
SPORT_EVENT {"key":4194325,"pressed":false,"seconds":7.77954577777779}
SPORT_EVENT {"key":82,"pressed":false,"seconds":7.77954577777779}
SPORT_EVENT {"key":83,"pressed":true,"seconds":7.77954577777779}
SPORT_STAGE {"seconds":7.77954577777779,"stage":3}
SPORT_SAMPLE {"ack":170,"actor":0,"ball":{"r":1.1,"vx":4.333,"vz":4.514,"x":18.433,"y":1.1,"z":-16.319},"camera":[-3.30723571777344,4.99999952316284,-18.8348217010498],"engaged":true,"focused":true,"phase":"playing","render":[-11.7559995651245,0.0,-21.9130001068115],"seconds":7.93232355555557,"seq":229,"stage":3,"v":{"altitude":0.0,"driver":0.0,"flight":false,"gunner":null,"health":300.0,"heat":0.0,"id":0.0,"kind":"puma","maxHealth":300.0,"overheated":false,"passengers":[],"pitchBody":-0.01,"respawnTimer":0.0,"roll":0.0,"turretYaw":0.0,"vx":0.23,"vy":0.0,"vz":0.084,"x":-11.756,"y":0.0,"yaw":4.363,"z":-21.913}}
SPORT_SAMPLE {"ack":174,"actor":0,"ball":{"r":1.1,"vx":3.841,"vz":4.001,"x":19.245,"y":1.1,"z":-15.473},"camera":[-3.24174213409424,4.99999952316284,-18.8108959197998],"engaged":true,"focused":true,"phase":"playing","render":[-11.6099996566772,0.0,-21.8600006103516],"seconds":8.14660926984128,"seq":235,"stage":3,"v":{"altitude":0.0,"driver":0.0,"flight":false,"gunner":null,"health":300.0,"heat":0.0,"id":0.0,"kind":"puma","maxHealth":300.0,"overheated":false,"passengers":[],"pitchBody":-0.025,"respawnTimer":0.0,"roll":0.0,"turretYaw":0.0,"vx":1.147,"vy":0.0,"vz":0.418,"x":-11.61,"y":0.0,"yaw":4.363,"z":-21.86}}
SPORT_SCREENSHOT 0
SPORT_SAMPLE {"ack":176,"actor":0,"ball":{"r":1.1,"vx":3.473,"vz":3.618,"x":19.851,"y":1.1,"z":-14.842},"camera":[-3.04544353485107,4.99999952316284,-18.7391700744629],"engaged":true,"focused":true,"phase":"playing","render":[-11.3500003814697,0.0,-21.7649993896484],"seconds":8.41426333333335,"seq":240,"stage":3,"v":{"altitude":0.0,"driver":0.0,"flight":false,"gunner":null,"health":300.0,"heat":0.0,"id":0.0,"kind":"puma","maxHealth":300.0,"overheated":false,"passengers":[],"pitchBody":-0.028,"respawnTimer":0.0,"roll":0.0,"turretYaw":0.0,"vx":1.9,"vy":0.0,"vz":0.693,"x":-11.35,"y":0.0,"yaw":4.363,"z":-21.765}}
SPORT_SAMPLE {"ack":181,"actor":0,"ball":{"r":1.1,"vx":2.784,"vz":2.901,"x":20.988,"y":1.1,"z":-13.658},"camera":[-2.23006820678711,5.0,-18.4417400360107],"engaged":true,"focused":true,"phase":"playing","render":[-10.3450002670288,0.0,-21.3980007171631],"seconds":8.63209266666668,"seq":251,"stage":3,"v":{"altitude":0.0,"driver":0.0,"flight":false,"gunner":null,"health":300.0,"heat":0.0,"id":0.0,"kind":"puma","maxHealth":300.0,"overheated":false,"passengers":[],"pitchBody":-0.027,"respawnTimer":0.0,"roll":0.0,"turretYaw":0.0,"vx":3.488,"vy":0.0,"vz":1.272,"x":-10.345,"y":0.0,"yaw":4.363,"z":-21.398}}
SPORT_SAMPLE {"ack":186,"actor":0,"ball":{"r":1.1,"vx":2.419,"vz":2.52,"x":21.591,"y":1.1,"z":-13.03},"camera":[-1.46920967102051,5.0,-18.164306640625],"engaged":true,"focused":true,"phase":"playing","render":[-9.41300010681152,0.0,-21.0580005645752],"seconds":8.84005562962964,"seq":258,"stage":3,"v":{"altitude":0.0,"driver":0.0,"flight":false,"gunner":null,"health":300.0,"heat":0.0,"id":0.0,"kind":"puma","maxHealth":300.0,"overheated":false,"passengers":[],"pitchBody":-0.026,"respawnTimer":0.0,"roll":0.0,"turretYaw":0.0,"vx":4.427,"vy":0.0,"vz":1.615,"x":-9.413,"y":0.0,"yaw":4.363,"z":-21.058}}
SPORT_SAMPLE {"ack":189,"actor":0,"ball":{"r":1.1,"vx":2.101,"vz":2.189,"x":22.115,"y":1.1,"z":-12.484},"camera":[-0.444698333740234,5.0,-17.790506362915],"engaged":true,"focused":true,"phase":"playing","render":[-8.27000045776367,0.0,-20.6410007476807],"seconds":9.05005562962964,"seq":265,"stage":3,"v":{"altitude":0.0,"driver":0.0,"flight":false,"gunner":null,"health":300.0,"heat":0.0,"id":0.0,"kind":"puma","maxHealth":300.0,"overheated":false,"passengers":[],"pitchBody":-0.024,"respawnTimer":0.0,"roll":0.0,"turretYaw":0.0,"vx":5.298,"vy":0.0,"vz":1.932,"x":-8.27,"y":0.0,"yaw":4.363,"z":-20.641}}
SPORT_EVENT {"key":87,"pressed":false,"seconds":9.26666666666668}
SPORT_EVENT {"key":83,"pressed":false,"seconds":9.26666666666668}
SPORT_EVENT {"key":65,"pressed":false,"seconds":9.26666666666668}
SPORT_EVENT {"key":68,"pressed":false,"seconds":9.26666666666668}
SPORT_EVENT {"key":32,"pressed":false,"seconds":9.26666666666668}
SPORT_EVENT {"key":4194325,"pressed":false,"seconds":9.26666666666668}
SPORT_EVENT {"key":82,"pressed":false,"seconds":9.26666666666668}
SPORT_EVENT {"key":4194305,"pressed":true,"seconds":9.26666666666668}
SPORT_EVENT {"key":4194305,"pressed":false,"seconds":9.26666666666668}
SPORT_EVENT {"key":87,"pressed":true,"seconds":9.26666666666668}
SPORT_STAGE {"seconds":9.26666666666668,"stage":4}
SPORT_SAMPLE {"ack":195,"actor":0,"ball":{"r":1.1,"vx":-0.723,"vz":22.976,"x":23.069,"y":1.1,"z":-9.685},"camera":[1.54640865325928,5.0,-17.0642185211182],"engaged":false,"focused":true,"phase":"playing","render":[-6.22499990463257,0.0,-19.8950004577637],"seconds":9.41818181818184,"seq":276,"stage":4,"v":{"altitude":0.0,"driver":0.0,"flight":false,"gunner":null,"health":300.0,"heat":0.0,"id":0.0,"kind":"puma","maxHealth":300.0,"overheated":false,"passengers":[],"pitchBody":0.005,"respawnTimer":0.0,"roll":0.0,"turretYaw":0.0,"vx":5.435,"vy":0.0,"vz":1.982,"x":-6.225,"y":0.0,"yaw":4.363,"z":-19.895}}
SPORT_SAMPLE {"ack":199,"actor":0,"ball":{"r":1.1,"vx":-0.641,"vz":20.365,"x":22.933,"y":1.1,"z":-5.378},"camera":[2.65707063674927,5.0,-16.6590042114258],"engaged":false,"focused":true,"phase":"playing","render":[-5.20100021362305,0.0,-19.5219993591309],"seconds":9.62939393939396,"seq":282,"stage":4,"v":{"altitude":0.0,"driver":0.0,"flight":false,"gunner":null,"health":300.0,"heat":0.0,"id":0.0,"kind":"puma","maxHealth":300.0,"overheated":false,"passengers":[],"pitchBody":0.016,"respawnTimer":0.0,"roll":0.0,"turretYaw":0.0,"vx":4.86,"vy":0.0,"vz":1.773,"x":-5.201,"y":0.0,"yaw":4.363,"z":-19.522}}
SPORT_SAMPLE {"ack":202,"actor":0,"ball":{"r":1.1,"vx":-0.568,"vz":18.051,"x":22.813,"y":1.1,"z":-1.56},"camera":[3.65154552459717,5.0,-16.2963581085205],"engaged":false,"focused":true,"phase":"playing","render":[-4.28700017929077,0.0,-19.1889991760254],"seconds":9.83751666666669,"seq":288,"stage":4,"v":{"altitude":0.0,"driver":0.0,"flight":false,"gunner":null,"health":300.0,"heat":0.0,"id":0.0,"kind":"puma","maxHealth":300.0,"overheated":false,"passengers":[],"pitchBody":0.017,"respawnTimer":0.0,"roll":0.0,"turretYaw":0.0,"vx":4.325,"vy":0.0,"vz":1.578,"x":-4.287,"y":0.0,"yaw":4.363,"z":-19.189}}
SPORT_SAMPLE {"ack":206,"actor":0,"ball":{"r":1.1,"vx":-0.504,"vz":16.001,"x":22.706,"y":1.1,"z":1.824},"camera":[4.51951742172241,5.0,-15.9800214767456],"engaged":false,"focused":true,"phase":"playing","render":[-3.47699999809265,0.0,-18.8929996490479],"seconds":10.0382913333334,"seq":294,"stage":4,"v":{"altitude":0.0,"driver":0.0,"flight":false,"gunner":null,"health":300.0,"heat":0.0,"id":0.0,"kind":"puma","maxHealth":300.0,"overheated":false,"passengers":[],"pitchBody":0.016,"respawnTimer":0.0,"roll":0.0,"turretYaw":0.0,"vx":3.825,"vy":0.0,"vz":1.395,"x":-3.477,"y":0.0,"yaw":4.363,"z":-18.893}}
SPORT_SAMPLE {"ack":210,"actor":0,"ball":{"r":1.1,"vx":-0.438,"vz":13.9,"x":22.597,"y":1.1,"z":5.289},"camera":[5.37666511535645,5.0,-15.6672964096069],"engaged":false,"focused":true,"phase":"playing","render":[-2.65400004386902,0.0,-18.5930004119873],"seconds":10.2650621904762,"seq":301,"stage":4,"v":{"altitude":0.0,"driver":0.0,"flight":false,"gunner":null,"health":300.0,"heat":0.0,"id":0.0,"kind":"puma","maxHealth":300.0,"overheated":false,"passengers":[],"pitchBody":0.015,"respawnTimer":0.0,"roll":0.0,"turretYaw":0.0,"vx":3.275,"vy":0.0,"vz":1.195,"x":-2.654,"y":0.0,"yaw":4.363,"z":-18.593}}
SPORT_SAMPLE {"ack":214,"actor":0,"ball":{"r":1.1,"vx":-0.38,"vz":12.076,"x":22.502,"y":1.1,"z":8.3},"camera":[6.13666725158691,5.0,-15.3899335861206],"engaged":false,"focused":true,"phase":"playing","render":[-1.95500004291534,0.0,-18.3379993438721],"seconds":10.4921428571429,"seq":308,"stage":4,"v":{"altitude":0.0,"driver":0.0,"flight":false,"gunner":null,"health":300.0,"heat":0.0,"id":0.0,"kind":"puma","maxHealth":300.0,"overheated":false,"passengers":[],"pitchBody":0.014,"respawnTimer":0.0,"roll":0.0,"turretYaw":0.0,"vx":2.757,"vy":0.0,"vz":1.006,"x":-1.955,"y":0.0,"yaw":4.363,"z":-18.338}}
SPORT_SAMPLE {"ack":217,"actor":0,"ball":{"r":1.1,"vx":-0.337,"vz":10.704,"x":22.431,"y":1.1,"z":10.564},"camera":[6.69806098937988,5.0,-15.1852207183838],"engaged":false,"focused":true,"phase":"playing","render":[-1.45000004768372,0.0,-18.1539993286133],"seconds":10.693412,"seq":314,"stage":4,"v":{"altitude":0.0,"driver":0.0,"flight":false,"gunner":null,"health":300.0,"heat":0.0,"id":0.0,"kind":"puma","maxHealth":300.0,"overheated":false,"passengers":[],"pitchBody":0.014,"respawnTimer":0.0,"roll":0.0,"turretYaw":0.0,"vx":2.332,"vy":0.0,"vz":0.851,"x":-1.45,"y":0.0,"yaw":4.363,"z":-18.154}}
SPORT_EVENT {"key":87,"pressed":false,"seconds":10.7833333333334}
SPORT_EVENT {"key":83,"pressed":false,"seconds":10.7833333333334}
SPORT_EVENT {"key":65,"pressed":false,"seconds":10.7833333333334}
SPORT_EVENT {"key":68,"pressed":false,"seconds":10.7833333333334}
SPORT_EVENT {"key":32,"pressed":false,"seconds":10.7833333333334}
SPORT_EVENT {"key":4194325,"pressed":false,"seconds":10.7833333333334}
SPORT_EVENT {"key":82,"pressed":false,"seconds":10.7833333333334}
SPORT_EVENT {"key":4194309,"pressed":true,"seconds":10.7833333333334}
SPORT_EVENT {"key":4194309,"pressed":false,"seconds":10.7833333333334}
SPORT_EVENT {"key":87,"pressed":true,"seconds":10.7833333333334}
SPORT_EVENT {"key":4194325,"pressed":true,"seconds":10.7833333333334}
SPORT_STAGE {"seconds":10.7833333333334,"stage":5}
SPORT_SAMPLE {"ack":222,"actor":0,"ball":{"r":1.1,"vx":-3.958,"vz":16.713,"x":22.196,"y":1.1,"z":13.323},"camera":[7.30951404571533,5.0,-14.962254524231],"engaged":true,"focused":true,"phase":"playing","render":[-0.962999999523163,0.0,-17.9759998321533],"seconds":10.9477056666667,"seq":322,"stage":5,"v":{"altitude":0.0,"driver":0.0,"flight":false,"gunner":null,"health":300.0,"heat":0.0,"id":0.0,"kind":"puma","maxHealth":300.0,"overheated":false,"passengers":[],"pitchBody":0.057,"respawnTimer":0.0,"roll":0.0,"turretYaw":0.0,"vx":0.414,"vy":0.0,"vz":0.151,"x":-0.963,"y":0.0,"yaw":4.363,"z":-17.976}}
SPORT_SAMPLE {"ack":226,"actor":0,"ball":{"r":1.1,"vx":-3.509,"vz":14.814,"x":21.454,"y":1.1,"z":16.456},"camera":[7.33278560638428,5.0,-14.9535837173462],"engaged":true,"focused":true,"phase":"playing","render":[-1.36699998378754,0.0,-18.1240005493164],"seconds":11.1582645555556,"seq":328,"stage":5,"v":{"altitude":0.0,"driver":0.0,"flight":false,"gunner":null,"health":300.0,"heat":0.0,"id":0.0,"kind":"puma","maxHealth":300.0,"overheated":false,"passengers":[],"pitchBody":0.107,"respawnTimer":0.0,"roll":0.0,"turretYaw":0.0,"vx":-4.063,"vy":0.0,"vz":-1.482,"x":-1.367,"y":0.0,"yaw":4.363,"z":-18.124}}
SPORT_SAMPLE {"ack":230,"actor":0,"ball":{"r":1.1,"vx":-3.44,"vz":19.562,"x":20.673,"y":1.1,"z":21.407},"camera":[6.35227870941162,4.99663209915161,-15.3114175796509],"engaged":true,"focused":true,"phase":"playing","render":[-2.93700003623962,0.0,-18.6959991455078],"seconds":11.3833333333334,"seq":335,"stage":5,"v":{"altitude":0.0,"driver":0.0,"flight":false,"gunner":null,"health":300.0,"heat":0.0,"id":0.0,"kind":"puma","maxHealth":300.0,"overheated":false,"passengers":[],"pitchBody":0.118,"respawnTimer":0.0,"roll":0.0,"turretYaw":0.0,"vx":-8.953,"vy":0.0,"vz":-3.266,"x":-2.937,"y":0.0,"yaw":4.363,"z":-18.696}}
SPORT_SAMPLE {"ack":234,"actor":0,"ball":{"r":1.1,"vx":3.603,"vz":-2.597,"x":21.333,"y":1.1,"z":22.813},"camera":[4.18391132354736,4.88345146179199,-16.1023635864258],"engaged":true,"focused":true,"phase":"playing","render":[-5.13299989700317,0.0,-19.4969997406006],"seconds":11.588425925926,"seq":341,"stage":5,"v":{"altitude":0.0,"driver":0.0,"flight":false,"gunner":null,"health":300.0,"heat":0.0,"id":0.0,"kind":"puma","maxHealth":300.0,"overheated":false,"passengers":[],"pitchBody":0.115,"respawnTimer":0.0,"roll":0.0,"turretYaw":0.0,"vx":-12.605,"vy":0.0,"vz":-4.598,"x":-5.133,"y":0.0,"yaw":4.363,"z":-19.497}}
SPORT_SAMPLE {"ack":237,"actor":0,"ball":{"r":1.1,"vx":-0.365,"vz":-1.31,"x":21.423,"y":1.1,"z":22.489},"camera":[1.44783496856689,4.81267213821411,-17.1000518798828],"engaged":true,"focused":true,"phase":"playing","render":[-7.99300003051758,0.0,-20.5400009155273],"seconds":11.7958333333334,"seq":347,"stage":5,"v":{"altitude":0.0,"driver":0.0,"flight":false,"gunner":null,"health":300.0,"heat":0.0,"id":0.0,"kind":"puma","maxHealth":300.0,"overheated":false,"passengers":[],"pitchBody":0.098,"respawnTimer":0.0,"roll":0.0,"turretYaw":0.0,"vx":-15.638,"vy":0.0,"vz":-5.704,"x":-7.993,"y":0.0,"yaw":4.363,"z":-20.54}}
SPORT_SAMPLE {"ack":241,"actor":0,"ball":{"r":1.1,"vx":0.143,"vz":-1.077,"x":21.428,"y":1.1,"z":22.217},"camera":[-2.27274703979492,4.65028381347656,-18.4568996429443],"engaged":true,"focused":true,"phase":"playing","render":[-11.6949996948242,0.0,-21.8910007476807],"seconds":12.0032407407408,"seq":354,"stage":5,"v":{"altitude":0.0,"driver":0.0,"flight":false,"gunner":null,"health":300.0,"heat":0.0,"id":0.0,"kind":"puma","maxHealth":300.0,"overheated":false,"passengers":[],"pitchBody":0.053,"respawnTimer":0.0,"roll":0.0,"turretYaw":0.0,"vx":0.0,"vy":0.0,"vz":0.0,"x":-11.695,"y":0.0,"yaw":4.363,"z":-21.891}}
SPORT_SAMPLE {"ack":245,"actor":0,"ball":{"r":1.1,"vx":-0.053,"vz":-0.618,"x":21.375,"y":1.1,"z":22.15},"camera":[-3.20284080505371,4.95866775512695,-18.7966403961182],"engaged":true,"focused":true,"phase":"playing","render":[-11.7639999389648,0.0,-21.9160003662109],"seconds":12.2291666666667,"seq":361,"stage":5,"v":{"altitude":0.0,"driver":0.0,"flight":false,"gunner":null,"health":300.0,"heat":0.0,"id":0.0,"kind":"puma","maxHealth":300.0,"overheated":false,"passengers":[],"pitchBody":0.016,"respawnTimer":0.0,"roll":0.0,"turretYaw":0.0,"vx":0.0,"vy":0.0,"vz":0.0,"x":-11.764,"y":0.0,"yaw":4.363,"z":-21.916}}
SPORT_EVENT {"key":87,"pressed":false,"seconds":12.2916666666667}
SPORT_EVENT {"key":83,"pressed":false,"seconds":12.2916666666667}
SPORT_EVENT {"key":65,"pressed":false,"seconds":12.2916666666667}
SPORT_EVENT {"key":68,"pressed":false,"seconds":12.2916666666667}
SPORT_EVENT {"key":32,"pressed":false,"seconds":12.2916666666667}
SPORT_EVENT {"key":4194325,"pressed":false,"seconds":12.2916666666667}
SPORT_EVENT {"key":82,"pressed":false,"seconds":12.2916666666667}
SPORT_EVENT {"key":87,"pressed":true,"seconds":12.2916666666667}
SPORT_STAGE {"seconds":12.2916666666667,"stage":6}
SPORT_SAMPLE {"ack":248,"actor":0,"ball":{"r":1.1,"vx":-0.035,"vz":-0.379,"x":21.377,"y":1.1,"z":22.173},"camera":[-3.29598903656006,4.99536275863647,-18.830774307251],"engaged":false,"focused":false,"phase":"playing","render":[-11.7639999389648,0.0,-21.9160003662109],"seconds":12.4479166666667,"seq":367,"stage":6,"v":{"altitude":0.0,"driver":0.0,"flight":false,"gunner":null,"health":300.0,"heat":0.0,"id":0.0,"kind":"puma","maxHealth":300.0,"overheated":false,"passengers":[],"pitchBody":0.003,"respawnTimer":0.0,"roll":0.0,"turretYaw":0.0,"vx":0.0,"vy":0.0,"vz":0.0,"x":-11.764,"y":0.0,"yaw":4.363,"z":-21.916}}
SPORT_SAMPLE {"ack":251,"actor":0,"ball":{"r":1.1,"vx":-0.027,"vz":-0.274,"x":21.379,"y":1.1,"z":22.193},"camera":[-3.30643653869629,4.99947834014893,-18.834602355957],"engaged":false,"focused":false,"phase":"playing","render":[-11.7639999389648,0.0,-21.9160003662109],"seconds":12.6660714285715,"seq":373,"stage":6,"v":{"altitude":0.0,"driver":0.0,"flight":false,"gunner":null,"health":300.0,"heat":0.0,"id":0.0,"kind":"puma","maxHealth":300.0,"overheated":false,"passengers":[],"pitchBody":0.001,"respawnTimer":0.0,"roll":0.0,"turretYaw":0.0,"vx":0.0,"vy":0.0,"vz":0.0,"x":-11.764,"y":0.0,"yaw":4.363,"z":-21.916}}
SPORT_SAMPLE {"ack":255,"actor":0,"ball":{"r":1.1,"vx":-0.605,"vz":-0.288,"x":21.307,"y":1.1,"z":22.138},"camera":[-3.3076114654541,4.99994134902954,-18.8350315093994],"engaged":false,"focused":false,"phase":"playing","render":[-11.7639999389648,0.0,-21.9160003662109],"seconds":12.885529,"seq":380,"stage":6,"v":{"altitude":0.0,"driver":0.0,"flight":false,"gunner":null,"health":300.0,"heat":0.0,"id":0.0,"kind":"puma","maxHealth":300.0,"overheated":false,"passengers":[],"pitchBody":0.0,"respawnTimer":0.0,"roll":0.0,"turretYaw":0.0,"vx":0.0,"vy":0.0,"vz":0.0,"x":-11.764,"y":0.0,"yaw":4.363,"z":-21.916}}
SPORT_SAMPLE {"ack":259,"actor":0,"ball":{"r":1.1,"vx":-1.834,"vz":-3.169,"x":21.065,"y":1.1,"z":22.224},"camera":[-3.3077449798584,4.99999380111694,-18.8350811004639],"engaged":false,"focused":false,"phase":"playing","render":[-11.7639999389648,0.0,-21.9160003662109],"seconds":13.112545,"seq":387,"stage":6,"v":{"altitude":0.0,"driver":0.0,"flight":false,"gunner":null,"health":300.0,"heat":0.0,"id":0.0,"kind":"puma","maxHealth":300.0,"overheated":false,"passengers":[],"pitchBody":0.0,"respawnTimer":0.0,"roll":0.0,"turretYaw":0.0,"vx":0.0,"vy":0.0,"vz":0.0,"x":-11.764,"y":0.0,"yaw":4.363,"z":-21.916}}
SPORT_SAMPLE {"ack":264,"actor":0,"ball":{"r":1.1,"vx":-2.388,"vz":-0.906,"x":20.717,"y":1.1,"z":22.665},"camera":[-3.30776023864746,4.99999952316284,-18.8350849151611],"engaged":false,"focused":false,"phase":"playing","render":[-11.7639999389648,0.0,-21.9160003662109],"seconds":13.3440243333334,"seq":394,"stage":6,"v":{"altitude":0.0,"driver":0.0,"flight":false,"gunner":null,"health":300.0,"heat":0.0,"id":0.0,"kind":"puma","maxHealth":300.0,"overheated":false,"passengers":[],"pitchBody":0.0,"respawnTimer":0.0,"roll":0.0,"turretYaw":0.0,"vx":0.0,"vy":0.0,"vz":0.0,"x":-11.764,"y":0.0,"yaw":4.363,"z":-21.916}}
SPORT_SAMPLE {"ack":271,"actor":0,"ball":{"r":1.1,"vx":-0.768,"vz":0.458,"x":20.398,"y":1.1,"z":22.838},"camera":[-3.30776023864746,4.99999952316284,-18.8350849151611],"engaged":false,"focused":false,"phase":"playing","render":[-11.7639999389648,0.0,-21.9160003662109],"seconds":13.5764183333334,"seq":401,"stage":6,"v":{"altitude":0.0,"driver":0.0,"flight":false,"gunner":null,"health":300.0,"heat":0.0,"id":0.0,"kind":"puma","maxHealth":300.0,"overheated":false,"passengers":[],"pitchBody":0.0,"respawnTimer":0.0,"roll":0.0,"turretYaw":0.0,"vx":0.0,"vy":0.0,"vz":0.0,"x":-11.764,"y":0.0,"yaw":4.363,"z":-21.916}}
SPORT_EVENT {"key":87,"pressed":false,"seconds":13.7722516666667}
SPORT_EVENT {"key":83,"pressed":false,"seconds":13.7722516666667}
SPORT_EVENT {"key":65,"pressed":false,"seconds":13.7722516666667}
SPORT_EVENT {"key":68,"pressed":false,"seconds":13.7722516666667}
SPORT_EVENT {"key":32,"pressed":false,"seconds":13.7722516666667}
SPORT_EVENT {"key":4194325,"pressed":false,"seconds":13.7722516666667}
SPORT_EVENT {"key":82,"pressed":false,"seconds":13.7722516666667}
SPORT_EVENT {"key":87,"pressed":true,"seconds":13.7722516666667}
SPORT_STAGE {"seconds":13.7722516666667,"stage":7}
SPORT_SAMPLE {"ack":279,"actor":0,"ball":{"r":1.1,"vx":0.148,"vz":-0.192,"x":20.847,"y":1.1,"z":22.9},"camera":[-3.30776023864746,4.99999952316284,-18.8350849151611],"engaged":false,"focused":true,"phase":"playing","render":[-11.7639999389648,0.0,-21.9160003662109],"seconds":13.9389183333334,"seq":412,"stage":7,"v":{"altitude":0.0,"driver":0.0,"flight":false,"gunner":null,"health":300.0,"heat":0.0,"id":0.0,"kind":"puma","maxHealth":300.0,"overheated":false,"passengers":[],"pitchBody":0.0,"respawnTimer":0.0,"roll":0.0,"turretYaw":0.0,"vx":0.0,"vy":0.0,"vz":0.0,"x":-11.764,"y":0.0,"yaw":4.363,"z":-21.916}}
SPORT_SAMPLE {"ack":285,"actor":0,"ball":{"r":1.1,"vx":0.0,"vz":0.0,"x":20.85,"y":1.1,"z":22.9},"camera":[-3.30776023864746,4.99999952316284,-18.8350849151611],"engaged":false,"focused":true,"phase":"playing","render":[-11.7639999389648,0.0,-21.9160003662109],"seconds":14.1666666666667,"seq":419,"stage":7,"v":{"altitude":0.0,"driver":0.0,"flight":false,"gunner":null,"health":300.0,"heat":0.0,"id":0.0,"kind":"puma","maxHealth":300.0,"overheated":false,"passengers":[],"pitchBody":0.0,"respawnTimer":0.0,"roll":0.0,"turretYaw":0.0,"vx":0.0,"vy":0.0,"vz":0.0,"x":-11.764,"y":0.0,"yaw":4.363,"z":-21.916}}
SPORT_SAMPLE {"ack":289,"actor":0,"ball":{"r":1.1,"vx":0.0,"vz":0.0,"x":20.85,"y":1.1,"z":22.9},"camera":[-3.30776023864746,4.99999952316284,-18.8350849151611],"engaged":false,"focused":true,"phase":"playing","render":[-11.7639999389648,0.0,-21.9160003662109],"seconds":14.3902777777778,"seq":426,"stage":7,"v":{"altitude":0.0,"driver":0.0,"flight":false,"gunner":null,"health":300.0,"heat":0.0,"id":0.0,"kind":"puma","maxHealth":300.0,"overheated":false,"passengers":[],"pitchBody":0.0,"respawnTimer":0.0,"roll":0.0,"turretYaw":0.0,"vx":0.0,"vy":0.0,"vz":0.0,"x":-11.764,"y":0.0,"yaw":4.363,"z":-21.916}}
SPORT_SAMPLE {"ack":292,"actor":0,"ball":{"r":1.1,"vx":0.0,"vz":0.0,"x":20.85,"y":1.1,"z":22.9},"camera":[-3.30776023864746,4.99999952316284,-18.8350849151611],"engaged":false,"focused":true,"phase":"playing","render":[-11.7639999389648,0.0,-21.9160003662109],"seconds":14.6073238484849,"seq":432,"stage":7,"v":{"altitude":0.0,"driver":0.0,"flight":false,"gunner":null,"health":300.0,"heat":0.0,"id":0.0,"kind":"puma","maxHealth":300.0,"overheated":false,"passengers":[],"pitchBody":0.0,"respawnTimer":0.0,"roll":0.0,"turretYaw":0.0,"vx":0.0,"vy":0.0,"vz":0.0,"x":-11.764,"y":0.0,"yaw":4.363,"z":-21.916}}
SPORT_SAMPLE {"ack":296,"actor":0,"ball":{"r":1.1,"vx":0.0,"vz":0.0,"x":20.85,"y":1.1,"z":22.9},"camera":[-3.30776023864746,4.99999952316284,-18.8350849151611],"engaged":false,"focused":true,"phase":"playing","render":[-11.7639999389648,0.0,-21.9160003662109],"seconds":14.8333333333334,"seq":439,"stage":7,"v":{"altitude":0.0,"driver":0.0,"flight":false,"gunner":null,"health":300.0,"heat":0.0,"id":0.0,"kind":"puma","maxHealth":300.0,"overheated":false,"passengers":[],"pitchBody":0.0,"respawnTimer":0.0,"roll":0.0,"turretYaw":0.0,"vx":0.0,"vy":0.0,"vz":0.0,"x":-11.764,"y":0.0,"yaw":4.363,"z":-21.916}}
SPORT_SAMPLE {"ack":301,"actor":0,"ball":{"r":1.1,"vx":-0.459,"vz":-0.173,"x":20.819,"y":1.1,"z":22.9},"camera":[-3.30776023864746,4.99999952316284,-18.8350849151611],"engaged":false,"focused":true,"phase":"playing","render":[-11.7639999389648,0.0,-21.9160003662109],"seconds":15.0583333333334,"seq":446,"stage":7,"v":{"altitude":0.0,"driver":0.0,"flight":false,"gunner":null,"health":300.0,"heat":0.0,"id":0.0,"kind":"puma","maxHealth":300.0,"overheated":false,"passengers":[],"pitchBody":0.0,"respawnTimer":0.0,"roll":0.0,"turretYaw":0.0,"vx":0.0,"vy":0.0,"vz":0.0,"x":-11.764,"y":0.0,"yaw":4.363,"z":-21.916}}
SPORT_EVENT {"key":87,"pressed":false,"seconds":15.2914593333334}
SPORT_EVENT {"key":83,"pressed":false,"seconds":15.2914593333334}
SPORT_EVENT {"key":65,"pressed":false,"seconds":15.2914593333334}
SPORT_EVENT {"key":68,"pressed":false,"seconds":15.2914593333334}
SPORT_EVENT {"key":32,"pressed":false,"seconds":15.2914593333334}
SPORT_EVENT {"key":4194325,"pressed":false,"seconds":15.2914593333334}
SPORT_EVENT {"key":82,"pressed":false,"seconds":15.2914593333334}
SPORT_EVENT {"key":4194309,"pressed":true,"seconds":15.2914593333334}
SPORT_EVENT {"key":4194309,"pressed":false,"seconds":15.2914593333334}
SPORT_EVENT {"key":87,"pressed":true,"seconds":15.2914593333334}
SPORT_STAGE {"seconds":15.2914593333334,"stage":8}
SPORT_SAMPLE {"ack":308,"actor":0,"ball":{"r":1.1,"vx":-1.331,"vz":-0.716,"x":20.679,"y":1.1,"z":22.9},"camera":[-3.30776023864746,4.99999952316284,-18.8350849151611],"engaged":true,"focused":true,"phase":"playing","render":[-11.7639999389648,0.0,-21.9160003662109],"seconds":15.458055,"seq":458,"stage":8,"v":{"altitude":0.0,"driver":0.0,"flight":false,"gunner":null,"health":300.0,"heat":0.0,"id":0.0,"kind":"puma","maxHealth":300.0,"overheated":false,"passengers":[],"pitchBody":0.0,"respawnTimer":0.0,"roll":0.0,"turretYaw":0.0,"vx":0.0,"vy":0.0,"vz":0.0,"x":-11.764,"y":0.0,"yaw":4.363,"z":-21.916}}
SPORT_SAMPLE {"ack":314,"actor":0,"ball":{"r":1.1,"vx":-1.149,"vz":-0.664,"x":20.55,"y":1.1,"z":22.9},"camera":[-3.30776023864746,4.99999952316284,-18.8350849151611],"engaged":true,"focused":true,"phase":"playing","render":[-11.7639999389648,0.0,-21.9160003662109],"seconds":15.6626633333334,"seq":464,"stage":8,"v":{"altitude":0.0,"driver":0.0,"flight":false,"gunner":null,"health":300.0,"heat":0.0,"id":0.0,"kind":"puma","maxHealth":300.0,"overheated":false,"passengers":[],"pitchBody":0.0,"respawnTimer":0.0,"roll":0.0,"turretYaw":0.0,"vx":0.0,"vy":0.0,"vz":0.0,"x":-11.764,"y":0.0,"yaw":4.363,"z":-21.916}}
SPORT_SAMPLE {"ack":320,"actor":0,"ball":{"r":1.1,"vx":1.394,"vz":-0.587,"x":20.489,"y":1.1,"z":22.9},"camera":[-3.30776023864746,4.99999952316284,-18.8350849151611],"engaged":true,"focused":true,"phase":"playing","render":[-11.7639999389648,0.0,-21.9160003662109],"seconds":15.8685682222223,"seq":470,"stage":8,"v":{"altitude":0.0,"driver":0.0,"flight":false,"gunner":null,"health":300.0,"heat":0.0,"id":0.0,"kind":"puma","maxHealth":300.0,"overheated":false,"passengers":[],"pitchBody":0.0,"respawnTimer":0.0,"roll":0.0,"turretYaw":0.0,"vx":0.0,"vy":0.0,"vz":0.0,"x":-11.764,"y":0.0,"yaw":4.363,"z":-21.916}}
SPORT_SAMPLE {"ack":326,"actor":0,"ball":{"r":1.1,"vx":0.416,"vz":1.389,"x":20.69,"y":1.1,"z":22.896},"camera":[-3.30776023864746,4.99999952316284,-18.8350849151611],"engaged":true,"focused":true,"phase":"playing","render":[-11.7639999389648,0.0,-21.9160003662109],"seconds":16.101758,"seq":476,"stage":8,"v":{"altitude":0.0,"driver":0.0,"flight":false,"gunner":null,"health":300.0,"heat":0.0,"id":0.0,"kind":"puma","maxHealth":300.0,"overheated":false,"passengers":[],"pitchBody":0.0,"respawnTimer":0.0,"roll":0.0,"turretYaw":0.0,"vx":0.0,"vy":0.0,"vz":0.0,"x":-11.764,"y":0.0,"yaw":4.363,"z":-21.916}}
SPORT_SAMPLE {"ack":331,"actor":0,"ball":{"r":1.1,"vx":0.822,"vz":-0.922,"x":20.792,"y":1.1,"z":22.9},"camera":[-3.30776023864746,4.99999952316284,-18.8350849151611],"engaged":true,"focused":true,"phase":"playing","render":[-11.7639999389648,0.0,-21.9160003662109],"seconds":16.3221251111112,"seq":483,"stage":8,"v":{"altitude":0.0,"driver":0.0,"flight":false,"gunner":null,"health":300.0,"heat":0.0,"id":0.0,"kind":"puma","maxHealth":300.0,"overheated":false,"passengers":[],"pitchBody":0.0,"respawnTimer":0.0,"roll":0.0,"turretYaw":0.0,"vx":0.0,"vy":0.0,"vz":0.0,"x":-11.764,"y":0.0,"yaw":4.363,"z":-21.916}}
SPORT_SAMPLE {"ack":335,"actor":0,"ball":{"r":1.1,"vx":0.0,"vz":0.0,"x":20.787,"y":1.1,"z":22.9},"camera":[-3.30776023864746,4.99999952316284,-18.8350849151611],"engaged":true,"focused":true,"phase":"playing","render":[-11.7639999389648,0.0,-21.9160003662109],"seconds":16.5472222222223,"seq":490,"stage":8,"v":{"altitude":0.0,"driver":0.0,"flight":false,"gunner":null,"health":300.0,"heat":0.0,"id":0.0,"kind":"puma","maxHealth":300.0,"overheated":false,"passengers":[],"pitchBody":0.0,"respawnTimer":0.0,"roll":0.0,"turretYaw":0.0,"vx":0.0,"vy":0.0,"vz":0.0,"x":-11.764,"y":0.0,"yaw":4.363,"z":-21.916}}
SPORT_EVENT {"key":87,"pressed":false,"seconds":16.7748733333334}
SPORT_EVENT {"key":83,"pressed":false,"seconds":16.7748733333334}
SPORT_EVENT {"key":65,"pressed":false,"seconds":16.7748733333334}
SPORT_EVENT {"key":68,"pressed":false,"seconds":16.7748733333334}
SPORT_EVENT {"key":32,"pressed":false,"seconds":16.7748733333334}
SPORT_EVENT {"key":4194325,"pressed":false,"seconds":16.7748733333334}
SPORT_EVENT {"key":82,"pressed":false,"seconds":16.7748733333334}
SPORT_EVENT {"key":82,"pressed":true,"seconds":16.7748733333334}
SPORT_STAGE {"seconds":16.7748733333334,"stage":9}
SPORT_SAMPLE {"ack":343,"actor":0,"ball":{"r":1.1,"vx":0.047,"vz":-0.015,"x":20.788,"y":1.1,"z":22.9},"camera":[-3.30776023864746,4.99999952316284,-18.8350849151611],"engaged":true,"focused":true,"phase":"playing","render":[-11.7639999389648,0.0,-21.9160003662109],"seconds":16.9401511111112,"seq":501,"stage":9,"v":{"altitude":0.0,"driver":0.0,"flight":false,"gunner":null,"health":300.0,"heat":0.0,"id":0.0,"kind":"puma","maxHealth":300.0,"overheated":false,"passengers":[],"pitchBody":0.0,"respawnTimer":0.0,"roll":0.0,"turretYaw":0.0,"vx":0.0,"vy":0.0,"vz":0.0,"x":-11.764,"y":0.0,"yaw":4.363,"z":-21.916}}
SPORT_SAMPLE {"ack":348,"actor":0,"ball":{"r":1.1,"vx":0.11,"vz":-0.037,"x":20.789,"y":1.1,"z":22.9},"camera":[-3.30776023864746,4.99999952316284,-18.8350849151611],"engaged":true,"focused":true,"phase":"playing","render":[-11.7639999389648,0.0,-21.9160003662109],"seconds":17.1707321111112,"seq":508,"stage":9,"v":{"altitude":0.0,"driver":0.0,"flight":false,"gunner":null,"health":300.0,"heat":0.0,"id":0.0,"kind":"puma","maxHealth":300.0,"overheated":false,"passengers":[],"pitchBody":0.0,"respawnTimer":0.0,"roll":0.0,"turretYaw":0.0,"vx":0.0,"vy":0.0,"vz":0.0,"x":-11.764,"y":0.0,"yaw":4.363,"z":-21.916}}
SPORT_SAMPLE {"ack":354,"actor":0,"ball":{"r":1.1,"vx":-0.088,"vz":-0.166,"x":20.788,"y":1.1,"z":22.9},"camera":[-3.30776023864746,4.99999952316284,-18.8350849151611],"engaged":true,"focused":true,"phase":"playing","render":[-11.7639999389648,0.0,-21.9160003662109],"seconds":17.4040654444445,"seq":515,"stage":9,"v":{"altitude":0.0,"driver":0.0,"flight":false,"gunner":null,"health":300.0,"heat":0.0,"id":0.0,"kind":"puma","maxHealth":300.0,"overheated":false,"passengers":[],"pitchBody":0.0,"respawnTimer":0.0,"roll":0.0,"turretYaw":0.0,"vx":0.0,"vy":0.0,"vz":0.0,"x":-11.764,"y":0.0,"yaw":4.363,"z":-21.916}}
SPORT_SAMPLE {"ack":358,"actor":0,"ball":{"r":1.1,"vx":-0.104,"vz":-0.152,"x":20.778,"y":1.1,"z":22.9},"camera":[-3.30776023864746,4.99999952316284,-18.8350849151611],"engaged":true,"focused":true,"phase":"playing","render":[-11.7639999389648,0.0,-21.9160003662109],"seconds":17.6067836666668,"seq":521,"stage":9,"v":{"altitude":0.0,"driver":0.0,"flight":false,"gunner":null,"health":300.0,"heat":0.0,"id":0.0,"kind":"puma","maxHealth":300.0,"overheated":false,"passengers":[],"pitchBody":0.0,"respawnTimer":0.0,"roll":0.0,"turretYaw":0.0,"vx":0.0,"vy":0.0,"vz":0.0,"x":-11.764,"y":0.0,"yaw":4.363,"z":-21.916}}
SPORT_SAMPLE {"ack":363,"actor":0,"ball":{"r":1.1,"vx":-0.363,"vz":-0.428,"x":20.745,"y":1.1,"z":22.9},"camera":[-3.30776023864746,4.99999952316284,-18.8350849151611],"engaged":true,"focused":true,"phase":"playing","render":[-11.7639999389648,0.0,-21.9160003662109],"seconds":17.8099752121213,"seq":528,"stage":9,"v":{"altitude":0.0,"driver":0.0,"flight":false,"gunner":null,"health":300.0,"heat":0.0,"id":0.0,"kind":"puma","maxHealth":300.0,"overheated":false,"passengers":[],"pitchBody":0.0,"respawnTimer":0.0,"roll":0.0,"turretYaw":0.0,"vx":0.0,"vy":0.0,"vz":0.0,"x":-11.764,"y":0.0,"yaw":4.363,"z":-21.916}}
SPORT_SAMPLE {"ack":367,"actor":0,"ball":{"r":1.1,"vx":-0.382,"vz":-0.522,"x":20.684,"y":1.1,"z":22.9},"camera":[-3.30776023864746,4.99999952316284,-18.8350849151611],"engaged":true,"focused":true,"phase":"playing","render":[-11.7639999389648,0.0,-21.9160003662109],"seconds":18.0166666666668,"seq":534,"stage":9,"v":{"altitude":0.0,"driver":0.0,"flight":false,"gunner":null,"health":300.0,"heat":0.0,"id":0.0,"kind":"puma","maxHealth":300.0,"overheated":false,"passengers":[],"pitchBody":0.0,"respawnTimer":0.0,"roll":0.0,"turretYaw":0.0,"vx":0.0,"vy":0.0,"vz":0.0,"x":-11.764,"y":0.0,"yaw":4.363,"z":-21.916}}
SPORT_SAMPLE {"ack":372,"actor":0,"ball":{"r":1.1,"vx":-0.329,"vz":-0.459,"x":20.602,"y":1.1,"z":22.794},"camera":[-3.30776023864746,4.99999952316284,-18.8350849151611],"engaged":true,"focused":true,"phase":"playing","render":[-11.7639999389648,0.0,-21.9160003662109],"seconds":18.2335441851853,"seq":541,"stage":9,"v":{"altitude":0.0,"driver":0.0,"flight":false,"gunner":null,"health":300.0,"heat":0.0,"id":0.0,"kind":"puma","maxHealth":300.0,"overheated":false,"passengers":[],"pitchBody":0.0,"respawnTimer":0.0,"roll":0.0,"turretYaw":0.0,"vx":0.0,"vy":0.0,"vz":0.0,"x":-11.764,"y":0.0,"yaw":4.363,"z":-21.916}}
SPORT_EVENT {"key":87,"pressed":false,"seconds":18.2817260740742}
SPORT_EVENT {"key":83,"pressed":false,"seconds":18.2817260740742}
SPORT_EVENT {"key":65,"pressed":false,"seconds":18.2817260740742}
SPORT_EVENT {"key":68,"pressed":false,"seconds":18.2817260740742}
SPORT_EVENT {"key":32,"pressed":false,"seconds":18.2817260740742}
SPORT_EVENT {"key":4194325,"pressed":false,"seconds":18.2817260740742}
SPORT_EVENT {"key":82,"pressed":false,"seconds":18.2817260740742}
SPORT_EVENT {"key":4194305,"pressed":true,"seconds":18.2817260740742}
SPORT_EVENT {"key":4194305,"pressed":false,"seconds":18.2817260740742}
SPORT_STAGE {"seconds":18.2817260740742,"stage":10}
SPORT_SAMPLE {"ack":376,"actor":0,"ball":{"r":1.1,"vx":0.032,"vz":-0.508,"x":20.608,"y":1.1,"z":22.9},"camera":[-3.30776023864746,4.99999952316284,-18.8350849151611],"engaged":false,"focused":true,"phase":"playing","render":[-11.7639999389648,0.0,-21.9160003662109],"seconds":18.4530142962964,"seq":547,"stage":10,"v":{"altitude":0.0,"driver":0.0,"flight":false,"gunner":null,"health":300.0,"heat":0.0,"id":0.0,"kind":"puma","maxHealth":300.0,"overheated":false,"passengers":[],"pitchBody":0.0,"respawnTimer":0.0,"roll":0.0,"turretYaw":0.0,"vx":0.0,"vy":0.0,"vz":0.0,"x":-11.764,"y":0.0,"yaw":4.363,"z":-21.916}}
SPORT_SAMPLE {"ack":381,"actor":0,"ball":{"r":1.1,"vx":0.137,"vz":-0.733,"x":20.752,"y":1.1,"z":22.9},"camera":[-3.30776023864746,4.99999952316284,-18.8350849151611],"engaged":false,"focused":true,"phase":"playing","render":[-11.7639999389648,0.0,-21.9160003662109],"seconds":18.6609147272728,"seq":554,"stage":10,"v":{"altitude":0.0,"driver":0.0,"flight":false,"gunner":null,"health":300.0,"heat":0.0,"id":0.0,"kind":"puma","maxHealth":300.0,"overheated":false,"passengers":[],"pitchBody":0.0,"respawnTimer":0.0,"roll":0.0,"turretYaw":0.0,"vx":0.0,"vy":0.0,"vz":0.0,"x":-11.764,"y":0.0,"yaw":4.363,"z":-21.916}}
SPORT_SAMPLE {"ack":385,"actor":0,"ball":{"r":1.1,"vx":-0.728,"vz":-0.419,"x":20.804,"y":1.1,"z":22.9},"camera":[-3.30776023864746,4.99999952316284,-18.8350849151611],"engaged":false,"focused":true,"phase":"playing","render":[-11.7639999389648,0.0,-21.9160003662109],"seconds":18.8849336666668,"seq":560,"stage":10,"v":{"altitude":0.0,"driver":0.0,"flight":false,"gunner":null,"health":300.0,"heat":0.0,"id":0.0,"kind":"puma","maxHealth":300.0,"overheated":false,"passengers":[],"pitchBody":0.0,"respawnTimer":0.0,"roll":0.0,"turretYaw":0.0,"vx":0.0,"vy":0.0,"vz":0.0,"x":-11.764,"y":0.0,"yaw":4.363,"z":-21.916}}
SPORT_SAMPLE {"ack":390,"actor":0,"ball":{"r":1.1,"vx":0.208,"vz":-0.2,"x":20.847,"y":1.1,"z":22.9},"camera":[-3.30776023864746,4.99999952316284,-18.8350849151611],"engaged":false,"focused":true,"phase":"playing","render":[-11.7639999389648,0.0,-21.9160003662109],"seconds":19.1021040909092,"seq":567,"stage":10,"v":{"altitude":0.0,"driver":0.0,"flight":false,"gunner":null,"health":300.0,"heat":0.0,"id":0.0,"kind":"puma","maxHealth":300.0,"overheated":false,"passengers":[],"pitchBody":0.0,"respawnTimer":0.0,"roll":0.0,"turretYaw":0.0,"vx":0.0,"vy":0.0,"vz":0.0,"x":-11.764,"y":0.0,"yaw":4.363,"z":-21.916}}
SPORT_SAMPLE {"ack":394,"actor":0,"ball":{"r":1.1,"vx":1.229,"vz":-0.716,"x":20.784,"y":1.1,"z":22.9},"camera":[-3.30776023864746,4.99999952316284,-18.8350849151611],"engaged":false,"focused":true,"phase":"playing","render":[-11.7639999389648,0.0,-21.9160003662109],"seconds":19.3248903333334,"seq":573,"stage":10,"v":{"altitude":0.0,"driver":0.0,"flight":false,"gunner":null,"health":300.0,"heat":0.0,"id":0.0,"kind":"puma","maxHealth":300.0,"overheated":false,"passengers":[],"pitchBody":0.0,"respawnTimer":0.0,"roll":0.0,"turretYaw":0.0,"vx":0.0,"vy":0.0,"vz":0.0,"x":-11.764,"y":0.0,"yaw":4.363,"z":-21.916}}
SPORT_SAMPLE {"ack":400,"actor":0,"ball":{"r":1.1,"vx":0.424,"vz":-0.14,"x":20.799,"y":1.1,"z":22.9},"camera":[-3.30776023864746,4.99999952316284,-18.8350849151611],"engaged":false,"focused":true,"phase":"playing","render":[-11.7639999389648,0.0,-21.9160003662109],"seconds":19.5493130000001,"seq":580,"stage":10,"v":{"altitude":0.0,"driver":0.0,"flight":false,"gunner":null,"health":300.0,"heat":0.0,"id":0.0,"kind":"puma","maxHealth":300.0,"overheated":false,"passengers":[],"pitchBody":0.0,"respawnTimer":0.0,"roll":0.0,"turretYaw":0.0,"vx":0.0,"vy":0.0,"vz":0.0,"x":-11.764,"y":0.0,"yaw":4.363,"z":-21.916}}
SPORT_SAMPLE {"ack":405,"actor":0,"ball":{"r":1.1,"vx":-0.049,"vz":-0.054,"x":20.791,"y":1.1,"z":22.9},"camera":[-3.30776023864746,4.99999952316284,-18.8350849151611],"engaged":false,"focused":true,"phase":"playing","render":[-11.7639999389648,0.0,-21.9160003662109],"seconds":19.7590003333334,"seq":586,"stage":10,"v":{"altitude":0.0,"driver":0.0,"flight":false,"gunner":null,"health":300.0,"heat":0.0,"id":0.0,"kind":"puma","maxHealth":300.0,"overheated":false,"passengers":[],"pitchBody":0.0,"respawnTimer":0.0,"roll":0.0,"turretYaw":0.0,"vx":0.0,"vy":0.0,"vz":0.0,"x":-11.764,"y":0.0,"yaw":4.363,"z":-21.916}}
SPORT_SAMPLE {"ack":411,"actor":0,"ball":{"r":1.1,"vx":-0.244,"vz":-0.279,"x":20.779,"y":1.1,"z":22.9},"camera":[-3.30776023864746,4.99999952316284,-18.8350849151611],"engaged":false,"focused":true,"phase":"playing","render":[-11.7639999389648,0.0,-21.9160003662109],"seconds":19.9621033333334,"seq":592,"stage":10,"v":{"altitude":0.0,"driver":0.0,"flight":false,"gunner":null,"health":300.0,"heat":0.0,"id":0.0,"kind":"puma","maxHealth":300.0,"overheated":false,"passengers":[],"pitchBody":0.0,"respawnTimer":0.0,"roll":0.0,"turretYaw":0.0,"vx":0.0,"vy":0.0,"vz":0.0,"x":-11.764,"y":0.0,"yaw":4.363,"z":-21.916}}
SPORT_SAMPLE {"ack":416,"actor":0,"ball":{"r":1.1,"vx":-0.379,"vz":-0.459,"x":20.75,"y":1.1,"z":22.9},"camera":[-3.30776023864746,4.99999952316284,-18.8350849151611],"engaged":false,"focused":true,"phase":"playing","render":[-11.7639999389648,0.0,-21.9160003662109],"seconds":20.1655743333334,"seq":598,"stage":10,"v":{"altitude":0.0,"driver":0.0,"flight":false,"gunner":null,"health":300.0,"heat":0.0,"id":0.0,"kind":"puma","maxHealth":300.0,"overheated":false,"passengers":[],"pitchBody":0.0,"respawnTimer":0.0,"roll":0.0,"turretYaw":0.0,"vx":0.0,"vy":0.0,"vz":0.0,"x":-11.764,"y":0.0,"yaw":4.363,"z":-21.916}}
SPORT_OBSERVATION_ENDED no_native_completion_marker=true
