Godot Engine v4.5.2.stable.official.6ce3de25a - https://godotengine.org
WARNING: Could not set V-Sync mode, as changing V-Sync mode is not supported by the graphics driver.
     at: set_use_vsync (platform/linuxbsd/x11/gl_manager_x11.cpp:364)
OpenGL API 4.5 (Core Profile) Mesa 25.2.8-0ubuntu0.25.10.2 - Compatibility - Using Device: Mesa - llvmpipe (LLVM 20.1.8, 256 bits)

SPORT_SAMPLE {"ack":0,"actor":0,"ball":null,"camera":[65.0,48.0,70.0],"engaged":false,"focused":true,"phase":"countdown","render":[-44.0,0.0,-71.0],"seconds":0.362581666666667,"seq":1,"stage":-1,"v":{"altitude":0.0,"driver":0.0,"flight":false,"gunner":null,"health":300.0,"heat":0.0,"id":0.0,"kind":"puma","maxHealth":300.0,"overheated":false,"passengers":[],"pitchBody":0.0,"respawnTimer":0.0,"roll":0.0,"turretYaw":0.0,"vx":0.0,"vy":0.0,"vz":0.0,"x":-44.0,"y":0.0,"yaw":1.571,"z":-71.0}}
SPORT_SAMPLE {"ack":5,"actor":0,"ball":null,"camera":[-53.0,5.0,-70.9981689453125],"engaged":false,"focused":true,"phase":"countdown","render":[-44.0,0.0,-71.0],"seconds":0.608862,"seq":8,"stage":-1,"v":{"altitude":0.0,"driver":0.0,"flight":false,"gunner":null,"health":300.0,"heat":0.0,"id":0.0,"kind":"puma","maxHealth":300.0,"overheated":false,"passengers":[],"pitchBody":0.0,"respawnTimer":0.0,"roll":0.0,"turretYaw":0.0,"vx":0.0,"vy":0.0,"vz":0.0,"x":-44.0,"y":0.0,"yaw":1.571,"z":-71.0}}
SPORT_SAMPLE {"ack":10,"actor":0,"ball":null,"camera":[-53.0,5.0,-70.9981689453125],"engaged":false,"focused":true,"phase":"countdown","render":[-44.0,0.0,-71.0],"seconds":0.816738666666667,"seq":14,"stage":-1,"v":{"altitude":0.0,"driver":0.0,"flight":false,"gunner":null,"health":300.0,"heat":0.0,"id":0.0,"kind":"puma","maxHealth":300.0,"overheated":false,"passengers":[],"pitchBody":0.0,"respawnTimer":0.0,"roll":0.0,"turretYaw":0.0,"vx":0.0,"vy":0.0,"vz":0.0,"x":-44.0,"y":0.0,"yaw":1.571,"z":-71.0}}
SPORT_SAMPLE {"ack":16,"actor":0,"ball":null,"camera":[-53.0,5.0,-70.9981689453125],"engaged":false,"focused":true,"phase":"countdown","render":[-44.0,0.0,-71.0],"seconds":1.04253766666667,"seq":21,"stage":-1,"v":{"altitude":0.0,"driver":0.0,"flight":false,"gunner":null,"health":300.0,"heat":0.0,"id":0.0,"kind":"puma","maxHealth":300.0,"overheated":false,"passengers":[],"pitchBody":0.0,"respawnTimer":0.0,"roll":0.0,"turretYaw":0.0,"vx":0.0,"vy":0.0,"vz":0.0,"x":-44.0,"y":0.0,"yaw":1.571,"z":-71.0}}
SPORT_SAMPLE {"ack":21,"actor":0,"ball":null,"camera":[-53.0,5.0,-70.9981689453125],"engaged":false,"focused":true,"phase":"countdown","render":[-44.0,0.0,-71.0],"seconds":1.2625507037037,"seq":28,"stage":-1,"v":{"altitude":0.0,"driver":0.0,"flight":false,"gunner":null,"health":300.0,"heat":0.0,"id":0.0,"kind":"puma","maxHealth":300.0,"overheated":false,"passengers":[],"pitchBody":0.0,"respawnTimer":0.0,"roll":0.0,"turretYaw":0.0,"vx":0.0,"vy":0.0,"vz":0.0,"x":-44.0,"y":0.0,"yaw":1.571,"z":-71.0}}
SPORT_SAMPLE {"ack":26,"actor":0,"ball":null,"camera":[-53.0,5.0,-70.9981689453125],"engaged":false,"focused":true,"phase":"countdown","render":[-44.0,0.0,-71.0],"seconds":1.46411033333333,"seq":35,"stage":-1,"v":{"altitude":0.0,"driver":0.0,"flight":false,"gunner":null,"health":300.0,"heat":0.0,"id":0.0,"kind":"puma","maxHealth":300.0,"overheated":false,"passengers":[],"pitchBody":0.0,"respawnTimer":0.0,"roll":0.0,"turretYaw":0.0,"vx":0.0,"vy":0.0,"vz":0.0,"x":-44.0,"y":0.0,"yaw":1.571,"z":-71.0}}
SPORT_SAMPLE {"ack":32,"actor":0,"ball":null,"camera":[-53.0,5.0,-70.9981689453125],"engaged":false,"focused":true,"phase":"countdown","render":[-44.0,0.0,-71.0],"seconds":1.69161377777778,"seq":41,"stage":-1,"v":{"altitude":0.0,"driver":0.0,"flight":false,"gunner":null,"health":300.0,"heat":0.0,"id":0.0,"kind":"puma","maxHealth":300.0,"overheated":false,"passengers":[],"pitchBody":0.0,"respawnTimer":0.0,"roll":0.0,"turretYaw":0.0,"vx":0.0,"vy":0.0,"vz":0.0,"x":-44.0,"y":0.0,"yaw":1.571,"z":-71.0}}
SPORT_SAMPLE {"ack":38,"actor":0,"ball":null,"camera":[-53.0,5.0,-70.9981689453125],"engaged":false,"focused":true,"phase":"countdown","render":[-44.0,0.0,-71.0],"seconds":1.92494711111111,"seq":48,"stage":-1,"v":{"altitude":0.0,"driver":0.0,"flight":false,"gunner":null,"health":300.0,"heat":0.0,"id":0.0,"kind":"puma","maxHealth":300.0,"overheated":false,"passengers":[],"pitchBody":0.0,"respawnTimer":0.0,"roll":0.0,"turretYaw":0.0,"vx":0.0,"vy":0.0,"vz":0.0,"x":-44.0,"y":0.0,"yaw":1.571,"z":-71.0}}
SPORT_SAMPLE {"ack":44,"actor":0,"ball":null,"camera":[-53.0,5.0,-70.9981689453125],"engaged":false,"focused":true,"phase":"countdown","render":[-44.0,0.0,-71.0],"seconds":2.15674266666667,"seq":55,"stage":-1,"v":{"altitude":0.0,"driver":0.0,"flight":false,"gunner":null,"health":300.0,"heat":0.0,"id":0.0,"kind":"puma","maxHealth":300.0,"overheated":false,"passengers":[],"pitchBody":0.0,"respawnTimer":0.0,"roll":0.0,"turretYaw":0.0,"vx":0.0,"vy":0.0,"vz":0.0,"x":-44.0,"y":0.0,"yaw":1.571,"z":-71.0}}
SPORT_SAMPLE {"ack":50,"actor":0,"ball":null,"camera":[-53.0,5.0,-70.9981689453125],"engaged":false,"focused":true,"phase":"countdown","render":[-44.0,0.0,-71.0],"seconds":2.38213745454546,"seq":62,"stage":-1,"v":{"altitude":0.0,"driver":0.0,"flight":false,"gunner":null,"health":300.0,"heat":0.0,"id":0.0,"kind":"puma","maxHealth":300.0,"overheated":false,"passengers":[],"pitchBody":0.0,"respawnTimer":0.0,"roll":0.0,"turretYaw":0.0,"vx":0.0,"vy":0.0,"vz":0.0,"x":-44.0,"y":0.0,"yaw":1.571,"z":-71.0}}
SPORT_SAMPLE {"ack":56,"actor":0,"ball":null,"camera":[-53.0,5.0,-70.9981689453125],"engaged":false,"focused":true,"phase":"countdown","render":[-44.0,0.0,-71.0],"seconds":2.60633445454546,"seq":69,"stage":-1,"v":{"altitude":0.0,"driver":0.0,"flight":false,"gunner":null,"health":300.0,"heat":0.0,"id":0.0,"kind":"puma","maxHealth":300.0,"overheated":false,"passengers":[],"pitchBody":0.0,"respawnTimer":0.0,"roll":0.0,"turretYaw":0.0,"vx":0.0,"vy":0.0,"vz":0.0,"x":-44.0,"y":0.0,"yaw":1.571,"z":-71.0}}
SPORT_SAMPLE {"ack":62,"actor":0,"ball":null,"camera":[-53.0,5.0,-70.9981689453125],"engaged":false,"focused":true,"phase":"countdown","render":[-44.0,0.0,-71.0],"seconds":2.83133445454546,"seq":76,"stage":-1,"v":{"altitude":0.0,"driver":0.0,"flight":false,"gunner":null,"health":300.0,"heat":0.0,"id":0.0,"kind":"puma","maxHealth":300.0,"overheated":false,"passengers":[],"pitchBody":0.0,"respawnTimer":0.0,"roll":0.0,"turretYaw":0.0,"vx":0.0,"vy":0.0,"vz":0.0,"x":-44.0,"y":0.0,"yaw":1.571,"z":-71.0}}
SPORT_SAMPLE {"ack":68,"actor":0,"ball":null,"camera":[-53.0,5.0,-70.9981689453125],"engaged":false,"focused":true,"phase":"countdown","render":[-44.0,0.0,-71.0],"seconds":3.05583866666667,"seq":82,"stage":-1,"v":{"altitude":0.0,"driver":0.0,"flight":false,"gunner":null,"health":300.0,"heat":0.0,"id":0.0,"kind":"puma","maxHealth":300.0,"overheated":false,"passengers":[],"pitchBody":0.0,"respawnTimer":0.0,"roll":0.0,"turretYaw":0.0,"vx":0.0,"vy":0.0,"vz":0.0,"x":-44.0,"y":0.0,"yaw":1.571,"z":-71.0}}
SPORT_EVENT {"key":87,"pressed":false,"seconds":3.290252}
SPORT_EVENT {"key":83,"pressed":false,"seconds":3.290252}
SPORT_EVENT {"key":65,"pressed":false,"seconds":3.290252}
SPORT_EVENT {"key":68,"pressed":false,"seconds":3.290252}
SPORT_EVENT {"key":32,"pressed":false,"seconds":3.290252}
SPORT_EVENT {"key":4194325,"pressed":false,"seconds":3.290252}
SPORT_EVENT {"key":82,"pressed":false,"seconds":3.290252}
SPORT_EVENT {"key":4194309,"pressed":true,"seconds":3.290252}
SPORT_EVENT {"key":4194309,"pressed":false,"seconds":3.290252}
SPORT_EVENT {"key":87,"pressed":true,"seconds":3.290252}
SPORT_STAGE {"seconds":3.290252,"stage":0}
SPORT_SAMPLE {"ack":78,"actor":0,"ball":null,"camera":[-52.9929122924805,5.0,-70.9981689453125],"engaged":true,"focused":true,"phase":"racing","render":[-43.9459991455078,0.0,-71.0],"seconds":3.44545677777778,"seq":95,"stage":0,"v":{"altitude":0.0,"driver":0.0,"flight":false,"gunner":null,"health":300.0,"heat":0.0,"id":0.0,"kind":"puma","maxHealth":300.0,"overheated":false,"passengers":[],"pitchBody":0.038,"respawnTimer":0.0,"roll":0.0,"turretYaw":0.0,"vx":1.084,"vy":0.0,"vz":0.0,"x":-43.946,"y":0.0,"yaw":1.571,"z":-71.0}}
SPORT_SAMPLE {"ack":84,"actor":0,"ball":null,"camera":[-52.6890907287598,5.0,-70.9981689453125],"engaged":true,"focused":true,"phase":"racing","render":[-43.318000793457,0.0,-71.0],"seconds":3.67929516161616,"seq":102,"stage":0,"v":{"altitude":0.0,"driver":0.0,"flight":false,"gunner":null,"health":300.0,"heat":0.0,"id":0.0,"kind":"puma","maxHealth":300.0,"overheated":false,"passengers":[],"pitchBody":0.07,"respawnTimer":0.0,"roll":0.0,"turretYaw":0.0,"vx":4.066,"vy":0.0,"vz":0.0,"x":-43.318,"y":0.0,"yaw":1.571,"z":-71.0}}
SPORT_SAMPLE {"ack":90,"actor":0,"ball":null,"camera":[-51.818531036377,5.0,-70.9981689453125],"engaged":true,"focused":true,"phase":"racing","render":[-42.0149993896484,0.0,-71.0],"seconds":3.91313354545455,"seq":109,"stage":0,"v":{"altitude":0.0,"driver":0.0,"flight":false,"gunner":null,"health":300.0,"heat":0.0,"id":0.0,"kind":"puma","maxHealth":300.0,"overheated":false,"passengers":[],"pitchBody":0.071,"respawnTimer":0.0,"roll":0.0,"turretYaw":0.0,"vx":6.862,"vy":0.0,"vz":0.0,"x":-42.015,"y":0.0,"yaw":1.571,"z":-71.0}}
SPORT_SAMPLE {"ack":96,"actor":0,"ball":null,"camera":[-50.2686500549316,5.0,-70.9981689453125],"engaged":true,"focused":true,"phase":"racing","render":[-40.0940017700195,0.0,-71.0],"seconds":4.14697192929293,"seq":116,"stage":0,"v":{"altitude":0.0,"driver":0.0,"flight":false,"gunner":null,"health":300.0,"heat":0.0,"id":0.0,"kind":"puma","maxHealth":300.0,"overheated":false,"passengers":[],"pitchBody":0.064,"respawnTimer":0.0,"roll":0.0,"turretYaw":0.0,"vx":9.366,"vy":0.0,"vz":0.0,"x":-40.094,"y":0.0,"yaw":1.571,"z":-71.0}}
SPORT_SAMPLE {"ack":102,"actor":0,"ball":null,"camera":[-47.9819755554199,4.94263172149658,-70.9981994628906],"engaged":true,"focused":true,"phase":"racing","render":[-37.632999420166,0.0,-71.0],"seconds":4.38030526262626,"seq":123,"stage":0,"v":{"altitude":0.0,"driver":0.0,"flight":false,"gunner":null,"health":300.0,"heat":0.0,"id":0.0,"kind":"puma","maxHealth":300.0,"overheated":false,"passengers":[],"pitchBody":0.056,"respawnTimer":0.0,"roll":0.0,"turretYaw":0.0,"vx":11.518,"vy":0.0,"vz":0.0,"x":-37.633,"y":0.0,"yaw":1.571,"z":-71.0}}
SPORT_SAMPLE {"ack":108,"actor":0,"ball":null,"camera":[-45.2050514221191,4.89334774017334,-70.9982223510742],"engaged":true,"focused":true,"phase":"racing","render":[-34.7150001525879,0.0,-71.0],"seconds":4.61346266666667,"seq":130,"stage":0,"v":{"altitude":0.0,"driver":0.0,"flight":false,"gunner":null,"health":300.0,"heat":0.0,"id":0.0,"kind":"puma","maxHealth":300.0,"overheated":false,"passengers":[],"pitchBody":0.046,"respawnTimer":0.0,"roll":0.0,"turretYaw":0.0,"vx":13.303,"vy":0.0,"vz":0.0,"x":-34.715,"y":0.0,"yaw":1.571,"z":-71.0}}
SPORT_EVENT {"key":87,"pressed":false,"seconds":4.76381566666667}
SPORT_EVENT {"key":83,"pressed":false,"seconds":4.76381566666667}
SPORT_EVENT {"key":65,"pressed":false,"seconds":4.76381566666667}
SPORT_EVENT {"key":68,"pressed":false,"seconds":4.76381566666667}
SPORT_EVENT {"key":32,"pressed":false,"seconds":4.76381566666667}
SPORT_EVENT {"key":4194325,"pressed":false,"seconds":4.76381566666667}
SPORT_EVENT {"key":82,"pressed":false,"seconds":4.76381566666667}
SPORT_EVENT {"key":87,"pressed":true,"seconds":4.76381566666667}
SPORT_EVENT {"key":68,"pressed":true,"seconds":4.76381566666667}
SPORT_STAGE {"seconds":4.76381566666667,"stage":1}
SPORT_SAMPLE {"ack":116,"actor":0,"ball":null,"camera":[-41.0578231811523,4.84475088119507,-70.879524230957],"engaged":true,"focused":true,"phase":"racing","render":[-30.4300003051758,0.0,-71.0260009765625],"seconds":4.917149,"seq":139,"stage":1,"v":{"altitude":0.0,"driver":0.0,"flight":false,"gunner":null,"health":300.0,"heat":0.0,"id":0.0,"kind":"puma","maxHealth":300.0,"overheated":false,"passengers":[],"pitchBody":0.028,"respawnTimer":0.0,"roll":-0.17,"turretYaw":0.0,"vx":15.006,"vy":0.0,"vz":-0.757,"x":-30.43,"y":0.0,"yaw":1.782,"z":-71.026}}
SPORT_SAMPLE {"ack":121,"actor":0,"ball":null,"camera":[-36.9579772949219,4.82473087310791,-68.0146408081055],"engaged":true,"focused":true,"phase":"racing","render":[-27.5060005187988,0.0,-71.6859970092773],"seconds":5.12864566666667,"seq":145,"stage":1,"v":{"altitude":0.0,"driver":0.0,"flight":false,"gunner":null,"health":300.0,"heat":0.0,"id":0.0,"kind":"puma","maxHealth":300.0,"overheated":false,"passengers":[],"pitchBody":0.0,"respawnTimer":0.0,"roll":-0.314,"turretYaw":0.0,"vx":13.909,"vy":0.0,"vz":-5.522,"x":-27.506,"y":0.0,"yaw":2.161,"z":-71.686}}
SPORT_SAMPLE {"ack":125,"actor":0,"ball":null,"camera":[-32.0399627685547,4.82371187210083,-66.6385116577148],"engaged":true,"focused":true,"phase":"racing","render":[-24.6580009460449,0.0,-73.5670013427734],"seconds":5.35236533333333,"seq":152,"stage":1,"v":{"altitude":0.0,"driver":0.0,"flight":false,"gunner":null,"health":300.0,"heat":0.0,"id":0.0,"kind":"puma","maxHealth":300.0,"overheated":false,"passengers":[],"pitchBody":-0.011,"respawnTimer":0.0,"roll":-0.344,"turretYaw":0.0,"vx":10.471,"vy":0.0,"vz":-9.978,"x":-24.658,"y":0.0,"yaw":2.537,"z":-73.567}}
SPORT_SAMPLE {"ack":129,"actor":0,"ball":null,"camera":[-27.0574855804443,4.80146408081055,-67.0945739746094],"engaged":true,"focused":true,"phase":"racing","render":[-22.8090000152588,0.0,-76.2699966430664],"seconds":5.56291166666666,"seq":159,"stage":1,"v":{"altitude":0.0,"driver":0.0,"flight":false,"gunner":null,"health":300.0,"heat":0.0,"id":0.0,"kind":"puma","maxHealth":300.0,"overheated":false,"passengers":[],"pitchBody":-0.016,"respawnTimer":0.0,"roll":-0.349,"turretYaw":0.0,"vx":5.472,"vy":0.0,"vz":-12.73,"x":-22.809,"y":0.0,"yaw":2.975,"z":-76.27}}
SPORT_SAMPLE {"ack":133,"actor":0,"ball":null,"camera":[-22.1684188842773,4.86742162704468,-69.0171279907227],"engaged":true,"focused":true,"phase":"racing","render":[-22.3020000457764,0.0,-78.9440002441406],"seconds":5.77466211111111,"seq":165,"stage":1,"v":{"altitude":0.0,"driver":0.0,"flight":false,"gunner":null,"health":300.0,"heat":0.0,"id":0.0,"kind":"puma","maxHealth":300.0,"overheated":false,"passengers":[],"pitchBody":-0.008,"respawnTimer":0.0,"roll":-0.35,"turretYaw":0.0,"vx":-0.091,"vy":0.0,"vz":-13.635,"x":-22.302,"y":0.0,"yaw":3.406,"z":-78.944}}
SPORT_SAMPLE {"ack":138,"actor":0,"ball":null,"camera":[-18.8307800292969,4.98028898239136,-70.948600769043],"engaged":true,"focused":true,"phase":"racing","render":[-22.371000289917,0.0,-79.3130035400391],"seconds":5.996892,"seq":172,"stage":1,"v":{"altitude":0.0,"driver":0.0,"flight":false,"gunner":null,"health":300.0,"heat":0.0,"id":0.0,"kind":"puma","maxHealth":300.0,"overheated":false,"passengers":[],"pitchBody":0.016,"respawnTimer":0.0,"roll":-0.075,"turretYaw":0.0,"vx":0.0,"vy":0.0,"vz":0.0,"x":-22.371,"y":0.0,"yaw":3.697,"z":-79.313}}
SPORT_SAMPLE {"ack":141,"actor":0,"ball":null,"camera":[-16.8695297241211,4.99787902832031,-72.2432098388672],"engaged":true,"focused":true,"phase":"racing","render":[-22.3729991912842,0.0,-79.3150024414062],"seconds":6.21666666666666,"seq":178,"stage":1,"v":{"altitude":0.0,"driver":0.0,"flight":false,"gunner":null,"health":300.0,"heat":0.0,"id":0.0,"kind":"puma","maxHealth":300.0,"overheated":false,"passengers":[],"pitchBody":0.003,"respawnTimer":0.0,"roll":-0.015,"turretYaw":0.0,"vx":0.0,"vy":0.0,"vz":0.0,"x":-22.373,"y":0.0,"yaw":3.893,"z":-79.315}}
SPORT_EVENT {"key":87,"pressed":false,"seconds":6.271714}
SPORT_EVENT {"key":83,"pressed":false,"seconds":6.271714}
SPORT_EVENT {"key":65,"pressed":false,"seconds":6.271714}
SPORT_EVENT {"key":68,"pressed":false,"seconds":6.271714}
SPORT_EVENT {"key":32,"pressed":false,"seconds":6.271714}
SPORT_EVENT {"key":4194325,"pressed":false,"seconds":6.271714}
SPORT_EVENT {"key":82,"pressed":false,"seconds":6.271714}
SPORT_EVENT {"key":32,"pressed":true,"seconds":6.271714}
SPORT_STAGE {"seconds":6.271714,"stage":2}
SPORT_SAMPLE {"ack":145,"actor":0,"ball":null,"camera":[-15.700345993042,4.99976873397827,-73.3155670166016],"engaged":true,"focused":true,"phase":"racing","render":[-22.3729991912842,0.0,-79.3150024414062],"seconds":6.44304188888889,"seq":184,"stage":2,"v":{"altitude":0.0,"driver":0.0,"flight":false,"gunner":null,"health":300.0,"heat":0.0,"id":0.0,"kind":"puma","maxHealth":300.0,"overheated":false,"passengers":[],"pitchBody":0.001,"respawnTimer":0.0,"roll":-0.003,"turretYaw":0.0,"vx":0.0,"vy":0.0,"vz":0.0,"x":-22.373,"y":0.0,"yaw":4.026,"z":-79.315}}
SPORT_SAMPLE {"ack":149,"actor":0,"ball":null,"camera":[-15.4496593475342,4.99996948242188,-73.5718841552734],"engaged":true,"focused":true,"phase":"racing","render":[-22.3729991912842,0.0,-79.3150024414062],"seconds":6.64603466666666,"seq":191,"stage":2,"v":{"altitude":0.0,"driver":0.0,"flight":false,"gunner":null,"health":300.0,"heat":0.0,"id":0.0,"kind":"puma","maxHealth":300.0,"overheated":false,"passengers":[],"pitchBody":0.0,"respawnTimer":0.0,"roll":0.0,"turretYaw":0.0,"vx":0.0,"vy":0.0,"vz":0.0,"x":-22.373,"y":0.0,"yaw":4.026,"z":-79.315}}
SPORT_SAMPLE {"ack":153,"actor":0,"ball":null,"camera":[-15.4161424636841,4.99999618530273,-73.6061630249023],"engaged":true,"focused":true,"phase":"racing","render":[-22.3729991912842,0.0,-79.3150024414062],"seconds":6.85067529629629,"seq":197,"stage":2,"v":{"altitude":0.0,"driver":0.0,"flight":false,"gunner":null,"health":300.0,"heat":0.0,"id":0.0,"kind":"puma","maxHealth":300.0,"overheated":false,"passengers":[],"pitchBody":0.0,"respawnTimer":0.0,"roll":0.0,"turretYaw":0.0,"vx":0.0,"vy":0.0,"vz":0.0,"x":-22.373,"y":0.0,"yaw":4.026,"z":-79.315}}
SPORT_SAMPLE {"ack":156,"actor":0,"ball":null,"camera":[-15.411808013916,4.99999952316284,-73.6105880737305],"engaged":true,"focused":true,"phase":"racing","render":[-22.3729991912842,0.0,-79.3150024414062],"seconds":7.051993,"seq":203,"stage":2,"v":{"altitude":0.0,"driver":0.0,"flight":false,"gunner":null,"health":300.0,"heat":0.0,"id":0.0,"kind":"puma","maxHealth":300.0,"overheated":false,"passengers":[],"pitchBody":0.0,"respawnTimer":0.0,"roll":0.0,"turretYaw":0.0,"vx":0.0,"vy":0.0,"vz":0.0,"x":-22.373,"y":0.0,"yaw":4.026,"z":-79.315}}
SPORT_SAMPLE {"ack":160,"actor":0,"ball":null,"camera":[-15.4112119674683,4.99999952316284,-73.611198425293],"engaged":true,"focused":true,"phase":"racing","render":[-22.3729991912842,0.0,-79.3150024414062],"seconds":7.27696466666666,"seq":210,"stage":2,"v":{"altitude":0.0,"driver":0.0,"flight":false,"gunner":null,"health":300.0,"heat":0.0,"id":0.0,"kind":"puma","maxHealth":300.0,"overheated":false,"passengers":[],"pitchBody":0.0,"respawnTimer":0.0,"roll":0.0,"turretYaw":0.0,"vx":0.0,"vy":0.0,"vz":0.0,"x":-22.373,"y":0.0,"yaw":4.026,"z":-79.315}}
SPORT_SAMPLE {"ack":164,"actor":0,"ball":null,"camera":[-15.411150932312,4.99999952316284,-73.6112518310547],"engaged":true,"focused":true,"phase":"racing","render":[-22.3729991912842,0.0,-79.3150024414062],"seconds":7.50434561904762,"seq":217,"stage":2,"v":{"altitude":0.0,"driver":0.0,"flight":false,"gunner":null,"health":300.0,"heat":0.0,"id":0.0,"kind":"puma","maxHealth":300.0,"overheated":false,"passengers":[],"pitchBody":0.0,"respawnTimer":0.0,"roll":0.0,"turretYaw":0.0,"vx":0.0,"vy":0.0,"vz":0.0,"x":-22.373,"y":0.0,"yaw":4.026,"z":-79.315}}
SPORT_SAMPLE {"ack":169,"actor":0,"ball":null,"camera":[-15.4111442565918,4.99999952316284,-73.6112594604492],"engaged":true,"focused":true,"phase":"racing","render":[-22.3729991912842,0.0,-79.3150024414062],"seconds":7.722033,"seq":223,"stage":2,"v":{"altitude":0.0,"driver":0.0,"flight":false,"gunner":null,"health":300.0,"heat":0.0,"id":0.0,"kind":"puma","maxHealth":300.0,"overheated":false,"passengers":[],"pitchBody":0.0,"respawnTimer":0.0,"roll":0.0,"turretYaw":0.0,"vx":0.0,"vy":0.0,"vz":0.0,"x":-22.373,"y":0.0,"yaw":4.026,"z":-79.315}}
SPORT_EVENT {"key":87,"pressed":false,"seconds":7.752438}
SPORT_EVENT {"key":83,"pressed":false,"seconds":7.752438}
SPORT_EVENT {"key":65,"pressed":false,"seconds":7.752438}
SPORT_EVENT {"key":68,"pressed":false,"seconds":7.752438}
SPORT_EVENT {"key":32,"pressed":false,"seconds":7.752438}
SPORT_EVENT {"key":4194325,"pressed":false,"seconds":7.752438}
SPORT_EVENT {"key":82,"pressed":false,"seconds":7.752438}
SPORT_EVENT {"key":83,"pressed":true,"seconds":7.752438}
SPORT_STAGE {"seconds":7.752438,"stage":3}
SPORT_SAMPLE {"ack":172,"actor":0,"ball":null,"camera":[-15.4071369171143,4.99999952316284,-73.6086578369141],"engaged":true,"focused":true,"phase":"racing","render":[-22.3500003814697,0.0,-79.2969970703125],"seconds":7.92222222222222,"seq":229,"stage":3,"v":{"altitude":0.0,"driver":0.0,"flight":false,"gunner":null,"health":300.0,"heat":0.0,"id":0.0,"kind":"puma","maxHealth":300.0,"overheated":false,"passengers":[],"pitchBody":-0.016,"respawnTimer":0.0,"roll":0.0,"turretYaw":0.0,"vx":0.379,"vy":0.0,"vz":0.311,"x":-22.35,"y":0.0,"yaw":4.026,"z":-79.297}}
SPORT_SAMPLE {"ack":176,"actor":0,"ball":null,"camera":[-15.3053865432739,4.99999952316284,-73.5250930786133],"engaged":true,"focused":true,"phase":"racing","render":[-22.1520004272461,0.0,-79.1350021362305],"seconds":8.14611111111111,"seq":236,"stage":3,"v":{"altitude":0.0,"driver":0.0,"flight":false,"gunner":null,"health":300.0,"heat":0.0,"id":0.0,"kind":"puma","maxHealth":300.0,"overheated":false,"passengers":[],"pitchBody":-0.027,"respawnTimer":0.0,"roll":0.0,"turretYaw":0.0,"vx":1.256,"vy":0.0,"vz":1.03,"x":-22.152,"y":0.0,"yaw":4.026,"z":-79.135}}
SPORT_SCREENSHOT 0
SPORT_SAMPLE {"ack":179,"actor":0,"ball":null,"camera":[-15.1473779678345,4.99999952316284,-73.3956146240234],"engaged":true,"focused":true,"phase":"racing","render":[-21.9479999542236,0.0,-78.9670028686523],"seconds":8.39479266666667,"seq":240,"stage":3,"v":{"altitude":0.0,"driver":0.0,"flight":false,"gunner":null,"health":300.0,"heat":0.0,"id":0.0,"kind":"puma","maxHealth":300.0,"overheated":false,"passengers":[],"pitchBody":-0.028,"respawnTimer":0.0,"roll":0.0,"turretYaw":0.0,"vx":1.748,"vy":0.0,"vz":1.433,"x":-21.948,"y":0.0,"yaw":4.026,"z":-78.967}}
SPORT_SAMPLE {"ack":182,"actor":0,"ball":null,"camera":[-14.4098348617554,5.0,-72.7908172607422],"engaged":true,"focused":true,"phase":"racing","render":[-21.0559997558594,0.0,-78.2360000610352],"seconds":8.602415,"seq":251,"stage":3,"v":{"altitude":0.0,"driver":0.0,"flight":false,"gunner":null,"health":300.0,"heat":0.0,"id":0.0,"kind":"puma","maxHealth":300.0,"overheated":false,"passengers":[],"pitchBody":-0.027,"respawnTimer":0.0,"roll":0.0,"turretYaw":0.0,"vx":3.041,"vy":0.0,"vz":2.494,"x":-21.056,"y":0.0,"yaw":4.026,"z":-78.236}}
SPORT_SAMPLE {"ack":186,"actor":0,"ball":null,"camera":[-13.7020931243896,5.0,-72.2104415893555],"engaged":true,"focused":true,"phase":"racing","render":[-20.25,0.0,-77.5749969482422],"seconds":8.82222222222222,"seq":258,"stage":3,"v":{"altitude":0.0,"driver":0.0,"flight":false,"gunner":null,"health":300.0,"heat":0.0,"id":0.0,"kind":"puma","maxHealth":300.0,"overheated":false,"passengers":[],"pitchBody":-0.025,"respawnTimer":0.0,"roll":0.0,"turretYaw":0.0,"vx":3.803,"vy":0.0,"vz":3.118,"x":-20.25,"y":0.0,"yaw":4.026,"z":-77.575}}
SPORT_SAMPLE {"ack":190,"actor":0,"ball":null,"camera":[-12.841160774231,5.0,-71.504524230957],"engaged":true,"focused":true,"phase":"racing","render":[-19.2740001678467,0.0,-76.7740020751953],"seconds":9.04242424242425,"seq":265,"stage":3,"v":{"altitude":0.0,"driver":0.0,"flight":false,"gunner":null,"health":300.0,"heat":0.0,"id":0.0,"kind":"puma","maxHealth":300.0,"overheated":false,"passengers":[],"pitchBody":-0.023,"respawnTimer":0.0,"roll":0.0,"turretYaw":0.0,"vx":4.506,"vy":0.0,"vz":3.695,"x":-19.274,"y":0.0,"yaw":4.026,"z":-76.774}}
SPORT_EVENT {"key":87,"pressed":false,"seconds":9.26267934343435}
SPORT_EVENT {"key":83,"pressed":false,"seconds":9.26267934343435}
SPORT_EVENT {"key":65,"pressed":false,"seconds":9.26267934343435}
SPORT_EVENT {"key":68,"pressed":false,"seconds":9.26267934343435}
SPORT_EVENT {"key":32,"pressed":false,"seconds":9.26267934343435}
SPORT_EVENT {"key":4194325,"pressed":false,"seconds":9.26267934343435}
SPORT_EVENT {"key":82,"pressed":false,"seconds":9.26267934343435}
SPORT_EVENT {"key":4194305,"pressed":true,"seconds":9.26267934343435}
SPORT_EVENT {"key":4194305,"pressed":false,"seconds":9.26267934343435}
SPORT_EVENT {"key":87,"pressed":true,"seconds":9.26267934343435}
SPORT_STAGE {"seconds":9.26267934343435,"stage":4}
SPORT_SAMPLE {"ack":197,"actor":0,"ball":null,"camera":[-11.0582056045532,5.0,-70.0420761108398],"engaged":false,"focused":true,"phase":"racing","render":[-17.4389991760254,0.0,-75.2699966430664],"seconds":9.42727272727274,"seq":277,"stage":4,"v":{"altitude":0.0,"driver":0.0,"flight":false,"gunner":null,"health":300.0,"heat":0.0,"id":0.0,"kind":"puma","maxHealth":300.0,"overheated":false,"passengers":[],"pitchBody":0.01,"respawnTimer":0.0,"roll":0.0,"turretYaw":0.0,"vx":4.351,"vy":0.0,"vz":3.568,"x":-17.439,"y":0.0,"yaw":4.026,"z":-75.27}}
SPORT_SAMPLE {"ack":201,"actor":0,"ball":null,"camera":[-10.1381568908691,5.0,-69.287712097168],"engaged":false,"focused":true,"phase":"racing","render":[-16.6200008392334,0.0,-74.5979995727539],"seconds":9.64848484848487,"seq":283,"stage":4,"v":{"altitude":0.0,"driver":0.0,"flight":false,"gunner":null,"health":300.0,"heat":0.0,"id":0.0,"kind":"puma","maxHealth":300.0,"overheated":false,"passengers":[],"pitchBody":0.016,"respawnTimer":0.0,"roll":0.0,"turretYaw":0.0,"vx":3.887,"vy":0.0,"vz":3.188,"x":-16.62,"y":0.0,"yaw":4.026,"z":-74.598}}
SPORT_SAMPLE {"ack":205,"actor":0,"ball":null,"camera":[-9.31808090209961,5.0,-68.6151123046875],"engaged":false,"focused":true,"phase":"racing","render":[-15.8900003433228,0.0,-73.9990005493164],"seconds":9.84922533333335,"seq":289,"stage":4,"v":{"altitude":0.0,"driver":0.0,"flight":false,"gunner":null,"health":300.0,"heat":0.0,"id":0.0,"kind":"puma","maxHealth":300.0,"overheated":false,"passengers":[],"pitchBody":0.017,"respawnTimer":0.0,"roll":0.0,"turretYaw":0.0,"vx":3.455,"vy":0.0,"vz":2.833,"x":-15.89,"y":0.0,"yaw":4.026,"z":-73.999}}
SPORT_SAMPLE {"ack":208,"actor":0,"ball":null,"camera":[-8.5871753692627,5.0,-68.0158386230469],"engaged":false,"focused":true,"phase":"racing","render":[-15.2430000305176,0.0,-73.4690017700195],"seconds":10.0527172121212,"seq":295,"stage":4,"v":{"altitude":0.0,"driver":0.0,"flight":false,"gunner":null,"health":300.0,"heat":0.0,"id":0.0,"kind":"puma","maxHealth":300.0,"overheated":false,"passengers":[],"pitchBody":0.016,"respawnTimer":0.0,"roll":0.0,"turretYaw":0.0,"vx":3.049,"vy":0.0,"vz":2.5,"x":-15.243,"y":0.0,"yaw":4.026,"z":-73.469}}
SPORT_SAMPLE {"ack":212,"actor":0,"ball":null,"camera":[-7.97955322265625,5.0,-67.5175628662109],"engaged":false,"focused":true,"phase":"racing","render":[-14.5880002975464,0.0,-72.931999206543],"seconds":10.2634833333334,"seq":302,"stage":4,"v":{"altitude":0.0,"driver":0.0,"flight":false,"gunner":null,"health":300.0,"heat":0.0,"id":0.0,"kind":"puma","maxHealth":300.0,"overheated":false,"passengers":[],"pitchBody":0.015,"respawnTimer":0.0,"roll":0.0,"turretYaw":0.0,"vx":2.602,"vy":0.0,"vz":2.134,"x":-14.588,"y":0.0,"yaw":4.026,"z":-72.932}}
SPORT_SAMPLE {"ack":215,"actor":0,"ball":null,"camera":[-7.43381214141846,5.0,-67.0698852539062],"engaged":false,"focused":true,"phase":"racing","render":[-14.1070003509521,0.0,-72.5370025634766],"seconds":10.4666666666667,"seq":308,"stage":4,"v":{"altitude":0.0,"driver":0.0,"flight":false,"gunner":null,"health":300.0,"heat":0.0,"id":0.0,"kind":"puma","maxHealth":300.0,"overheated":false,"passengers":[],"pitchBody":0.014,"respawnTimer":0.0,"roll":0.0,"turretYaw":0.0,"vx":2.239,"vy":0.0,"vz":1.836,"x":-14.107,"y":0.0,"yaw":4.026,"z":-72.537}}
SPORT_SAMPLE {"ack":219,"actor":0,"ball":null,"camera":[-6.97706604003906,5.0,-66.6953353881836],"engaged":false,"focused":true,"phase":"racing","render":[-13.6979999542236,0.0,-72.2009963989258],"seconds":10.6736886666667,"seq":314,"stage":4,"v":{"altitude":0.0,"driver":0.0,"flight":false,"gunner":null,"health":300.0,"heat":0.0,"id":0.0,"kind":"puma","maxHealth":300.0,"overheated":false,"passengers":[],"pitchBody":0.014,"respawnTimer":0.0,"roll":0.0,"turretYaw":0.0,"vx":1.891,"vy":0.0,"vz":1.551,"x":-13.698,"y":0.0,"yaw":4.026,"z":-72.201}}
SPORT_EVENT {"key":87,"pressed":false,"seconds":10.7625775555556}
SPORT_EVENT {"key":83,"pressed":false,"seconds":10.7625775555556}
SPORT_EVENT {"key":65,"pressed":false,"seconds":10.7625775555556}
SPORT_EVENT {"key":68,"pressed":false,"seconds":10.7625775555556}
SPORT_EVENT {"key":32,"pressed":false,"seconds":10.7625775555556}
SPORT_EVENT {"key":4194325,"pressed":false,"seconds":10.7625775555556}
SPORT_EVENT {"key":82,"pressed":false,"seconds":10.7625775555556}
SPORT_EVENT {"key":4194309,"pressed":true,"seconds":10.7625775555556}
SPORT_EVENT {"key":4194309,"pressed":false,"seconds":10.7625775555556}
SPORT_EVENT {"key":87,"pressed":true,"seconds":10.7625775555556}
SPORT_EVENT {"key":4194325,"pressed":true,"seconds":10.7625775555556}
SPORT_STAGE {"seconds":10.7625775555556,"stage":5}
SPORT_SAMPLE {"ack":223,"actor":0,"ball":null,"camera":[-6.50634098052979,5.0,-66.3093490600586],"engaged":true,"focused":true,"phase":"racing","render":[-13.3690004348755,0.0,-71.931999206543],"seconds":10.9389664444445,"seq":322,"stage":5,"v":{"altitude":0.0,"driver":0.0,"flight":false,"gunner":null,"health":300.0,"heat":0.0,"id":0.0,"kind":"puma","maxHealth":300.0,"overheated":false,"passengers":[],"pitchBody":0.078,"respawnTimer":0.0,"roll":0.0,"turretYaw":0.0,"vx":-0.24,"vy":0.0,"vz":-0.197,"x":-13.369,"y":0.0,"yaw":4.026,"z":-71.932}}
SPORT_SAMPLE {"ack":227,"actor":0,"ball":null,"camera":[-6.60739135742188,5.0,-66.3922729492188],"engaged":true,"focused":true,"phase":"racing","render":[-13.7629995346069,0.0,-72.254997253418],"seconds":11.1666666666667,"seq":328,"stage":5,"v":{"altitude":0.0,"driver":0.0,"flight":false,"gunner":null,"health":300.0,"heat":0.0,"id":0.0,"kind":"puma","maxHealth":300.0,"overheated":false,"passengers":[],"pitchBody":0.112,"respawnTimer":0.0,"roll":0.0,"turretYaw":0.0,"vx":-3.417,"vy":0.0,"vz":-2.802,"x":-13.763,"y":0.0,"yaw":4.026,"z":-72.255}}
SPORT_SAMPLE {"ack":231,"actor":0,"ball":null,"camera":[-7.58343124389648,4.95969772338867,-67.1926345825195],"engaged":true,"focused":true,"phase":"racing","render":[-15.2419996261597,0.0,-73.4670028686523],"seconds":11.3877041111111,"seq":336,"stage":5,"v":{"altitude":0.0,"driver":0.0,"flight":false,"gunner":null,"health":300.0,"heat":0.0,"id":0.0,"kind":"puma","maxHealth":300.0,"overheated":false,"passengers":[],"pitchBody":0.112,"respawnTimer":0.0,"roll":0.0,"turretYaw":0.0,"vx":-7.342,"vy":0.0,"vz":-6.021,"x":-15.242,"y":0.0,"yaw":4.026,"z":-73.467}}
SPORT_SAMPLE {"ack":235,"actor":0,"ball":null,"camera":[-9.22017288208008,4.86392545700073,-68.5347442626953],"engaged":true,"focused":true,"phase":"racing","render":[-16.992000579834,0.0,-74.9029998779297],"seconds":11.5901403333334,"seq":342,"stage":5,"v":{"altitude":0.0,"driver":0.0,"flight":false,"gunner":null,"health":300.0,"heat":0.0,"id":0.0,"kind":"puma","maxHealth":300.0,"overheated":false,"passengers":[],"pitchBody":0.1,"respawnTimer":0.0,"roll":0.0,"turretYaw":0.0,"vx":-9.887,"vy":0.0,"vz":-8.108,"x":-16.992,"y":0.0,"yaw":4.026,"z":-74.903}}
SPORT_SAMPLE {"ack":238,"actor":0,"ball":null,"camera":[-11.3596935272217,4.84894275665283,-70.2892303466797],"engaged":true,"focused":true,"phase":"racing","render":[-19.2080001831055,0.0,-76.7200012207031],"seconds":11.8023123333334,"seq":348,"stage":5,"v":{"altitude":0.0,"driver":0.0,"flight":false,"gunner":null,"health":300.0,"heat":0.0,"id":0.0,"kind":"puma","maxHealth":300.0,"overheated":false,"passengers":[],"pitchBody":0.084,"respawnTimer":0.0,"roll":0.0,"turretYaw":0.0,"vx":-12.018,"vy":0.0,"vz":-9.856,"x":-19.208,"y":0.0,"yaw":4.026,"z":-76.72}}
SPORT_SAMPLE {"ack":242,"actor":0,"ball":null,"camera":[-13.9930276870728,4.77921915054321,-72.4487380981445],"engaged":true,"focused":true,"phase":"racing","render":[-21.8040008544922,0.0,-78.8489990234375],"seconds":12.011941962963,"seq":354,"stage":5,"v":{"altitude":0.0,"driver":0.0,"flight":false,"gunner":null,"health":300.0,"heat":0.0,"id":0.0,"kind":"puma","maxHealth":300.0,"overheated":false,"passengers":[],"pitchBody":0.069,"respawnTimer":0.0,"roll":0.0,"turretYaw":0.0,"vx":-13.734,"vy":0.0,"vz":-11.263,"x":-21.804,"y":0.0,"yaw":4.026,"z":-78.849}}
SPORT_SAMPLE {"ack":247,"actor":0,"ball":null,"camera":[-15.2716207504272,4.94846343994141,-73.497314453125],"engaged":true,"focused":true,"phase":"racing","render":[-22.3700008392334,0.0,-79.3130035400391],"seconds":12.229485,"seq":361,"stage":5,"v":{"altitude":0.0,"driver":0.0,"flight":false,"gunner":null,"health":300.0,"heat":0.0,"id":0.0,"kind":"puma","maxHealth":300.0,"overheated":false,"passengers":[],"pitchBody":0.032,"respawnTimer":0.0,"roll":0.0,"turretYaw":0.0,"vx":0.0,"vy":0.0,"vz":0.0,"x":-22.37,"y":0.0,"yaw":4.026,"z":-79.313}}
SPORT_EVENT {"key":87,"pressed":false,"seconds":12.24912}
SPORT_EVENT {"key":83,"pressed":false,"seconds":12.24912}
SPORT_EVENT {"key":65,"pressed":false,"seconds":12.24912}
SPORT_EVENT {"key":68,"pressed":false,"seconds":12.24912}
SPORT_EVENT {"key":32,"pressed":false,"seconds":12.24912}
SPORT_EVENT {"key":4194325,"pressed":false,"seconds":12.24912}
SPORT_EVENT {"key":82,"pressed":false,"seconds":12.24912}
SPORT_EVENT {"key":87,"pressed":true,"seconds":12.24912}
SPORT_STAGE {"seconds":12.24912,"stage":6}
SPORT_SAMPLE {"ack":251,"actor":0,"ball":null,"camera":[-15.3902292251587,4.99323701858521,-73.5945739746094],"engaged":false,"focused":false,"phase":"racing","render":[-22.3700008392334,0.0,-79.3130035400391],"seconds":12.4326385185185,"seq":367,"stage":6,"v":{"altitude":0.0,"driver":0.0,"flight":false,"gunner":null,"health":300.0,"heat":0.0,"id":0.0,"kind":"puma","maxHealth":300.0,"overheated":false,"passengers":[],"pitchBody":0.006,"respawnTimer":0.0,"roll":0.0,"turretYaw":0.0,"vx":0.0,"vy":0.0,"vz":0.0,"x":-22.37,"y":0.0,"yaw":4.026,"z":-79.313}}
SPORT_SAMPLE {"ack":257,"actor":0,"ball":null,"camera":[-15.405933380127,4.99916505813599,-73.6074600219727],"engaged":false,"focused":false,"phase":"racing","render":[-22.3700008392334,0.0,-79.3130035400391],"seconds":12.6435493333334,"seq":374,"stage":6,"v":{"altitude":0.0,"driver":0.0,"flight":false,"gunner":null,"health":300.0,"heat":0.0,"id":0.0,"kind":"puma","maxHealth":300.0,"overheated":false,"passengers":[],"pitchBody":0.001,"respawnTimer":0.0,"roll":0.0,"turretYaw":0.0,"vx":0.0,"vy":0.0,"vz":0.0,"x":-22.37,"y":0.0,"yaw":4.026,"z":-79.313}}
SPORT_SAMPLE {"ack":262,"actor":0,"ball":null,"camera":[-15.4078912734985,4.99990463256836,-73.6090621948242],"engaged":false,"focused":false,"phase":"racing","render":[-22.3700008392334,0.0,-79.3130035400391],"seconds":12.8598254545455,"seq":381,"stage":6,"v":{"altitude":0.0,"driver":0.0,"flight":false,"gunner":null,"health":300.0,"heat":0.0,"id":0.0,"kind":"puma","maxHealth":300.0,"overheated":false,"passengers":[],"pitchBody":0.0,"respawnTimer":0.0,"roll":0.0,"turretYaw":0.0,"vx":0.0,"vy":0.0,"vz":0.0,"x":-22.37,"y":0.0,"yaw":4.026,"z":-79.313}}
SPORT_SAMPLE {"ack":267,"actor":0,"ball":null,"camera":[-15.4081163406372,4.99998950958252,-73.609245300293],"engaged":false,"focused":false,"phase":"racing","render":[-22.3700008392334,0.0,-79.3130035400391],"seconds":13.07731,"seq":387,"stage":6,"v":{"altitude":0.0,"driver":0.0,"flight":false,"gunner":null,"health":300.0,"heat":0.0,"id":0.0,"kind":"puma","maxHealth":300.0,"overheated":false,"passengers":[],"pitchBody":0.0,"respawnTimer":0.0,"roll":0.0,"turretYaw":0.0,"vx":0.0,"vy":0.0,"vz":0.0,"x":-22.37,"y":0.0,"yaw":4.026,"z":-79.313}}
SPORT_SAMPLE {"ack":272,"actor":0,"ball":null,"camera":[-15.4081420898438,4.99999904632568,-73.6092529296875],"engaged":false,"focused":false,"phase":"racing","render":[-22.3700008392334,0.0,-79.3130035400391],"seconds":13.2963865555556,"seq":394,"stage":6,"v":{"altitude":0.0,"driver":0.0,"flight":false,"gunner":null,"health":300.0,"heat":0.0,"id":0.0,"kind":"puma","maxHealth":300.0,"overheated":false,"passengers":[],"pitchBody":0.0,"respawnTimer":0.0,"roll":0.0,"turretYaw":0.0,"vx":0.0,"vy":0.0,"vz":0.0,"x":-22.37,"y":0.0,"yaw":4.026,"z":-79.313}}
SPORT_SAMPLE {"ack":276,"actor":0,"ball":null,"camera":[-15.4081430435181,4.99999904632568,-73.6092529296875],"engaged":false,"focused":false,"phase":"racing","render":[-22.3700008392334,0.0,-79.3130035400391],"seconds":13.5059824242425,"seq":400,"stage":6,"v":{"altitude":0.0,"driver":0.0,"flight":false,"gunner":null,"health":300.0,"heat":0.0,"id":0.0,"kind":"puma","maxHealth":300.0,"overheated":false,"passengers":[],"pitchBody":0.0,"respawnTimer":0.0,"roll":0.0,"turretYaw":0.0,"vx":0.0,"vy":0.0,"vz":0.0,"x":-22.37,"y":0.0,"yaw":4.026,"z":-79.313}}
SPORT_SAMPLE {"ack":281,"actor":0,"ball":null,"camera":[-15.4081430435181,4.99999904632568,-73.6092529296875],"engaged":false,"focused":false,"phase":"racing","render":[-22.3700008392334,0.0,-79.3130035400391],"seconds":13.7078596565657,"seq":406,"stage":6,"v":{"altitude":0.0,"driver":0.0,"flight":false,"gunner":null,"health":300.0,"heat":0.0,"id":0.0,"kind":"puma","maxHealth":300.0,"overheated":false,"passengers":[],"pitchBody":0.0,"respawnTimer":0.0,"roll":0.0,"turretYaw":0.0,"vx":0.0,"vy":0.0,"vz":0.0,"x":-22.37,"y":0.0,"yaw":4.026,"z":-79.313}}
SPORT_EVENT {"key":87,"pressed":false,"seconds":13.7528256666667}
SPORT_EVENT {"key":83,"pressed":false,"seconds":13.7528256666667}
SPORT_EVENT {"key":65,"pressed":false,"seconds":13.7528256666667}
SPORT_EVENT {"key":68,"pressed":false,"seconds":13.7528256666667}
SPORT_EVENT {"key":32,"pressed":false,"seconds":13.7528256666667}
SPORT_EVENT {"key":4194325,"pressed":false,"seconds":13.7528256666667}
SPORT_EVENT {"key":82,"pressed":false,"seconds":13.7528256666667}
SPORT_EVENT {"key":87,"pressed":true,"seconds":13.7528256666667}
SPORT_STAGE {"seconds":13.7528256666667,"stage":7}
SPORT_SAMPLE {"ack":285,"actor":0,"ball":null,"camera":[-15.4081430435181,4.99999904632568,-73.6092529296875],"engaged":false,"focused":true,"phase":"racing","render":[-22.3700008392334,0.0,-79.3130035400391],"seconds":13.9121212121213,"seq":412,"stage":7,"v":{"altitude":0.0,"driver":0.0,"flight":false,"gunner":null,"health":300.0,"heat":0.0,"id":0.0,"kind":"puma","maxHealth":300.0,"overheated":false,"passengers":[],"pitchBody":0.0,"respawnTimer":0.0,"roll":0.0,"turretYaw":0.0,"vx":0.0,"vy":0.0,"vz":0.0,"x":-22.37,"y":0.0,"yaw":4.026,"z":-79.313}}
SPORT_SAMPLE {"ack":289,"actor":0,"ball":null,"camera":[-15.4081430435181,4.99999904632568,-73.6092529296875],"engaged":false,"focused":true,"phase":"racing","render":[-22.3700008392334,0.0,-79.3130035400391],"seconds":14.1151013333334,"seq":418,"stage":7,"v":{"altitude":0.0,"driver":0.0,"flight":false,"gunner":null,"health":300.0,"heat":0.0,"id":0.0,"kind":"puma","maxHealth":300.0,"overheated":false,"passengers":[],"pitchBody":0.0,"respawnTimer":0.0,"roll":0.0,"turretYaw":0.0,"vx":0.0,"vy":0.0,"vz":0.0,"x":-22.37,"y":0.0,"yaw":4.026,"z":-79.313}}
SPORT_SAMPLE {"ack":294,"actor":0,"ball":null,"camera":[-15.4081439971924,4.99999952316284,-73.609260559082],"engaged":false,"focused":true,"phase":"racing","render":[-22.3700008392334,0.0,-79.3130035400391],"seconds":14.326695,"seq":425,"stage":7,"v":{"altitude":0.0,"driver":0.0,"flight":false,"gunner":null,"health":300.0,"heat":0.0,"id":0.0,"kind":"puma","maxHealth":300.0,"overheated":false,"passengers":[],"pitchBody":0.0,"respawnTimer":0.0,"roll":0.0,"turretYaw":0.0,"vx":0.0,"vy":0.0,"vz":0.0,"x":-22.37,"y":0.0,"yaw":4.026,"z":-79.313}}
SPORT_SAMPLE {"ack":300,"actor":0,"ball":null,"camera":[-15.4081439971924,4.99999952316284,-73.609260559082],"engaged":false,"focused":true,"phase":"racing","render":[-22.3700008392334,0.0,-79.3130035400391],"seconds":14.529227,"seq":431,"stage":7,"v":{"altitude":0.0,"driver":0.0,"flight":false,"gunner":null,"health":300.0,"heat":0.0,"id":0.0,"kind":"puma","maxHealth":300.0,"overheated":false,"passengers":[],"pitchBody":0.0,"respawnTimer":0.0,"roll":0.0,"turretYaw":0.0,"vx":0.0,"vy":0.0,"vz":0.0,"x":-22.37,"y":0.0,"yaw":4.026,"z":-79.313}}
SPORT_SAMPLE {"ack":306,"actor":0,"ball":null,"camera":[-15.4081439971924,4.99999952316284,-73.609260559082],"engaged":false,"focused":true,"phase":"racing","render":[-22.3700008392334,0.0,-79.3130035400391],"seconds":14.7511633333334,"seq":437,"stage":7,"v":{"altitude":0.0,"driver":0.0,"flight":false,"gunner":null,"health":300.0,"heat":0.0,"id":0.0,"kind":"puma","maxHealth":300.0,"overheated":false,"passengers":[],"pitchBody":0.0,"respawnTimer":0.0,"roll":0.0,"turretYaw":0.0,"vx":0.0,"vy":0.0,"vz":0.0,"x":-22.37,"y":0.0,"yaw":4.026,"z":-79.313}}
SPORT_SAMPLE {"ack":310,"actor":0,"ball":null,"camera":[-15.4081439971924,4.99999952316284,-73.609260559082],"engaged":false,"focused":true,"phase":"racing","render":[-22.3700008392334,0.0,-79.3130035400391],"seconds":14.973933,"seq":444,"stage":7,"v":{"altitude":0.0,"driver":0.0,"flight":false,"gunner":null,"health":300.0,"heat":0.0,"id":0.0,"kind":"puma","maxHealth":300.0,"overheated":false,"passengers":[],"pitchBody":0.0,"respawnTimer":0.0,"roll":0.0,"turretYaw":0.0,"vx":0.0,"vy":0.0,"vz":0.0,"x":-22.37,"y":0.0,"yaw":4.026,"z":-79.313}}
SPORT_SAMPLE {"ack":314,"actor":0,"ball":null,"camera":[-15.4081439971924,4.99999952316284,-73.609260559082],"engaged":false,"focused":true,"phase":"racing","render":[-22.3700008392334,0.0,-79.3130035400391],"seconds":15.184857,"seq":451,"stage":7,"v":{"altitude":0.0,"driver":0.0,"flight":false,"gunner":null,"health":300.0,"heat":0.0,"id":0.0,"kind":"puma","maxHealth":300.0,"overheated":false,"passengers":[],"pitchBody":0.0,"respawnTimer":0.0,"roll":0.0,"turretYaw":0.0,"vx":0.0,"vy":0.0,"vz":0.0,"x":-22.37,"y":0.0,"yaw":4.026,"z":-79.313}}
SPORT_EVENT {"key":87,"pressed":false,"seconds":15.2736683333334}
SPORT_EVENT {"key":83,"pressed":false,"seconds":15.2736683333334}
SPORT_EVENT {"key":65,"pressed":false,"seconds":15.2736683333334}
SPORT_EVENT {"key":68,"pressed":false,"seconds":15.2736683333334}
SPORT_EVENT {"key":32,"pressed":false,"seconds":15.2736683333334}
SPORT_EVENT {"key":4194325,"pressed":false,"seconds":15.2736683333334}
SPORT_EVENT {"key":82,"pressed":false,"seconds":15.2736683333334}
SPORT_EVENT {"key":4194309,"pressed":true,"seconds":15.2736683333334}
SPORT_EVENT {"key":4194309,"pressed":false,"seconds":15.2736683333334}
SPORT_EVENT {"key":87,"pressed":true,"seconds":15.2736683333334}
SPORT_STAGE {"seconds":15.2736683333334,"stage":8}
SPORT_SAMPLE {"ack":318,"actor":0,"ball":null,"camera":[-15.4094724655151,4.99999952316284,-73.610595703125],"engaged":true,"focused":true,"phase":"racing","render":[-22.3729991912842,0.0,-79.3160018920898],"seconds":15.4330503333334,"seq":458,"stage":8,"v":{"altitude":0.0,"driver":0.0,"flight":false,"gunner":null,"health":300.0,"heat":0.0,"id":0.0,"kind":"puma","maxHealth":300.0,"overheated":false,"passengers":[],"pitchBody":-0.001,"respawnTimer":0.0,"roll":0.0,"turretYaw":0.0,"vx":0.0,"vy":0.0,"vz":0.0,"x":-22.373,"y":0.0,"yaw":4.026,"z":-79.316}}
SPORT_SAMPLE {"ack":324,"actor":0,"ball":null,"camera":[-15.4109373092651,4.99999952316284,-73.612060546875],"engaged":true,"focused":true,"phase":"racing","render":[-22.3729991912842,0.0,-79.3160018920898],"seconds":15.6426426666667,"seq":465,"stage":8,"v":{"altitude":0.0,"driver":0.0,"flight":false,"gunner":null,"health":300.0,"heat":0.0,"id":0.0,"kind":"puma","maxHealth":300.0,"overheated":false,"passengers":[],"pitchBody":0.0,"respawnTimer":0.0,"roll":0.0,"turretYaw":0.0,"vx":0.0,"vy":0.0,"vz":0.0,"x":-22.373,"y":0.0,"yaw":4.026,"z":-79.316}}
SPORT_SAMPLE {"ack":331,"actor":0,"ball":null,"camera":[-15.4111232757568,4.99999952316284,-73.6122436523438],"engaged":true,"focused":true,"phase":"racing","render":[-22.3729991912842,0.0,-79.3160018920898],"seconds":15.8761216666667,"seq":472,"stage":8,"v":{"altitude":0.0,"driver":0.0,"flight":false,"gunner":null,"health":300.0,"heat":0.0,"id":0.0,"kind":"puma","maxHealth":300.0,"overheated":false,"passengers":[],"pitchBody":0.0,"respawnTimer":0.0,"roll":0.0,"turretYaw":0.0,"vx":0.0,"vy":0.0,"vz":0.0,"x":-22.373,"y":0.0,"yaw":4.026,"z":-79.316}}
SPORT_SAMPLE {"ack":336,"actor":0,"ball":null,"camera":[-15.4111413955688,4.99999952316284,-73.6122589111328],"engaged":true,"focused":true,"phase":"racing","render":[-22.3729991912842,0.0,-79.3160018920898],"seconds":16.102959,"seq":479,"stage":8,"v":{"altitude":0.0,"driver":0.0,"flight":false,"gunner":null,"health":300.0,"heat":0.0,"id":0.0,"kind":"puma","maxHealth":300.0,"overheated":false,"passengers":[],"pitchBody":0.0,"respawnTimer":0.0,"roll":0.0,"turretYaw":0.0,"vx":0.0,"vy":0.0,"vz":0.0,"x":-22.373,"y":0.0,"yaw":4.026,"z":-79.316}}
SPORT_SAMPLE {"ack":340,"actor":0,"ball":null,"camera":[-15.4111423492432,4.99999952316284,-73.6122589111328],"engaged":true,"focused":true,"phase":"racing","render":[-22.3729991912842,0.0,-79.3160018920898],"seconds":16.3234151111112,"seq":485,"stage":8,"v":{"altitude":0.0,"driver":0.0,"flight":false,"gunner":null,"health":300.0,"heat":0.0,"id":0.0,"kind":"puma","maxHealth":300.0,"overheated":false,"passengers":[],"pitchBody":0.0,"respawnTimer":0.0,"roll":0.0,"turretYaw":0.0,"vx":0.0,"vy":0.0,"vz":0.0,"x":-22.373,"y":0.0,"yaw":4.026,"z":-79.316}}
SPORT_SAMPLE {"ack":344,"actor":0,"ball":null,"camera":[-15.4111423492432,4.99999952316284,-73.6122589111328],"engaged":true,"focused":true,"phase":"racing","render":[-22.3729991912842,0.0,-79.3160018920898],"seconds":16.5492780000001,"seq":492,"stage":8,"v":{"altitude":0.0,"driver":0.0,"flight":false,"gunner":null,"health":300.0,"heat":0.0,"id":0.0,"kind":"puma","maxHealth":300.0,"overheated":false,"passengers":[],"pitchBody":0.0,"respawnTimer":0.0,"roll":0.0,"turretYaw":0.0,"vx":0.0,"vy":0.0,"vz":0.0,"x":-22.373,"y":0.0,"yaw":4.026,"z":-79.316}}
SPORT_EVENT {"key":87,"pressed":false,"seconds":16.7711470000001}
SPORT_EVENT {"key":83,"pressed":false,"seconds":16.7711470000001}
SPORT_EVENT {"key":65,"pressed":false,"seconds":16.7711470000001}
SPORT_EVENT {"key":68,"pressed":false,"seconds":16.7711470000001}
SPORT_EVENT {"key":32,"pressed":false,"seconds":16.7711470000001}
SPORT_EVENT {"key":4194325,"pressed":false,"seconds":16.7711470000001}
SPORT_EVENT {"key":82,"pressed":false,"seconds":16.7711470000001}
SPORT_EVENT {"key":82,"pressed":true,"seconds":16.7711470000001}
SPORT_STAGE {"seconds":16.7711470000001,"stage":9}
SPORT_SAMPLE {"ack":351,"actor":0,"ball":null,"camera":[-44.5,5.0,-67.9981689453125],"engaged":true,"focused":true,"phase":"racing","render":[-35.5,0.0,-68.0],"seconds":16.9376003333334,"seq":504,"stage":9,"v":{"altitude":0.0,"driver":0.0,"flight":false,"gunner":null,"health":300.0,"heat":0.0,"id":0.0,"kind":"puma","maxHealth":300.0,"overheated":false,"passengers":[],"pitchBody":0.0,"respawnTimer":0.0,"roll":0.0,"turretYaw":0.0,"vx":0.0,"vy":0.0,"vz":0.0,"x":-35.5,"y":0.0,"yaw":1.571,"z":-68.0}}
SPORT_SAMPLE {"ack":355,"actor":0,"ball":null,"camera":[-44.5,5.0,-67.9981689453125],"engaged":true,"focused":true,"phase":"racing","render":[-35.5,0.0,-68.0],"seconds":17.1684223333334,"seq":511,"stage":9,"v":{"altitude":0.0,"driver":0.0,"flight":false,"gunner":null,"health":300.0,"heat":0.0,"id":0.0,"kind":"puma","maxHealth":300.0,"overheated":false,"passengers":[],"pitchBody":0.0,"respawnTimer":0.0,"roll":0.0,"turretYaw":0.0,"vx":0.0,"vy":0.0,"vz":0.0,"x":-35.5,"y":0.0,"yaw":1.571,"z":-68.0}}
SPORT_SAMPLE {"ack":360,"actor":0,"ball":null,"camera":[-44.5,5.0,-67.9981689453125],"engaged":true,"focused":true,"phase":"racing","render":[-35.5,0.0,-68.0],"seconds":17.3925493174604,"seq":518,"stage":9,"v":{"altitude":0.0,"driver":0.0,"flight":false,"gunner":null,"health":300.0,"heat":0.0,"id":0.0,"kind":"puma","maxHealth":300.0,"overheated":false,"passengers":[],"pitchBody":0.0,"respawnTimer":0.0,"roll":0.0,"turretYaw":0.0,"vx":0.0,"vy":0.0,"vz":0.0,"x":-35.5,"y":0.0,"yaw":1.571,"z":-68.0}}
SPORT_SAMPLE {"ack":365,"actor":0,"ball":null,"camera":[-44.5,5.0,-67.9981689453125],"engaged":true,"focused":true,"phase":"racing","render":[-35.5,0.0,-68.0],"seconds":17.6175493174604,"seq":524,"stage":9,"v":{"altitude":0.0,"driver":0.0,"flight":false,"gunner":null,"health":300.0,"heat":0.0,"id":0.0,"kind":"puma","maxHealth":300.0,"overheated":false,"passengers":[],"pitchBody":0.0,"respawnTimer":0.0,"roll":0.0,"turretYaw":0.0,"vx":0.0,"vy":0.0,"vz":0.0,"x":-35.5,"y":0.0,"yaw":1.571,"z":-68.0}}
SPORT_SAMPLE {"ack":370,"actor":0,"ball":null,"camera":[-44.5,5.0,-67.9981689453125],"engaged":true,"focused":true,"phase":"racing","render":[-35.5,0.0,-68.0],"seconds":17.8462278787879,"seq":531,"stage":9,"v":{"altitude":0.0,"driver":0.0,"flight":false,"gunner":null,"health":300.0,"heat":0.0,"id":0.0,"kind":"puma","maxHealth":300.0,"overheated":false,"passengers":[],"pitchBody":0.0,"respawnTimer":0.0,"roll":0.0,"turretYaw":0.0,"vx":0.0,"vy":0.0,"vz":0.0,"x":-35.5,"y":0.0,"yaw":1.571,"z":-68.0}}
SPORT_SAMPLE {"ack":375,"actor":0,"ball":null,"camera":[-44.5,5.0,-67.9981689453125],"engaged":true,"focused":true,"phase":"racing","render":[-35.5,0.0,-68.0],"seconds":18.0790960000001,"seq":538,"stage":9,"v":{"altitude":0.0,"driver":0.0,"flight":false,"gunner":null,"health":300.0,"heat":0.0,"id":0.0,"kind":"puma","maxHealth":300.0,"overheated":false,"passengers":[],"pitchBody":0.0,"respawnTimer":0.0,"roll":0.0,"turretYaw":0.0,"vx":0.0,"vy":0.0,"vz":0.0,"x":-35.5,"y":0.0,"yaw":1.571,"z":-68.0}}
SPORT_EVENT {"key":87,"pressed":false,"seconds":18.2624293333334}
SPORT_EVENT {"key":83,"pressed":false,"seconds":18.2624293333334}
SPORT_EVENT {"key":65,"pressed":false,"seconds":18.2624293333334}
SPORT_EVENT {"key":68,"pressed":false,"seconds":18.2624293333334}
SPORT_EVENT {"key":32,"pressed":false,"seconds":18.2624293333334}
SPORT_EVENT {"key":4194325,"pressed":false,"seconds":18.2624293333334}
SPORT_EVENT {"key":82,"pressed":false,"seconds":18.2624293333334}
SPORT_EVENT {"key":4194305,"pressed":true,"seconds":18.2624293333334}
SPORT_EVENT {"key":4194305,"pressed":false,"seconds":18.2624293333334}
SPORT_STAGE {"seconds":18.2624293333334,"stage":10}
SPORT_SAMPLE {"ack":383,"actor":0,"ball":null,"camera":[-44.5,5.0,-67.9981689453125],"engaged":false,"focused":true,"phase":"racing","render":[-35.5,0.0,-68.0],"seconds":18.4468116296297,"seq":550,"stage":10,"v":{"altitude":0.0,"driver":0.0,"flight":false,"gunner":null,"health":300.0,"heat":0.0,"id":0.0,"kind":"puma","maxHealth":300.0,"overheated":false,"passengers":[],"pitchBody":0.0,"respawnTimer":0.0,"roll":0.0,"turretYaw":0.0,"vx":0.0,"vy":0.0,"vz":0.0,"x":-35.5,"y":0.0,"yaw":1.571,"z":-68.0}}
SPORT_SAMPLE {"ack":388,"actor":0,"ball":null,"camera":[-44.5,5.0,-67.9981689453125],"engaged":false,"focused":true,"phase":"racing","render":[-35.5,0.0,-68.0],"seconds":18.6778301481482,"seq":556,"stage":10,"v":{"altitude":0.0,"driver":0.0,"flight":false,"gunner":null,"health":300.0,"heat":0.0,"id":0.0,"kind":"puma","maxHealth":300.0,"overheated":false,"passengers":[],"pitchBody":0.0,"respawnTimer":0.0,"roll":0.0,"turretYaw":0.0,"vx":0.0,"vy":0.0,"vz":0.0,"x":-35.5,"y":0.0,"yaw":1.571,"z":-68.0}}
SPORT_SAMPLE {"ack":393,"actor":0,"ball":null,"camera":[-44.5,5.0,-67.9981689453125],"engaged":false,"focused":true,"phase":"racing","render":[-35.5,0.0,-68.0],"seconds":18.9083333333334,"seq":563,"stage":10,"v":{"altitude":0.0,"driver":0.0,"flight":false,"gunner":null,"health":300.0,"heat":0.0,"id":0.0,"kind":"puma","maxHealth":300.0,"overheated":false,"passengers":[],"pitchBody":0.0,"respawnTimer":0.0,"roll":0.0,"turretYaw":0.0,"vx":0.0,"vy":0.0,"vz":0.0,"x":-35.5,"y":0.0,"yaw":1.571,"z":-68.0}}
SPORT_SAMPLE {"ack":398,"actor":0,"ball":null,"camera":[-44.5,5.0,-67.9981689453125],"engaged":false,"focused":true,"phase":"racing","render":[-35.5,0.0,-68.0],"seconds":19.138425925926,"seq":570,"stage":10,"v":{"altitude":0.0,"driver":0.0,"flight":false,"gunner":null,"health":300.0,"heat":0.0,"id":0.0,"kind":"puma","maxHealth":300.0,"overheated":false,"passengers":[],"pitchBody":0.0,"respawnTimer":0.0,"roll":0.0,"turretYaw":0.0,"vx":0.0,"vy":0.0,"vz":0.0,"x":-35.5,"y":0.0,"yaw":1.571,"z":-68.0}}
SPORT_SAMPLE {"ack":403,"actor":0,"ball":null,"camera":[-44.5,5.0,-67.9981689453125],"engaged":false,"focused":true,"phase":"racing","render":[-35.5,0.0,-68.0],"seconds":19.3675925925927,"seq":577,"stage":10,"v":{"altitude":0.0,"driver":0.0,"flight":false,"gunner":null,"health":300.0,"heat":0.0,"id":0.0,"kind":"puma","maxHealth":300.0,"overheated":false,"passengers":[],"pitchBody":0.0,"respawnTimer":0.0,"roll":0.0,"turretYaw":0.0,"vx":0.0,"vy":0.0,"vz":0.0,"x":-35.5,"y":0.0,"yaw":1.571,"z":-68.0}}
SPORT_SAMPLE {"ack":408,"actor":0,"ball":null,"camera":[-44.5,5.0,-67.9981689453125],"engaged":false,"focused":true,"phase":"racing","render":[-35.5,0.0,-68.0],"seconds":19.5836000000001,"seq":584,"stage":10,"v":{"altitude":0.0,"driver":0.0,"flight":false,"gunner":null,"health":300.0,"heat":0.0,"id":0.0,"kind":"puma","maxHealth":300.0,"overheated":false,"passengers":[],"pitchBody":0.0,"respawnTimer":0.0,"roll":0.0,"turretYaw":0.0,"vx":0.0,"vy":0.0,"vz":0.0,"x":-35.5,"y":0.0,"yaw":1.571,"z":-68.0}}
SPORT_SAMPLE {"ack":412,"actor":0,"ball":null,"camera":[-44.5,5.0,-67.9981689453125],"engaged":false,"focused":true,"phase":"racing","render":[-35.5,0.0,-68.0],"seconds":19.7941313333334,"seq":590,"stage":10,"v":{"altitude":0.0,"driver":0.0,"flight":false,"gunner":null,"health":300.0,"heat":0.0,"id":0.0,"kind":"puma","maxHealth":300.0,"overheated":false,"passengers":[],"pitchBody":0.0,"respawnTimer":0.0,"roll":0.0,"turretYaw":0.0,"vx":0.0,"vy":0.0,"vz":0.0,"x":-35.5,"y":0.0,"yaw":1.571,"z":-68.0}}
SPORT_SAMPLE {"ack":417,"actor":0,"ball":null,"camera":[-44.5,5.0,-67.9981689453125],"engaged":false,"focused":true,"phase":"racing","render":[-35.5,0.0,-68.0],"seconds":20.0166666666668,"seq":597,"stage":10,"v":{"altitude":0.0,"driver":0.0,"flight":false,"gunner":null,"health":300.0,"heat":0.0,"id":0.0,"kind":"puma","maxHealth":300.0,"overheated":false,"passengers":[],"pitchBody":0.0,"respawnTimer":0.0,"roll":0.0,"turretYaw":0.0,"vx":0.0,"vy":0.0,"vz":0.0,"x":-35.5,"y":0.0,"yaw":1.571,"z":-68.0}}
SPORT_OBSERVATION_ENDED no_native_completion_marker=true
SPORT_SAMPLE {"ack":422,"actor":0,"ball":null,"camera":[-44.5,5.0,-67.9981689453125],"engaged":false,"focused":true,"phase":"racing","render":[-35.5,0.0,-68.0],"seconds":20.2636693333334,"seq":604,"stage":10,"v":{"altitude":0.0,"driver":0.0,"flight":false,"gunner":null,"health":300.0,"heat":0.0,"id":0.0,"kind":"puma","maxHealth":300.0,"overheated":false,"passengers":[],"pitchBody":0.0,"respawnTimer":0.0,"roll":0.0,"turretYaw":0.0,"vx":0.0,"vy":0.0,"vz":0.0,"x":-35.5,"y":0.0,"yaw":1.571,"z":-68.0}}
