Godot Engine v4.5.2.stable.official.6ce3de25a - https://godotengine.org
WARNING: Could not set V-Sync mode, as changing V-Sync mode is not supported by the graphics driver.
     at: set_use_vsync (platform/linuxbsd/x11/gl_manager_x11.cpp:364)
OpenGL API 4.5 (Core Profile) Mesa 25.2.8-0ubuntu0.25.10.2 - Compatibility - Using Device: Mesa - llvmpipe (LLVM 20.1.8, 256 bits)

PHYSICAL {"event":"check","message":"actual board.tscn loaded by engine","ms":15,"ok":true}
PHYSICAL {"event":"check","message":"default list; built-in smoke off","ms":290,"ok":true}
PHYSICAL {"control":"Connect / start","event":"mouse","ms":290,"x":79.5,"y":150.5}
PHYSICAL {"event":"check","message":"Connect reaches real recipient projection","ms":707,"ok":true}
PHYSICAL {"actions":[],"actor":0,"event":"connected","flux":80.033,"history":"No actions submitted.","map":"asterion-relay","mode":"cocs","ms":707,"peer":1,"round":1,"selected":"","spawned":0.0,"spent":0.0,"team":0}
PHYSICAL {"control":"List","event":"mouse","ms":707,"x":908.5,"y":251.5}
PHYSICAL {"code":4194322,"event":"key","ms":820}
PHYSICAL {"code":4194322,"event":"key","ms":835}
PHYSICAL {"code":4194309,"event":"key","ms":855}
PHYSICAL {"event":"check","message":"physical view choice map=true","ms":915,"ok":true}
PHYSICAL {"event":"check","message":"real wire ownership retains team symbols","ms":915,"ok":true}
PHYSICAL {"event":"check","message":"own public frontier is positioned","ms":915,"ok":true}
PHYSICAL {"control":"public marker front-0","event":"mouse","ms":915,"x":293.0,"y":353.25}
PHYSICAL {"event":"check","message":"physical marker click synchronizes ItemList","ms":964,"ok":true}
PHYSICAL {"event":"check","message":"map click receives native keyboard focus","ms":964,"ok":true}
PHYSICAL {"code":4194320,"event":"key","ms":964}
PHYSICAL {"event":"check","message":"map Up browses objective","ms":973,"ok":true}
PHYSICAL {"code":4194322,"event":"key","ms":973}
PHYSICAL {"event":"check","message":"map Down restores own frontier","ms":992,"ok":true}
PHYSICAL {"event":"check","message":"map mouse/keyboard selection sends no orders or purchases","ms":992,"ok":true}
PHYSICAL {"control":"Map","event":"mouse","ms":992,"x":908.5,"y":251.5}
PHYSICAL {"code":4194322,"event":"key","ms":1004}
PHYSICAL {"code":4194309,"event":"key","ms":1023}
PHYSICAL {"event":"check","message":"physical view choice map=false","ms":1047,"ok":true}
PHYSICAL {"event":"check","message":"List retains map-selected target","ms":1047,"ok":true}
PHYSICAL {"control":"List","event":"mouse","ms":1047,"x":908.5,"y":251.5}
PHYSICAL {"code":4194322,"event":"key","ms":1060}
PHYSICAL {"code":4194322,"event":"key","ms":1074}
PHYSICAL {"code":4194309,"event":"key","ms":1085}
PHYSICAL {"event":"check","message":"physical view choice map=true","ms":1096,"ok":true}
PHYSICAL {"event":"check","message":"view toggles preserve selection","ms":1096,"ok":true}
PHYSICAL {"event":"check","message":"explicit HOLD enabled","ms":1096,"ok":true}
PHYSICAL {"control":"Issue HOLD / GO","event":"mouse","ms":1096,"x":86.0,"y":513.5}
PHYSICAL {"control":"Issue HOLD / GO","event":"mouse","ms":1121,"x":86.0,"y":513.5}
PHYSICAL {"event":"check","message":"rapid HOLD clicks remain deduplicated","ms":1144,"ok":true}
PHYSICAL {"event":"check","message":"HOLD accepted running by real source","ms":1151,"ok":true}
PHYSICAL {"actions":[{"actionSeq":1,"cardId":"native-r1-p1-s1","kind":"hold","reason":null,"roundRev":1,"status":"pending (server accepted)","target":"front-0"}],"actor":0,"event":"map-hold-accepted","flux":80.567,"history":"native-r1-p1-s1 • hold • pending (server accepted)","map":"asterion-relay","mode":"cocs","ms":1151,"peer":1,"round":1,"selected":"front-0","spawned":0.0,"spent":0.0,"team":0}
PHYSICAL {"event":"check","message":"map receipt fully visible without scroll","ms":1945,"ok":true}
PHYSICAL {"event":"check","message":"map fits viewport","ms":1945,"ok":true}
PHYSICAL {"event":"check","message":"resources and explicit action visible","ms":1945,"ok":true}
PHYSICAL {"event":"check","message":"saved map-receipts","ms":1973,"ok":true}
PHYSICAL {"control":"Disconnect","event":"mouse","ms":1973,"x":192.0,"y":150.5}
PHYSICAL {"event":"check","message":"physical disconnect clears state and selection","ms":2011,"ok":true}
PHYSICAL {"event":"check","message":"disconnect removes positioned map targets","ms":2011,"ok":true}
PHYSICAL {"control":"empty disconnected map","event":"mouse","ms":2011,"x":106.0,"y":391.0}
PHYSICAL {"code":4194322,"event":"key","ms":2026}
PHYSICAL {"control":"Issue HOLD / GO","event":"mouse","ms":2035,"x":86.0,"y":539.5}
PHYSICAL {"event":"check","message":"empty map keyboard/click cannot select or submit","ms":2058,"ok":true}
PHYSICAL {"event":"check","message":"saved map-disconnected","ms":2085,"ok":true}
PHYSICAL {"checks":26,"event":"result","failures":0,"input":"Input.parse_input_event mouse and physical-key events; not OS input","ms":2085}
