Godot Engine v4.5.2.stable.official.6ce3de25a - https://godotengine.org
WARNING: Could not set V-Sync mode, as changing V-Sync mode is not supported by the graphics driver.
     at: set_use_vsync (platform/linuxbsd/x11/gl_manager_x11.cpp:364)
OpenGL API 4.5 (Core Profile) Mesa 25.2.8-0ubuntu0.25.10.2 - Compatibility - Using Device: Mesa - llvmpipe (LLVM 20.1.8, 256 bits)

PHYSICAL {"event":"check","message":"actual board.tscn loaded by engine","ms":13,"ok":true}
PHYSICAL {"event":"check","message":"default list; built-in smoke off","ms":281,"ok":true}
PHYSICAL {"control":"Connect / start","event":"mouse","ms":282,"x":79.5,"y":150.5}
PHYSICAL {"event":"check","message":"Connect reaches real recipient projection","ms":664,"ok":true}
PHYSICAL {"actions":[],"actor":0,"event":"connected","flux":120.05,"history":"No actions submitted.","map":"asterion-relay","mode":"cocs-coop","ms":664,"peer":1,"round":1,"selected":"","spawned":null,"spent":0.0,"team":0}
PHYSICAL {"control":"List","event":"mouse","ms":664,"x":908.5,"y":251.5}
PHYSICAL {"code":4194322,"event":"key","ms":790}
PHYSICAL {"code":4194322,"event":"key","ms":808}
PHYSICAL {"code":4194309,"event":"key","ms":815}
PHYSICAL {"event":"check","message":"physical view choice map=true","ms":886,"ok":true}
PHYSICAL {"event":"check","message":"real wire ownership retains team symbols","ms":886,"ok":true}
PHYSICAL {"event":"check","message":"own public frontier is positioned","ms":886,"ok":true}
PHYSICAL {"control":"public marker front-0","event":"mouse","ms":886,"x":293.0,"y":353.25}
PHYSICAL {"event":"check","message":"physical marker click synchronizes ItemList","ms":925,"ok":true}
PHYSICAL {"event":"check","message":"map click receives native keyboard focus","ms":925,"ok":true}
PHYSICAL {"code":4194320,"event":"key","ms":925}
PHYSICAL {"event":"check","message":"map Up browses objective","ms":934,"ok":true}
PHYSICAL {"code":4194322,"event":"key","ms":934}
PHYSICAL {"event":"check","message":"map Down restores own frontier","ms":944,"ok":true}
PHYSICAL {"event":"check","message":"map mouse/keyboard selection sends no orders or purchases","ms":944,"ok":true}
PHYSICAL {"control":"Map","event":"mouse","ms":944,"x":908.5,"y":251.5}
PHYSICAL {"code":4194322,"event":"key","ms":971}
PHYSICAL {"code":4194309,"event":"key","ms":977}
PHYSICAL {"event":"check","message":"physical view choice map=false","ms":995,"ok":true}
PHYSICAL {"event":"check","message":"List retains map-selected target","ms":995,"ok":true}
PHYSICAL {"control":"List","event":"mouse","ms":995,"x":908.5,"y":251.5}
PHYSICAL {"code":4194322,"event":"key","ms":1019}
PHYSICAL {"code":4194322,"event":"key","ms":1030}
PHYSICAL {"code":4194309,"event":"key","ms":1037}
PHYSICAL {"event":"check","message":"physical view choice map=true","ms":1064,"ok":true}
PHYSICAL {"event":"check","message":"view toggles preserve selection","ms":1064,"ok":true}
PHYSICAL {"event":"check","message":"explicit HOLD enabled","ms":1064,"ok":true}
PHYSICAL {"control":"Issue HOLD / GO","event":"mouse","ms":1064,"x":86.0,"y":513.5}
PHYSICAL {"control":"Issue HOLD / GO","event":"mouse","ms":1077,"x":86.0,"y":513.5}
PHYSICAL {"event":"check","message":"rapid HOLD clicks remain deduplicated","ms":1108,"ok":true}
PHYSICAL {"event":"check","message":"HOLD accepted running by real source","ms":1109,"ok":true}
PHYSICAL {"actions":[{"actionSeq":1,"cardId":"native-r1-p1-s1","kind":"hold","reason":null,"roundRev":1,"status":"pending (server accepted)","target":"front-0"}],"actor":0,"event":"map-hold-accepted","flux":120.85,"history":"native-r1-p1-s1 • hold • pending (server accepted)","map":"asterion-relay","mode":"cocs-coop","ms":1109,"peer":1,"round":1,"selected":"front-0","spawned":null,"spent":0.0,"team":0}
PHYSICAL {"event":"check","message":"map receipt fully visible without scroll","ms":1907,"ok":true}
PHYSICAL {"event":"check","message":"map fits viewport","ms":1907,"ok":true}
PHYSICAL {"event":"check","message":"resources and explicit action visible","ms":1907,"ok":true}
PHYSICAL {"event":"check","message":"saved map-receipts","ms":1933,"ok":true}
PHYSICAL {"control":"Disconnect","event":"mouse","ms":1934,"x":192.0,"y":150.5}
PHYSICAL {"event":"check","message":"physical disconnect clears state and selection","ms":1977,"ok":true}
PHYSICAL {"event":"check","message":"disconnect removes positioned map targets","ms":1977,"ok":true}
PHYSICAL {"control":"empty disconnected map","event":"mouse","ms":1977,"x":106.0,"y":391.0}
PHYSICAL {"code":4194322,"event":"key","ms":1996}
PHYSICAL {"control":"Issue HOLD / GO","event":"mouse","ms":2004,"x":86.0,"y":539.5}
PHYSICAL {"event":"check","message":"empty map keyboard/click cannot select or submit","ms":2012,"ok":true}
PHYSICAL {"event":"check","message":"saved map-disconnected","ms":2048,"ok":true}
PHYSICAL {"checks":26,"event":"result","failures":0,"input":"Input.parse_input_event mouse and physical-key events; not OS input","ms":2048}
