PACKAGE_SERVER_READY {"pid":3430915,"host":"127.0.0.1","port":35569,"experience":"combat","map":"meridian-exchange","mode":"deathmatch","health":{"service":"token-arena-game-server","release":"v8.8","codename":"DESTINATIONS","commit":"unknown","buildId":"v8.8-unknown","protocol":3,"version":"v8.8","rooms":1,"players":0,"port":35569,"snapshot":{"deltaFrames":0,"fullFrames":0}}}
PACKAGE_NATIVE_STARTED {"pid":3431057,"scene":"res://world/session.tscn"}
Godot Engine v4.5.2.stable.official.6ce3de25a - https://godotengine.org
WARNING: Could not set V-Sync mode, as changing V-Sync mode is not supported by the graphics driver.
     at: set_use_vsync (platform/linuxbsd/x11/gl_manager_x11.cpp:364)
OpenGL API 4.5 (Core Profile) Mesa 25.2.8-0ubuntu0.25.10.2 - Compatibility - Using Device: Mesa - llvmpipe (LLVM 20.1.8, 256 bits)

PORT_NATIVE_TRACE {"actor_id":0,"complete":false,"event":"round_start","monotonic_usec":2511709,"phase":3,"pointer_captured":false,"pose_present":false,"round":1,"schema":1,"sequence":0}
PORT_NATIVE_TRACE {"ack":0,"actor_id":0,"controls":{"crouch":false,"fire":false,"interact":false,"jump":false,"mobility":false,"pitch":0.0,"reload":false,"sprint":false,"x":0.0,"yaw":0.0,"z":0.0},"event":"input_queue","monotonic_usec":2529149,"phase":3,"queue_result":0,"queued":true,"round":1,"schema":1,"sequence":1}
PORT_NATIVE_TRACE {"ack":1,"actor_id":0,"camera_position":[44.0,1.45000004768372,-34.0],"camera_reseeded":true,"control_eligible":true,"dead":0.0,"event":"snapshot","focused":true,"health":100.0,"lifecycle":"alive","monotonic_usec":2546646,"phase":3,"pitch":0.0,"pointer_captured":false,"pose_present":true,"round":1,"schema":1,"sequence":2,"yaw":0.0}
PORT_NATIVE_TRACE {"ack":1,"actor_id":0,"controls":{"crouch":false,"fire":false,"interact":false,"jump":false,"mobility":false,"pitch":0.0,"reload":false,"sprint":false,"x":0.0,"yaw":0.0,"z":0.0},"event":"input_queue","monotonic_usec":2567572,"phase":3,"queue_result":0,"queued":true,"round":1,"schema":1,"sequence":3}
PORT_NATIVE_TRACE {"ack":1,"actor_id":0,"camera_position":[44.0,1.45000004768372,-34.0],"camera_reseeded":false,"control_eligible":true,"dead":0.0,"event":"snapshot","focused":true,"health":100.0,"lifecycle":"alive","monotonic_usec":2568293,"phase":3,"pitch":0.0,"pointer_captured":false,"pose_present":true,"round":1,"schema":1,"sequence":4,"yaw":0.0}
PORT_NATIVE_TRACE {"ack":1,"actor_id":0,"controls":{"crouch":false,"fire":false,"interact":false,"jump":false,"mobility":false,"pitch":0.0,"reload":false,"sprint":false,"x":0.0,"yaw":0.0,"z":0.0},"event":"input_queue","monotonic_usec":2582359,"phase":3,"queue_result":0,"queued":true,"round":1,"schema":1,"sequence":5}
PORT_NATIVE_TRACE {"ack":1,"actor_id":0,"controls":{"crouch":false,"fire":false,"interact":false,"jump":false,"mobility":false,"pitch":0.0,"reload":false,"sprint":false,"x":0.0,"yaw":0.0,"z":0.0},"event":"input_queue","monotonic_usec":2594504,"phase":3,"queue_result":0,"queued":true,"round":1,"schema":1,"sequence":6}
PORT_NATIVE_TRACE {"ack":1,"actor_id":0,"controls":{"crouch":false,"fire":false,"interact":false,"jump":false,"mobility":false,"pitch":0.0,"reload":false,"sprint":false,"x":0.0,"yaw":0.0,"z":0.0},"event":"input_queue","monotonic_usec":2608430,"phase":3,"queue_result":0,"queued":true,"round":1,"schema":1,"sequence":7}
PORT_NATIVE_TRACE {"ack":4,"actor_id":0,"camera_position":[44.0,1.45000004768372,-34.0],"camera_reseeded":false,"control_eligible":true,"dead":0.0,"event":"snapshot","focused":true,"health":100.0,"lifecycle":"alive","monotonic_usec":2609140,"phase":3,"pitch":0.0,"pointer_captured":false,"pose_present":true,"round":1,"schema":1,"sequence":8,"yaw":0.0}
PORT_NATIVE_TRACE {"ack":4,"actor_id":0,"controls":{"crouch":false,"fire":false,"interact":false,"jump":false,"mobility":false,"pitch":0.0,"reload":false,"sprint":false,"x":0.0,"yaw":0.0,"z":0.0},"event":"input_queue","monotonic_usec":2620995,"phase":3,"queue_result":0,"queued":true,"round":1,"schema":1,"sequence":9}
PORT_NATIVE_TRACE {"ack":4,"actor_id":0,"controls":{"crouch":false,"fire":false,"interact":false,"jump":false,"mobility":false,"pitch":0.0,"reload":false,"sprint":false,"x":0.0,"yaw":0.0,"z":0.0},"event":"input_queue","monotonic_usec":2632870,"phase":3,"queue_result":0,"queued":true,"round":1,"schema":1,"sequence":10}
PORT_NATIVE_TRACE {"ack":6,"actor_id":0,"camera_position":[44.0,1.45000004768372,-34.0],"camera_reseeded":false,"control_eligible":true,"dead":0.0,"event":"snapshot","focused":true,"health":100.0,"lifecycle":"alive","monotonic_usec":2633504,"phase":3,"pitch":0.0,"pointer_captured":false,"pose_present":true,"round":1,"schema":1,"sequence":11,"yaw":0.0}
PORT_NATIVE_TRACE {"ack":6,"actor_id":0,"controls":{"crouch":false,"fire":false,"interact":false,"jump":false,"mobility":false,"pitch":0.0,"reload":false,"sprint":false,"x":0.0,"yaw":0.0,"z":0.0},"event":"input_queue","monotonic_usec":2646847,"phase":3,"queue_result":0,"queued":true,"round":1,"schema":1,"sequence":12}
PORT_NATIVE_TRACE {"ack":6,"actor_id":0,"controls":{"crouch":false,"fire":false,"interact":false,"jump":false,"mobility":false,"pitch":0.0,"reload":false,"sprint":false,"x":0.0,"yaw":0.0,"z":0.0},"event":"input_queue","monotonic_usec":2665969,"phase":3,"queue_result":0,"queued":true,"round":1,"schema":1,"sequence":13}
PORT_NATIVE_TRACE {"ack":8,"actor_id":0,"camera_position":[44.0,1.45000004768372,-34.0],"camera_reseeded":false,"control_eligible":true,"dead":0.0,"event":"snapshot","focused":true,"health":100.0,"lifecycle":"alive","monotonic_usec":2666794,"phase":3,"pitch":0.0,"pointer_captured":false,"pose_present":true,"round":1,"schema":1,"sequence":14,"yaw":0.0}
PORT_NATIVE_TRACE {"ack":8,"actor_id":0,"controls":{"crouch":false,"fire":false,"interact":false,"jump":false,"mobility":false,"pitch":0.0,"reload":false,"sprint":false,"x":0.0,"yaw":0.0,"z":0.0},"event":"input_queue","monotonic_usec":2695430,"phase":3,"queue_result":0,"queued":true,"round":1,"schema":1,"sequence":15}
PORT_NATIVE_TRACE {"ack":8,"actor_id":0,"controls":{"crouch":false,"fire":false,"interact":false,"jump":false,"mobility":false,"pitch":0.0,"reload":false,"sprint":false,"x":0.0,"yaw":0.0,"z":0.0},"event":"input_queue","monotonic_usec":2733549,"phase":3,"queue_result":0,"queued":true,"round":1,"schema":1,"sequence":16}
PORT_NATIVE_TRACE {"ack":10,"actor_id":0,"camera_position":[44.0,1.45000004768372,-34.0],"camera_reseeded":false,"control_eligible":true,"dead":0.0,"event":"snapshot","focused":true,"health":100.0,"lifecycle":"alive","monotonic_usec":2734449,"phase":3,"pitch":0.0,"pointer_captured":false,"pose_present":true,"round":1,"schema":1,"sequence":17,"yaw":0.0}
PORT_NATIVE_TRACE {"ack":10,"actor_id":0,"controls":{"crouch":false,"fire":false,"interact":false,"jump":false,"mobility":false,"pitch":0.0,"reload":false,"sprint":false,"x":0.0,"yaw":0.0,"z":0.0},"event":"input_queue","monotonic_usec":2770857,"phase":3,"queue_result":0,"queued":true,"round":1,"schema":1,"sequence":18}
PORT_NATIVE_TRACE {"ack":10,"actor_id":0,"camera_position":[44.0,1.45000004768372,-34.0],"camera_reseeded":false,"control_eligible":true,"dead":0.0,"event":"snapshot","focused":true,"health":100.0,"lifecycle":"alive","monotonic_usec":2771724,"phase":3,"pitch":0.0,"pointer_captured":false,"pose_present":true,"round":1,"schema":1,"sequence":19,"yaw":0.0}
PORT_NATIVE_TRACE {"ack":11,"actor_id":0,"camera_position":[44.0,1.45000004768372,-34.0],"camera_reseeded":false,"control_eligible":true,"dead":0.0,"event":"snapshot","focused":true,"health":100.0,"lifecycle":"alive","monotonic_usec":2772433,"phase":3,"pitch":0.0,"pointer_captured":false,"pose_present":true,"round":1,"schema":1,"sequence":20,"yaw":0.0}
PORT_NATIVE_TRACE {"ack":11,"actor_id":0,"controls":{"crouch":false,"fire":false,"interact":false,"jump":false,"mobility":false,"pitch":0.0,"reload":false,"sprint":false,"x":0.0,"yaw":0.0,"z":0.0},"event":"input_queue","monotonic_usec":2796520,"phase":3,"queue_result":0,"queued":true,"round":1,"schema":1,"sequence":21}
PORT_NATIVE_TRACE {"ack":11,"actor_id":0,"controls":{"crouch":false,"fire":false,"interact":false,"jump":false,"mobility":false,"pitch":0.0,"reload":false,"sprint":false,"x":0.0,"yaw":0.0,"z":0.0},"event":"input_queue","monotonic_usec":2810336,"phase":3,"queue_result":0,"queued":true,"round":1,"schema":1,"sequence":22}
PORT_NATIVE_TRACE {"ack":13,"actor_id":0,"camera_position":[44.0,1.45000004768372,-34.0],"camera_reseeded":false,"control_eligible":true,"dead":0.0,"event":"snapshot","focused":true,"health":100.0,"lifecycle":"alive","monotonic_usec":2811045,"phase":3,"pitch":0.0,"pointer_captured":false,"pose_present":true,"round":1,"schema":1,"sequence":23,"yaw":0.0}
PORT_NATIVE_TRACE {"ack":13,"actor_id":0,"controls":{"crouch":false,"fire":false,"interact":false,"jump":false,"mobility":false,"pitch":0.0,"reload":false,"sprint":false,"x":0.0,"yaw":0.0,"z":0.0},"event":"input_queue","monotonic_usec":2823550,"phase":3,"queue_result":0,"queued":true,"round":1,"schema":1,"sequence":24}
PACKAGE_STOPPED
