Godot Engine v4.5.2.stable.official.6ce3de25a - https://godotengine.org

[   0% ] [90m[1mfirst_scan_filesystem[22m | Started Project initialization (5 steps)[39m[0m
[   0% ] [90m[1mfirst_scan_filesystem[22m | Scanning file structure...[39m[0m
[  16% ] [90m[1mfirst_scan_filesystem[22m | Loading global class names...[39m[0m
[  33% ] [90m[1mfirst_scan_filesystem[22m | Verifying GDExtensions...[39m[0m
[  50% ] [90m[1mfirst_scan_filesystem[22m | Creating autoload scripts...[39m[0m
[  66% ] [90m[1mfirst_scan_filesystem[22m | Initializing plugins...[39m[0m
[  83% ] [90m[1mfirst_scan_filesystem[22m | Starting file scan...[39m[0m
[92m[ DONE ][39m [1mfirst_scan_filesystem[22m
[0m
[   0% ] [90m[1mreimport[22m | Started (Re)Importing Assets (37 steps)[39m[0m
[   0% ] [90m[1mreimport[22m | Preparing files to reimport...[39m[0m
[   2% ] [90m[1mreimport[22m | Preparing files to reimport...[39m[0m
[   5% ] [90m[1mreimport[22m | Preparing files to reimport...[39m[0m
[   7% ] [90m[1mreimport[22m | Preparing files to reimport...[39m[0m
[  10% ] [90m[1mreimport[22m | Preparing files to reimport...[39m[0m
[  13% ] [90m[1mreimport[22m | Preparing files to reimport...[39m[0m
[  15% ] [90m[1mreimport[22m | Preparing files to reimport...[39m[0m
[  18% ] [90m[1mreimport[22m | Preparing files to reimport...[39m[0m
[  21% ] [90m[1mreimport[22m | Preparing files to reimport...[39m[0m
[  23% ] [90m[1mreimport[22m | Preparing files to reimport...[39m[0m
[  26% ] [90m[1mreimport[22m | Preparing files to reimport...[39m[0m
[  28% ] [90m[1mreimport[22m | Preparing files to reimport...[39m[0m
[  31% ] [90m[1mreimport[22m | Preparing files to reimport...[39m[0m
[  34% ] [90m[1mreimport[22m | Preparing files to reimport...[39m[0m
[  36% ] [90m[1mreimport[22m | Preparing files to reimport...[39m[0m
[  39% ] [90m[1mreimport[22m | Preparing files to reimport...[39m[0m
[  42% ] [90m[1mreimport[22m | Preparing files to reimport...[39m[0m
[  44% ] [90m[1mreimport[22m | Preparing files to reimport...[39m[0m
[  47% ] [90m[1mreimport[22m | Preparing files to reimport...[39m[0m
[  50% ] [90m[1mreimport[22m | Preparing files to reimport...[39m[0m
[  52% ] [90m[1mreimport[22m | Preparing files to reimport...[39m[0m
[  55% ] [90m[1mreimport[22m | Preparing files to reimport...[39m[0m
[  57% ] [90m[1mreimport[22m | Preparing files to reimport...[39m[0m
[  60% ] [90m[1mreimport[22m | Preparing files to reimport...[39m[0m
[  63% ] [90m[1mreimport[22m | Preparing files to reimport...[39m[0m
[  65% ] [90m[1mreimport[22m | Preparing files to reimport...[39m[0m
[  68% ] [90m[1mreimport[22m | Preparing files to reimport...[39m[0m
[  71% ] [90m[1mreimport[22m | Preparing files to reimport...[39m[0m
[  73% ] [90m[1mreimport[22m | Preparing files to reimport...[39m[0m
[  76% ] [90m[1mreimport[22m | Preparing files to reimport...[39m[0m
[  78% ] [90m[1mreimport[22m | Preparing files to reimport...[39m[0m
[  81% ] [90m[1mreimport[22m | Preparing files to reimport...[39m[0m
[  84% ] [90m[1mreimport[22m | Preparing files to reimport...[39m[0m
[  86% ] [90m[1mreimport[22m | Preparing files to reimport...[39m[0m
[  89% ] [90m[1mreimport[22m | Preparing files to reimport...[39m[0m
[  92% ] [90m[1mreimport[22m | Preparing files to reimport...[39m[0m
[  94% ] [90m[1mreimport[22m | Preparing files to reimport...[39m[0m
[   0% ] [90m[1mreimport[22m | Executing pre-reimport operations...[39m[0m
[   0% ] [90m[1mpreload_reimporting_scene[22m | Started Preparing scenes for reload (1 steps)[39m[0m
[   0% ] [90m[1mpreload_reimporting_scene[22m | Analyzing scene [empty][39m[0m
[  50% ] [90m[1mpreload_reimporting_scene[22m | Preparation done.[39m[0m
[92m[ DONE ][39m [1mpreload_reimporting_scene[22m
[0m
[   0% ] [90m[1mreimport[22m | gravemill-foundry-r7_cast-seams-albedo-srgb.png[39m[0m
[   2% ] [90m[1mreimport[22m | gravemill-foundry-r7_cast-seams-roughness.png[39m[0m
[   5% ] [90m[1mreimport[22m | gravemill-foundry-r7_cast-seams-normal.png[39m[0m
[   7% ] [90m[1mreimport[22m | gravemill-foundry-r7_terracotta-albedo-srgb.png[39m[0m
[  10% ] [90m[1mreimport[22m | gravemill-foundry-r7_terracotta-roughness.png[39m[0m
[  13% ] [90m[1mreimport[22m | gravemill-foundry-r7_terracotta-normal.png[39m[0m
[  15% ] [90m[1mreimport[22m | gravemill-foundry-r7_timber-weather-albedo-srgb.png[39m[0m
[  18% ] [90m[1mreimport[22m | gravemill-foundry-r7_timber-weather-roughness.png[39m[0m
[  21% ] [90m[1mreimport[22m | gravemill-foundry-r7_timber-weather-normal.png[39m[0m
[  23% ] [90m[1mreimport[22m | gravemill-foundry-r7_lime-plaster-albedo-srgb.png[39m[0m
[  26% ] [90m[1mreimport[22m | gravemill-foundry-r7_lime-plaster-roughness.png[39m[0m
[  28% ] [90m[1mreimport[22m | gravemill-foundry-r7_lime-plaster-normal.png[39m[0m
[  31% ] [90m[1mreimport[22m | gravemill-foundry-r7_aggregate-albedo-srgb.png[39m[0m
[  34% ] [90m[1mreimport[22m | gravemill-foundry-r7_aggregate-roughness.png[39m[0m
[  36% ] [90m[1mreimport[22m | gravemill-foundry-r7_aggregate-normal.png[39m[0m
[  39% ] [90m[1mreimport[22m | gravemill-foundry-r7_wet-soot-albedo-srgb.png[39m[0m
[  42% ] [90m[1mreimport[22m | gravemill-foundry-r7_wet-soot-roughness.png[39m[0m
[  44% ] [90m[1mreimport[22m | gravemill-foundry-r7_wet-soot-normal.png[39m[0m
[  47% ] [90m[1mreimport[22m | gravemill-foundry-r7_forge-steel-albedo-srgb.png[39m[0m
[  50% ] [90m[1mreimport[22m | gravemill-foundry-r7_forge-steel-roughness.png[39m[0m
[  52% ] [90m[1mreimport[22m | gravemill-foundry-r7_forge-steel-normal.png[39m[0m
[  55% ] [90m[1mreimport[22m | gravemill-foundry-r7_ribbed-steel-normal.png[39m[0m
[  57% ] [90m[1mreimport[22m | gravemill-foundry-r7_ribbed-steel-albedo-srgb.png[39m[0m
[  60% ] [90m[1mreimport[22m | gravemill-foundry-r7_ribbed-steel-roughness.png[39m[0m
[  63% ] [90m[1mreimport[22m | gravemill-foundry-r7_copper-patina-albedo-srgb.png[39m[0m
[  65% ] [90m[1mreimport[22m | gravemill-foundry-r7_copper-patina-roughness.png[39m[0m
[  68% ] [90m[1mreimport[22m | gravemill-foundry-r7_copper-patina-normal.png[39m[0m
[  71% ] [90m[1mreimport[22m | gravemill-foundry-r7_oxidized-iron-albedo-srgb.png[39m[0m
[  73% ] [90m[1mreimport[22m | gravemill-foundry-r7_oxidized-iron-roughness.png[39m[0m
[  76% ] [90m[1mreimport[22m | gravemill-foundry-r7_oxidized-iron-normal.png[39m[0m
[  78% ] [90m[1mreimport[22m | gravemill-foundry-r7_copper-heat-oxide-albedo-srgb.png[39m[0m
[  81% ] [90m[1mreimport[22m | gravemill-foundry-r7_copper-heat-oxide-roughness.png[39m[0m
[  84% ] [90m[1mreimport[22m | gravemill-foundry-r7_copper-heat-oxide-normal.png[39m[0m
[  86% ] [90m[1mreimport[22m | gravemill-foundry-r7_iron-grate-albedo-srgb.png[39m[0m
[  89% ] [90m[1mreimport[22m | gravemill-foundry-r7_iron-grate-roughness.png[39m[0m
[  92% ] [90m[1mreimport[22m | gravemill-foundry-r7_iron-grate-normal.png[39m[0m
[  94% ] [90m[1mreimport[22m | gravemill-foundry-r7.glb[39m[0m
[   0% ] [90m[1mimport[22m | Started Import Scene (104 steps)[39m[0m
[   0% ] [90m[1mimport[22m | Importing Scene...[39m[0m
[   1% ] [90m[1mimport[22m | Running Custom Script...[39m[0m
[  99% ] [90m[1mimport[22m | Saving...[39m[0m
[92m[ DONE ][39m [1mimport[22m
[0m
[  97% ] [90m[1mreimport[22m | Finalizing Asset Import...[39m[0m
[92m[ DONE ][39m [1mreimport[22m
[0m
[   0% ] [90m[1mreimport[22m | Started (Re)Importing Assets (37 steps)[39m[0m
[   0% ] [90m[1mreimport[22m | Executing post-reimport operations...[39m[0m
[92m[ DONE ][39m [1mreimport[22m
[0m
[   0% ] [90m[1mloading_editor_layout[22m | Started Loading editor (5 steps)[39m[0m
[   0% ] [90m[1mloading_editor_layout[22m | Loading editor layout...[39m[0m
[92m[ DONE ][39m [1mloading_editor_layout[22m
[0m
