Godot Engine v4.5.2.stable.official.6ce3de25a - https://godotengine.org
WARNING: Could not set V-Sync mode, as changing V-Sync mode is not supported by the graphics driver.
     at: set_use_vsync (platform/linuxbsd/x11/gl_manager_x11.cpp:364)
OpenGL API 4.5 (Core Profile) Mesa 25.2.8-0ubuntu0.25.10.2 - Compatibility - Using Device: Mesa - llvmpipe (LLVM 20.1.8, 256 bits)

SPORT_SAMPLE {"ack":0,"actor":0,"ball":{"r":1.1,"vx":0.0,"vz":0.0,"x":0.0,"y":1.1,"z":0.0},"camera":[65.0,48.0,70.0],"engaged":false,"focused":true,"phase":"kickoff","render":[-32.0,0.0,-9.0],"seconds":0.3,"seq":1,"stage":-1,"v":{"altitude":0.0,"driver":0.0,"flight":false,"gunner":null,"health":300.0,"heat":0.0,"id":0.0,"kind":"puma","maxHealth":300.0,"overheated":false,"passengers":[],"pitchBody":0.0,"respawnTimer":0.0,"roll":0.0,"turretYaw":0.0,"vx":0.0,"vy":0.0,"vz":0.0,"x":-32.0,"y":0.0,"yaw":1.571,"z":-9.0}}
SPORT_SAMPLE {"ack":5,"actor":0,"ball":{"r":1.1,"vx":0.0,"vz":0.0,"x":0.0,"y":1.1,"z":0.0},"camera":[-41.0,5.0,-8.99816703796387],"engaged":false,"focused":true,"phase":"kickoff","render":[-32.0,0.0,-9.0],"seconds":0.508333333333333,"seq":8,"stage":-1,"v":{"altitude":0.0,"driver":0.0,"flight":false,"gunner":null,"health":300.0,"heat":0.0,"id":0.0,"kind":"puma","maxHealth":300.0,"overheated":false,"passengers":[],"pitchBody":0.0,"respawnTimer":0.0,"roll":0.0,"turretYaw":0.0,"vx":0.0,"vy":0.0,"vz":0.0,"x":-32.0,"y":0.0,"yaw":1.571,"z":-9.0}}
SPORT_SAMPLE {"ack":9,"actor":0,"ball":{"r":1.1,"vx":0.0,"vz":0.0,"x":0.0,"y":1.1,"z":0.0},"camera":[-41.0,5.0,-8.99816703796387],"engaged":false,"focused":true,"phase":"kickoff","render":[-32.0,0.0,-9.0],"seconds":0.724336666666667,"seq":14,"stage":-1,"v":{"altitude":0.0,"driver":0.0,"flight":false,"gunner":null,"health":300.0,"heat":0.0,"id":0.0,"kind":"puma","maxHealth":300.0,"overheated":false,"passengers":[],"pitchBody":0.0,"respawnTimer":0.0,"roll":0.0,"turretYaw":0.0,"vx":0.0,"vy":0.0,"vz":0.0,"x":-32.0,"y":0.0,"yaw":1.571,"z":-9.0}}
SPORT_SAMPLE {"ack":14,"actor":0,"ball":{"r":1.1,"vx":0.0,"vz":0.0,"x":0.0,"y":1.1,"z":0.0},"camera":[-41.0,5.0,-8.99816703796387],"engaged":false,"focused":true,"phase":"kickoff","render":[-32.0,0.0,-9.0],"seconds":0.926222555555556,"seq":21,"stage":-1,"v":{"altitude":0.0,"driver":0.0,"flight":false,"gunner":null,"health":300.0,"heat":0.0,"id":0.0,"kind":"puma","maxHealth":300.0,"overheated":false,"passengers":[],"pitchBody":0.0,"respawnTimer":0.0,"roll":0.0,"turretYaw":0.0,"vx":0.0,"vy":0.0,"vz":0.0,"x":-32.0,"y":0.0,"yaw":1.571,"z":-9.0}}
SPORT_SAMPLE {"ack":19,"actor":0,"ball":{"r":1.1,"vx":0.0,"vz":0.0,"x":0.0,"y":1.1,"z":0.0},"camera":[-41.0,5.0,-8.99816703796387],"engaged":false,"focused":true,"phase":"kickoff","render":[-32.0,0.0,-9.0],"seconds":1.12622255555556,"seq":27,"stage":-1,"v":{"altitude":0.0,"driver":0.0,"flight":false,"gunner":null,"health":300.0,"heat":0.0,"id":0.0,"kind":"puma","maxHealth":300.0,"overheated":false,"passengers":[],"pitchBody":0.0,"respawnTimer":0.0,"roll":0.0,"turretYaw":0.0,"vx":0.0,"vy":0.0,"vz":0.0,"x":-32.0,"y":0.0,"yaw":1.571,"z":-9.0}}
SPORT_SAMPLE {"ack":23,"actor":0,"ball":{"r":1.1,"vx":0.0,"vz":0.0,"x":0.0,"y":1.1,"z":0.0},"camera":[-41.0,5.0,-8.99816703796387],"engaged":false,"focused":true,"phase":"kickoff","render":[-32.0,0.0,-9.0],"seconds":1.32708166666667,"seq":32,"stage":-1,"v":{"altitude":0.0,"driver":0.0,"flight":false,"gunner":null,"health":300.0,"heat":0.0,"id":0.0,"kind":"puma","maxHealth":300.0,"overheated":false,"passengers":[],"pitchBody":0.0,"respawnTimer":0.0,"roll":0.0,"turretYaw":0.0,"vx":0.0,"vy":0.0,"vz":0.0,"x":-32.0,"y":0.0,"yaw":1.571,"z":-9.0}}
SPORT_SAMPLE {"ack":28,"actor":0,"ball":{"r":1.1,"vx":0.0,"vz":0.0,"x":0.0,"y":1.1,"z":0.0},"camera":[-41.0,5.0,-8.99816703796387],"engaged":false,"focused":true,"phase":"kickoff","render":[-32.0,0.0,-9.0],"seconds":1.539014,"seq":39,"stage":-1,"v":{"altitude":0.0,"driver":0.0,"flight":false,"gunner":null,"health":300.0,"heat":0.0,"id":0.0,"kind":"puma","maxHealth":300.0,"overheated":false,"passengers":[],"pitchBody":0.0,"respawnTimer":0.0,"roll":0.0,"turretYaw":0.0,"vx":0.0,"vy":0.0,"vz":0.0,"x":-32.0,"y":0.0,"yaw":1.571,"z":-9.0}}
SPORT_SAMPLE {"ack":32,"actor":0,"ball":{"r":1.1,"vx":0.0,"vz":0.0,"x":0.0,"y":1.1,"z":0.0},"camera":[-41.0,5.0,-8.99816703796387],"engaged":false,"focused":true,"phase":"kickoff","render":[-32.0,0.0,-9.0],"seconds":1.74929033333333,"seq":45,"stage":-1,"v":{"altitude":0.0,"driver":0.0,"flight":false,"gunner":null,"health":300.0,"heat":0.0,"id":0.0,"kind":"puma","maxHealth":300.0,"overheated":false,"passengers":[],"pitchBody":0.0,"respawnTimer":0.0,"roll":0.0,"turretYaw":0.0,"vx":0.0,"vy":0.0,"vz":0.0,"x":-32.0,"y":0.0,"yaw":1.571,"z":-9.0}}
SPORT_SAMPLE {"ack":37,"actor":0,"ball":{"r":1.1,"vx":0.0,"vz":0.0,"x":0.0,"y":1.1,"z":0.0},"camera":[-41.0,5.0,-8.99816703796387],"engaged":false,"focused":true,"phase":"kickoff","render":[-32.0,0.0,-9.0],"seconds":1.955957,"seq":51,"stage":-1,"v":{"altitude":0.0,"driver":0.0,"flight":false,"gunner":null,"health":300.0,"heat":0.0,"id":0.0,"kind":"puma","maxHealth":300.0,"overheated":false,"passengers":[],"pitchBody":0.0,"respawnTimer":0.0,"roll":0.0,"turretYaw":0.0,"vx":0.0,"vy":0.0,"vz":0.0,"x":-32.0,"y":0.0,"yaw":1.571,"z":-9.0}}
SPORT_SAMPLE {"ack":42,"actor":0,"ball":{"r":1.1,"vx":0.0,"vz":0.0,"x":0.0,"y":1.1,"z":0.0},"camera":[-41.0,5.0,-8.99816703796387],"engaged":false,"focused":true,"phase":"kickoff","render":[-32.0,0.0,-9.0],"seconds":2.17533555555556,"seq":58,"stage":-1,"v":{"altitude":0.0,"driver":0.0,"flight":false,"gunner":null,"health":300.0,"heat":0.0,"id":0.0,"kind":"puma","maxHealth":300.0,"overheated":false,"passengers":[],"pitchBody":0.0,"respawnTimer":0.0,"roll":0.0,"turretYaw":0.0,"vx":0.0,"vy":0.0,"vz":0.0,"x":-32.0,"y":0.0,"yaw":1.571,"z":-9.0}}
SPORT_SAMPLE {"ack":46,"actor":0,"ball":{"r":1.1,"vx":0.0,"vz":0.0,"x":0.0,"y":1.1,"z":0.0},"camera":[-41.0,5.0,-8.99816703796387],"engaged":false,"focused":true,"phase":"kickoff","render":[-32.0,0.0,-9.0],"seconds":2.39333333333333,"seq":64,"stage":-1,"v":{"altitude":0.0,"driver":0.0,"flight":false,"gunner":null,"health":300.0,"heat":0.0,"id":0.0,"kind":"puma","maxHealth":300.0,"overheated":false,"passengers":[],"pitchBody":0.0,"respawnTimer":0.0,"roll":0.0,"turretYaw":0.0,"vx":0.0,"vy":0.0,"vz":0.0,"x":-32.0,"y":0.0,"yaw":1.571,"z":-9.0}}
SPORT_SAMPLE {"ack":52,"actor":0,"ball":{"r":1.1,"vx":0.0,"vz":0.0,"x":0.0,"y":1.1,"z":0.0},"camera":[-41.0,5.0,-8.99816703796387],"engaged":false,"focused":true,"phase":"kickoff","render":[-32.0,0.0,-9.0],"seconds":2.60655233333333,"seq":71,"stage":-1,"v":{"altitude":0.0,"driver":0.0,"flight":false,"gunner":null,"health":300.0,"heat":0.0,"id":0.0,"kind":"puma","maxHealth":300.0,"overheated":false,"passengers":[],"pitchBody":0.0,"respawnTimer":0.0,"roll":0.0,"turretYaw":0.0,"vx":0.0,"vy":0.0,"vz":0.0,"x":-32.0,"y":0.0,"yaw":1.571,"z":-9.0}}
SPORT_SAMPLE {"ack":56,"actor":0,"ball":{"r":1.1,"vx":0.0,"vz":0.0,"x":0.0,"y":1.1,"z":0.0},"camera":[-41.0,5.0,-8.99816703796387],"engaged":false,"focused":true,"phase":"kickoff","render":[-32.0,0.0,-9.0],"seconds":2.81780045454545,"seq":77,"stage":-1,"v":{"altitude":0.0,"driver":0.0,"flight":false,"gunner":null,"health":300.0,"heat":0.0,"id":0.0,"kind":"puma","maxHealth":300.0,"overheated":false,"passengers":[],"pitchBody":0.0,"respawnTimer":0.0,"roll":0.0,"turretYaw":0.0,"vx":0.0,"vy":0.0,"vz":0.0,"x":-32.0,"y":0.0,"yaw":1.571,"z":-9.0}}
SPORT_SAMPLE {"ack":62,"actor":0,"ball":{"r":1.1,"vx":0.0,"vz":0.0,"x":0.0,"y":1.1,"z":0.0},"camera":[-41.0,5.0,-8.99816703796387],"engaged":false,"focused":true,"phase":"kickoff","render":[-32.0,0.0,-9.0],"seconds":3.02988757575757,"seq":84,"stage":-1,"v":{"altitude":0.0,"driver":0.0,"flight":false,"gunner":null,"health":300.0,"heat":0.0,"id":0.0,"kind":"puma","maxHealth":300.0,"overheated":false,"passengers":[],"pitchBody":0.0,"respawnTimer":0.0,"roll":0.0,"turretYaw":0.0,"vx":0.0,"vy":0.0,"vz":0.0,"x":-32.0,"y":0.0,"yaw":1.571,"z":-9.0}}
SPORT_EVENT {"key":87,"pressed":false,"seconds":3.21927099999999}
SPORT_EVENT {"key":83,"pressed":false,"seconds":3.21927099999999}
SPORT_EVENT {"key":65,"pressed":false,"seconds":3.21927099999999}
SPORT_EVENT {"key":68,"pressed":false,"seconds":3.21927099999999}
SPORT_EVENT {"key":32,"pressed":false,"seconds":3.21927099999999}
SPORT_EVENT {"key":4194325,"pressed":false,"seconds":3.21927099999999}
SPORT_EVENT {"key":82,"pressed":false,"seconds":3.21927099999999}
SPORT_EVENT {"key":4194309,"pressed":true,"seconds":3.21927099999999}
SPORT_EVENT {"key":4194309,"pressed":false,"seconds":3.21927099999999}
SPORT_EVENT {"key":87,"pressed":true,"seconds":3.21927099999999}
SPORT_STAGE {"seconds":3.21927099999999,"stage":0}
SPORT_SAMPLE {"ack":70,"actor":0,"ball":{"r":1.1,"vx":0.0,"vz":0.0,"x":0.0,"y":1.1,"z":0.0},"camera":[-40.9723739624023,5.0,-8.99816703796387],"engaged":true,"focused":true,"phase":"playing","render":[-31.8600006103516,0.0,-9.0],"seconds":3.38669524242424,"seq":95,"stage":0,"v":{"altitude":0.0,"driver":0.0,"flight":false,"gunner":null,"health":300.0,"heat":0.0,"id":0.0,"kind":"puma","maxHealth":300.0,"overheated":false,"passengers":[],"pitchBody":0.055,"respawnTimer":0.0,"roll":0.0,"turretYaw":0.0,"vx":1.862,"vy":0.0,"vz":0.0,"x":-31.86,"y":0.0,"yaw":1.571,"z":-9.0}}
SPORT_SAMPLE {"ack":75,"actor":0,"ball":{"r":1.1,"vx":0.0,"vz":0.0,"x":0.0,"y":1.1,"z":0.0},"camera":[-40.5619773864746,5.0,-8.99816703796387],"engaged":true,"focused":true,"phase":"playing","render":[-31.1900005340576,0.0,-9.0],"seconds":3.59881645454545,"seq":101,"stage":0,"v":{"altitude":0.0,"driver":0.0,"flight":false,"gunner":null,"health":300.0,"heat":0.0,"id":0.0,"kind":"puma","maxHealth":300.0,"overheated":false,"passengers":[],"pitchBody":0.076,"respawnTimer":0.0,"roll":0.0,"turretYaw":0.0,"vx":4.59,"vy":0.0,"vz":0.0,"x":-31.19,"y":0.0,"yaw":1.571,"z":-9.0}}
SPORT_SAMPLE {"ack":80,"actor":0,"ball":{"r":1.1,"vx":0.0,"vz":0.0,"x":0.0,"y":1.1,"z":0.0},"camera":[-39.5504570007324,5.0,-8.99816703796387],"engaged":true,"focused":true,"phase":"playing","render":[-29.7430000305176,0.0,-9.0],"seconds":3.81093766666666,"seq":108,"stage":0,"v":{"altitude":0.0,"driver":0.0,"flight":false,"gunner":null,"health":300.0,"heat":0.0,"id":0.0,"kind":"puma","maxHealth":300.0,"overheated":false,"passengers":[],"pitchBody":0.075,"respawnTimer":0.0,"roll":0.0,"turretYaw":0.0,"vx":7.557,"vy":0.0,"vz":0.0,"x":-29.743,"y":0.0,"yaw":1.571,"z":-9.0}}
SPORT_SAMPLE {"ack":85,"actor":0,"ball":{"r":1.1,"vx":0.0,"vz":0.0,"x":0.0,"y":1.1,"z":0.0},"camera":[-37.8792762756348,5.0,-8.99816703796387],"engaged":true,"focused":true,"phase":"playing","render":[-27.9799995422363,0.0,-9.0],"seconds":4.02507978787878,"seq":114,"stage":0,"v":{"altitude":0.0,"driver":0.0,"flight":false,"gunner":null,"health":300.0,"heat":0.0,"id":0.0,"kind":"puma","maxHealth":300.0,"overheated":false,"passengers":[],"pitchBody":0.069,"respawnTimer":0.0,"roll":0.0,"turretYaw":0.0,"vx":9.834,"vy":0.0,"vz":0.0,"x":-27.98,"y":0.0,"yaw":1.571,"z":-9.0}}
SPORT_SAMPLE {"ack":90,"actor":0,"ball":{"r":1.1,"vx":0.0,"vz":0.0,"x":0.0,"y":1.1,"z":0.0},"camera":[-35.6670341491699,5.0,-8.99816703796387],"engaged":true,"focused":true,"phase":"playing","render":[-25.3920001983643,0.0,-9.0],"seconds":4.24235699999999,"seq":121,"stage":0,"v":{"altitude":0.0,"driver":0.0,"flight":false,"gunner":null,"health":300.0,"heat":0.0,"id":0.0,"kind":"puma","maxHealth":300.0,"overheated":false,"passengers":[],"pitchBody":0.059,"respawnTimer":0.0,"roll":0.0,"turretYaw":0.0,"vx":12.121,"vy":0.0,"vz":0.0,"x":-25.392,"y":0.0,"yaw":1.571,"z":-9.0}}
SPORT_SAMPLE {"ack":95,"actor":0,"ball":{"r":1.1,"vx":0.0,"vz":0.0,"x":0.0,"y":1.1,"z":0.0},"camera":[-32.9588241577148,5.0,-8.99816703796387],"engaged":true,"focused":true,"phase":"playing","render":[-22.3209991455078,0.0,-9.0],"seconds":4.46442966666666,"seq":128,"stage":0,"v":{"altitude":0.0,"driver":0.0,"flight":false,"gunner":null,"health":300.0,"heat":0.0,"id":0.0,"kind":"puma","maxHealth":300.0,"overheated":false,"passengers":[],"pitchBody":0.049,"respawnTimer":0.0,"roll":0.0,"turretYaw":0.0,"vx":14.0,"vy":0.0,"vz":0.0,"x":-22.321,"y":0.0,"yaw":1.571,"z":-9.0}}
SPORT_SAMPLE {"ack":100,"actor":0,"ball":{"r":1.1,"vx":0.0,"vz":0.0,"x":0.0,"y":1.1,"z":0.0},"camera":[-30.1882400512695,5.0,-8.99816703796387],"engaged":true,"focused":true,"phase":"playing","render":[-19.375,0.0,-9.0],"seconds":4.66442966666666,"seq":134,"stage":0,"v":{"altitude":0.0,"driver":0.0,"flight":false,"gunner":null,"health":300.0,"heat":0.0,"id":0.0,"kind":"puma","maxHealth":300.0,"overheated":false,"passengers":[],"pitchBody":0.04,"respawnTimer":0.0,"roll":0.0,"turretYaw":0.0,"vx":15.303,"vy":0.0,"vz":0.0,"x":-19.375,"y":0.0,"yaw":1.571,"z":-9.0}}
SPORT_EVENT {"key":87,"pressed":false,"seconds":4.7088741111111}
SPORT_EVENT {"key":83,"pressed":false,"seconds":4.7088741111111}
SPORT_EVENT {"key":65,"pressed":false,"seconds":4.7088741111111}
SPORT_EVENT {"key":68,"pressed":false,"seconds":4.7088741111111}
SPORT_EVENT {"key":32,"pressed":false,"seconds":4.7088741111111}
SPORT_EVENT {"key":4194325,"pressed":false,"seconds":4.7088741111111}
SPORT_EVENT {"key":82,"pressed":false,"seconds":4.7088741111111}
SPORT_EVENT {"key":87,"pressed":true,"seconds":4.7088741111111}
SPORT_EVENT {"key":68,"pressed":true,"seconds":4.7088741111111}
SPORT_STAGE {"seconds":4.7088741111111,"stage":1}
SPORT_SAMPLE {"ack":104,"actor":0,"ball":{"r":1.1,"vx":0.0,"vz":0.0,"x":0.0,"y":1.1,"z":0.0},"camera":[-26.9636936187744,5.0,-8.5036096572876],"engaged":true,"focused":true,"phase":"playing","render":[-16.2000007629395,0.0,-9.02999973297119],"seconds":4.86741166666665,"seq":140,"stage":1,"v":{"altitude":0.0,"driver":0.0,"flight":false,"gunner":null,"health":300.0,"heat":0.0,"id":0.0,"kind":"puma","maxHealth":300.0,"overheated":false,"passengers":[],"pitchBody":0.024,"respawnTimer":0.0,"roll":-0.17,"turretYaw":0.0,"vx":16.246,"vy":0.0,"vz":-0.88,"x":-16.2,"y":0.0,"yaw":1.794,"z":-9.03}}
SPORT_SAMPLE {"ack":109,"actor":0,"ball":{"r":1.1,"vx":0.0,"vz":0.0,"x":0.0,"y":1.1,"z":0.0},"camera":[-22.5218296051025,5.0,-5.52130317687988],"engaged":true,"focused":true,"phase":"playing","render":[-12.5959997177124,0.0,-10.0089998245239],"seconds":5.07588466666665,"seq":147,"stage":1,"v":{"altitude":0.0,"driver":0.0,"flight":false,"gunner":null,"health":300.0,"heat":0.0,"id":0.0,"kind":"puma","maxHealth":300.0,"overheated":false,"passengers":[],"pitchBody":-0.01,"respawnTimer":0.0,"roll":-0.322,"turretYaw":0.0,"vx":14.166,"vy":0.0,"vz":-7.06,"x":-12.596,"y":0.0,"yaw":2.257,"z":-10.009}}
SPORT_SAMPLE {"ack":113,"actor":0,"ball":{"r":1.1,"vx":0.0,"vz":0.0,"x":0.0,"y":1.1,"z":0.0},"camera":[-17.6779479980469,5.0,-4.27660608291626],"engaged":true,"focused":true,"phase":"playing","render":[-10.1479997634888,0.0,-11.8699998855591],"seconds":5.28142466666665,"seq":153,"stage":1,"v":{"altitude":0.0,"driver":0.0,"flight":false,"gunner":null,"health":300.0,"heat":0.0,"id":0.0,"kind":"puma","maxHealth":300.0,"overheated":false,"passengers":[],"pitchBody":-0.019,"respawnTimer":0.0,"roll":-0.344,"turretYaw":0.0,"vx":10.429,"vy":0.0,"vz":-10.955,"x":-10.148,"y":0.0,"yaw":2.603,"z":-11.87}}
SPORT_SAMPLE {"ack":118,"actor":0,"ball":{"r":1.1,"vx":0.0,"vz":0.0,"x":0.0,"y":1.1,"z":0.0},"camera":[-12.7355213165283,5.0,-4.63590574264526],"engaged":true,"focused":true,"phase":"playing","render":[-8.58100032806396,0.0,-14.3470001220703],"seconds":5.48655303030301,"seq":159,"stage":1,"v":{"altitude":0.0,"driver":0.0,"flight":false,"gunner":null,"health":300.0,"heat":0.0,"id":0.0,"kind":"puma","maxHealth":300.0,"overheated":false,"passengers":[],"pitchBody":-0.022,"respawnTimer":0.0,"roll":-0.349,"turretYaw":0.0,"vx":5.434,"vy":0.0,"vz":-13.374,"x":-8.581,"y":0.0,"yaw":3.012,"z":-14.347}}
SPORT_SAMPLE {"ack":122,"actor":0,"ball":{"r":1.1,"vx":0.0,"vz":0.0,"x":0.0,"y":1.1,"z":0.0},"camera":[-7.72998094558716,5.0,-6.81148099899292],"engaged":true,"focused":true,"phase":"playing","render":[-8.14700031280518,0.0,-17.1420001983643],"seconds":5.69109848484846,"seq":165,"stage":1,"v":{"altitude":0.0,"driver":0.0,"flight":false,"gunner":null,"health":300.0,"heat":0.0,"id":0.0,"kind":"puma","maxHealth":300.0,"overheated":false,"passengers":[],"pitchBody":-0.009,"respawnTimer":0.0,"roll":-0.35,"turretYaw":0.0,"vx":-0.683,"vy":0.0,"vz":-14.156,"x":-8.147,"y":0.0,"yaw":3.451,"z":-17.142}}
SPORT_SAMPLE {"ack":127,"actor":0,"ball":{"r":1.1,"vx":13.903,"vz":-26.333,"x":2.643,"y":1.1,"z":-5.178},"camera":[-4.49856758117676,5.0,-10.6208868026733],"engaged":true,"focused":true,"phase":"playing","render":[-8.8769998550415,0.0,-19.8589992523193],"seconds":5.89847033333331,"seq":171,"stage":1,"v":{"altitude":0.0,"driver":0.0,"flight":false,"gunner":null,"health":300.0,"heat":0.0,"id":0.0,"kind":"puma","maxHealth":300.0,"overheated":false,"passengers":[],"pitchBody":0.001,"respawnTimer":0.0,"roll":-0.35,"turretYaw":0.0,"vx":-5.883,"vy":0.0,"vz":-12.854,"x":-8.877,"y":0.0,"yaw":3.778,"z":-19.859}}
SPORT_SAMPLE {"ack":132,"actor":0,"ball":{"r":1.1,"vx":12.078,"vz":-22.876,"x":5.654,"y":1.1,"z":-10.88},"camera":[-3.32512068748474,5.0,-14.7756118774414],"engaged":true,"focused":true,"phase":"playing","render":[-10.1700000762939,0.0,-21.8309993743896],"seconds":6.10346525925924,"seq":178,"stage":1,"v":{"altitude":0.0,"driver":0.0,"flight":false,"gunner":null,"health":300.0,"heat":0.0,"id":0.0,"kind":"puma","maxHealth":300.0,"overheated":false,"passengers":[],"pitchBody":0.008,"respawnTimer":0.0,"roll":-0.208,"turretYaw":0.0,"vx":-0.386,"vy":0.0,"vz":-0.282,"x":-10.17,"y":0.0,"yaw":4.114,"z":-21.831}}
SPORT_EVENT {"key":87,"pressed":false,"seconds":6.2076319259259}
SPORT_EVENT {"key":83,"pressed":false,"seconds":6.2076319259259}
SPORT_EVENT {"key":65,"pressed":false,"seconds":6.2076319259259}
SPORT_EVENT {"key":68,"pressed":false,"seconds":6.2076319259259}
SPORT_EVENT {"key":32,"pressed":false,"seconds":6.2076319259259}
SPORT_EVENT {"key":4194325,"pressed":false,"seconds":6.2076319259259}
SPORT_EVENT {"key":82,"pressed":false,"seconds":6.2076319259259}
SPORT_EVENT {"key":32,"pressed":true,"seconds":6.2076319259259}
SPORT_STAGE {"seconds":6.2076319259259,"stage":2}
SPORT_SAMPLE {"ack":138,"actor":0,"ball":{"r":1.1,"vx":10.493,"vz":-19.874,"x":8.269,"y":1.1,"z":-15.835},"camera":[-2.19070219993591,5.0,-17.9471683502197],"engaged":true,"focused":true,"phase":"playing","render":[-10.3050003051758,0.0,-21.9160003662109],"seconds":6.35855566666665,"seq":185,"stage":2,"v":{"altitude":0.0,"driver":0.0,"flight":false,"gunner":null,"health":300.0,"heat":0.0,"id":0.0,"kind":"puma","maxHealth":300.0,"overheated":false,"passengers":[],"pitchBody":0.018,"respawnTimer":0.0,"roll":-0.042,"turretYaw":0.0,"vx":-0.148,"vy":0.0,"vz":-0.063,"x":-10.305,"y":0.0,"yaw":4.327,"z":-21.916}}
SPORT_SAMPLE {"ack":143,"actor":0,"ball":{"r":1.1,"vx":9.115,"vz":-17.265,"x":10.542,"y":1.1,"z":-20.139},"camera":[-1.9874883890152,5.0,-18.4671955108643],"engaged":true,"focused":true,"phase":"playing","render":[-10.3000001907349,0.0,-21.9139995574951],"seconds":6.58016999999998,"seq":192,"stage":2,"v":{"altitude":0.0,"driver":0.0,"flight":false,"gunner":null,"health":300.0,"heat":0.0,"id":0.0,"kind":"puma","maxHealth":300.0,"overheated":false,"passengers":[],"pitchBody":0.009,"respawnTimer":0.0,"roll":-0.007,"turretYaw":0.0,"vx":-0.149,"vy":0.0,"vz":-0.062,"x":-10.3,"y":0.0,"yaw":4.327,"z":-21.914}}
SPORT_SAMPLE {"ack":148,"actor":0,"ball":{"r":1.1,"vx":8.08,"vz":8.417,"x":12.25,"y":1.1,"z":-22.76},"camera":[-1.96197116374969,5.0,-18.5218086242676],"engaged":true,"focused":true,"phase":"playing","render":[-10.2959995269775,0.0,-21.9130001068115],"seconds":6.78226611111109,"seq":198,"stage":2,"v":{"altitude":0.0,"driver":0.0,"flight":false,"gunner":null,"health":300.0,"heat":0.0,"id":0.0,"kind":"puma","maxHealth":300.0,"overheated":false,"passengers":[],"pitchBody":0.008,"respawnTimer":0.0,"roll":-0.001,"turretYaw":0.0,"vx":-0.149,"vy":0.0,"vz":-0.062,"x":-10.296,"y":0.0,"yaw":4.327,"z":-21.913}}
SPORT_SAMPLE {"ack":152,"actor":0,"ball":{"r":1.1,"vx":7.162,"vz":7.461,"x":13.765,"y":1.1,"z":-21.182},"camera":[-1.95531344413757,5.0,-18.5279159545898],"engaged":true,"focused":true,"phase":"playing","render":[-10.2919998168945,0.0,-21.9109992980957],"seconds":6.98226611111109,"seq":204,"stage":2,"v":{"altitude":0.0,"driver":0.0,"flight":false,"gunner":null,"health":300.0,"heat":0.0,"id":0.0,"kind":"puma","maxHealth":300.0,"overheated":false,"passengers":[],"pitchBody":0.008,"respawnTimer":0.0,"roll":0.0,"turretYaw":0.0,"vx":-0.149,"vy":0.0,"vz":-0.062,"x":-10.292,"y":0.0,"yaw":4.327,"z":-21.911}}
SPORT_SAMPLE {"ack":157,"actor":0,"ball":{"r":1.1,"vx":6.348,"vz":6.613,"x":15.108,"y":1.1,"z":-19.783},"camera":[-1.9506664276123,5.0,-18.5272636413574],"engaged":true,"focused":true,"phase":"playing","render":[-10.2880001068115,0.0,-21.9099998474121],"seconds":7.18226611111109,"seq":210,"stage":2,"v":{"altitude":0.0,"driver":0.0,"flight":false,"gunner":null,"health":300.0,"heat":0.0,"id":0.0,"kind":"puma","maxHealth":300.0,"overheated":false,"passengers":[],"pitchBody":0.008,"respawnTimer":0.0,"roll":0.0,"turretYaw":0.0,"vx":-0.149,"vy":0.0,"vz":-0.061,"x":-10.288,"y":0.0,"yaw":4.327,"z":-21.91}}
SPORT_SAMPLE {"ack":162,"actor":0,"ball":{"r":1.1,"vx":5.515,"vz":5.745,"x":16.482,"y":1.1,"z":-18.351},"camera":[-1.94604790210724,5.0,-18.525806427002],"engaged":true,"focused":true,"phase":"playing","render":[-10.2829999923706,0.0,-21.9080009460449],"seconds":7.39999999999998,"seq":217,"stage":2,"v":{"altitude":0.0,"driver":0.0,"flight":false,"gunner":null,"health":300.0,"heat":0.0,"id":0.0,"kind":"puma","maxHealth":300.0,"overheated":false,"passengers":[],"pitchBody":0.008,"respawnTimer":0.0,"roll":0.0,"turretYaw":0.0,"vx":-0.15,"vy":0.0,"vz":-0.061,"x":-10.283,"y":0.0,"yaw":4.327,"z":-21.908}}
SPORT_SAMPLE {"ack":167,"actor":0,"ball":{"r":1.1,"vx":4.888,"vz":5.092,"x":17.516,"y":1.1,"z":-17.274},"camera":[-1.94172704219818,5.0,-18.5241889953613],"engaged":true,"focused":true,"phase":"playing","render":[-10.2790002822876,0.0,-21.9069995880127],"seconds":7.61666666666664,"seq":223,"stage":2,"v":{"altitude":0.0,"driver":0.0,"flight":false,"gunner":null,"health":300.0,"heat":0.0,"id":0.0,"kind":"puma","maxHealth":300.0,"overheated":false,"passengers":[],"pitchBody":0.008,"respawnTimer":0.0,"roll":0.0,"turretYaw":0.0,"vx":-0.15,"vy":0.0,"vz":-0.061,"x":-10.279,"y":0.0,"yaw":4.327,"z":-21.907}}
SPORT_EVENT {"key":87,"pressed":false,"seconds":7.70333333333331}
SPORT_EVENT {"key":83,"pressed":false,"seconds":7.70333333333331}
SPORT_EVENT {"key":65,"pressed":false,"seconds":7.70333333333331}
SPORT_EVENT {"key":68,"pressed":false,"seconds":7.70333333333331}
SPORT_EVENT {"key":32,"pressed":false,"seconds":7.70333333333331}
SPORT_EVENT {"key":4194325,"pressed":false,"seconds":7.70333333333331}
SPORT_EVENT {"key":82,"pressed":false,"seconds":7.70333333333331}
SPORT_EVENT {"key":83,"pressed":true,"seconds":7.70333333333331}
SPORT_STAGE {"seconds":7.70333333333331,"stage":3}
SPORT_SAMPLE {"ack":171,"actor":0,"ball":{"r":1.1,"vx":4.333,"vz":4.514,"x":18.433,"y":1.1,"z":-16.319},"camera":[-1.92937028408051,5.0,-18.5190277099609],"engaged":true,"focused":true,"phase":"playing","render":[-10.2559995651245,0.0,-21.8969993591309],"seconds":7.85499999999997,"seq":229,"stage":3,"v":{"altitude":0.0,"driver":0.0,"flight":false,"gunner":null,"health":300.0,"heat":0.0,"id":0.0,"kind":"puma","maxHealth":300.0,"overheated":false,"passengers":[],"pitchBody":-0.015,"respawnTimer":0.0,"roll":0.0,"turretYaw":0.0,"vx":0.417,"vy":0.0,"vz":0.169,"x":-10.256,"y":0.0,"yaw":4.327,"z":-21.897}}
SPORT_SAMPLE {"ack":177,"actor":0,"ball":{"r":1.1,"vx":3.764,"vz":3.921,"x":19.371,"y":1.1,"z":-15.342},"camera":[-1.80930721759796,5.0,-18.4705066680908],"engaged":true,"focused":true,"phase":"playing","render":[-10.0270004272461,0.0,-21.8040008544922],"seconds":8.07166666666664,"seq":236,"stage":3,"v":{"altitude":0.0,"driver":0.0,"flight":false,"gunner":null,"health":300.0,"heat":0.0,"id":0.0,"kind":"puma","maxHealth":300.0,"overheated":false,"passengers":[],"pitchBody":-0.027,"respawnTimer":0.0,"roll":0.0,"turretYaw":0.0,"vx":1.468,"vy":0.0,"vz":0.596,"x":-10.027,"y":0.0,"yaw":4.327,"z":-21.804}}
SPORT_SCREENSHOT 0
SPORT_SAMPLE {"ack":181,"actor":0,"ball":{"r":1.1,"vx":3.404,"vz":3.546,"x":19.965,"y":1.1,"z":-14.723},"camera":[-1.59822940826416,5.0,-18.3847923278809],"engaged":true,"focused":true,"phase":"playing","render":[-9.71500015258789,0.0,-21.6770000457764],"seconds":8.34867499999997,"seq":241,"stage":3,"v":{"altitude":0.0,"driver":0.0,"flight":false,"gunner":null,"health":300.0,"heat":0.0,"id":0.0,"kind":"puma","maxHealth":300.0,"overheated":false,"passengers":[],"pitchBody":-0.028,"respawnTimer":0.0,"roll":0.0,"turretYaw":0.0,"vx":2.204,"vy":0.0,"vz":0.895,"x":-9.715,"y":0.0,"yaw":4.327,"z":-21.677}}
SPORT_SAMPLE {"ack":186,"actor":0,"ball":{"r":1.1,"vx":2.675,"vz":2.786,"x":21.169,"y":1.1,"z":-13.469},"camera":[-0.617441773414612,5.0,-17.9865207672119],"engaged":true,"focused":true,"phase":"playing","render":[-8.47999954223633,0.0,-21.1760005950928],"seconds":8.56865079365077,"seq":253,"stage":3,"v":{"altitude":0.0,"driver":0.0,"flight":false,"gunner":null,"health":300.0,"heat":0.0,"id":0.0,"kind":"puma","maxHealth":300.0,"overheated":false,"passengers":[],"pitchBody":-0.027,"respawnTimer":0.0,"roll":0.0,"turretYaw":0.0,"vx":3.879,"vy":0.0,"vz":1.575,"x":-8.48,"y":0.0,"yaw":4.327,"z":-21.176}}
SPORT_SAMPLE {"ack":191,"actor":0,"ball":{"r":1.1,"vx":2.371,"vz":2.47,"x":21.67,"y":1.1,"z":-12.947},"camera":[0.223303467035294,5.0,-17.6451530456543],"engaged":true,"focused":true,"phase":"playing","render":[-7.61899995803833,0.0,-20.826000213623],"seconds":8.78173106060604,"seq":259,"stage":3,"v":{"altitude":0.0,"driver":0.0,"flight":false,"gunner":null,"health":300.0,"heat":0.0,"id":0.0,"kind":"puma","maxHealth":300.0,"overheated":false,"passengers":[],"pitchBody":-0.025,"respawnTimer":0.0,"roll":0.0,"turretYaw":0.0,"vx":4.651,"vy":0.0,"vz":1.889,"x":-7.619,"y":0.0,"yaw":4.327,"z":-20.826}}
SPORT_SAMPLE {"ack":196,"actor":0,"ball":{"r":1.1,"vx":2.06,"vz":2.146,"x":22.184,"y":1.1,"z":-12.412},"camera":[1.25632083415985,5.0,-17.2257022857666],"engaged":true,"focused":true,"phase":"playing","render":[-6.42799997329712,0.0,-20.3430004119873],"seconds":8.99485350649349,"seq":266,"stage":3,"v":{"altitude":0.0,"driver":0.0,"flight":false,"gunner":null,"health":300.0,"heat":0.0,"id":0.0,"kind":"puma","maxHealth":300.0,"overheated":false,"passengers":[],"pitchBody":-0.023,"respawnTimer":0.0,"roll":0.0,"turretYaw":0.0,"vx":5.485,"vy":0.0,"vz":2.227,"x":-6.428,"y":0.0,"yaw":4.327,"z":-20.343}}
SPORT_EVENT {"key":87,"pressed":false,"seconds":9.20712309090907}
SPORT_EVENT {"key":83,"pressed":false,"seconds":9.20712309090907}
SPORT_EVENT {"key":65,"pressed":false,"seconds":9.20712309090907}
SPORT_EVENT {"key":68,"pressed":false,"seconds":9.20712309090907}
SPORT_EVENT {"key":32,"pressed":false,"seconds":9.20712309090907}
SPORT_EVENT {"key":4194325,"pressed":false,"seconds":9.20712309090907}
SPORT_EVENT {"key":82,"pressed":false,"seconds":9.20712309090907}
SPORT_EVENT {"key":4194305,"pressed":true,"seconds":9.20712309090907}
SPORT_EVENT {"key":4194305,"pressed":false,"seconds":9.20712309090907}
SPORT_EVENT {"key":87,"pressed":true,"seconds":9.20712309090907}
SPORT_STAGE {"seconds":9.20712309090907,"stage":4}
SPORT_SAMPLE {"ack":205,"actor":0,"ball":{"r":1.1,"vx":-0.709,"vz":22.518,"x":23.045,"y":1.1,"z":-8.93},"camera":[3.34343504905701,5.0,-16.3781852722168],"engaged":false,"focused":true,"phase":"playing","render":[-4.40799999237061,0.0,-19.5219993591309],"seconds":9.37682006060605,"seq":277,"stage":4,"v":{"altitude":0.0,"driver":0.0,"flight":false,"gunner":null,"health":300.0,"heat":0.0,"id":0.0,"kind":"puma","maxHealth":300.0,"overheated":false,"passengers":[],"pitchBody":0.009,"respawnTimer":0.0,"roll":0.0,"turretYaw":0.0,"vx":5.262,"vy":0.0,"vz":2.137,"x":-4.408,"y":0.0,"yaw":4.327,"z":-19.522}}
SPORT_SAMPLE {"ack":209,"actor":0,"ball":{"r":1.1,"vx":-0.628,"vz":19.96,"x":22.912,"y":1.1,"z":-4.709},"camera":[4.4458155632019,5.0,-15.9304275512695],"engaged":false,"focused":true,"phase":"playing","render":[-3.41700005531311,0.0,-19.1200008392334],"seconds":9.58272303703702,"seq":283,"stage":4,"v":{"altitude":0.0,"driver":0.0,"flight":false,"gunner":null,"health":300.0,"heat":0.0,"id":0.0,"kind":"puma","maxHealth":300.0,"overheated":false,"passengers":[],"pitchBody":0.016,"respawnTimer":0.0,"roll":0.0,"turretYaw":0.0,"vx":4.702,"vy":0.0,"vz":1.91,"x":-3.417,"y":0.0,"yaw":4.327,"z":-19.12}}
SPORT_SAMPLE {"ack":215,"actor":0,"ball":{"r":1.1,"vx":-0.546,"vz":17.34,"x":22.776,"y":1.1,"z":-0.386},"camera":[5.42289638519287,5.0,-15.5336952209473],"engaged":false,"focused":true,"phase":"playing","render":[-2.39599990844727,0.0,-18.7049999237061],"seconds":9.78642674074073,"seq":290,"stage":4,"v":{"altitude":0.0,"driver":0.0,"flight":false,"gunner":null,"health":300.0,"heat":0.0,"id":0.0,"kind":"puma","maxHealth":300.0,"overheated":false,"passengers":[],"pitchBody":0.017,"respawnTimer":0.0,"roll":0.0,"turretYaw":0.0,"vx":4.098,"vy":0.0,"vz":1.664,"x":-2.396,"y":0.0,"yaw":4.327,"z":-18.705}}
SPORT_SAMPLE {"ack":220,"actor":0,"ball":{"r":1.1,"vx":-0.484,"vz":15.37,"x":22.673,"y":1.1,"z":2.865},"camera":[6.27867269515991,5.0,-15.1859970092773],"engaged":false,"focused":true,"phase":"playing","render":[-1.62899994850159,0.0,-18.3939990997314],"seconds":9.99013044444444,"seq":296,"stage":4,"v":{"altitude":0.0,"driver":0.0,"flight":false,"gunner":null,"health":300.0,"heat":0.0,"id":0.0,"kind":"puma","maxHealth":300.0,"overheated":false,"passengers":[],"pitchBody":0.016,"respawnTimer":0.0,"roll":0.0,"turretYaw":0.0,"vx":3.614,"vy":0.0,"vz":1.467,"x":-1.629,"y":0.0,"yaw":4.327,"z":-18.394}}
SPORT_SAMPLE {"ack":224,"actor":0,"ball":{"r":1.1,"vx":-0.429,"vz":13.624,"x":22.583,"y":1.1,"z":5.746},"camera":[7.04277563095093,5.0,-14.8759078979492],"engaged":false,"focused":true,"phase":"playing","render":[-0.957000017166138,0.0,-18.121000289917],"seconds":10.1959603703704,"seq":302,"stage":4,"v":{"altitude":0.0,"driver":0.0,"flight":false,"gunner":null,"health":300.0,"heat":0.0,"id":0.0,"kind":"puma","maxHealth":300.0,"overheated":false,"passengers":[],"pitchBody":0.015,"respawnTimer":0.0,"roll":0.0,"turretYaw":0.0,"vx":3.155,"vy":0.0,"vz":1.281,"x":-0.957,"y":0.0,"yaw":4.327,"z":-18.121}}
SPORT_SAMPLE {"ack":229,"actor":0,"ball":{"r":1.1,"vx":-0.38,"vz":12.076,"x":22.502,"y":1.1,"z":8.3},"camera":[7.68599033355713,5.0,-14.6147651672363],"engaged":false,"focused":true,"phase":"playing","render":[-0.372999995946884,0.0,-17.8840007781982],"seconds":10.4,"seq":308,"stage":4,"v":{"altitude":0.0,"driver":0.0,"flight":false,"gunner":null,"health":300.0,"heat":0.0,"id":0.0,"kind":"puma","maxHealth":300.0,"overheated":false,"passengers":[],"pitchBody":0.014,"respawnTimer":0.0,"roll":0.0,"turretYaw":0.0,"vx":2.719,"vy":0.0,"vz":1.104,"x":-0.373,"y":0.0,"yaw":4.327,"z":-17.884}}
SPORT_SAMPLE {"ack":235,"actor":0,"ball":{"r":1.1,"vx":-0.33,"vz":10.491,"x":22.42,"y":1.1,"z":10.915},"camera":[8.2391529083252,5.0,-14.3900442123413],"engaged":false,"focused":true,"phase":"playing","render":[0.200000002980232,0.0,-17.6509990692139],"seconds":10.606442,"seq":315,"stage":4,"v":{"altitude":0.0,"driver":0.0,"flight":false,"gunner":null,"health":300.0,"heat":0.0,"id":0.0,"kind":"puma","maxHealth":300.0,"overheated":false,"passengers":[],"pitchBody":0.014,"respawnTimer":0.0,"roll":0.0,"turretYaw":0.0,"vx":2.232,"vy":0.0,"vz":0.906,"x":0.2,"y":0.0,"yaw":4.327,"z":-17.651}}
SPORT_EVENT {"key":87,"pressed":false,"seconds":10.7101457037037}
SPORT_EVENT {"key":83,"pressed":false,"seconds":10.7101457037037}
SPORT_EVENT {"key":65,"pressed":false,"seconds":10.7101457037037}
SPORT_EVENT {"key":68,"pressed":false,"seconds":10.7101457037037}
SPORT_EVENT {"key":32,"pressed":false,"seconds":10.7101457037037}
SPORT_EVENT {"key":4194325,"pressed":false,"seconds":10.7101457037037}
SPORT_EVENT {"key":82,"pressed":false,"seconds":10.7101457037037}
SPORT_EVENT {"key":4194309,"pressed":true,"seconds":10.7101457037037}
SPORT_EVENT {"key":4194309,"pressed":false,"seconds":10.7101457037037}
SPORT_EVENT {"key":87,"pressed":true,"seconds":10.7101457037037}
SPORT_EVENT {"key":4194325,"pressed":true,"seconds":10.7101457037037}
SPORT_STAGE {"seconds":10.7101457037037,"stage":5}
SPORT_SAMPLE {"ack":241,"actor":0,"ball":{"r":1.1,"vx":-3.879,"vz":16.38,"x":22.066,"y":1.1,"z":13.872},"camera":[8.80773067474365,5.0,-14.1589965820312],"engaged":true,"focused":true,"phase":"playing","render":[0.560999989509583,0.0,-17.5049991607666],"seconds":10.876131,"seq":323,"stage":5,"v":{"altitude":0.0,"driver":0.0,"flight":false,"gunner":null,"health":300.0,"heat":0.0,"id":0.0,"kind":"puma","maxHealth":300.0,"overheated":false,"passengers":[],"pitchBody":0.078,"respawnTimer":0.0,"roll":0.0,"turretYaw":0.0,"vx":-0.671,"vy":0.0,"vz":-0.272,"x":0.561,"y":0.0,"yaw":4.327,"z":-17.505}}
SPORT_SAMPLE {"ack":246,"actor":0,"ball":{"r":1.1,"vx":-3.881,"vz":22.07,"x":21.401,"y":1.1,"z":17.27},"camera":[8.60417747497559,5.0,-14.241735458374],"engaged":true,"focused":true,"phase":"playing","render":[-0.0509999990463257,0.0,-17.7530002593994],"seconds":11.0833333333333,"seq":329,"stage":5,"v":{"altitude":0.0,"driver":0.0,"flight":false,"gunner":null,"health":300.0,"heat":0.0,"id":0.0,"kind":"puma","maxHealth":300.0,"overheated":false,"passengers":[],"pitchBody":0.112,"respawnTimer":0.0,"roll":0.0,"turretYaw":0.0,"vx":-5.051,"vy":0.0,"vz":-2.051,"x":-0.051,"y":0.0,"yaw":4.327,"z":-17.753}}
SPORT_SAMPLE {"ack":251,"actor":0,"ball":{"r":1.1,"vx":-3.372,"vz":19.173,"x":20.56,"y":1.1,"z":22.049},"camera":[7.48970127105713,5.0,-14.6942005157471],"engaged":true,"focused":true,"phase":"playing","render":[-1.8289999961853,0.0,-18.4750003814697],"seconds":11.290349,"seq":336,"stage":5,"v":{"altitude":0.0,"driver":0.0,"flight":false,"gunner":null,"health":300.0,"heat":0.0,"id":0.0,"kind":"puma","maxHealth":300.0,"overheated":false,"passengers":[],"pitchBody":0.119,"respawnTimer":0.0,"roll":0.0,"turretYaw":0.0,"vx":-9.756,"vy":0.0,"vz":-3.962,"x":-1.829,"y":0.0,"yaw":4.327,"z":-18.475}}
SPORT_SAMPLE {"ack":256,"actor":0,"ball":{"r":1.1,"vx":3.531,"vz":-2.545,"x":21.451,"y":1.1,"z":22.728},"camera":[5.5981297492981,5.0,-15.4625644683838],"engaged":true,"focused":true,"phase":"playing","render":[-4.16499996185303,0.0,-19.423999786377],"seconds":11.4958940370371,"seq":342,"stage":5,"v":{"altitude":0.0,"driver":0.0,"flight":false,"gunner":null,"health":300.0,"heat":0.0,"id":0.0,"kind":"puma","maxHealth":300.0,"overheated":false,"passengers":[],"pitchBody":0.111,"respawnTimer":0.0,"roll":0.0,"turretYaw":0.0,"vx":-13.215,"vy":0.0,"vz":-5.366,"x":-4.165,"y":0.0,"yaw":4.327,"z":-19.424}}
SPORT_SAMPLE {"ack":261,"actor":0,"ball":{"r":1.1,"vx":-0.358,"vz":-1.284,"x":21.411,"y":1.1,"z":22.446},"camera":[2.98553395271301,5.0,-16.5233726501465],"engaged":true,"focused":true,"phase":"playing","render":[-7.12599992752075,0.0,-20.6259994506836],"seconds":11.6992416666667,"seq":348,"stage":5,"v":{"altitude":0.0,"driver":0.0,"flight":false,"gunner":null,"health":300.0,"heat":0.0,"id":0.0,"kind":"puma","maxHealth":300.0,"overheated":false,"passengers":[],"pitchBody":0.094,"respawnTimer":0.0,"roll":0.0,"turretYaw":0.0,"vx":-16.054,"vy":0.0,"vz":-6.519,"x":-7.126,"y":0.0,"yaw":4.327,"z":-20.626}}
SPORT_SAMPLE {"ack":265,"actor":0,"ball":{"r":1.1,"vx":0.143,"vz":-1.077,"x":21.428,"y":1.1,"z":22.217},"camera":[-0.310219943523407,5.0,-17.8616580963135],"engaged":true,"focused":true,"phase":"playing","render":[-10.2829999923706,0.0,-21.9080009460449],"seconds":11.9,"seq":354,"stage":5,"v":{"altitude":0.0,"driver":0.0,"flight":false,"gunner":null,"health":300.0,"heat":0.0,"id":0.0,"kind":"puma","maxHealth":300.0,"overheated":false,"passengers":[],"pitchBody":0.052,"respawnTimer":0.0,"roll":0.0,"turretYaw":0.0,"vx":0.0,"vy":0.0,"vz":0.0,"x":-10.283,"y":0.0,"yaw":4.327,"z":-21.908}}
SPORT_SAMPLE {"ack":270,"actor":0,"ball":{"r":1.1,"vx":-0.058,"vz":-0.668,"x":21.375,"y":1.1,"z":22.151},"camera":[-1.74621415138245,5.0,-18.4450016021729],"engaged":true,"focused":true,"phase":"playing","render":[-10.3020000457764,0.0,-21.9160003662109],"seconds":12.1045454545455,"seq":360,"stage":5,"v":{"altitude":0.0,"driver":0.0,"flight":false,"gunner":null,"health":300.0,"heat":0.0,"id":0.0,"kind":"puma","maxHealth":300.0,"overheated":false,"passengers":[],"pitchBody":0.013,"respawnTimer":0.0,"roll":0.0,"turretYaw":0.0,"vx":0.0,"vy":0.0,"vz":0.0,"x":-10.302,"y":0.0,"yaw":4.327,"z":-21.916}}
SPORT_EVENT {"key":87,"pressed":false,"seconds":12.203051}
SPORT_EVENT {"key":83,"pressed":false,"seconds":12.203051}
SPORT_EVENT {"key":65,"pressed":false,"seconds":12.203051}
SPORT_EVENT {"key":68,"pressed":false,"seconds":12.203051}
SPORT_EVENT {"key":32,"pressed":false,"seconds":12.203051}
SPORT_EVENT {"key":4194325,"pressed":false,"seconds":12.203051}
SPORT_EVENT {"key":82,"pressed":false,"seconds":12.203051}
SPORT_EVENT {"key":87,"pressed":true,"seconds":12.203051}
SPORT_STAGE {"seconds":12.203051,"stage":6}
SPORT_SAMPLE {"ack":275,"actor":0,"ball":{"r":1.1,"vx":-0.033,"vz":-0.346,"x":21.378,"y":1.1,"z":22.181},"camera":[-1.94637703895569,5.0,-18.5263252258301],"engaged":false,"focused":false,"phase":"playing","render":[-10.3020000457764,0.0,-21.9160003662109],"seconds":12.3666666666667,"seq":368,"stage":6,"v":{"altitude":0.0,"driver":0.0,"flight":false,"gunner":null,"health":300.0,"heat":0.0,"id":0.0,"kind":"puma","maxHealth":300.0,"overheated":false,"passengers":[],"pitchBody":0.002,"respawnTimer":0.0,"roll":0.0,"turretYaw":0.0,"vx":0.0,"vy":0.0,"vz":0.0,"x":-10.302,"y":0.0,"yaw":4.327,"z":-21.916}}
SPORT_SAMPLE {"ack":279,"actor":0,"ball":{"r":1.1,"vx":-0.027,"vz":-0.269,"x":21.378,"y":1.1,"z":22.184},"camera":[-1.96020376682281,5.0,-18.5319423675537],"engaged":false,"focused":false,"phase":"playing","render":[-10.3020000457764,0.0,-21.9160003662109],"seconds":12.5771064444445,"seq":374,"stage":6,"v":{"altitude":0.0,"driver":0.0,"flight":false,"gunner":null,"health":300.0,"heat":0.0,"id":0.0,"kind":"puma","maxHealth":300.0,"overheated":false,"passengers":[],"pitchBody":0.0,"respawnTimer":0.0,"roll":0.0,"turretYaw":0.0,"vx":0.0,"vy":0.0,"vz":0.0,"x":-10.302,"y":0.0,"yaw":4.327,"z":-21.916}}
SPORT_SAMPLE {"ack":284,"actor":0,"ball":{"r":1.1,"vx":-0.801,"vz":-1.097,"x":21.284,"y":1.1,"z":22.153},"camera":[-1.96190536022186,5.0,-18.5326328277588],"engaged":false,"focused":false,"phase":"playing","render":[-10.3020000457764,0.0,-21.9160003662109],"seconds":12.7942176666667,"seq":381,"stage":6,"v":{"altitude":0.0,"driver":0.0,"flight":false,"gunner":null,"health":300.0,"heat":0.0,"id":0.0,"kind":"puma","maxHealth":300.0,"overheated":false,"passengers":[],"pitchBody":0.0,"respawnTimer":0.0,"roll":0.0,"turretYaw":0.0,"vx":0.0,"vy":0.0,"vz":0.0,"x":-10.302,"y":0.0,"yaw":4.327,"z":-21.916}}
SPORT_SAMPLE {"ack":289,"actor":0,"ball":{"r":1.1,"vx":-1.96,"vz":-2.691,"x":21.027,"y":1.1,"z":22.316},"camera":[-1.96210587024689,5.0,-18.53271484375],"engaged":false,"focused":false,"phase":"playing","render":[-10.3020000457764,0.0,-21.9160003662109],"seconds":13.0184815151515,"seq":388,"stage":6,"v":{"altitude":0.0,"driver":0.0,"flight":false,"gunner":null,"health":300.0,"heat":0.0,"id":0.0,"kind":"puma","maxHealth":300.0,"overheated":false,"passengers":[],"pitchBody":0.0,"respawnTimer":0.0,"roll":0.0,"turretYaw":0.0,"vx":0.0,"vy":0.0,"vz":0.0,"x":-10.302,"y":0.0,"yaw":4.327,"z":-21.916}}
SPORT_SAMPLE {"ack":293,"actor":0,"ball":{"r":1.1,"vx":-2.388,"vz":-0.906,"x":20.717,"y":1.1,"z":22.665},"camera":[-1.96212649345398,5.0,-18.5327205657959],"engaged":false,"focused":false,"phase":"playing","render":[-10.3020000457764,0.0,-21.9160003662109],"seconds":13.2195586666667,"seq":394,"stage":6,"v":{"altitude":0.0,"driver":0.0,"flight":false,"gunner":null,"health":300.0,"heat":0.0,"id":0.0,"kind":"puma","maxHealth":300.0,"overheated":false,"passengers":[],"pitchBody":0.0,"respawnTimer":0.0,"roll":0.0,"turretYaw":0.0,"vx":0.0,"vy":0.0,"vz":0.0,"x":-10.302,"y":0.0,"yaw":4.327,"z":-21.916}}
SPORT_SAMPLE {"ack":297,"actor":0,"ball":{"r":1.1,"vx":-0.783,"vz":0.468,"x":20.423,"y":1.1,"z":22.822},"camera":[-1.96212935447693,5.0,-18.5327205657959],"engaged":false,"focused":false,"phase":"playing","render":[-10.3020000457764,0.0,-21.9160003662109],"seconds":13.4409090909091,"seq":400,"stage":6,"v":{"altitude":0.0,"driver":0.0,"flight":false,"gunner":null,"health":300.0,"heat":0.0,"id":0.0,"kind":"puma","maxHealth":300.0,"overheated":false,"passengers":[],"pitchBody":0.0,"respawnTimer":0.0,"roll":0.0,"turretYaw":0.0,"vx":0.0,"vy":0.0,"vz":0.0,"x":-10.302,"y":0.0,"yaw":4.327,"z":-21.916}}
SPORT_SAMPLE {"ack":302,"actor":0,"ball":{"r":1.1,"vx":2.533,"vz":-0.852,"x":20.67,"y":1.1,"z":22.9},"camera":[-1.96212935447693,5.0,-18.5327205657959],"engaged":false,"focused":false,"phase":"playing","render":[-10.3020000457764,0.0,-21.9160003662109],"seconds":13.6571603333333,"seq":407,"stage":6,"v":{"altitude":0.0,"driver":0.0,"flight":false,"gunner":null,"health":300.0,"heat":0.0,"id":0.0,"kind":"puma","maxHealth":300.0,"overheated":false,"passengers":[],"pitchBody":0.0,"respawnTimer":0.0,"roll":0.0,"turretYaw":0.0,"vx":0.0,"vy":0.0,"vz":0.0,"x":-10.302,"y":0.0,"yaw":4.327,"z":-21.916}}
SPORT_EVENT {"key":87,"pressed":false,"seconds":13.7021233333333}
SPORT_EVENT {"key":83,"pressed":false,"seconds":13.7021233333333}
SPORT_EVENT {"key":65,"pressed":false,"seconds":13.7021233333333}
SPORT_EVENT {"key":68,"pressed":false,"seconds":13.7021233333333}
SPORT_EVENT {"key":32,"pressed":false,"seconds":13.7021233333333}
SPORT_EVENT {"key":4194325,"pressed":false,"seconds":13.7021233333333}
SPORT_EVENT {"key":82,"pressed":false,"seconds":13.7021233333333}
SPORT_EVENT {"key":87,"pressed":true,"seconds":13.7021233333333}
SPORT_STAGE {"seconds":13.7021233333333,"stage":7}
SPORT_SAMPLE {"ack":306,"actor":0,"ball":{"r":1.1,"vx":0.269,"vz":-0.31,"x":20.852,"y":1.1,"z":22.9},"camera":[-1.96212935447693,5.0,-18.5327205657959],"engaged":false,"focused":true,"phase":"playing","render":[-10.3020000457764,0.0,-21.9160003662109],"seconds":13.8610614848485,"seq":413,"stage":7,"v":{"altitude":0.0,"driver":0.0,"flight":false,"gunner":null,"health":300.0,"heat":0.0,"id":0.0,"kind":"puma","maxHealth":300.0,"overheated":false,"passengers":[],"pitchBody":0.0,"respawnTimer":0.0,"roll":0.0,"turretYaw":0.0,"vx":0.0,"vy":0.0,"vz":0.0,"x":-10.302,"y":0.0,"yaw":4.327,"z":-21.916}}
SPORT_SAMPLE {"ack":311,"actor":0,"ball":{"r":1.1,"vx":0.0,"vz":0.0,"x":20.85,"y":1.1,"z":22.9},"camera":[-1.96212935447693,5.0,-18.5327205657959],"engaged":false,"focused":true,"phase":"playing","render":[-10.3020000457764,0.0,-21.9160003662109],"seconds":14.065606939394,"seq":419,"stage":7,"v":{"altitude":0.0,"driver":0.0,"flight":false,"gunner":null,"health":300.0,"heat":0.0,"id":0.0,"kind":"puma","maxHealth":300.0,"overheated":false,"passengers":[],"pitchBody":0.0,"respawnTimer":0.0,"roll":0.0,"turretYaw":0.0,"vx":0.0,"vy":0.0,"vz":0.0,"x":-10.302,"y":0.0,"yaw":4.327,"z":-21.916}}
SPORT_SAMPLE {"ack":315,"actor":0,"ball":{"r":1.1,"vx":0.0,"vz":0.0,"x":20.85,"y":1.1,"z":22.9},"camera":[-1.96212935447693,5.0,-18.5327205657959],"engaged":false,"focused":true,"phase":"playing","render":[-10.3020000457764,0.0,-21.9160003662109],"seconds":14.2701111515152,"seq":426,"stage":7,"v":{"altitude":0.0,"driver":0.0,"flight":false,"gunner":null,"health":300.0,"heat":0.0,"id":0.0,"kind":"puma","maxHealth":300.0,"overheated":false,"passengers":[],"pitchBody":0.0,"respawnTimer":0.0,"roll":0.0,"turretYaw":0.0,"vx":0.0,"vy":0.0,"vz":0.0,"x":-10.302,"y":0.0,"yaw":4.327,"z":-21.916}}
SPORT_SAMPLE {"ack":320,"actor":0,"ball":{"r":1.1,"vx":0.0,"vz":0.0,"x":20.85,"y":1.1,"z":22.9},"camera":[-1.96212935447693,5.0,-18.5327205657959],"engaged":false,"focused":true,"phase":"playing","render":[-10.3020000457764,0.0,-21.9160003662109],"seconds":14.4746566060606,"seq":432,"stage":7,"v":{"altitude":0.0,"driver":0.0,"flight":false,"gunner":null,"health":300.0,"heat":0.0,"id":0.0,"kind":"puma","maxHealth":300.0,"overheated":false,"passengers":[],"pitchBody":0.0,"respawnTimer":0.0,"roll":0.0,"turretYaw":0.0,"vx":0.0,"vy":0.0,"vz":0.0,"x":-10.302,"y":0.0,"yaw":4.327,"z":-21.916}}
SPORT_SAMPLE {"ack":324,"actor":0,"ball":{"r":1.1,"vx":0.0,"vz":0.0,"x":20.85,"y":1.1,"z":22.9},"camera":[-1.96212935447693,5.0,-18.5327205657959],"engaged":false,"focused":true,"phase":"playing","render":[-10.3020000457764,0.0,-21.9160003662109],"seconds":14.6778613333334,"seq":438,"stage":7,"v":{"altitude":0.0,"driver":0.0,"flight":false,"gunner":null,"health":300.0,"heat":0.0,"id":0.0,"kind":"puma","maxHealth":300.0,"overheated":false,"passengers":[],"pitchBody":0.0,"respawnTimer":0.0,"roll":0.0,"turretYaw":0.0,"vx":0.0,"vy":0.0,"vz":0.0,"x":-10.302,"y":0.0,"yaw":4.327,"z":-21.916}}
SPORT_SAMPLE {"ack":329,"actor":0,"ball":{"r":1.1,"vx":-0.297,"vz":-0.083,"x":20.833,"y":1.1,"z":22.9},"camera":[-1.96212935447693,5.0,-18.5327205657959],"engaged":false,"focused":true,"phase":"playing","render":[-10.3020000457764,0.0,-21.9160003662109],"seconds":14.8810535555556,"seq":444,"stage":7,"v":{"altitude":0.0,"driver":0.0,"flight":false,"gunner":null,"health":300.0,"heat":0.0,"id":0.0,"kind":"puma","maxHealth":300.0,"overheated":false,"passengers":[],"pitchBody":0.0,"respawnTimer":0.0,"roll":0.0,"turretYaw":0.0,"vx":0.0,"vy":0.0,"vz":0.0,"x":-10.302,"y":0.0,"yaw":4.327,"z":-21.916}}
SPORT_SAMPLE {"ack":333,"actor":0,"ball":{"r":1.1,"vx":-0.768,"vz":-0.351,"x":20.782,"y":1.1,"z":22.9},"camera":[-1.96212935447693,5.0,-18.5327205657959],"engaged":false,"focused":true,"phase":"playing","render":[-10.3020000457764,0.0,-21.9160003662109],"seconds":15.0810535555556,"seq":450,"stage":7,"v":{"altitude":0.0,"driver":0.0,"flight":false,"gunner":null,"health":300.0,"heat":0.0,"id":0.0,"kind":"puma","maxHealth":300.0,"overheated":false,"passengers":[],"pitchBody":0.0,"respawnTimer":0.0,"roll":0.0,"turretYaw":0.0,"vx":0.0,"vy":0.0,"vz":0.0,"x":-10.302,"y":0.0,"yaw":4.327,"z":-21.916}}
SPORT_EVENT {"key":87,"pressed":false,"seconds":15.2143868888889}
SPORT_EVENT {"key":83,"pressed":false,"seconds":15.2143868888889}
SPORT_EVENT {"key":65,"pressed":false,"seconds":15.2143868888889}
SPORT_EVENT {"key":68,"pressed":false,"seconds":15.2143868888889}
SPORT_EVENT {"key":32,"pressed":false,"seconds":15.2143868888889}
SPORT_EVENT {"key":4194325,"pressed":false,"seconds":15.2143868888889}
SPORT_EVENT {"key":82,"pressed":false,"seconds":15.2143868888889}
SPORT_EVENT {"key":4194309,"pressed":true,"seconds":15.2143868888889}
SPORT_EVENT {"key":4194309,"pressed":false,"seconds":15.2143868888889}
SPORT_EVENT {"key":87,"pressed":true,"seconds":15.2143868888889}
SPORT_STAGE {"seconds":15.2143868888889,"stage":8}
SPORT_SAMPLE {"ack":339,"actor":0,"ball":{"r":1.1,"vx":-1.401,"vz":-0.766,"x":20.662,"y":1.1,"z":22.9},"camera":[-1.96212935447693,5.0,-18.5327205657959],"engaged":true,"focused":true,"phase":"playing","render":[-10.3020000457764,0.0,-21.9160003662109],"seconds":15.372502,"seq":459,"stage":8,"v":{"altitude":0.0,"driver":0.0,"flight":false,"gunner":null,"health":300.0,"heat":0.0,"id":0.0,"kind":"puma","maxHealth":300.0,"overheated":false,"passengers":[],"pitchBody":0.0,"respawnTimer":0.0,"roll":0.0,"turretYaw":0.0,"vx":0.0,"vy":0.0,"vz":0.0,"x":-10.302,"y":0.0,"yaw":4.327,"z":-21.916}}
SPORT_SAMPLE {"ack":344,"actor":0,"ball":{"r":1.1,"vx":-0.692,"vz":-0.423,"x":20.525,"y":1.1,"z":22.9},"camera":[-1.96212935447693,5.0,-18.5327205657959],"engaged":true,"focused":true,"phase":"playing","render":[-10.3020000457764,0.0,-21.9160003662109],"seconds":15.5761503636364,"seq":465,"stage":8,"v":{"altitude":0.0,"driver":0.0,"flight":false,"gunner":null,"health":300.0,"heat":0.0,"id":0.0,"kind":"puma","maxHealth":300.0,"overheated":false,"passengers":[],"pitchBody":0.0,"respawnTimer":0.0,"roll":0.0,"turretYaw":0.0,"vx":0.0,"vy":0.0,"vz":0.0,"x":-10.302,"y":0.0,"yaw":4.327,"z":-21.916}}
SPORT_SAMPLE {"ack":349,"actor":0,"ball":{"r":1.1,"vx":1.339,"vz":-0.564,"x":20.579,"y":1.1,"z":22.862},"camera":[-1.96212935447693,5.0,-18.5327205657959],"engaged":true,"focused":true,"phase":"playing","render":[-10.3020000457764,0.0,-21.9160003662109],"seconds":15.7818181818182,"seq":472,"stage":8,"v":{"altitude":0.0,"driver":0.0,"flight":false,"gunner":null,"health":300.0,"heat":0.0,"id":0.0,"kind":"puma","maxHealth":300.0,"overheated":false,"passengers":[],"pitchBody":0.0,"respawnTimer":0.0,"roll":0.0,"turretYaw":0.0,"vx":0.0,"vy":0.0,"vz":0.0,"x":-10.302,"y":0.0,"yaw":4.327,"z":-21.916}}
SPORT_SAMPLE {"ack":353,"actor":0,"ball":{"r":1.1,"vx":0.572,"vz":-0.798,"x":20.695,"y":1.1,"z":22.9},"camera":[-1.96212935447693,5.0,-18.5327205657959],"engaged":true,"focused":true,"phase":"playing","render":[-10.3020000457764,0.0,-21.9160003662109],"seconds":15.9852460909091,"seq":478,"stage":8,"v":{"altitude":0.0,"driver":0.0,"flight":false,"gunner":null,"health":300.0,"heat":0.0,"id":0.0,"kind":"puma","maxHealth":300.0,"overheated":false,"passengers":[],"pitchBody":0.0,"respawnTimer":0.0,"roll":0.0,"turretYaw":0.0,"vx":0.0,"vy":0.0,"vz":0.0,"x":-10.302,"y":0.0,"yaw":4.327,"z":-21.916}}
SPORT_SAMPLE {"ack":358,"actor":0,"ball":{"r":1.1,"vx":-0.199,"vz":-0.221,"x":20.78,"y":1.1,"z":22.9},"camera":[-1.96212935447693,5.0,-18.5327205657959],"engaged":true,"focused":true,"phase":"playing","render":[-10.3020000457764,0.0,-21.9160003662109],"seconds":16.1897915454546,"seq":484,"stage":8,"v":{"altitude":0.0,"driver":0.0,"flight":false,"gunner":null,"health":300.0,"heat":0.0,"id":0.0,"kind":"puma","maxHealth":300.0,"overheated":false,"passengers":[],"pitchBody":0.0,"respawnTimer":0.0,"roll":0.0,"turretYaw":0.0,"vx":0.0,"vy":0.0,"vz":0.0,"x":-10.302,"y":0.0,"yaw":4.327,"z":-21.916}}
SPORT_SAMPLE {"ack":362,"actor":0,"ball":{"r":1.1,"vx":0.0,"vz":0.0,"x":20.787,"y":1.1,"z":22.9},"camera":[-1.96212935447693,5.0,-18.5327205657959],"engaged":true,"focused":true,"phase":"playing","render":[-10.3020000457764,0.0,-21.9160003662109],"seconds":16.393922909091,"seq":490,"stage":8,"v":{"altitude":0.0,"driver":0.0,"flight":false,"gunner":null,"health":300.0,"heat":0.0,"id":0.0,"kind":"puma","maxHealth":300.0,"overheated":false,"passengers":[],"pitchBody":0.0,"respawnTimer":0.0,"roll":0.0,"turretYaw":0.0,"vx":0.0,"vy":0.0,"vz":0.0,"x":-10.302,"y":0.0,"yaw":4.327,"z":-21.916}}
SPORT_SAMPLE {"ack":366,"actor":0,"ball":{"r":1.1,"vx":0.062,"vz":-0.022,"x":20.788,"y":1.1,"z":22.9},"camera":[-1.96212935447693,5.0,-18.5327205657959],"engaged":true,"focused":true,"phase":"playing","render":[-10.3020000457764,0.0,-21.9160003662109],"seconds":16.5984848484849,"seq":496,"stage":8,"v":{"altitude":0.0,"driver":0.0,"flight":false,"gunner":null,"health":300.0,"heat":0.0,"id":0.0,"kind":"puma","maxHealth":300.0,"overheated":false,"passengers":[],"pitchBody":0.0,"respawnTimer":0.0,"roll":0.0,"turretYaw":0.0,"vx":0.0,"vy":0.0,"vz":0.0,"x":-10.302,"y":0.0,"yaw":4.327,"z":-21.916}}
SPORT_EVENT {"key":87,"pressed":false,"seconds":16.7121212121213}
SPORT_EVENT {"key":83,"pressed":false,"seconds":16.7121212121213}
SPORT_EVENT {"key":65,"pressed":false,"seconds":16.7121212121213}
SPORT_EVENT {"key":68,"pressed":false,"seconds":16.7121212121213}
SPORT_EVENT {"key":32,"pressed":false,"seconds":16.7121212121213}
SPORT_EVENT {"key":4194325,"pressed":false,"seconds":16.7121212121213}
SPORT_EVENT {"key":82,"pressed":false,"seconds":16.7121212121213}
SPORT_EVENT {"key":82,"pressed":true,"seconds":16.7121212121213}
SPORT_STAGE {"seconds":16.7121212121213,"stage":9}
SPORT_SAMPLE {"ack":373,"actor":0,"ball":{"r":1.1,"vx":0.11,"vz":-0.036,"x":20.789,"y":1.1,"z":22.9},"camera":[-1.96212935447693,5.0,-18.5327205657959],"engaged":true,"focused":true,"phase":"playing","render":[-10.3020000457764,0.0,-21.9160003662109],"seconds":16.8725416666667,"seq":505,"stage":9,"v":{"altitude":0.0,"driver":0.0,"flight":false,"gunner":null,"health":300.0,"heat":0.0,"id":0.0,"kind":"puma","maxHealth":300.0,"overheated":false,"passengers":[],"pitchBody":0.0,"respawnTimer":0.0,"roll":0.0,"turretYaw":0.0,"vx":0.0,"vy":0.0,"vz":0.0,"x":-10.302,"y":0.0,"yaw":4.327,"z":-21.916}}
SPORT_SAMPLE {"ack":377,"actor":0,"ball":{"r":1.1,"vx":0.107,"vz":-0.037,"x":20.789,"y":1.1,"z":22.9},"camera":[-1.96212935447693,5.0,-18.5327205657959],"engaged":true,"focused":true,"phase":"playing","render":[-10.3020000457764,0.0,-21.9160003662109],"seconds":17.0787878787879,"seq":511,"stage":9,"v":{"altitude":0.0,"driver":0.0,"flight":false,"gunner":null,"health":300.0,"heat":0.0,"id":0.0,"kind":"puma","maxHealth":300.0,"overheated":false,"passengers":[],"pitchBody":0.0,"respawnTimer":0.0,"roll":0.0,"turretYaw":0.0,"vx":0.0,"vy":0.0,"vz":0.0,"x":-10.302,"y":0.0,"yaw":4.327,"z":-21.916}}
SPORT_SAMPLE {"ack":382,"actor":0,"ball":{"r":1.1,"vx":0.038,"vz":-0.02,"x":20.786,"y":1.1,"z":22.9},"camera":[-1.96212935447693,5.0,-18.5327205657959],"engaged":true,"focused":true,"phase":"playing","render":[-10.3020000457764,0.0,-21.9160003662109],"seconds":17.2818181818183,"seq":517,"stage":9,"v":{"altitude":0.0,"driver":0.0,"flight":false,"gunner":null,"health":300.0,"heat":0.0,"id":0.0,"kind":"puma","maxHealth":300.0,"overheated":false,"passengers":[],"pitchBody":0.0,"respawnTimer":0.0,"roll":0.0,"turretYaw":0.0,"vx":0.0,"vy":0.0,"vz":0.0,"x":-10.302,"y":0.0,"yaw":4.327,"z":-21.916}}
SPORT_SAMPLE {"ack":386,"actor":0,"ball":{"r":1.1,"vx":-0.188,"vz":-0.232,"x":20.772,"y":1.1,"z":22.9},"camera":[-1.96212935447693,5.0,-18.5327205657959],"engaged":true,"focused":true,"phase":"playing","render":[-10.3020000457764,0.0,-21.9160003662109],"seconds":17.4828282828284,"seq":523,"stage":9,"v":{"altitude":0.0,"driver":0.0,"flight":false,"gunner":null,"health":300.0,"heat":0.0,"id":0.0,"kind":"puma","maxHealth":300.0,"overheated":false,"passengers":[],"pitchBody":0.0,"respawnTimer":0.0,"roll":0.0,"turretYaw":0.0,"vx":0.0,"vy":0.0,"vz":0.0,"x":-10.302,"y":0.0,"yaw":4.327,"z":-21.916}}
SPORT_SAMPLE {"ack":391,"actor":0,"ball":{"r":1.1,"vx":-0.443,"vz":-0.472,"x":20.735,"y":1.1,"z":22.9},"camera":[-1.96212935447693,5.0,-18.5327205657959],"engaged":true,"focused":true,"phase":"playing","render":[-10.3020000457764,0.0,-21.9160003662109],"seconds":17.7022943333334,"seq":529,"stage":9,"v":{"altitude":0.0,"driver":0.0,"flight":false,"gunner":null,"health":300.0,"heat":0.0,"id":0.0,"kind":"puma","maxHealth":300.0,"overheated":false,"passengers":[],"pitchBody":0.0,"respawnTimer":0.0,"roll":0.0,"turretYaw":0.0,"vx":0.0,"vy":0.0,"vz":0.0,"x":-10.302,"y":0.0,"yaw":4.327,"z":-21.916}}
SPORT_SAMPLE {"ack":396,"actor":0,"ball":{"r":1.1,"vx":-0.364,"vz":-0.507,"x":20.66,"y":1.1,"z":22.874},"camera":[-1.96212935447693,5.0,-18.5327205657959],"engaged":true,"focused":true,"phase":"playing","render":[-10.3020000457764,0.0,-21.9160003662109],"seconds":17.9245061111112,"seq":536,"stage":9,"v":{"altitude":0.0,"driver":0.0,"flight":false,"gunner":null,"health":300.0,"heat":0.0,"id":0.0,"kind":"puma","maxHealth":300.0,"overheated":false,"passengers":[],"pitchBody":0.0,"respawnTimer":0.0,"roll":0.0,"turretYaw":0.0,"vx":0.0,"vy":0.0,"vz":0.0,"x":-10.302,"y":0.0,"yaw":4.327,"z":-21.916}}
SPORT_SAMPLE {"ack":400,"actor":0,"ball":{"r":1.1,"vx":-0.323,"vz":-0.449,"x":20.592,"y":1.1,"z":22.779},"camera":[-1.96212935447693,5.0,-18.5327205657959],"engaged":true,"focused":true,"phase":"playing","render":[-10.3020000457764,0.0,-21.9160003662109],"seconds":18.1265263131314,"seq":542,"stage":9,"v":{"altitude":0.0,"driver":0.0,"flight":false,"gunner":null,"health":300.0,"heat":0.0,"id":0.0,"kind":"puma","maxHealth":300.0,"overheated":false,"passengers":[],"pitchBody":0.0,"respawnTimer":0.0,"roll":0.0,"turretYaw":0.0,"vx":0.0,"vy":0.0,"vz":0.0,"x":-10.302,"y":0.0,"yaw":4.327,"z":-21.916}}
SPORT_EVENT {"key":87,"pressed":false,"seconds":18.2181818181819}
SPORT_EVENT {"key":83,"pressed":false,"seconds":18.2181818181819}
SPORT_EVENT {"key":65,"pressed":false,"seconds":18.2181818181819}
SPORT_EVENT {"key":68,"pressed":false,"seconds":18.2181818181819}
SPORT_EVENT {"key":32,"pressed":false,"seconds":18.2181818181819}
SPORT_EVENT {"key":4194325,"pressed":false,"seconds":18.2181818181819}
SPORT_EVENT {"key":82,"pressed":false,"seconds":18.2181818181819}
SPORT_EVENT {"key":4194305,"pressed":true,"seconds":18.2181818181819}
SPORT_EVENT {"key":4194305,"pressed":false,"seconds":18.2181818181819}
SPORT_STAGE {"seconds":18.2181818181819,"stage":10}
SPORT_SAMPLE {"ack":406,"actor":0,"ball":{"r":1.1,"vx":0.388,"vz":-0.689,"x":20.656,"y":1.1,"z":22.9},"camera":[-1.96212935447693,5.0,-18.5327205657959],"engaged":false,"focused":true,"phase":"playing","render":[-10.3020000457764,0.0,-21.9160003662109],"seconds":18.3744193838385,"seq":550,"stage":10,"v":{"altitude":0.0,"driver":0.0,"flight":false,"gunner":null,"health":300.0,"heat":0.0,"id":0.0,"kind":"puma","maxHealth":300.0,"overheated":false,"passengers":[],"pitchBody":0.0,"respawnTimer":0.0,"roll":0.0,"turretYaw":0.0,"vx":0.0,"vy":0.0,"vz":0.0,"x":-10.302,"y":0.0,"yaw":4.327,"z":-21.916}}
SPORT_SAMPLE {"ack":411,"actor":0,"ball":{"r":1.1,"vx":-0.58,"vz":-0.229,"x":20.755,"y":1.1,"z":22.9},"camera":[-1.96212935447693,5.0,-18.5327205657959],"engaged":false,"focused":true,"phase":"playing","render":[-10.3020000457764,0.0,-21.9160003662109],"seconds":18.578787878788,"seq":556,"stage":10,"v":{"altitude":0.0,"driver":0.0,"flight":false,"gunner":null,"health":300.0,"heat":0.0,"id":0.0,"kind":"puma","maxHealth":300.0,"overheated":false,"passengers":[],"pitchBody":0.0,"respawnTimer":0.0,"roll":0.0,"turretYaw":0.0,"vx":0.0,"vy":0.0,"vz":0.0,"x":-10.302,"y":0.0,"yaw":4.327,"z":-21.916}}
SPORT_SAMPLE {"ack":415,"actor":0,"ball":{"r":1.1,"vx":-0.468,"vz":-0.228,"x":20.831,"y":1.1,"z":22.9},"camera":[-1.96212935447693,5.0,-18.5327205657959],"engaged":false,"focused":true,"phase":"playing","render":[-10.3020000457764,0.0,-21.9160003662109],"seconds":18.780743888889,"seq":562,"stage":10,"v":{"altitude":0.0,"driver":0.0,"flight":false,"gunner":null,"health":300.0,"heat":0.0,"id":0.0,"kind":"puma","maxHealth":300.0,"overheated":false,"passengers":[],"pitchBody":0.0,"respawnTimer":0.0,"roll":0.0,"turretYaw":0.0,"vx":0.0,"vy":0.0,"vz":0.0,"x":-10.302,"y":0.0,"yaw":4.327,"z":-21.916}}
SPORT_SAMPLE {"ack":420,"actor":0,"ball":{"r":1.1,"vx":0.498,"vz":-0.407,"x":20.83,"y":1.1,"z":22.9},"camera":[-1.96212935447693,5.0,-18.5327205657959],"engaged":false,"focused":true,"phase":"playing","render":[-10.3020000457764,0.0,-21.9160003662109],"seconds":18.9875476666668,"seq":569,"stage":10,"v":{"altitude":0.0,"driver":0.0,"flight":false,"gunner":null,"health":300.0,"heat":0.0,"id":0.0,"kind":"puma","maxHealth":300.0,"overheated":false,"passengers":[],"pitchBody":0.0,"respawnTimer":0.0,"roll":0.0,"turretYaw":0.0,"vx":0.0,"vy":0.0,"vz":0.0,"x":-10.302,"y":0.0,"yaw":4.327,"z":-21.916}}
SPORT_SAMPLE {"ack":424,"actor":0,"ball":{"r":1.1,"vx":1.715,"vz":-0.811,"x":20.777,"y":1.1,"z":22.9},"camera":[-1.96212935447693,5.0,-18.5327205657959],"engaged":false,"focused":true,"phase":"playing","render":[-10.3020000457764,0.0,-21.9160003662109],"seconds":19.205856888889,"seq":575,"stage":10,"v":{"altitude":0.0,"driver":0.0,"flight":false,"gunner":null,"health":300.0,"heat":0.0,"id":0.0,"kind":"puma","maxHealth":300.0,"overheated":false,"passengers":[],"pitchBody":0.0,"respawnTimer":0.0,"roll":0.0,"turretYaw":0.0,"vx":0.0,"vy":0.0,"vz":0.0,"x":-10.302,"y":0.0,"yaw":4.327,"z":-21.916}}
SPORT_SAMPLE {"ack":429,"actor":0,"ball":{"r":1.1,"vx":0.0,"vz":0.0,"x":20.793,"y":1.1,"z":22.9},"camera":[-1.96212935447693,5.0,-18.5327205657959],"engaged":false,"focused":true,"phase":"playing","render":[-10.3020000457764,0.0,-21.9160003662109],"seconds":19.4225235555557,"seq":582,"stage":10,"v":{"altitude":0.0,"driver":0.0,"flight":false,"gunner":null,"health":300.0,"heat":0.0,"id":0.0,"kind":"puma","maxHealth":300.0,"overheated":false,"passengers":[],"pitchBody":0.0,"respawnTimer":0.0,"roll":0.0,"turretYaw":0.0,"vx":0.0,"vy":0.0,"vz":0.0,"x":-10.302,"y":0.0,"yaw":4.327,"z":-21.916}}
SPORT_SAMPLE {"ack":433,"actor":0,"ball":{"r":1.1,"vx":-0.118,"vz":-0.133,"x":20.788,"y":1.1,"z":22.9},"camera":[-1.96212935447693,5.0,-18.5327205657959],"engaged":false,"focused":true,"phase":"playing","render":[-10.3020000457764,0.0,-21.9160003662109],"seconds":19.6254716666668,"seq":588,"stage":10,"v":{"altitude":0.0,"driver":0.0,"flight":false,"gunner":null,"health":300.0,"heat":0.0,"id":0.0,"kind":"puma","maxHealth":300.0,"overheated":false,"passengers":[],"pitchBody":0.0,"respawnTimer":0.0,"roll":0.0,"turretYaw":0.0,"vx":0.0,"vy":0.0,"vz":0.0,"x":-10.302,"y":0.0,"yaw":4.327,"z":-21.916}}
SPORT_SAMPLE {"ack":437,"actor":0,"ball":{"r":1.1,"vx":-0.304,"vz":-0.352,"x":20.772,"y":1.1,"z":22.9},"camera":[-1.96212935447693,5.0,-18.5327205657959],"engaged":false,"focused":true,"phase":"playing","render":[-10.3020000457764,0.0,-21.9160003662109],"seconds":19.8478353333334,"seq":594,"stage":10,"v":{"altitude":0.0,"driver":0.0,"flight":false,"gunner":null,"health":300.0,"heat":0.0,"id":0.0,"kind":"puma","maxHealth":300.0,"overheated":false,"passengers":[],"pitchBody":0.0,"respawnTimer":0.0,"roll":0.0,"turretYaw":0.0,"vx":0.0,"vy":0.0,"vz":0.0,"x":-10.302,"y":0.0,"yaw":4.327,"z":-21.916}}
SPORT_SAMPLE {"ack":442,"actor":0,"ball":{"r":1.1,"vx":-0.398,"vz":-0.508,"x":20.726,"y":1.1,"z":22.9},"camera":[-1.96212935447693,5.0,-18.5327205657959],"engaged":false,"focused":true,"phase":"playing","render":[-10.3020000457764,0.0,-21.9160003662109],"seconds":20.0535576666668,"seq":601,"stage":10,"v":{"altitude":0.0,"driver":0.0,"flight":false,"gunner":null,"health":300.0,"heat":0.0,"id":0.0,"kind":"puma","maxHealth":300.0,"overheated":false,"passengers":[],"pitchBody":0.0,"respawnTimer":0.0,"roll":0.0,"turretYaw":0.0,"vx":0.0,"vy":0.0,"vz":0.0,"x":-10.302,"y":0.0,"yaw":4.327,"z":-21.916}}
SPORT_OBSERVATION_ENDED no_native_completion_marker=true
