Godot Engine v4.5.2.stable.official.6ce3de25a - https://godotengine.org
WARNING: Could not set V-Sync mode, as changing V-Sync mode is not supported by the graphics driver.
     at: set_use_vsync (platform/linuxbsd/x11/gl_manager_x11.cpp:364)
OpenGL API 4.5 (Core Profile) Mesa 25.2.8-0ubuntu0.25.10.2 - Compatibility - Using Device: Mesa - llvmpipe (LLVM 20.1.8, 256 bits)

SPORT_SAMPLE {"ack":0,"actor":0,"ball":null,"camera":[65.0,48.0,70.0],"engaged":false,"focused":true,"phase":"countdown","render":[-44.0,0.0,-71.0],"seconds":0.353462333333333,"seq":1,"stage":-1,"v":{"altitude":0.0,"driver":0.0,"flight":false,"gunner":null,"health":300.0,"heat":0.0,"id":0.0,"kind":"puma","maxHealth":300.0,"overheated":false,"passengers":[],"pitchBody":0.0,"respawnTimer":0.0,"roll":0.0,"turretYaw":0.0,"vx":0.0,"vy":0.0,"vz":0.0,"x":-44.0,"y":0.0,"yaw":1.571,"z":-71.0}}
SPORT_SAMPLE {"ack":3,"actor":0,"ball":null,"camera":[-53.0,5.0,-70.9981689453125],"engaged":false,"focused":true,"phase":"countdown","render":[-44.0,0.0,-71.0],"seconds":0.555396333333333,"seq":7,"stage":-1,"v":{"altitude":0.0,"driver":0.0,"flight":false,"gunner":null,"health":300.0,"heat":0.0,"id":0.0,"kind":"puma","maxHealth":300.0,"overheated":false,"passengers":[],"pitchBody":0.0,"respawnTimer":0.0,"roll":0.0,"turretYaw":0.0,"vx":0.0,"vy":0.0,"vz":0.0,"x":-44.0,"y":0.0,"yaw":1.571,"z":-71.0}}
SPORT_SAMPLE {"ack":8,"actor":0,"ball":null,"camera":[-53.0,5.0,-70.9981689453125],"engaged":false,"focused":true,"phase":"countdown","render":[-44.0,0.0,-71.0],"seconds":0.768889333333333,"seq":14,"stage":-1,"v":{"altitude":0.0,"driver":0.0,"flight":false,"gunner":null,"health":300.0,"heat":0.0,"id":0.0,"kind":"puma","maxHealth":300.0,"overheated":false,"passengers":[],"pitchBody":0.0,"respawnTimer":0.0,"roll":0.0,"turretYaw":0.0,"vx":0.0,"vy":0.0,"vz":0.0,"x":-44.0,"y":0.0,"yaw":1.571,"z":-71.0}}
SPORT_SAMPLE {"ack":11,"actor":0,"ball":null,"camera":[-53.0,5.0,-70.9981689453125],"engaged":false,"focused":true,"phase":"countdown","render":[-44.0,0.0,-71.0],"seconds":0.972428666666667,"seq":20,"stage":-1,"v":{"altitude":0.0,"driver":0.0,"flight":false,"gunner":null,"health":300.0,"heat":0.0,"id":0.0,"kind":"puma","maxHealth":300.0,"overheated":false,"passengers":[],"pitchBody":0.0,"respawnTimer":0.0,"roll":0.0,"turretYaw":0.0,"vx":0.0,"vy":0.0,"vz":0.0,"x":-44.0,"y":0.0,"yaw":1.571,"z":-71.0}}
SPORT_SAMPLE {"ack":15,"actor":0,"ball":null,"camera":[-53.0,5.0,-70.9981689453125],"engaged":false,"focused":true,"phase":"countdown","render":[-44.0,0.0,-71.0],"seconds":1.17298319047619,"seq":26,"stage":-1,"v":{"altitude":0.0,"driver":0.0,"flight":false,"gunner":null,"health":300.0,"heat":0.0,"id":0.0,"kind":"puma","maxHealth":300.0,"overheated":false,"passengers":[],"pitchBody":0.0,"respawnTimer":0.0,"roll":0.0,"turretYaw":0.0,"vx":0.0,"vy":0.0,"vz":0.0,"x":-44.0,"y":0.0,"yaw":1.571,"z":-71.0}}
SPORT_SAMPLE {"ack":18,"actor":0,"ball":null,"camera":[-53.0,5.0,-70.9981689453125],"engaged":false,"focused":true,"phase":"countdown","render":[-44.0,0.0,-71.0],"seconds":1.37424242424242,"seq":33,"stage":-1,"v":{"altitude":0.0,"driver":0.0,"flight":false,"gunner":null,"health":300.0,"heat":0.0,"id":0.0,"kind":"puma","maxHealth":300.0,"overheated":false,"passengers":[],"pitchBody":0.0,"respawnTimer":0.0,"roll":0.0,"turretYaw":0.0,"vx":0.0,"vy":0.0,"vz":0.0,"x":-44.0,"y":0.0,"yaw":1.571,"z":-71.0}}
SPORT_SAMPLE {"ack":22,"actor":0,"ball":null,"camera":[-53.0,5.0,-70.9981689453125],"engaged":false,"focused":true,"phase":"countdown","render":[-44.0,0.0,-71.0],"seconds":1.58388422222222,"seq":39,"stage":-1,"v":{"altitude":0.0,"driver":0.0,"flight":false,"gunner":null,"health":300.0,"heat":0.0,"id":0.0,"kind":"puma","maxHealth":300.0,"overheated":false,"passengers":[],"pitchBody":0.0,"respawnTimer":0.0,"roll":0.0,"turretYaw":0.0,"vx":0.0,"vy":0.0,"vz":0.0,"x":-44.0,"y":0.0,"yaw":1.571,"z":-71.0}}
SPORT_SAMPLE {"ack":26,"actor":0,"ball":null,"camera":[-53.0,5.0,-70.9981689453125],"engaged":false,"focused":true,"phase":"countdown","render":[-44.0,0.0,-71.0],"seconds":1.81316666666667,"seq":46,"stage":-1,"v":{"altitude":0.0,"driver":0.0,"flight":false,"gunner":null,"health":300.0,"heat":0.0,"id":0.0,"kind":"puma","maxHealth":300.0,"overheated":false,"passengers":[],"pitchBody":0.0,"respawnTimer":0.0,"roll":0.0,"turretYaw":0.0,"vx":0.0,"vy":0.0,"vz":0.0,"x":-44.0,"y":0.0,"yaw":1.571,"z":-71.0}}
SPORT_SAMPLE {"ack":30,"actor":0,"ball":null,"camera":[-53.0,5.0,-70.9981689453125],"engaged":false,"focused":true,"phase":"countdown","render":[-44.0,0.0,-71.0],"seconds":2.036683,"seq":53,"stage":-1,"v":{"altitude":0.0,"driver":0.0,"flight":false,"gunner":null,"health":300.0,"heat":0.0,"id":0.0,"kind":"puma","maxHealth":300.0,"overheated":false,"passengers":[],"pitchBody":0.0,"respawnTimer":0.0,"roll":0.0,"turretYaw":0.0,"vx":0.0,"vy":0.0,"vz":0.0,"x":-44.0,"y":0.0,"yaw":1.571,"z":-71.0}}
SPORT_SAMPLE {"ack":33,"actor":0,"ball":null,"camera":[-53.0,5.0,-70.9981689453125],"engaged":false,"focused":true,"phase":"countdown","render":[-44.0,0.0,-71.0],"seconds":2.25666666666667,"seq":60,"stage":-1,"v":{"altitude":0.0,"driver":0.0,"flight":false,"gunner":null,"health":300.0,"heat":0.0,"id":0.0,"kind":"puma","maxHealth":300.0,"overheated":false,"passengers":[],"pitchBody":0.0,"respawnTimer":0.0,"roll":0.0,"turretYaw":0.0,"vx":0.0,"vy":0.0,"vz":0.0,"x":-44.0,"y":0.0,"yaw":1.571,"z":-71.0}}
SPORT_SAMPLE {"ack":37,"actor":0,"ball":null,"camera":[-53.0,5.0,-70.9981689453125],"engaged":false,"focused":true,"phase":"countdown","render":[-44.0,0.0,-71.0],"seconds":2.47833333333333,"seq":66,"stage":-1,"v":{"altitude":0.0,"driver":0.0,"flight":false,"gunner":null,"health":300.0,"heat":0.0,"id":0.0,"kind":"puma","maxHealth":300.0,"overheated":false,"passengers":[],"pitchBody":0.0,"respawnTimer":0.0,"roll":0.0,"turretYaw":0.0,"vx":0.0,"vy":0.0,"vz":0.0,"x":-44.0,"y":0.0,"yaw":1.571,"z":-71.0}}
SPORT_SAMPLE {"ack":40,"actor":0,"ball":null,"camera":[-53.0,5.0,-70.9981689453125],"engaged":false,"focused":true,"phase":"countdown","render":[-44.0,0.0,-71.0],"seconds":2.69814814814815,"seq":72,"stage":-1,"v":{"altitude":0.0,"driver":0.0,"flight":false,"gunner":null,"health":300.0,"heat":0.0,"id":0.0,"kind":"puma","maxHealth":300.0,"overheated":false,"passengers":[],"pitchBody":0.0,"respawnTimer":0.0,"roll":0.0,"turretYaw":0.0,"vx":0.0,"vy":0.0,"vz":0.0,"x":-44.0,"y":0.0,"yaw":1.571,"z":-71.0}}
SPORT_SAMPLE {"ack":44,"actor":0,"ball":null,"camera":[-53.0,5.0,-70.9981689453125],"engaged":false,"focused":true,"phase":"countdown","render":[-44.0,0.0,-71.0],"seconds":2.91069871428572,"seq":79,"stage":-1,"v":{"altitude":0.0,"driver":0.0,"flight":false,"gunner":null,"health":300.0,"heat":0.0,"id":0.0,"kind":"puma","maxHealth":300.0,"overheated":false,"passengers":[],"pitchBody":0.0,"respawnTimer":0.0,"roll":0.0,"turretYaw":0.0,"vx":0.0,"vy":0.0,"vz":0.0,"x":-44.0,"y":0.0,"yaw":1.571,"z":-71.0}}
SPORT_SAMPLE {"ack":47,"actor":0,"ball":null,"camera":[-53.0,5.0,-70.9981689453125],"engaged":false,"focused":true,"phase":"countdown","render":[-44.0,0.0,-71.0],"seconds":3.12561033333333,"seq":86,"stage":-1,"v":{"altitude":0.0,"driver":0.0,"flight":false,"gunner":null,"health":300.0,"heat":0.0,"id":0.0,"kind":"puma","maxHealth":300.0,"overheated":false,"passengers":[],"pitchBody":0.0,"respawnTimer":0.0,"roll":0.0,"turretYaw":0.0,"vx":0.0,"vy":0.0,"vz":0.0,"x":-44.0,"y":0.0,"yaw":1.571,"z":-71.0}}
SPORT_EVENT {"key":87,"pressed":false,"seconds":3.27350233333333}
SPORT_EVENT {"key":83,"pressed":false,"seconds":3.27350233333333}
SPORT_EVENT {"key":65,"pressed":false,"seconds":3.27350233333333}
SPORT_EVENT {"key":68,"pressed":false,"seconds":3.27350233333333}
SPORT_EVENT {"key":32,"pressed":false,"seconds":3.27350233333333}
SPORT_EVENT {"key":4194325,"pressed":false,"seconds":3.27350233333333}
SPORT_EVENT {"key":82,"pressed":false,"seconds":3.27350233333333}
SPORT_EVENT {"key":4194309,"pressed":true,"seconds":3.27350233333333}
SPORT_EVENT {"key":4194309,"pressed":false,"seconds":3.27350233333333}
SPORT_EVENT {"key":87,"pressed":true,"seconds":3.27350233333333}
SPORT_STAGE {"seconds":3.27350233333333,"stage":0}
SPORT_SAMPLE {"ack":53,"actor":0,"ball":null,"camera":[-52.993595123291,5.0,-70.9981689453125],"engaged":true,"focused":true,"phase":"racing","render":[-43.9459991455078,0.0,-71.0],"seconds":3.45202085185185,"seq":96,"stage":0,"v":{"altitude":0.0,"driver":0.0,"flight":false,"gunner":null,"health":300.0,"heat":0.0,"id":0.0,"kind":"puma","maxHealth":300.0,"overheated":false,"passengers":[],"pitchBody":0.038,"respawnTimer":0.0,"roll":0.0,"turretYaw":0.0,"vx":1.084,"vy":0.0,"vz":0.0,"x":-43.946,"y":0.0,"yaw":1.571,"z":-71.0}}
SPORT_SAMPLE {"ack":56,"actor":0,"ball":null,"camera":[-52.7528533935547,5.0,-70.9981689453125],"engaged":true,"focused":true,"phase":"racing","render":[-43.4500007629395,0.0,-71.0],"seconds":3.66053937037037,"seq":102,"stage":0,"v":{"altitude":0.0,"driver":0.0,"flight":false,"gunner":null,"health":300.0,"heat":0.0,"id":0.0,"kind":"puma","maxHealth":300.0,"overheated":false,"passengers":[],"pitchBody":0.069,"respawnTimer":0.0,"roll":0.0,"turretYaw":0.0,"vx":3.648,"vy":0.0,"vz":0.0,"x":-43.45,"y":0.0,"yaw":1.571,"z":-71.0}}
SPORT_SAMPLE {"ack":60,"actor":0,"ball":null,"camera":[-51.9132537841797,5.0,-70.9981689453125],"engaged":true,"focused":true,"phase":"racing","render":[-42.2400016784668,0.0,-71.0],"seconds":3.87053937037037,"seq":109,"stage":0,"v":{"altitude":0.0,"driver":0.0,"flight":false,"gunner":null,"health":300.0,"heat":0.0,"id":0.0,"kind":"puma","maxHealth":300.0,"overheated":false,"passengers":[],"pitchBody":0.071,"respawnTimer":0.0,"roll":0.0,"turretYaw":0.0,"vx":6.478,"vy":0.0,"vz":0.0,"x":-42.24,"y":0.0,"yaw":1.571,"z":-71.0}}
SPORT_SAMPLE {"ack":63,"actor":0,"ball":null,"camera":[-50.6164016723633,5.0,-70.9981689453125],"engaged":true,"focused":true,"phase":"racing","render":[-40.7019996643066,0.0,-71.0],"seconds":4.07868751851852,"seq":115,"stage":0,"v":{"altitude":0.0,"driver":0.0,"flight":false,"gunner":null,"health":300.0,"heat":0.0,"id":0.0,"kind":"puma","maxHealth":300.0,"overheated":false,"passengers":[],"pitchBody":0.067,"respawnTimer":0.0,"roll":0.0,"turretYaw":0.0,"vx":8.685,"vy":0.0,"vz":0.0,"x":-40.702,"y":0.0,"yaw":1.571,"z":-71.0}}
SPORT_SAMPLE {"ack":67,"actor":0,"ball":null,"camera":[-48.8716812133789,5.0,-70.9981689453125],"engaged":true,"focused":true,"phase":"racing","render":[-38.7490005493164,0.0,-71.0],"seconds":4.28609492592592,"seq":121,"stage":0,"v":{"altitude":0.0,"driver":0.0,"flight":false,"gunner":null,"health":300.0,"heat":0.0,"id":0.0,"kind":"puma","maxHealth":300.0,"overheated":false,"passengers":[],"pitchBody":0.059,"respawnTimer":0.0,"roll":0.0,"turretYaw":0.0,"vx":10.641,"vy":0.0,"vz":0.0,"x":-38.749,"y":0.0,"yaw":1.571,"z":-71.0}}
SPORT_SAMPLE {"ack":70,"actor":0,"ball":null,"camera":[-46.6322937011719,5.0,-70.9981689453125],"engaged":true,"focused":true,"phase":"racing","render":[-36.4329986572266,0.0,-71.0],"seconds":4.49287696296296,"seq":127,"stage":0,"v":{"altitude":0.0,"driver":0.0,"flight":false,"gunner":null,"health":300.0,"heat":0.0,"id":0.0,"kind":"puma","maxHealth":300.0,"overheated":false,"passengers":[],"pitchBody":0.052,"respawnTimer":0.0,"roll":0.0,"turretYaw":0.0,"vx":12.328,"vy":0.0,"vz":0.0,"x":-36.433,"y":0.0,"yaw":1.571,"z":-71.0}}
SPORT_SAMPLE {"ack":74,"actor":0,"ball":null,"camera":[-44.0390815734863,5.0,-70.9981689453125],"engaged":true,"focused":true,"phase":"racing","render":[-33.3460006713867,0.0,-71.0],"seconds":4.69999999999999,"seq":134,"stage":0,"v":{"altitude":0.0,"driver":0.0,"flight":false,"gunner":null,"health":300.0,"heat":0.0,"id":0.0,"kind":"puma","maxHealth":300.0,"overheated":false,"passengers":[],"pitchBody":0.042,"respawnTimer":0.0,"roll":0.0,"turretYaw":0.0,"vx":13.959,"vy":0.0,"vz":0.0,"x":-33.346,"y":0.0,"yaw":1.571,"z":-71.0}}
SPORT_EVENT {"key":87,"pressed":false,"seconds":4.75925925925925}
SPORT_EVENT {"key":83,"pressed":false,"seconds":4.75925925925925}
SPORT_EVENT {"key":65,"pressed":false,"seconds":4.75925925925925}
SPORT_EVENT {"key":68,"pressed":false,"seconds":4.75925925925925}
SPORT_EVENT {"key":32,"pressed":false,"seconds":4.75925925925925}
SPORT_EVENT {"key":4194325,"pressed":false,"seconds":4.75925925925925}
SPORT_EVENT {"key":82,"pressed":false,"seconds":4.75925925925925}
SPORT_EVENT {"key":87,"pressed":true,"seconds":4.75925925925925}
SPORT_EVENT {"key":68,"pressed":true,"seconds":4.75925925925925}
SPORT_STAGE {"seconds":4.75925925925925,"stage":1}
SPORT_SAMPLE {"ack":78,"actor":0,"ball":null,"camera":[-40.6154937744141,5.0,-70.6388702392578],"engaged":true,"focused":true,"phase":"racing","render":[-29.9230003356934,0.0,-71.0270004272461],"seconds":4.93488933333332,"seq":141,"stage":1,"v":{"altitude":0.0,"driver":0.0,"flight":false,"gunner":null,"health":300.0,"heat":0.0,"id":0.0,"kind":"puma","maxHealth":300.0,"overheated":false,"passengers":[],"pitchBody":0.027,"respawnTimer":0.0,"roll":-0.17,"turretYaw":0.0,"vx":15.169,"vy":0.0,"vz":-0.773,"x":-29.923,"y":0.0,"yaw":1.782,"z":-71.027}}
SPORT_SAMPLE {"ack":81,"actor":0,"ball":null,"camera":[-36.482536315918,5.0,-67.7006149291992],"engaged":true,"focused":true,"phase":"racing","render":[-26.9740009307861,0.0,-71.6969985961914],"seconds":5.13585333333332,"seq":147,"stage":1,"v":{"altitude":0.0,"driver":0.0,"flight":false,"gunner":null,"health":300.0,"heat":0.0,"id":0.0,"kind":"puma","maxHealth":300.0,"overheated":false,"passengers":[],"pitchBody":-0.002,"respawnTimer":0.0,"roll":-0.314,"turretYaw":0.0,"vx":13.979,"vy":0.0,"vz":-5.617,"x":-26.974,"y":0.0,"yaw":2.167,"z":-71.697}}
SPORT_SAMPLE {"ack":87,"actor":0,"ball":null,"camera":[-32.0298233032227,5.0,-66.3833312988281],"engaged":true,"focused":true,"phase":"racing","render":[-24.125,0.0,-73.6009979248047],"seconds":5.33712233333332,"seq":154,"stage":1,"v":{"altitude":0.0,"driver":0.0,"flight":false,"gunner":null,"health":300.0,"heat":0.0,"id":0.0,"kind":"puma","maxHealth":300.0,"overheated":false,"passengers":[],"pitchBody":-0.013,"respawnTimer":0.0,"roll":-0.344,"turretYaw":0.0,"vx":10.423,"vy":0.0,"vz":-10.069,"x":-24.125,"y":0.0,"yaw":2.547,"z":-73.601}}
SPORT_SAMPLE {"ack":92,"actor":0,"ball":null,"camera":[-27.1750507354736,5.0,-66.5431137084961],"engaged":true,"focused":true,"phase":"racing","render":[-22.4890003204346,0.0,-75.9010009765625],"seconds":5.54186833333332,"seq":160,"stage":1,"v":{"altitude":0.0,"driver":0.0,"flight":false,"gunner":null,"health":300.0,"heat":0.0,"id":0.0,"kind":"puma","maxHealth":300.0,"overheated":false,"passengers":[],"pitchBody":-0.018,"respawnTimer":0.0,"roll":-0.349,"turretYaw":0.0,"vx":6.087,"vy":0.0,"vz":-12.527,"x":-22.489,"y":0.0,"yaw":2.929,"z":-75.901}}
SPORT_SAMPLE {"ack":97,"actor":0,"ball":null,"camera":[-22.0988845825195,5.0,-68.4353637695312],"engaged":true,"focused":true,"phase":"racing","render":[-21.8540000915527,0.0,-78.5559997558594],"seconds":5.74841595238094,"seq":166,"stage":1,"v":{"altitude":0.0,"driver":0.0,"flight":false,"gunner":null,"health":300.0,"heat":0.0,"id":0.0,"kind":"puma","maxHealth":300.0,"overheated":false,"passengers":[],"pitchBody":-0.009,"respawnTimer":0.0,"roll":-0.35,"turretYaw":0.0,"vx":0.553,"vy":0.0,"vz":-13.672,"x":-21.854,"y":0.0,"yaw":3.365,"z":-78.556}}
SPORT_SAMPLE {"ack":103,"actor":0,"ball":null,"camera":[-18.7195053100586,5.0,-70.7102355957031],"engaged":true,"focused":true,"phase":"racing","render":[-21.9020004272461,0.0,-79.3059997558594],"seconds":5.95492399999999,"seq":172,"stage":1,"v":{"altitude":0.0,"driver":0.0,"flight":false,"gunner":null,"health":300.0,"heat":0.0,"id":0.0,"kind":"puma","maxHealth":300.0,"overheated":false,"passengers":[],"pitchBody":0.018,"respawnTimer":0.0,"roll":-0.113,"turretYaw":0.0,"vx":-0.085,"vy":0.0,"vz":-0.164,"x":-21.902,"y":0.0,"yaw":3.635,"z":-79.306}}
SPORT_SAMPLE {"ack":109,"actor":0,"ball":null,"camera":[-16.8023147583008,5.0,-71.9369354248047],"engaged":true,"focused":true,"phase":"racing","render":[-21.9060001373291,0.0,-79.3140029907227],"seconds":6.16444780952379,"seq":179,"stage":1,"v":{"altitude":0.0,"driver":0.0,"flight":false,"gunner":null,"health":300.0,"heat":0.0,"id":0.0,"kind":"puma","maxHealth":300.0,"overheated":false,"passengers":[],"pitchBody":0.001,"respawnTimer":0.0,"roll":-0.018,"turretYaw":0.0,"vx":0.0,"vy":0.0,"vz":0.0,"x":-21.906,"y":0.0,"yaw":3.864,"z":-79.314}}
SPORT_EVENT {"key":87,"pressed":false,"seconds":6.25968590476189}
SPORT_EVENT {"key":83,"pressed":false,"seconds":6.25968590476189}
SPORT_EVENT {"key":65,"pressed":false,"seconds":6.25968590476189}
SPORT_EVENT {"key":68,"pressed":false,"seconds":6.25968590476189}
SPORT_EVENT {"key":32,"pressed":false,"seconds":6.25968590476189}
SPORT_EVENT {"key":4194325,"pressed":false,"seconds":6.25968590476189}
SPORT_EVENT {"key":82,"pressed":false,"seconds":6.25968590476189}
SPORT_EVENT {"key":32,"pressed":true,"seconds":6.25968590476189}
SPORT_STAGE {"seconds":6.25968590476189,"stage":2}
SPORT_SAMPLE {"ack":115,"actor":0,"ball":null,"camera":[-15.2687301635742,5.0,-73.280891418457],"engaged":true,"focused":true,"phase":"racing","render":[-21.9080009460449,0.0,-79.3160018920898],"seconds":6.41818366666665,"seq":187,"stage":2,"v":{"altitude":0.0,"driver":0.0,"flight":false,"gunner":null,"health":300.0,"heat":0.0,"id":0.0,"kind":"puma","maxHealth":300.0,"overheated":false,"passengers":[],"pitchBody":0.0,"respawnTimer":0.0,"roll":-0.002,"turretYaw":0.0,"vx":0.0,"vy":0.0,"vz":0.0,"x":-21.908,"y":0.0,"yaw":4.013,"z":-79.316}}
SPORT_SAMPLE {"ack":120,"actor":0,"ball":null,"camera":[-15.0491409301758,5.0,-73.4947280883789],"engaged":true,"focused":true,"phase":"racing","render":[-21.9080009460449,0.0,-79.3160018920898],"seconds":6.63512263636362,"seq":193,"stage":2,"v":{"altitude":0.0,"driver":0.0,"flight":false,"gunner":null,"health":300.0,"heat":0.0,"id":0.0,"kind":"puma","maxHealth":300.0,"overheated":false,"passengers":[],"pitchBody":0.0,"respawnTimer":0.0,"roll":0.0,"turretYaw":0.0,"vx":0.0,"vy":0.0,"vz":0.0,"x":-21.908,"y":0.0,"yaw":4.013,"z":-79.316}}
SPORT_SAMPLE {"ack":126,"actor":0,"ball":null,"camera":[-15.024600982666,5.0,-73.5186233520508],"engaged":true,"focused":true,"phase":"racing","render":[-21.9080009460449,0.0,-79.3160018920898],"seconds":6.83853440740739,"seq":200,"stage":2,"v":{"altitude":0.0,"driver":0.0,"flight":false,"gunner":null,"health":300.0,"heat":0.0,"id":0.0,"kind":"puma","maxHealth":300.0,"overheated":false,"passengers":[],"pitchBody":0.0,"respawnTimer":0.0,"roll":0.0,"turretYaw":0.0,"vx":0.0,"vy":0.0,"vz":0.0,"x":-21.908,"y":0.0,"yaw":4.013,"z":-79.316}}
SPORT_SAMPLE {"ack":130,"actor":0,"ball":null,"camera":[-15.0213632583618,5.0,-73.5217819213867],"engaged":true,"focused":true,"phase":"racing","render":[-21.9080009460449,0.0,-79.3160018920898],"seconds":7.04268040740739,"seq":205,"stage":2,"v":{"altitude":0.0,"driver":0.0,"flight":false,"gunner":null,"health":300.0,"heat":0.0,"id":0.0,"kind":"puma","maxHealth":300.0,"overheated":false,"passengers":[],"pitchBody":0.0,"respawnTimer":0.0,"roll":0.0,"turretYaw":0.0,"vx":0.0,"vy":0.0,"vz":0.0,"x":-21.908,"y":0.0,"yaw":4.013,"z":-79.316}}
SPORT_SAMPLE {"ack":136,"actor":0,"ball":null,"camera":[-15.0209436416626,5.0,-73.5221862792969],"engaged":true,"focused":true,"phase":"racing","render":[-21.9080009460449,0.0,-79.3160018920898],"seconds":7.24629629629629,"seq":212,"stage":2,"v":{"altitude":0.0,"driver":0.0,"flight":false,"gunner":null,"health":300.0,"heat":0.0,"id":0.0,"kind":"puma","maxHealth":300.0,"overheated":false,"passengers":[],"pitchBody":0.0,"respawnTimer":0.0,"roll":0.0,"turretYaw":0.0,"vx":0.0,"vy":0.0,"vz":0.0,"x":-21.908,"y":0.0,"yaw":4.013,"z":-79.316}}
SPORT_SAMPLE {"ack":141,"actor":0,"ball":null,"camera":[-15.0208883285522,5.0,-73.5222320556641],"engaged":true,"focused":true,"phase":"racing","render":[-21.9080009460449,0.0,-79.3160018920898],"seconds":7.44999999999999,"seq":218,"stage":2,"v":{"altitude":0.0,"driver":0.0,"flight":false,"gunner":null,"health":300.0,"heat":0.0,"id":0.0,"kind":"puma","maxHealth":300.0,"overheated":false,"passengers":[],"pitchBody":0.0,"respawnTimer":0.0,"roll":0.0,"turretYaw":0.0,"vx":0.0,"vy":0.0,"vz":0.0,"x":-21.908,"y":0.0,"yaw":4.013,"z":-79.316}}
SPORT_SAMPLE {"ack":146,"actor":0,"ball":null,"camera":[-15.020881652832,5.0,-73.5222320556641],"engaged":true,"focused":true,"phase":"racing","render":[-21.9080009460449,0.0,-79.3160018920898],"seconds":7.65289999999999,"seq":224,"stage":2,"v":{"altitude":0.0,"driver":0.0,"flight":false,"gunner":null,"health":300.0,"heat":0.0,"id":0.0,"kind":"puma","maxHealth":300.0,"overheated":false,"passengers":[],"pitchBody":0.0,"respawnTimer":0.0,"roll":0.0,"turretYaw":0.0,"vx":0.0,"vy":0.0,"vz":0.0,"x":-21.908,"y":0.0,"yaw":4.013,"z":-79.316}}
SPORT_EVENT {"key":87,"pressed":false,"seconds":7.75327037037036}
SPORT_EVENT {"key":83,"pressed":false,"seconds":7.75327037037036}
SPORT_EVENT {"key":65,"pressed":false,"seconds":7.75327037037036}
SPORT_EVENT {"key":68,"pressed":false,"seconds":7.75327037037036}
SPORT_EVENT {"key":32,"pressed":false,"seconds":7.75327037037036}
SPORT_EVENT {"key":4194325,"pressed":false,"seconds":7.75327037037036}
SPORT_EVENT {"key":82,"pressed":false,"seconds":7.75327037037036}
SPORT_EVENT {"key":83,"pressed":true,"seconds":7.75327037037036}
SPORT_STAGE {"seconds":7.75327037037036,"stage":3}
SPORT_SAMPLE {"ack":152,"actor":0,"ball":null,"camera":[-15.0117502212524,5.0,-73.5145721435547],"engaged":true,"focused":true,"phase":"racing","render":[-21.871000289917,0.0,-79.2850036621094],"seconds":7.91555122222221,"seq":232,"stage":3,"v":{"altitude":0.0,"driver":0.0,"flight":false,"gunner":null,"health":300.0,"heat":0.0,"id":0.0,"kind":"puma","maxHealth":300.0,"overheated":false,"passengers":[],"pitchBody":-0.019,"respawnTimer":0.0,"roll":0.0,"turretYaw":0.0,"vx":0.499,"vy":0.0,"vz":0.42,"x":-21.871,"y":0.0,"yaw":4.013,"z":-79.285}}
SPORT_SAMPLE {"ack":157,"actor":0,"ball":null,"camera":[-14.9047107696533,5.0,-73.4243850708008],"engaged":true,"focused":true,"phase":"racing","render":[-21.6900005340576,0.0,-79.1330032348633],"seconds":8.11925492592592,"seq":238,"stage":3,"v":{"altitude":0.0,"driver":0.0,"flight":false,"gunner":null,"health":300.0,"heat":0.0,"id":0.0,"kind":"puma","maxHealth":300.0,"overheated":false,"passengers":[],"pitchBody":-0.027,"respawnTimer":0.0,"roll":0.0,"turretYaw":0.0,"vx":1.242,"vy":0.0,"vz":1.045,"x":-21.69,"y":0.0,"yaw":4.013,"z":-79.133}}
SPORT_SCREENSHOT 0
SPORT_SAMPLE {"ack":161,"actor":0,"ball":null,"camera":[-14.7151327133179,5.0,-73.2646942138672],"engaged":true,"focused":true,"phase":"racing","render":[-21.4270000457764,0.0,-78.911003112793],"seconds":8.4,"seq":243,"stage":3,"v":{"altitude":0.0,"driver":0.0,"flight":false,"gunner":null,"health":300.0,"heat":0.0,"id":0.0,"kind":"puma","maxHealth":300.0,"overheated":false,"passengers":[],"pitchBody":-0.028,"respawnTimer":0.0,"roll":0.0,"turretYaw":0.0,"vx":1.85,"vy":0.0,"vz":1.556,"x":-21.427,"y":0.0,"yaw":4.013,"z":-78.911}}
SPORT_SAMPLE {"ack":167,"actor":0,"ball":null,"camera":[-13.9289770126343,5.0,-72.6036071777344],"engaged":true,"focused":true,"phase":"racing","render":[-20.5020008087158,0.0,-78.1330032348633],"seconds":8.60555555555555,"seq":254,"stage":3,"v":{"altitude":0.0,"driver":0.0,"flight":false,"gunner":null,"health":300.0,"heat":0.0,"id":0.0,"kind":"puma","maxHealth":300.0,"overheated":false,"passengers":[],"pitchBody":-0.027,"respawnTimer":0.0,"roll":0.0,"turretYaw":0.0,"vx":3.12,"vy":0.0,"vz":2.625,"x":-20.502,"y":0.0,"yaw":4.013,"z":-78.133}}
SPORT_SAMPLE {"ack":172,"actor":0,"ball":null,"camera":[-13.1715488433838,5.0,-71.966064453125],"engaged":true,"focused":true,"phase":"racing","render":[-19.6800003051758,0.0,-77.4410018920898],"seconds":8.82264866666666,"seq":261,"stage":3,"v":{"altitude":0.0,"driver":0.0,"flight":false,"gunner":null,"health":300.0,"heat":0.0,"id":0.0,"kind":"puma","maxHealth":300.0,"overheated":false,"passengers":[],"pitchBody":-0.025,"respawnTimer":0.0,"roll":0.0,"turretYaw":0.0,"vx":3.866,"vy":0.0,"vz":3.253,"x":-19.68,"y":0.0,"yaw":4.013,"z":-77.441}}
SPORT_SAMPLE {"ack":177,"actor":0,"ball":null,"camera":[-12.3765926361084,5.0,-71.2970504760742],"engaged":true,"focused":true,"phase":"racing","render":[-18.8419990539551,0.0,-76.7360000610352],"seconds":9.0253524074074,"seq":267,"stage":3,"v":{"altitude":0.0,"driver":0.0,"flight":false,"gunner":null,"health":300.0,"heat":0.0,"id":0.0,"kind":"puma","maxHealth":300.0,"overheated":false,"passengers":[],"pitchBody":-0.023,"respawnTimer":0.0,"roll":0.0,"turretYaw":0.0,"vx":4.459,"vy":0.0,"vz":3.752,"x":-18.842,"y":0.0,"yaw":4.013,"z":-76.736}}
SPORT_SAMPLE {"ack":182,"actor":0,"ball":null,"camera":[-11.472526550293,5.0,-70.5362701416016],"engaged":true,"focused":true,"phase":"racing","render":[-17.9260005950928,0.0,-75.9649963378906],"seconds":9.22757462962962,"seq":273,"stage":3,"v":{"altitude":0.0,"driver":0.0,"flight":false,"gunner":null,"health":300.0,"heat":0.0,"id":0.0,"kind":"puma","maxHealth":300.0,"overheated":false,"passengers":[],"pitchBody":-0.007,"respawnTimer":0.0,"roll":0.0,"turretYaw":0.0,"vx":4.591,"vy":0.0,"vz":3.863,"x":-17.926,"y":0.0,"yaw":4.013,"z":-75.965}}
SPORT_EVENT {"key":87,"pressed":false,"seconds":9.24757462962962}
SPORT_EVENT {"key":83,"pressed":false,"seconds":9.24757462962962}
SPORT_EVENT {"key":65,"pressed":false,"seconds":9.24757462962962}
SPORT_EVENT {"key":68,"pressed":false,"seconds":9.24757462962962}
SPORT_EVENT {"key":32,"pressed":false,"seconds":9.24757462962962}
SPORT_EVENT {"key":4194325,"pressed":false,"seconds":9.24757462962962}
SPORT_EVENT {"key":82,"pressed":false,"seconds":9.24757462962962}
SPORT_EVENT {"key":4194305,"pressed":true,"seconds":9.24757462962962}
SPORT_EVENT {"key":4194305,"pressed":false,"seconds":9.24757462962962}
SPORT_EVENT {"key":87,"pressed":true,"seconds":9.24757462962962}
SPORT_STAGE {"seconds":9.24757462962962,"stage":4}
SPORT_SAMPLE {"ack":188,"actor":0,"ball":null,"camera":[-10.5201196670532,5.0,-69.7350540161133],"engaged":false,"focused":true,"phase":"racing","render":[-16.8920001983643,0.0,-75.0950012207031],"seconds":9.44399033333332,"seq":280,"stage":4,"v":{"altitude":0.0,"driver":0.0,"flight":false,"gunner":null,"health":300.0,"heat":0.0,"id":0.0,"kind":"puma","maxHealth":300.0,"overheated":false,"passengers":[],"pitchBody":0.013,"respawnTimer":0.0,"roll":0.0,"turretYaw":0.0,"vx":4.188,"vy":0.0,"vz":3.524,"x":-16.892,"y":0.0,"yaw":4.013,"z":-75.095}}
SPORT_SAMPLE {"ack":194,"actor":0,"ball":null,"camera":[-9.66088008880615,5.0,-69.0121459960938],"engaged":false,"focused":true,"phase":"racing","render":[-16.1040000915527,0.0,-74.431999206543],"seconds":9.65160133333332,"seq":286,"stage":4,"v":{"altitude":0.0,"driver":0.0,"flight":false,"gunner":null,"health":300.0,"heat":0.0,"id":0.0,"kind":"puma","maxHealth":300.0,"overheated":false,"passengers":[],"pitchBody":0.017,"respawnTimer":0.0,"roll":0.0,"turretYaw":0.0,"vx":3.737,"vy":0.0,"vz":3.144,"x":-16.104,"y":0.0,"yaw":4.013,"z":-74.432}}
SPORT_SAMPLE {"ack":199,"actor":0,"ball":null,"camera":[-8.90316295623779,5.0,-68.3745346069336],"engaged":false,"focused":true,"phase":"racing","render":[-15.4020004272461,0.0,-73.8420028686523],"seconds":9.85785133333333,"seq":292,"stage":4,"v":{"altitude":0.0,"driver":0.0,"flight":false,"gunner":null,"health":300.0,"heat":0.0,"id":0.0,"kind":"puma","maxHealth":300.0,"overheated":false,"passengers":[],"pitchBody":0.016,"respawnTimer":0.0,"roll":0.0,"turretYaw":0.0,"vx":3.316,"vy":0.0,"vz":2.79,"x":-15.402,"y":0.0,"yaw":4.013,"z":-73.842}}
SPORT_SAMPLE {"ack":204,"actor":0,"ball":null,"camera":[-8.22198581695557,5.0,-67.8015670776367],"engaged":false,"focused":true,"phase":"racing","render":[-14.7819995880127,0.0,-73.3199996948242],"seconds":10.0600883333333,"seq":298,"stage":4,"v":{"altitude":0.0,"driver":0.0,"flight":false,"gunner":null,"health":300.0,"heat":0.0,"id":0.0,"kind":"puma","maxHealth":300.0,"overheated":false,"passengers":[],"pitchBody":0.016,"respawnTimer":0.0,"roll":0.0,"turretYaw":0.0,"vx":2.92,"vy":0.0,"vz":2.457,"x":-14.782,"y":0.0,"yaw":4.013,"z":-73.32}}
SPORT_SAMPLE {"ack":211,"actor":0,"ball":null,"camera":[-7.58322811126709,5.0,-67.2638626098633],"engaged":false,"focused":true,"phase":"racing","render":[-14.1560001373291,0.0,-72.7929992675781],"seconds":10.277901,"seq":305,"stage":4,"v":{"altitude":0.0,"driver":0.0,"flight":false,"gunner":null,"health":300.0,"heat":0.0,"id":0.0,"kind":"puma","maxHealth":300.0,"overheated":false,"passengers":[],"pitchBody":0.015,"respawnTimer":0.0,"roll":0.0,"turretYaw":0.0,"vx":2.484,"vy":0.0,"vz":2.09,"x":-14.156,"y":0.0,"yaw":4.013,"z":-72.793}}
SPORT_SAMPLE {"ack":216,"actor":0,"ball":null,"camera":[-7.03871726989746,5.0,-66.8056564331055],"engaged":false,"focused":true,"phase":"racing","render":[-13.6979999542236,0.0,-72.4079971313477],"seconds":10.4933467777778,"seq":311,"stage":4,"v":{"altitude":0.0,"driver":0.0,"flight":false,"gunner":null,"health":300.0,"heat":0.0,"id":0.0,"kind":"puma","maxHealth":300.0,"overheated":false,"passengers":[],"pitchBody":0.014,"respawnTimer":0.0,"roll":0.0,"turretYaw":0.0,"vx":2.129,"vy":0.0,"vz":1.791,"x":-13.698,"y":0.0,"yaw":4.013,"z":-72.408}}
SPORT_SAMPLE {"ack":222,"actor":0,"ball":null,"camera":[-6.56400156021118,5.0,-66.4062728881836],"engaged":false,"focused":true,"phase":"racing","render":[-13.2510004043579,0.0,-72.0319976806641],"seconds":10.7100134444444,"seq":318,"stage":4,"v":{"altitude":0.0,"driver":0.0,"flight":false,"gunner":null,"health":300.0,"heat":0.0,"id":0.0,"kind":"puma","maxHealth":300.0,"overheated":false,"passengers":[],"pitchBody":0.013,"respawnTimer":0.0,"roll":0.0,"turretYaw":0.0,"vx":1.731,"vy":0.0,"vz":1.457,"x":-13.251,"y":0.0,"yaw":4.013,"z":-72.032}}
SPORT_EVENT {"key":87,"pressed":false,"seconds":10.7461245555556}
SPORT_EVENT {"key":83,"pressed":false,"seconds":10.7461245555556}
SPORT_EVENT {"key":65,"pressed":false,"seconds":10.7461245555556}
SPORT_EVENT {"key":68,"pressed":false,"seconds":10.7461245555556}
SPORT_EVENT {"key":32,"pressed":false,"seconds":10.7461245555556}
SPORT_EVENT {"key":4194325,"pressed":false,"seconds":10.7461245555556}
SPORT_EVENT {"key":82,"pressed":false,"seconds":10.7461245555556}
SPORT_EVENT {"key":4194309,"pressed":true,"seconds":10.7461245555556}
SPORT_EVENT {"key":4194309,"pressed":false,"seconds":10.7461245555556}
SPORT_EVENT {"key":87,"pressed":true,"seconds":10.7461245555556}
SPORT_EVENT {"key":4194325,"pressed":true,"seconds":10.7461245555556}
SPORT_STAGE {"seconds":10.7461245555556,"stage":5}
SPORT_SAMPLE {"ack":229,"actor":0,"ball":null,"camera":[-6.21936511993408,5.0,-66.1162567138672],"engaged":true,"focused":true,"phase":"racing","render":[-13.0389995574951,0.0,-71.8529968261719],"seconds":10.9271364848485,"seq":325,"stage":5,"v":{"altitude":0.0,"driver":0.0,"flight":false,"gunner":null,"health":300.0,"heat":0.0,"id":0.0,"kind":"puma","maxHealth":300.0,"overheated":false,"passengers":[],"pitchBody":0.083,"respawnTimer":0.0,"roll":0.0,"turretYaw":0.0,"vx":-0.557,"vy":0.0,"vz":-0.469,"x":-13.039,"y":0.0,"yaw":4.013,"z":-71.853}}
SPORT_SAMPLE {"ack":234,"actor":0,"ball":null,"camera":[-6.3859691619873,5.0,-66.2565536499023],"engaged":true,"focused":true,"phase":"racing","render":[-13.4910001754761,0.0,-72.234001159668],"seconds":11.1443082020202,"seq":331,"stage":5,"v":{"altitude":0.0,"driver":0.0,"flight":false,"gunner":null,"health":300.0,"heat":0.0,"id":0.0,"kind":"puma","maxHealth":300.0,"overheated":false,"passengers":[],"pitchBody":0.113,"respawnTimer":0.0,"roll":0.0,"turretYaw":0.0,"vx":-3.689,"vy":0.0,"vz":-3.104,"x":-13.491,"y":0.0,"yaw":4.013,"z":-72.234}}
SPORT_SAMPLE {"ack":241,"actor":0,"ball":null,"camera":[-7.2407283782959,5.0,-66.9755554199219],"engaged":true,"focused":true,"phase":"racing","render":[-14.7840003967285,0.0,-73.3219985961914],"seconds":11.3613536565657,"seq":338,"stage":5,"v":{"altitude":0.0,"driver":0.0,"flight":false,"gunner":null,"health":300.0,"heat":0.0,"id":0.0,"kind":"puma","maxHealth":300.0,"overheated":false,"passengers":[],"pitchBody":0.112,"respawnTimer":0.0,"roll":0.0,"turretYaw":0.0,"vx":-7.086,"vy":0.0,"vz":-5.962,"x":-14.784,"y":0.0,"yaw":4.013,"z":-73.322}}
SPORT_SAMPLE {"ack":246,"actor":0,"ball":null,"camera":[-8.68811702728271,5.0,-68.1934585571289],"engaged":true,"focused":true,"phase":"racing","render":[-16.4829998016357,0.0,-74.7509994506836],"seconds":11.5613536565657,"seq":344,"stage":5,"v":{"altitude":0.0,"driver":0.0,"flight":false,"gunner":null,"health":300.0,"heat":0.0,"id":0.0,"kind":"puma","maxHealth":300.0,"overheated":false,"passengers":[],"pitchBody":0.101,"respawnTimer":0.0,"roll":0.0,"turretYaw":0.0,"vx":-9.629,"vy":0.0,"vz":-8.103,"x":-16.483,"y":0.0,"yaw":4.013,"z":-74.751}}
SPORT_SAMPLE {"ack":251,"actor":0,"ball":null,"camera":[-10.7139129638672,5.0,-69.8981170654297],"engaged":true,"focused":true,"phase":"racing","render":[-18.6480007171631,0.0,-76.572998046875],"seconds":11.7641464848485,"seq":350,"stage":5,"v":{"altitude":0.0,"driver":0.0,"flight":false,"gunner":null,"health":300.0,"heat":0.0,"id":0.0,"kind":"puma","maxHealth":300.0,"overheated":false,"passengers":[],"pitchBody":0.086,"respawnTimer":0.0,"roll":0.0,"turretYaw":0.0,"vx":-11.766,"vy":0.0,"vz":-9.9,"x":-18.648,"y":0.0,"yaw":4.013,"z":-76.573}}
SPORT_SAMPLE {"ack":256,"actor":0,"ball":null,"camera":[-13.1015396118164,5.0,-71.9072494506836],"engaged":true,"focused":true,"phase":"racing","render":[-21.1940002441406,0.0,-78.7149963378906],"seconds":11.9654206666667,"seq":356,"stage":5,"v":{"altitude":0.0,"driver":0.0,"flight":false,"gunner":null,"health":300.0,"heat":0.0,"id":0.0,"kind":"puma","maxHealth":300.0,"overheated":false,"passengers":[],"pitchBody":0.07,"respawnTimer":0.0,"roll":0.0,"turretYaw":0.0,"vx":-13.49,"vy":0.0,"vz":-11.351,"x":-21.194,"y":0.0,"yaw":4.013,"z":-78.715}}
SPORT_SAMPLE {"ack":261,"actor":0,"ball":null,"camera":[-14.7348928451538,5.0,-73.2816925048828],"engaged":true,"focused":true,"phase":"racing","render":[-21.9080009460449,0.0,-79.3160018920898],"seconds":12.1691243703704,"seq":362,"stage":5,"v":{"altitude":0.0,"driver":0.0,"flight":false,"gunner":null,"health":300.0,"heat":0.0,"id":0.0,"kind":"puma","maxHealth":300.0,"overheated":false,"passengers":[],"pitchBody":0.026,"respawnTimer":0.0,"roll":0.0,"turretYaw":0.0,"vx":0.0,"vy":0.0,"vz":0.0,"x":-21.908,"y":0.0,"yaw":4.013,"z":-79.316}}
SPORT_EVENT {"key":87,"pressed":false,"seconds":12.2506058518518}
SPORT_EVENT {"key":83,"pressed":false,"seconds":12.2506058518518}
SPORT_EVENT {"key":65,"pressed":false,"seconds":12.2506058518518}
SPORT_EVENT {"key":68,"pressed":false,"seconds":12.2506058518518}
SPORT_EVENT {"key":32,"pressed":false,"seconds":12.2506058518518}
SPORT_EVENT {"key":4194325,"pressed":false,"seconds":12.2506058518518}
SPORT_EVENT {"key":82,"pressed":false,"seconds":12.2506058518518}
SPORT_EVENT {"key":87,"pressed":true,"seconds":12.2506058518518}
SPORT_STAGE {"seconds":12.2506058518518,"stage":6}
SPORT_SAMPLE {"ack":268,"actor":0,"ball":null,"camera":[-14.9956541061401,5.0,-73.5010299682617],"engaged":false,"focused":false,"phase":"racing","render":[-21.9080009460449,0.0,-79.3160018920898],"seconds":12.411562,"seq":370,"stage":6,"v":{"altitude":0.0,"driver":0.0,"flight":false,"gunner":null,"health":300.0,"heat":0.0,"id":0.0,"kind":"puma","maxHealth":300.0,"overheated":false,"passengers":[],"pitchBody":0.003,"respawnTimer":0.0,"roll":0.0,"turretYaw":0.0,"vx":0.0,"vy":0.0,"vz":0.0,"x":-21.908,"y":0.0,"yaw":4.013,"z":-79.316}}
SPORT_SAMPLE {"ack":273,"actor":0,"ball":null,"camera":[-15.0175628662109,5.0,-73.5194549560547],"engaged":false,"focused":false,"phase":"racing","render":[-21.9080009460449,0.0,-79.3160018920898],"seconds":12.6148148148148,"seq":376,"stage":6,"v":{"altitude":0.0,"driver":0.0,"flight":false,"gunner":null,"health":300.0,"heat":0.0,"id":0.0,"kind":"puma","maxHealth":300.0,"overheated":false,"passengers":[],"pitchBody":0.001,"respawnTimer":0.0,"roll":0.0,"turretYaw":0.0,"vx":0.0,"vy":0.0,"vz":0.0,"x":-21.908,"y":0.0,"yaw":4.013,"z":-79.316}}
SPORT_SAMPLE {"ack":278,"actor":0,"ball":null,"camera":[-15.0204467773438,5.0,-73.5218811035156],"engaged":false,"focused":false,"phase":"racing","render":[-21.9080009460449,0.0,-79.3160018920898],"seconds":12.8185185185185,"seq":382,"stage":6,"v":{"altitude":0.0,"driver":0.0,"flight":false,"gunner":null,"health":300.0,"heat":0.0,"id":0.0,"kind":"puma","maxHealth":300.0,"overheated":false,"passengers":[],"pitchBody":0.0,"respawnTimer":0.0,"roll":0.0,"turretYaw":0.0,"vx":0.0,"vy":0.0,"vz":0.0,"x":-21.908,"y":0.0,"yaw":4.013,"z":-79.316}}
SPORT_SAMPLE {"ack":283,"actor":0,"ball":null,"camera":[-15.0208292007446,5.0,-73.5222091674805],"engaged":false,"focused":false,"phase":"racing","render":[-21.9080009460449,0.0,-79.3160018920898],"seconds":13.0333333333333,"seq":389,"stage":6,"v":{"altitude":0.0,"driver":0.0,"flight":false,"gunner":null,"health":300.0,"heat":0.0,"id":0.0,"kind":"puma","maxHealth":300.0,"overheated":false,"passengers":[],"pitchBody":0.0,"respawnTimer":0.0,"roll":0.0,"turretYaw":0.0,"vx":0.0,"vy":0.0,"vz":0.0,"x":-21.908,"y":0.0,"yaw":4.013,"z":-79.316}}
SPORT_SAMPLE {"ack":288,"actor":0,"ball":null,"camera":[-15.0208740234375,5.0,-73.5222320556641],"engaged":false,"focused":false,"phase":"racing","render":[-21.9080009460449,0.0,-79.3160018920898],"seconds":13.2416666666667,"seq":395,"stage":6,"v":{"altitude":0.0,"driver":0.0,"flight":false,"gunner":null,"health":300.0,"heat":0.0,"id":0.0,"kind":"puma","maxHealth":300.0,"overheated":false,"passengers":[],"pitchBody":0.0,"respawnTimer":0.0,"roll":0.0,"turretYaw":0.0,"vx":0.0,"vy":0.0,"vz":0.0,"x":-21.908,"y":0.0,"yaw":4.013,"z":-79.316}}
SPORT_SAMPLE {"ack":293,"actor":0,"ball":null,"camera":[-15.0208778381348,5.0,-73.5222320556641],"engaged":false,"focused":false,"phase":"racing","render":[-21.9080009460449,0.0,-79.3160018920898],"seconds":13.4422733333333,"seq":401,"stage":6,"v":{"altitude":0.0,"driver":0.0,"flight":false,"gunner":null,"health":300.0,"heat":0.0,"id":0.0,"kind":"puma","maxHealth":300.0,"overheated":false,"passengers":[],"pitchBody":0.0,"respawnTimer":0.0,"roll":0.0,"turretYaw":0.0,"vx":0.0,"vy":0.0,"vz":0.0,"x":-21.908,"y":0.0,"yaw":4.013,"z":-79.316}}
SPORT_SAMPLE {"ack":298,"actor":0,"ball":null,"camera":[-15.0208778381348,5.0,-73.5222320556641],"engaged":false,"focused":false,"phase":"racing","render":[-21.9080009460449,0.0,-79.3160018920898],"seconds":13.6613533333333,"seq":408,"stage":6,"v":{"altitude":0.0,"driver":0.0,"flight":false,"gunner":null,"health":300.0,"heat":0.0,"id":0.0,"kind":"puma","maxHealth":300.0,"overheated":false,"passengers":[],"pitchBody":0.0,"respawnTimer":0.0,"roll":0.0,"turretYaw":0.0,"vx":0.0,"vy":0.0,"vz":0.0,"x":-21.908,"y":0.0,"yaw":4.013,"z":-79.316}}
SPORT_EVENT {"key":87,"pressed":false,"seconds":13.7613533333333}
SPORT_EVENT {"key":83,"pressed":false,"seconds":13.7613533333333}
SPORT_EVENT {"key":65,"pressed":false,"seconds":13.7613533333333}
SPORT_EVENT {"key":68,"pressed":false,"seconds":13.7613533333333}
SPORT_EVENT {"key":32,"pressed":false,"seconds":13.7613533333333}
SPORT_EVENT {"key":4194325,"pressed":false,"seconds":13.7613533333333}
SPORT_EVENT {"key":82,"pressed":false,"seconds":13.7613533333333}
SPORT_EVENT {"key":87,"pressed":true,"seconds":13.7613533333333}
SPORT_STAGE {"seconds":13.7613533333333,"stage":7}
SPORT_SAMPLE {"ack":304,"actor":0,"ball":null,"camera":[-15.0208778381348,5.0,-73.5222320556641],"engaged":false,"focused":true,"phase":"racing","render":[-21.9080009460449,0.0,-79.3160018920898],"seconds":13.9213533333333,"seq":415,"stage":7,"v":{"altitude":0.0,"driver":0.0,"flight":false,"gunner":null,"health":300.0,"heat":0.0,"id":0.0,"kind":"puma","maxHealth":300.0,"overheated":false,"passengers":[],"pitchBody":0.0,"respawnTimer":0.0,"roll":0.0,"turretYaw":0.0,"vx":0.0,"vy":0.0,"vz":0.0,"x":-21.908,"y":0.0,"yaw":4.013,"z":-79.316}}
SPORT_SAMPLE {"ack":310,"actor":0,"ball":null,"camera":[-15.0208778381348,5.0,-73.5222320556641],"engaged":false,"focused":true,"phase":"racing","render":[-21.9080009460449,0.0,-79.3160018920898],"seconds":14.1387723333333,"seq":422,"stage":7,"v":{"altitude":0.0,"driver":0.0,"flight":false,"gunner":null,"health":300.0,"heat":0.0,"id":0.0,"kind":"puma","maxHealth":300.0,"overheated":false,"passengers":[],"pitchBody":0.0,"respawnTimer":0.0,"roll":0.0,"turretYaw":0.0,"vx":0.0,"vy":0.0,"vz":0.0,"x":-21.908,"y":0.0,"yaw":4.013,"z":-79.316}}
SPORT_SAMPLE {"ack":316,"actor":0,"ball":null,"camera":[-15.0208778381348,5.0,-73.5222320556641],"engaged":false,"focused":true,"phase":"racing","render":[-21.9080009460449,0.0,-79.3160018920898],"seconds":14.3560606060606,"seq":429,"stage":7,"v":{"altitude":0.0,"driver":0.0,"flight":false,"gunner":null,"health":300.0,"heat":0.0,"id":0.0,"kind":"puma","maxHealth":300.0,"overheated":false,"passengers":[],"pitchBody":0.0,"respawnTimer":0.0,"roll":0.0,"turretYaw":0.0,"vx":0.0,"vy":0.0,"vz":0.0,"x":-21.908,"y":0.0,"yaw":4.013,"z":-79.316}}
SPORT_SAMPLE {"ack":321,"actor":0,"ball":null,"camera":[-15.0208778381348,5.0,-73.5222320556641],"engaged":false,"focused":true,"phase":"racing","render":[-21.9080009460449,0.0,-79.3160018920898],"seconds":14.5727272727273,"seq":435,"stage":7,"v":{"altitude":0.0,"driver":0.0,"flight":false,"gunner":null,"health":300.0,"heat":0.0,"id":0.0,"kind":"puma","maxHealth":300.0,"overheated":false,"passengers":[],"pitchBody":0.0,"respawnTimer":0.0,"roll":0.0,"turretYaw":0.0,"vx":0.0,"vy":0.0,"vz":0.0,"x":-21.908,"y":0.0,"yaw":4.013,"z":-79.316}}
SPORT_SAMPLE {"ack":327,"actor":0,"ball":null,"camera":[-15.0208778381348,5.0,-73.5222320556641],"engaged":false,"focused":true,"phase":"racing","render":[-21.9080009460449,0.0,-79.3160018920898],"seconds":14.7893939393939,"seq":442,"stage":7,"v":{"altitude":0.0,"driver":0.0,"flight":false,"gunner":null,"health":300.0,"heat":0.0,"id":0.0,"kind":"puma","maxHealth":300.0,"overheated":false,"passengers":[],"pitchBody":0.0,"respawnTimer":0.0,"roll":0.0,"turretYaw":0.0,"vx":0.0,"vy":0.0,"vz":0.0,"x":-21.908,"y":0.0,"yaw":4.013,"z":-79.316}}
SPORT_SAMPLE {"ack":332,"actor":0,"ball":null,"camera":[-15.0208778381348,5.0,-73.5222320556641],"engaged":false,"focused":true,"phase":"racing","render":[-21.9080009460449,0.0,-79.3160018920898],"seconds":15.008958,"seq":449,"stage":7,"v":{"altitude":0.0,"driver":0.0,"flight":false,"gunner":null,"health":300.0,"heat":0.0,"id":0.0,"kind":"puma","maxHealth":300.0,"overheated":false,"passengers":[],"pitchBody":0.0,"respawnTimer":0.0,"roll":0.0,"turretYaw":0.0,"vx":0.0,"vy":0.0,"vz":0.0,"x":-21.908,"y":0.0,"yaw":4.013,"z":-79.316}}
SPORT_SAMPLE {"ack":337,"actor":0,"ball":null,"camera":[-15.0208778381348,5.0,-73.5222320556641],"engaged":false,"focused":true,"phase":"racing","render":[-21.9080009460449,0.0,-79.3160018920898],"seconds":15.228958,"seq":455,"stage":7,"v":{"altitude":0.0,"driver":0.0,"flight":false,"gunner":null,"health":300.0,"heat":0.0,"id":0.0,"kind":"puma","maxHealth":300.0,"overheated":false,"passengers":[],"pitchBody":0.0,"respawnTimer":0.0,"roll":0.0,"turretYaw":0.0,"vx":0.0,"vy":0.0,"vz":0.0,"x":-21.908,"y":0.0,"yaw":4.013,"z":-79.316}}
SPORT_EVENT {"key":87,"pressed":false,"seconds":15.248958}
SPORT_EVENT {"key":83,"pressed":false,"seconds":15.248958}
SPORT_EVENT {"key":65,"pressed":false,"seconds":15.248958}
SPORT_EVENT {"key":68,"pressed":false,"seconds":15.248958}
SPORT_EVENT {"key":32,"pressed":false,"seconds":15.248958}
SPORT_EVENT {"key":4194325,"pressed":false,"seconds":15.248958}
SPORT_EVENT {"key":82,"pressed":false,"seconds":15.248958}
SPORT_EVENT {"key":4194309,"pressed":true,"seconds":15.248958}
SPORT_EVENT {"key":4194309,"pressed":false,"seconds":15.248958}
SPORT_EVENT {"key":87,"pressed":true,"seconds":15.248958}
SPORT_STAGE {"seconds":15.248958,"stage":8}
SPORT_SAMPLE {"ack":343,"actor":0,"ball":null,"camera":[-15.0208778381348,5.0,-73.5222320556641],"engaged":true,"focused":true,"phase":"racing","render":[-21.9080009460449,0.0,-79.3160018920898],"seconds":15.448958,"seq":462,"stage":8,"v":{"altitude":0.0,"driver":0.0,"flight":false,"gunner":null,"health":300.0,"heat":0.0,"id":0.0,"kind":"puma","maxHealth":300.0,"overheated":false,"passengers":[],"pitchBody":0.0,"respawnTimer":0.0,"roll":0.0,"turretYaw":0.0,"vx":0.0,"vy":0.0,"vz":0.0,"x":-21.908,"y":0.0,"yaw":4.013,"z":-79.316}}
SPORT_SAMPLE {"ack":348,"actor":0,"ball":null,"camera":[-15.0208778381348,5.0,-73.5222320556641],"engaged":true,"focused":true,"phase":"racing","render":[-21.9080009460449,0.0,-79.3160018920898],"seconds":15.6559056666666,"seq":468,"stage":8,"v":{"altitude":0.0,"driver":0.0,"flight":false,"gunner":null,"health":300.0,"heat":0.0,"id":0.0,"kind":"puma","maxHealth":300.0,"overheated":false,"passengers":[],"pitchBody":0.0,"respawnTimer":0.0,"roll":0.0,"turretYaw":0.0,"vx":0.0,"vy":0.0,"vz":0.0,"x":-21.908,"y":0.0,"yaw":4.013,"z":-79.316}}
SPORT_SAMPLE {"ack":353,"actor":0,"ball":null,"camera":[-15.0208778381348,5.0,-73.5222320556641],"engaged":true,"focused":true,"phase":"racing","render":[-21.9080009460449,0.0,-79.3160018920898],"seconds":15.8663216666666,"seq":475,"stage":8,"v":{"altitude":0.0,"driver":0.0,"flight":false,"gunner":null,"health":300.0,"heat":0.0,"id":0.0,"kind":"puma","maxHealth":300.0,"overheated":false,"passengers":[],"pitchBody":0.0,"respawnTimer":0.0,"roll":0.0,"turretYaw":0.0,"vx":0.0,"vy":0.0,"vz":0.0,"x":-21.908,"y":0.0,"yaw":4.013,"z":-79.316}}
SPORT_SAMPLE {"ack":358,"actor":0,"ball":null,"camera":[-15.0208778381348,5.0,-73.5222320556641],"engaged":true,"focused":true,"phase":"racing","render":[-21.9080009460449,0.0,-79.3160018920898],"seconds":16.0784855151515,"seq":481,"stage":8,"v":{"altitude":0.0,"driver":0.0,"flight":false,"gunner":null,"health":300.0,"heat":0.0,"id":0.0,"kind":"puma","maxHealth":300.0,"overheated":false,"passengers":[],"pitchBody":0.0,"respawnTimer":0.0,"roll":0.0,"turretYaw":0.0,"vx":0.0,"vy":0.0,"vz":0.0,"x":-21.908,"y":0.0,"yaw":4.013,"z":-79.316}}
SPORT_SAMPLE {"ack":363,"actor":0,"ball":null,"camera":[-15.0208778381348,5.0,-73.5222320556641],"engaged":true,"focused":true,"phase":"racing","render":[-21.9080009460449,0.0,-79.3160018920898],"seconds":16.288334,"seq":487,"stage":8,"v":{"altitude":0.0,"driver":0.0,"flight":false,"gunner":null,"health":300.0,"heat":0.0,"id":0.0,"kind":"puma","maxHealth":300.0,"overheated":false,"passengers":[],"pitchBody":0.0,"respawnTimer":0.0,"roll":0.0,"turretYaw":0.0,"vx":0.0,"vy":0.0,"vz":0.0,"x":-21.908,"y":0.0,"yaw":4.013,"z":-79.316}}
SPORT_SAMPLE {"ack":368,"actor":0,"ball":null,"camera":[-15.0208778381348,5.0,-73.5222320556641],"engaged":true,"focused":true,"phase":"racing","render":[-21.9080009460449,0.0,-79.3160018920898],"seconds":16.4945253333333,"seq":493,"stage":8,"v":{"altitude":0.0,"driver":0.0,"flight":false,"gunner":null,"health":300.0,"heat":0.0,"id":0.0,"kind":"puma","maxHealth":300.0,"overheated":false,"passengers":[],"pitchBody":0.0,"respawnTimer":0.0,"roll":0.0,"turretYaw":0.0,"vx":0.0,"vy":0.0,"vz":0.0,"x":-21.908,"y":0.0,"yaw":4.013,"z":-79.316}}
SPORT_SAMPLE {"ack":374,"actor":0,"ball":null,"camera":[-15.0208778381348,5.0,-73.5222320556641],"engaged":true,"focused":true,"phase":"racing","render":[-21.9080009460449,0.0,-79.3160018920898],"seconds":16.7141393333333,"seq":500,"stage":8,"v":{"altitude":0.0,"driver":0.0,"flight":false,"gunner":null,"health":300.0,"heat":0.0,"id":0.0,"kind":"puma","maxHealth":300.0,"overheated":false,"passengers":[],"pitchBody":0.0,"respawnTimer":0.0,"roll":0.0,"turretYaw":0.0,"vx":0.0,"vy":0.0,"vz":0.0,"x":-21.908,"y":0.0,"yaw":4.013,"z":-79.316}}
SPORT_EVENT {"key":87,"pressed":false,"seconds":16.7541393333333}
SPORT_EVENT {"key":83,"pressed":false,"seconds":16.7541393333333}
SPORT_EVENT {"key":65,"pressed":false,"seconds":16.7541393333333}
SPORT_EVENT {"key":68,"pressed":false,"seconds":16.7541393333333}
SPORT_EVENT {"key":32,"pressed":false,"seconds":16.7541393333333}
SPORT_EVENT {"key":4194325,"pressed":false,"seconds":16.7541393333333}
SPORT_EVENT {"key":82,"pressed":false,"seconds":16.7541393333333}
SPORT_EVENT {"key":82,"pressed":true,"seconds":16.7541393333333}
SPORT_STAGE {"seconds":16.7541393333333,"stage":9}
SPORT_SAMPLE {"ack":379,"actor":0,"ball":null,"camera":[-44.5,5.0,-67.9981689453125],"engaged":true,"focused":true,"phase":"racing","render":[-35.5,0.0,-68.0],"seconds":16.9341096666666,"seq":507,"stage":9,"v":{"altitude":0.0,"driver":0.0,"flight":false,"gunner":null,"health":300.0,"heat":0.0,"id":0.0,"kind":"puma","maxHealth":300.0,"overheated":false,"passengers":[],"pitchBody":0.0,"respawnTimer":0.0,"roll":0.0,"turretYaw":0.0,"vx":0.0,"vy":0.0,"vz":0.0,"x":-35.5,"y":0.0,"yaw":1.571,"z":-68.0}}
SPORT_SAMPLE {"ack":382,"actor":0,"ball":null,"camera":[-44.5,5.0,-67.9981689453125],"engaged":true,"focused":true,"phase":"racing","render":[-35.5,0.0,-68.0],"seconds":17.1443999999999,"seq":513,"stage":9,"v":{"altitude":0.0,"driver":0.0,"flight":false,"gunner":null,"health":300.0,"heat":0.0,"id":0.0,"kind":"puma","maxHealth":300.0,"overheated":false,"passengers":[],"pitchBody":0.0,"respawnTimer":0.0,"roll":0.0,"turretYaw":0.0,"vx":0.0,"vy":0.0,"vz":0.0,"x":-35.5,"y":0.0,"yaw":1.571,"z":-68.0}}
SPORT_SAMPLE {"ack":386,"actor":0,"ball":null,"camera":[-44.5,5.0,-67.9981689453125],"engaged":true,"focused":true,"phase":"racing","render":[-35.5,0.0,-68.0],"seconds":17.3525076666666,"seq":520,"stage":9,"v":{"altitude":0.0,"driver":0.0,"flight":false,"gunner":null,"health":300.0,"heat":0.0,"id":0.0,"kind":"puma","maxHealth":300.0,"overheated":false,"passengers":[],"pitchBody":0.0,"respawnTimer":0.0,"roll":0.0,"turretYaw":0.0,"vx":0.0,"vy":0.0,"vz":0.0,"x":-35.5,"y":0.0,"yaw":1.571,"z":-68.0}}
SPORT_SAMPLE {"ack":389,"actor":0,"ball":null,"camera":[-44.5,5.0,-67.9981689453125],"engaged":true,"focused":true,"phase":"racing","render":[-35.5,0.0,-68.0],"seconds":17.5786656666666,"seq":527,"stage":9,"v":{"altitude":0.0,"driver":0.0,"flight":false,"gunner":null,"health":300.0,"heat":0.0,"id":0.0,"kind":"puma","maxHealth":300.0,"overheated":false,"passengers":[],"pitchBody":0.0,"respawnTimer":0.0,"roll":0.0,"turretYaw":0.0,"vx":0.0,"vy":0.0,"vz":0.0,"x":-35.5,"y":0.0,"yaw":1.571,"z":-68.0}}
SPORT_SAMPLE {"ack":393,"actor":0,"ball":null,"camera":[-44.5,5.0,-67.9981689453125],"engaged":true,"focused":true,"phase":"racing","render":[-35.5,0.0,-68.0],"seconds":17.7984848484848,"seq":533,"stage":9,"v":{"altitude":0.0,"driver":0.0,"flight":false,"gunner":null,"health":300.0,"heat":0.0,"id":0.0,"kind":"puma","maxHealth":300.0,"overheated":false,"passengers":[],"pitchBody":0.0,"respawnTimer":0.0,"roll":0.0,"turretYaw":0.0,"vx":0.0,"vy":0.0,"vz":0.0,"x":-35.5,"y":0.0,"yaw":1.571,"z":-68.0}}
SPORT_SAMPLE {"ack":396,"actor":0,"ball":null,"camera":[-44.5,5.0,-67.9981689453125],"engaged":true,"focused":true,"phase":"racing","render":[-35.5,0.0,-68.0],"seconds":18.0204545454545,"seq":540,"stage":9,"v":{"altitude":0.0,"driver":0.0,"flight":false,"gunner":null,"health":300.0,"heat":0.0,"id":0.0,"kind":"puma","maxHealth":300.0,"overheated":false,"passengers":[],"pitchBody":0.0,"respawnTimer":0.0,"roll":0.0,"turretYaw":0.0,"vx":0.0,"vy":0.0,"vz":0.0,"x":-35.5,"y":0.0,"yaw":1.571,"z":-68.0}}
SPORT_SAMPLE {"ack":400,"actor":0,"ball":null,"camera":[-44.5,5.0,-67.9981689453125],"engaged":true,"focused":true,"phase":"racing","render":[-35.5,0.0,-68.0],"seconds":18.2251983333333,"seq":546,"stage":9,"v":{"altitude":0.0,"driver":0.0,"flight":false,"gunner":null,"health":300.0,"heat":0.0,"id":0.0,"kind":"puma","maxHealth":300.0,"overheated":false,"passengers":[],"pitchBody":0.0,"respawnTimer":0.0,"roll":0.0,"turretYaw":0.0,"vx":0.0,"vy":0.0,"vz":0.0,"x":-35.5,"y":0.0,"yaw":1.571,"z":-68.0}}
SPORT_EVENT {"key":87,"pressed":false,"seconds":18.2547243333333}
SPORT_EVENT {"key":83,"pressed":false,"seconds":18.2547243333333}
SPORT_EVENT {"key":65,"pressed":false,"seconds":18.2547243333333}
SPORT_EVENT {"key":68,"pressed":false,"seconds":18.2547243333333}
SPORT_EVENT {"key":32,"pressed":false,"seconds":18.2547243333333}
SPORT_EVENT {"key":4194325,"pressed":false,"seconds":18.2547243333333}
SPORT_EVENT {"key":82,"pressed":false,"seconds":18.2547243333333}
SPORT_EVENT {"key":4194305,"pressed":true,"seconds":18.2547243333333}
SPORT_EVENT {"key":4194305,"pressed":false,"seconds":18.2547243333333}
SPORT_STAGE {"seconds":18.2547243333333,"stage":10}
SPORT_SAMPLE {"ack":403,"actor":0,"ball":null,"camera":[-44.5,5.0,-67.9981689453125],"engaged":false,"focused":true,"phase":"racing","render":[-35.5,0.0,-68.0],"seconds":18.4277362121211,"seq":552,"stage":10,"v":{"altitude":0.0,"driver":0.0,"flight":false,"gunner":null,"health":300.0,"heat":0.0,"id":0.0,"kind":"puma","maxHealth":300.0,"overheated":false,"passengers":[],"pitchBody":0.0,"respawnTimer":0.0,"roll":0.0,"turretYaw":0.0,"vx":0.0,"vy":0.0,"vz":0.0,"x":-35.5,"y":0.0,"yaw":1.571,"z":-68.0}}
SPORT_SAMPLE {"ack":407,"actor":0,"ball":null,"camera":[-44.5,5.0,-67.9981689453125],"engaged":false,"focused":true,"phase":"racing","render":[-35.5,0.0,-68.0],"seconds":18.6292513636363,"seq":558,"stage":10,"v":{"altitude":0.0,"driver":0.0,"flight":false,"gunner":null,"health":300.0,"heat":0.0,"id":0.0,"kind":"puma","maxHealth":300.0,"overheated":false,"passengers":[],"pitchBody":0.0,"respawnTimer":0.0,"roll":0.0,"turretYaw":0.0,"vx":0.0,"vy":0.0,"vz":0.0,"x":-35.5,"y":0.0,"yaw":1.571,"z":-68.0}}
SPORT_SAMPLE {"ack":411,"actor":0,"ball":null,"camera":[-44.5,5.0,-67.9981689453125],"engaged":false,"focused":true,"phase":"racing","render":[-35.5,0.0,-68.0],"seconds":18.8575757575757,"seq":565,"stage":10,"v":{"altitude":0.0,"driver":0.0,"flight":false,"gunner":null,"health":300.0,"heat":0.0,"id":0.0,"kind":"puma","maxHealth":300.0,"overheated":false,"passengers":[],"pitchBody":0.0,"respawnTimer":0.0,"roll":0.0,"turretYaw":0.0,"vx":0.0,"vy":0.0,"vz":0.0,"x":-35.5,"y":0.0,"yaw":1.571,"z":-68.0}}
SPORT_SAMPLE {"ack":414,"actor":0,"ball":null,"camera":[-44.5,5.0,-67.9981689453125],"engaged":false,"focused":true,"phase":"racing","render":[-35.5,0.0,-68.0],"seconds":19.060606060606,"seq":571,"stage":10,"v":{"altitude":0.0,"driver":0.0,"flight":false,"gunner":null,"health":300.0,"heat":0.0,"id":0.0,"kind":"puma","maxHealth":300.0,"overheated":false,"passengers":[],"pitchBody":0.0,"respawnTimer":0.0,"roll":0.0,"turretYaw":0.0,"vx":0.0,"vy":0.0,"vz":0.0,"x":-35.5,"y":0.0,"yaw":1.571,"z":-68.0}}
SPORT_SAMPLE {"ack":418,"actor":0,"ball":null,"camera":[-44.5,5.0,-67.9981689453125],"engaged":false,"focused":true,"phase":"racing","render":[-35.5,0.0,-68.0],"seconds":19.2632575757575,"seq":578,"stage":10,"v":{"altitude":0.0,"driver":0.0,"flight":false,"gunner":null,"health":300.0,"heat":0.0,"id":0.0,"kind":"puma","maxHealth":300.0,"overheated":false,"passengers":[],"pitchBody":0.0,"respawnTimer":0.0,"roll":0.0,"turretYaw":0.0,"vx":0.0,"vy":0.0,"vz":0.0,"x":-35.5,"y":0.0,"yaw":1.571,"z":-68.0}}
SPORT_SAMPLE {"ack":421,"actor":0,"ball":null,"camera":[-44.5,5.0,-67.9981689453125],"engaged":false,"focused":true,"phase":"racing","render":[-35.5,0.0,-68.0],"seconds":19.4674242424241,"seq":584,"stage":10,"v":{"altitude":0.0,"driver":0.0,"flight":false,"gunner":null,"health":300.0,"heat":0.0,"id":0.0,"kind":"puma","maxHealth":300.0,"overheated":false,"passengers":[],"pitchBody":0.0,"respawnTimer":0.0,"roll":0.0,"turretYaw":0.0,"vx":0.0,"vy":0.0,"vz":0.0,"x":-35.5,"y":0.0,"yaw":1.571,"z":-68.0}}
SPORT_SAMPLE {"ack":425,"actor":0,"ball":null,"camera":[-44.5,5.0,-67.9981689453125],"engaged":false,"focused":true,"phase":"racing","render":[-35.5,0.0,-68.0],"seconds":19.6811376666666,"seq":591,"stage":10,"v":{"altitude":0.0,"driver":0.0,"flight":false,"gunner":null,"health":300.0,"heat":0.0,"id":0.0,"kind":"puma","maxHealth":300.0,"overheated":false,"passengers":[],"pitchBody":0.0,"respawnTimer":0.0,"roll":0.0,"turretYaw":0.0,"vx":0.0,"vy":0.0,"vz":0.0,"x":-35.5,"y":0.0,"yaw":1.571,"z":-68.0}}
SPORT_SAMPLE {"ack":428,"actor":0,"ball":null,"camera":[-44.5,5.0,-67.9981689453125],"engaged":false,"focused":true,"phase":"racing","render":[-35.5,0.0,-68.0],"seconds":19.8923497878787,"seq":597,"stage":10,"v":{"altitude":0.0,"driver":0.0,"flight":false,"gunner":null,"health":300.0,"heat":0.0,"id":0.0,"kind":"puma","maxHealth":300.0,"overheated":false,"passengers":[],"pitchBody":0.0,"respawnTimer":0.0,"roll":0.0,"turretYaw":0.0,"vx":0.0,"vy":0.0,"vz":0.0,"x":-35.5,"y":0.0,"yaw":1.571,"z":-68.0}}
SPORT_SAMPLE {"ack":431,"actor":0,"ball":null,"camera":[-44.5,5.0,-67.9981689453125],"engaged":false,"focused":true,"phase":"racing","render":[-35.5,0.0,-68.0],"seconds":20.1029558484847,"seq":603,"stage":10,"v":{"altitude":0.0,"driver":0.0,"flight":false,"gunner":null,"health":300.0,"heat":0.0,"id":0.0,"kind":"puma","maxHealth":300.0,"overheated":false,"passengers":[],"pitchBody":0.0,"respawnTimer":0.0,"roll":0.0,"turretYaw":0.0,"vx":0.0,"vy":0.0,"vz":0.0,"x":-35.5,"y":0.0,"yaw":1.571,"z":-68.0}}
SPORT_OBSERVATION_ENDED no_native_completion_marker=true
