ffmpeg version 7.1.1-1ubuntu4.2 Copyright (c) 2000-2025 the FFmpeg developers
  built with gcc 15 (Ubuntu 15.2.0-4ubuntu4)
  configuration: --prefix=/usr --extra-version=1ubuntu4.2 --toolchain=hardened --libdir=/usr/lib/x86_64-linux-gnu --incdir=/usr/include/x86_64-linux-gnu --arch=amd64 --enable-gpl --disable-stripping --disable-libmfx --disable-omx --enable-gnutls --enable-libaom --enable-libass --enable-libbs2b --enable-libcdio --enable-libcodec2 --enable-libdav1d --enable-libflite --enable-libfontconfig --enable-libfreetype --enable-libfribidi --enable-libglslang --enable-libgme --enable-libgsm --enable-libharfbuzz --enable-libmp3lame --enable-libmysofa --enable-libopenjpeg --enable-libopenmpt --enable-libopus --enable-librubberband --enable-libshine --enable-libsnappy --enable-libsoxr --enable-libspeex --enable-libtheora --enable-libtwolame --enable-libvidstab --enable-libvorbis --enable-libvpx --enable-libwebp --enable-libx265 --enable-libxml2 --enable-libxvid --enable-libzimg --enable-openal --enable-opencl --enable-opengl --disable-sndio --enable-libvpl --enable-libdc1394 --enable-libdrm --enable-libiec61883 --enable-chromaprint --enable-frei0r --enable-ladspa --enable-libbluray --enable-libcaca --enable-libdvdnav --enable-libdvdread --enable-libjack --enable-libpulse --enable-librabbitmq --enable-librist --enable-libsrt --enable-libssh --enable-libsvtav1 --enable-libx264 --enable-libzmq --enable-libzvbi --enable-lv2 --enable-sdl2 --enable-libplacebo --enable-librav1e --enable-pocketsphinx --enable-librsvg --enable-libjxl --enable-shared
  libavutil      59. 39.100 / 59. 39.100
  libavcodec     61. 19.101 / 61. 19.101
  libavformat    61.  7.100 / 61.  7.100
  libavdevice    61.  3.100 / 61.  3.100
  libavfilter    10.  4.100 / 10.  4.100
  libswscale      8.  3.100 /  8.  3.100
  libswresample   5.  3.100 /  5.  3.100
  libpostproc    58.  3.100 / 58.  3.100
Input #0, concat, from '/home/mojo/.tmp-on-disk/cocs-expansion-three-abyssal-evidence-20261002/production-i/ctf-cadence.ffconcat':
  Duration: N/A, start: 0.000000, bitrate: N/A
  Stream #0:0: Video: png, rgba(pc, gbr/bt709/iec61966-2-1), 760x520, 25 fps, 25 tbr, 25 tbn
Stream mapping:
  Stream #0:0 -> #0:0 (png (native) -> h264 (libx264))
Press [q] to stop, [?] for help
[libx264 @ 0x5821df468640] using cpu capabilities: MMX2 SSE2Fast SSSE3 SSE4.2 AVX FMA3 BMI2 AVX2 AVX512
[libx264 @ 0x5821df468640] profile High, level 3.0, 4:2:0, 8-bit
[libx264 @ 0x5821df468640] 264 - core 164 r3108 31e19f9 - H.264/MPEG-4 AVC codec - Copyleft 2003-2023 - http://www.videolan.org/x264.html - options: cabac=1 ref=2 deblock=1:0:0 analyse=0x3:0x113 me=hex subme=6 psy=1 psy_rd=1.00:0.00 mixed_ref=1 me_range=16 chroma_me=1 trellis=1 8x8dct=1 cqm=0 deadzone=21,11 fast_pskip=1 chroma_qp_offset=-2 threads=1 lookahead_threads=1 sliced_threads=0 nr=0 decimate=1 interlaced=0 bluray_compat=0 constrained_intra=0 bframes=3 b_pyramid=2 b_adapt=1 b_bias=0 direct=1 weightb=1 open_gop=0 weightp=1 keyint=250 keyint_min=25 scenecut=40 intra_refresh=0 rc_lookahead=30 rc=crf mbtree=1 crf=23.0 qcomp=0.60 qpmin=0 qpmax=69 qpstep=4 ip_ratio=1.40 aq=1:1.00
Output #0, mp4, to '/home/mojo/.tmp-on-disk/cocs-expansion-three-abyssal-20261002/port/expansion-three/abyssal/evidence/production-i/ctf/ordinary-input.mp4':
  Metadata:
    encoder         : Lavf61.7.100
  Stream #0:0: Video: h264 (avc1 / 0x31637661), yuv420p(tv, unknown/bt709/iec61966-2-1, progressive), 760x520, q=2-31, 25 fps, 12800 tbn
      Metadata:
        encoder         : Lavc61.19.101 libx264
      Side data:
        cpb: bitrate max/min/avg: 0/0/0 buffer size: 0 vbv_delay: N/A
frame=   39 fps=0.0 q=26.0 size=       0KiB time=00:00:02.60 bitrate=   0.1kbits/s speed= 5.2x    frame=  103 fps=103 q=26.0 size=     512KiB time=00:00:07.40 bitrate= 566.8kbits/s speed= 7.4x    frame=  172 fps=115 q=25.0 size=     768KiB time=00:00:13.96 bitrate= 450.7kbits/s speed=9.31x    [out#0/mp4 @ 0x5821df469040] video:1202KiB audio:0KiB subtitle:0KiB other streams:0KiB global headers:0KiB muxing overhead: 0.378954%
frame=  238 fps=124 q=25.0 Lsize=    1206KiB time=00:00:21.08 bitrate= 468.7kbits/s speed=  11x    
[libx264 @ 0x5821df468640] frame I:1     Avg QP:20.57  size: 36510
[libx264 @ 0x5821df468640] frame P:79    Avg QP:19.58  size:  8562
[libx264 @ 0x5821df468640] frame B:158   Avg QP:20.79  size:  3271
[libx264 @ 0x5821df468640] consecutive B-frames:  7.6%  7.6% 12.6% 72.3%
[libx264 @ 0x5821df468640] mb I  I16..4: 29.9% 17.2% 52.9%
[libx264 @ 0x5821df468640] mb P  I16..4: 11.7% 10.0%  4.7%  P16..4: 22.2%  6.5%  3.2%  0.0%  0.0%    skip:41.7%
[libx264 @ 0x5821df468640] mb B  I16..4:  7.9%  0.9%  0.6%  B16..8: 17.3%  7.3%  1.2%  direct: 7.9%  skip:56.7%  L0:50.8% L1:45.9% BI: 3.2%
[libx264 @ 0x5821df468640] 8x8 transform intra:25.9% inter:40.4%
[libx264 @ 0x5821df468640] coded y,uvDC,uvAC intra: 13.6% 34.5% 19.7% inter: 8.2% 15.8% 6.2%
[libx264 @ 0x5821df468640] i16 v,h,dc,p: 47% 46%  5%  2%
[libx264 @ 0x5821df468640] i8 v,h,dc,ddl,ddr,vr,hd,vl,hu: 20% 18% 55%  1%  2%  1%  2%  0%  1%
[libx264 @ 0x5821df468640] i4 v,h,dc,ddl,ddr,vr,hd,vl,hu: 31% 33% 22%  2%  2%  2%  4%  2%  3%
[libx264 @ 0x5821df468640] i8c dc,h,v,p: 43% 37% 19%  1%
[libx264 @ 0x5821df468640] Weighted P-Frames: Y:0.0% UV:0.0%
[libx264 @ 0x5821df468640] ref P L0: 63.7% 36.3%
[libx264 @ 0x5821df468640] ref B L0: 80.0% 20.0%
[libx264 @ 0x5821df468640] ref B L1: 92.9%  7.1%
[libx264 @ 0x5821df468640] kb/s:458.88
