gate-runner-tests: PASS
export-tests: PASS
health-hud-evidence: PASS
projectile-navigation: PASS
objective-evidence: PASS
semantic-export: PASS
source-tests: PASS
godot-import: PASS
viewer-smoke: PASS
glb-import: PASS
input-queue: PASS
protocol-envelopes: PASS
packet-replay: PASS
native-live: PASS
presentation-replay: PASS
round-boundaries: PASS
native-lifecycle: PASS
combat-feedback: PASS
projectiles: PASS
audio-feedback: PASS
local-lifecycle: PASS
pickup-presentation: PASS
entity-visuals: PASS
native-trace: PASS
guest-session: PASS
match-selection: PASS
scoreboard: PASS
team-scores: PASS
scoreboard-session: PASS
game-hud: PASS
game-hud-setup: PASS
game-hud-debug: PASS
puma-presentation: PASS
sports-controls: PASS
sports-polish: PASS
lattice-adapter: PASS
lattice-ui: PASS
objective-renderer: PASS
objective-controls: PASS
control-safety: PASS
window-focus: PASS
session-recovery: PASS
stall-controls: PASS
snapshot-watch: PASS
native-session: PASS
two-native-clients: PASS
motion-impairment: PASS
remote-motion: PASS
All implemented gates passed. Visual fidelity and playable acceptance remain OPEN.
