Godot Engine v4.5.2.stable.official.6ce3de25a - https://godotengine.org
WARNING: Could not set V-Sync mode, as changing V-Sync mode is not supported by the graphics driver.
     at: set_use_vsync (platform/linuxbsd/x11/gl_manager_x11.cpp:364)
OpenGL API 4.5 (Core Profile) Mesa 25.2.8-0ubuntu0.25.10.2 - Compatibility - Using Device: Mesa - llvmpipe (LLVM 20.1.8, 256 bits)
   at: load (core/io/resource_format_binary.cpp:1220)
   GDScript backtrace (most recent call first):
       [0] set_weapon (res://source_operators/operator_visual.gd:130)
       [1] apply_actor (res://source_operators/operator_visual.gd:154)
       [2] apply_state (res://world/presentation.gd:61)
       [3] on_snapshot (res://world/session.gd:431)
       [4] on_snapshot (res://native_arenas/demo.gd:208)
       [5] decode_text (res://net/client.gd:212)
       [6] decode_text (res://native_arenas/client.gd:36)
       [7] _process (res://net/client.gd:243)
   at: _load (core/io/resource_loader.cpp:343)
NATIVE_REVIEW_CAPTURE {"actor":{"x":25.0,"y":12.0,"z":-8.0},"actors":4,"eye":[25.0,13.4499998092651,-8.0],"firstPerson":true,"geometryHash":"e4b7763a5dae391cfcc0e9a13b5202a054cdfd9761c449cf6a4bf2fd4765ab8c","map":"cinder-array","path":"/home/mojo/.hermes-instances/fresh/workspace/cocs-godot-port/port/native-arena-review/captures/cinder-array-2026-09-22T13-17-56-923Z/standing-960x640.png","phase":3,"physics":{"downCollider":"WalkableCollision","downDistance":1.44999980926514,"downY":12.0,"horizontal":{"back":null,"forward":null,"left":null,"right":null}},"pointer":true,"size":[960,640],"snapshots":21}
NATIVE_REVIEW_CAPTURE {"actor":{"x":7.54362834749877,"y":12.0,"z":-7.43420867484654},"actors":4,"eye":[7.54362821578979,13.4499998092651,-7.43420886993408],"firstPerson":false,"geometryHash":"e4b7763a5dae391cfcc0e9a13b5202a054cdfd9761c449cf6a4bf2fd4765ab8c","map":"cinder-array","path":"/home/mojo/.hermes-instances/fresh/workspace/cocs-godot-port/port/native-arena-review/captures/cinder-array-2026-09-22T13-17-56-923Z/action-960x640.png","phase":3,"physics":{"downCollider":"@StaticBody3D@319","downDistance":1.44999980926514,"downY":12.0,"horizontal":{"back":null,"forward":null,"left":null,"right":null}},"pointer":false,"size":[960,640],"snapshots":95}
NATIVE_REVIEW_CAPTURE {"actor":{"x":7.54362834749877,"y":12.0,"z":-7.43420867484654},"actors":4,"eye":[7.54362821578979,13.4499998092651,-7.43420886993408],"firstPerson":false,"geometryHash":"e4b7763a5dae391cfcc0e9a13b5202a054cdfd9761c449cf6a4bf2fd4765ab8c","map":"cinder-array","path":"/home/mojo/.hermes-instances/fresh/workspace/cocs-godot-port/port/native-arena-review/captures/cinder-array-2026-09-22T13-17-56-923Z/look-960x640.png","phase":3,"physics":{"downCollider":"@StaticBody3D@319","downDistance":1.44999980926514,"downY":12.0,"horizontal":{"back":null,"forward":null,"left":null,"right":null}},"pointer":false,"size":[960,640],"snapshots":118}
NATIVE_REVIEW_CAPTURE {"actor":{"x":-8.0,"y":12.0,"z":-31.0},"actors":4,"eye":[-8.0,13.4499998092651,-31.0],"firstPerson":false,"geometryHash":"e4b7763a5dae391cfcc0e9a13b5202a054cdfd9761c449cf6a4bf2fd4765ab8c","map":"cinder-array","path":"/home/mojo/.hermes-instances/fresh/workspace/cocs-godot-port/port/native-arena-review/captures/cinder-array-2026-09-22T13-17-56-923Z/feet-960x640.png","phase":3,"physics":{"downCollider":"WalkableCollision","downDistance":1.44999980926514,"downY":12.0,"horizontal":{"back":null,"forward":null,"left":null,"right":2.90039491653442}},"pointer":false,"size":[960,640],"snapshots":140}
NATIVE_REVIEW_CAPTURE {"actor":{"x":-8.0,"y":12.0,"z":-31.0},"actors":4,"eye":[-8.0,13.4499998092651,-31.0],"firstPerson":true,"geometryHash":"e4b7763a5dae391cfcc0e9a13b5202a054cdfd9761c449cf6a4bf2fd4765ab8c","map":"cinder-array","path":"/home/mojo/.hermes-instances/fresh/workspace/cocs-godot-port/port/native-arena-review/captures/cinder-array-2026-09-22T13-17-56-923Z/standing-1280x800.png","phase":3,"physics":{"downCollider":"WalkableCollision","downDistance":1.44999980926514,"downY":12.0,"horizontal":{"back":null,"forward":null,"left":null,"right":2.90039491653442}},"pointer":true,"size":[1280,800],"snapshots":152}
NATIVE_REVIEW_CAPTURE {"actor":{"x":-11.160378560672,"y":12.1361111111111,"z":-26.4158905788072},"actors":4,"eye":[-11.1603784561157,13.5861110687256,-26.4158897399902],"firstPerson":true,"geometryHash":"e4b7763a5dae391cfcc0e9a13b5202a054cdfd9761c449cf6a4bf2fd4765ab8c","map":"cinder-array","path":"/home/mojo/.hermes-instances/fresh/workspace/cocs-godot-port/port/native-arena-review/captures/cinder-array-2026-09-22T13-17-56-923Z/action-1280x800.png","phase":3,"physics":{"downCollider":"WalkableCollision","downDistance":1.58611106872559,"downY":12.0,"horizontal":{"back":null,"forward":null,"left":null,"right":null}},"pointer":true,"size":[1280,800],"snapshots":229}
NATIVE_REVIEW_CAPTURE {"actor":{"x":-11.160378560672,"y":12.0,"z":-26.4158905788072},"actors":4,"eye":[-11.1603784561157,13.4499998092651,-26.4158897399902],"firstPerson":true,"geometryHash":"e4b7763a5dae391cfcc0e9a13b5202a054cdfd9761c449cf6a4bf2fd4765ab8c","map":"cinder-array","path":"/home/mojo/.hermes-instances/fresh/workspace/cocs-godot-port/port/native-arena-review/captures/cinder-array-2026-09-22T13-17-56-923Z/look-1280x800.png","phase":3,"physics":{"downCollider":"WalkableCollision","downDistance":1.44999980926514,"downY":12.0,"horizontal":{"back":null,"forward":null,"left":null,"right":null}},"pointer":true,"size":[1280,800],"snapshots":261}
NATIVE_REVIEW_CAPTURE {"actor":{"x":-11.160378560672,"y":12.0,"z":-26.4158905788072},"actors":4,"eye":[-11.1603784561157,13.4499998092651,-26.4158897399902],"firstPerson":true,"geometryHash":"e4b7763a5dae391cfcc0e9a13b5202a054cdfd9761c449cf6a4bf2fd4765ab8c","map":"cinder-array","path":"/home/mojo/.hermes-instances/fresh/workspace/cocs-godot-port/port/native-arena-review/captures/cinder-array-2026-09-22T13-17-56-923Z/feet-1280x800.png","phase":3,"physics":{"downCollider":"WalkableCollision","downDistance":1.44999980926514,"downY":12.0,"horizontal":{"back":null,"forward":null,"left":null,"right":null}},"pointer":true,"size":[1280,800],"snapshots":288}
# suppressed 3105 repeated world_weapons import error lines

