TAP version 13
# {"gate":"generated-source-simulation","mapId":"prism-foundry","geometryHash":"9ba6d451e7acb61847d1b5726ec52385c019e32bbc0805731f14396aca336572","nav":378,"edges":5516,"time":60.01666666666454,"reason":"time","stats":{"shots":591,"kills":1,"pickups":14,"powers":2,"respawns":6,"falls":0,"grenades":8},"frags":[1,0,-1,0],"deaths":[0,1,1,0],"playerDamageEvents":54}
# {"gate":"generated-source-simulation","mapId":"aurora-basin","geometryHash":"909daa29fb380b39e87e427ec2eec6003c15d77d11d7c73fb5660336f8d3df8f","nav":948,"edges":17166,"time":15.666666666667025,"reason":"frag","stats":{"shots":161,"kills":5,"pickups":5,"powers":3,"respawns":8,"falls":0},"frags":[5,0,0,0],"deaths":[0,0,4,1],"playerDamageEvents":82}
# {"gate":"generated-source-simulation","mapId":"cinder-array","geometryHash":"e4b7763a5dae391cfcc0e9a13b5202a054cdfd9761c449cf6a4bf2fd4765ab8c","nav":369,"edges":5392,"time":39.34999999999905,"reason":"frag","stats":{"shots":406,"kills":5,"pickups":20,"powers":4,"respawns":11,"falls":3,"grenades":11},"frags":[5,0,0,0],"deaths":[0,1,4,3],"playerDamageEvents":97}
# Subtest: GENERATED prism-foundry: source constructor, AI/combat, results and restart
ok 1 - GENERATED prism-foundry: source constructor, AI/combat, results and restart
  ---
  duration_ms: 4130.178659
  type: 'test'
  ...
# Subtest: GENERATED aurora-basin: source constructor, AI/combat, results and restart
ok 2 - GENERATED aurora-basin: source constructor, AI/combat, results and restart
  ---
  duration_ms: 45679.488034
  type: 'test'
  ...
# Subtest: GENERATED cinder-array: source constructor, AI/combat, results and restart
ok 3 - GENERATED cinder-array: source constructor, AI/combat, results and restart
  ---
  duration_ms: 2916.335579
  type: 'test'
  ...
1..3
# tests 3
# suites 0
# pass 3
# fail 0
# cancelled 0
# skipped 0
# todo 0
# duration_ms 53422.967135
