Godot Engine v4.5.2.stable.official.6ce3de25a - https://godotengine.org
WARNING: Could not set V-Sync mode, as changing V-Sync mode is not supported by the graphics driver.
     at: set_use_vsync (platform/linuxbsd/x11/gl_manager_x11.cpp:364)
OpenGL API 4.5 (Core Profile) Mesa 25.2.8-0ubuntu0.25.10.2 - Compatibility - Using Device: Mesa - llvmpipe (LLVM 20.1.8, 256 bits)
   at: load (core/io/resource_format_binary.cpp:1220)
   GDScript backtrace (most recent call first):
       [0] set_weapon (res://source_operators/operator_visual.gd:130)
       [1] apply_actor (res://source_operators/operator_visual.gd:154)
       [2] apply_state (res://world/presentation.gd:61)
       [3] on_snapshot (res://world/session.gd:431)
       [4] on_snapshot (res://native_arenas/demo.gd:208)
       [5] decode_text (res://net/client.gd:212)
       [6] decode_text (res://native_arenas/client.gd:36)
       [7] _process (res://net/client.gd:243)
   at: _load (core/io/resource_loader.cpp:343)
NATIVE_REVIEW_CAPTURE {"actor":{"x":-23.0,"y":0.105,"z":29.0},"actors":4,"eye":[-23.0,1.55499994754791,29.0],"firstPerson":true,"geometryHash":"2a8c06ba5b3a893135a3a6aef906a36f016107b5153fe5ec3b8a9efbfee66c86","map":"aurora-basin","path":"/home/mojo/.hermes-instances/fresh/workspace/cocs-godot-port/port/native-arena-review/captures/aurora-basin-2026-09-22T13-17-26-579Z/standing-960x640.png","phase":3,"physics":{"downCollider":"@StaticBody3D@681","downDistance":1.44999970495701,"downY":0.105000242590904,"horizontal":{"back":null,"forward":null,"left":null,"right":null}},"pointer":true,"size":[960,640],"snapshots":54}
NATIVE_REVIEW_CAPTURE {"actor":{"x":4.38840277315395,"y":-0.15,"z":34.7802611626376},"actors":4,"eye":[4.38840293884277,1.29999995231628,34.7802619934082],"firstPerson":true,"geometryHash":"2a8c06ba5b3a893135a3a6aef906a36f016107b5153fe5ec3b8a9efbfee66c86","map":"aurora-basin","path":"/home/mojo/.hermes-instances/fresh/workspace/cocs-godot-port/port/native-arena-review/captures/aurora-basin-2026-09-22T13-17-26-579Z/action-960x640.png","phase":3,"physics":{"downCollider":"SculptedSnowBasin_col","downDistance":1.44999992847443,"downY":-0.149999976158142,"horizontal":{"back":null,"forward":null,"left":null,"right":null}},"pointer":true,"size":[960,640],"snapshots":206}
NATIVE_REVIEW_CAPTURE {"actor":{"x":4.43837638645812,"y":-0.15,"z":35.0815338185587},"actors":4,"eye":[4.43837642669678,1.29999995231628,35.0815353393555],"firstPerson":true,"geometryHash":"2a8c06ba5b3a893135a3a6aef906a36f016107b5153fe5ec3b8a9efbfee66c86","map":"aurora-basin","path":"/home/mojo/.hermes-instances/fresh/workspace/cocs-godot-port/port/native-arena-review/captures/aurora-basin-2026-09-22T13-17-26-579Z/look-960x640.png","phase":3,"physics":{"downCollider":"SculptedSnowBasin_col","downDistance":1.44999992847443,"downY":-0.149999976158142,"horizontal":{"back":null,"forward":null,"left":null,"right":null}},"pointer":true,"size":[960,640],"snapshots":236}
NATIVE_REVIEW_CAPTURE {"actor":{"x":4.43837638645812,"y":-0.15,"z":35.0815338185587},"actors":4,"eye":[4.43837642669678,1.29999995231628,35.0815353393555],"firstPerson":true,"geometryHash":"2a8c06ba5b3a893135a3a6aef906a36f016107b5153fe5ec3b8a9efbfee66c86","map":"aurora-basin","path":"/home/mojo/.hermes-instances/fresh/workspace/cocs-godot-port/port/native-arena-review/captures/aurora-basin-2026-09-22T13-17-26-579Z/feet-960x640.png","phase":3,"physics":{"downCollider":"SculptedSnowBasin_col","downDistance":1.44999992847443,"downY":-0.149999976158142,"horizontal":{"back":null,"forward":null,"left":null,"right":null}},"pointer":true,"size":[960,640],"snapshots":258}
NATIVE_REVIEW_CAPTURE {"actor":{"x":4.43837638645812,"y":-0.15,"z":35.0815338185587},"actors":4,"eye":[4.43837642669678,1.29999995231628,35.0815353393555],"firstPerson":true,"geometryHash":"2a8c06ba5b3a893135a3a6aef906a36f016107b5153fe5ec3b8a9efbfee66c86","map":"aurora-basin","path":"/home/mojo/.hermes-instances/fresh/workspace/cocs-godot-port/port/native-arena-review/captures/aurora-basin-2026-09-22T13-17-26-579Z/standing-1280x800.png","phase":3,"physics":{"downCollider":"SculptedSnowBasin_col","downDistance":1.44999992847443,"downY":-0.149999976158142,"horizontal":{"back":null,"forward":null,"left":null,"right":null}},"pointer":true,"size":[1280,800],"snapshots":274}
NATIVE_REVIEW_CAPTURE {"actor":{"x":31.7381099554412,"y":0.236666666666667,"z":41.0735994369841},"actors":4,"eye":[31.738109588623,1.68666660785675,41.073600769043],"firstPerson":true,"geometryHash":"2a8c06ba5b3a893135a3a6aef906a36f016107b5153fe5ec3b8a9efbfee66c86","map":"aurora-basin","path":"/home/mojo/.hermes-instances/fresh/workspace/cocs-godot-port/port/native-arena-review/captures/aurora-basin-2026-09-22T13-17-26-579Z/action-1280x800.png","phase":3,"physics":{"downCollider":"SculptedSnowBasin_col","downDistance":1.83666670322418,"downY":-0.150000095367432,"horizontal":{"back":0.426399230957031,"forward":null,"left":null,"right":null}},"pointer":true,"size":[1280,800],"snapshots":366}
NATIVE_REVIEW_CAPTURE {"actor":{"x":41.0609111655114,"y":-0.15,"z":41.0735994369841},"actors":4,"eye":[41.0609092712402,1.29999995231628,41.073600769043],"firstPerson":true,"geometryHash":"2a8c06ba5b3a893135a3a6aef906a36f016107b5153fe5ec3b8a9efbfee66c86","map":"aurora-basin","path":"/home/mojo/.hermes-instances/fresh/workspace/cocs-godot-port/port/native-arena-review/captures/aurora-basin-2026-09-22T13-17-26-579Z/look-1280x800.png","phase":3,"physics":{"downCollider":"SculptedSnowBasin_col","downDistance":1.44999980926514,"downY":-0.149999856948853,"horizontal":{"back":0.426399230957031,"forward":null,"left":null,"right":0.439090728759766}},"pointer":true,"size":[1280,800],"snapshots":397}
NATIVE_REVIEW_CAPTURE {"actor":{"x":41.0757550539288,"y":0.0236666666666664,"z":41.0779742160685},"actors":4,"eye":[41.075756072998,1.47366666793823,41.0779724121094],"firstPerson":false,"geometryHash":"2a8c06ba5b3a893135a3a6aef906a36f016107b5153fe5ec3b8a9efbfee66c86","map":"aurora-basin","path":"/home/mojo/.hermes-instances/fresh/workspace/cocs-godot-port/port/native-arena-review/captures/aurora-basin-2026-09-22T13-17-26-579Z/feet-1280x800.png","phase":3,"physics":{"downCollider":"SculptedSnowBasin_col","downDistance":1.62366676330566,"downY":-0.150000095367432,"horizontal":{"back":0.422027587890625,"forward":null,"left":null,"right":0.424243927001953}},"pointer":false,"size":[1280,800],"snapshots":424}
# suppressed 5184 repeated world_weapons import error lines

