Godot Engine v4.5.2.stable.official.6ce3de25a - https://godotengine.org
WARNING: Could not set V-Sync mode, as changing V-Sync mode is not supported by the graphics driver.
     at: set_use_vsync (platform/linuxbsd/x11/gl_manager_x11.cpp:364)
OpenGL API 4.5 (Core Profile) Mesa 25.2.8-0ubuntu0.25.10.2 - Compatibility - Using Device: Mesa - llvmpipe (LLVM 20.1.8, 256 bits)

SPORT_SAMPLE {"ack":0,"actor":0,"ball":{"r":1.1,"vx":0.0,"vz":0.0,"x":0.0,"y":1.1,"z":0.0},"camera":[65.0,48.0,70.0],"engaged":false,"focused":true,"phase":"kickoff","render":[-32.0,0.0,-9.0],"seconds":0.312719555555555,"seq":1,"stage":-1,"v":{"altitude":0.0,"driver":0.0,"flight":false,"gunner":null,"health":300.0,"heat":0.0,"id":0.0,"kind":"puma","maxHealth":300.0,"overheated":false,"passengers":[],"pitchBody":0.0,"respawnTimer":0.0,"roll":0.0,"turretYaw":0.0,"vx":0.0,"vy":0.0,"vz":0.0,"x":-32.0,"y":0.0,"yaw":1.571,"z":-9.0}}
SPORT_SAMPLE {"ack":5,"actor":0,"ball":{"r":1.1,"vx":0.0,"vz":0.0,"x":0.0,"y":1.1,"z":0.0},"camera":[-41.0,5.0,-8.99816703796387],"engaged":false,"focused":true,"phase":"kickoff","render":[-32.0,0.0,-9.0],"seconds":0.533333333333333,"seq":8,"stage":-1,"v":{"altitude":0.0,"driver":0.0,"flight":false,"gunner":null,"health":300.0,"heat":0.0,"id":0.0,"kind":"puma","maxHealth":300.0,"overheated":false,"passengers":[],"pitchBody":0.0,"respawnTimer":0.0,"roll":0.0,"turretYaw":0.0,"vx":0.0,"vy":0.0,"vz":0.0,"x":-32.0,"y":0.0,"yaw":1.571,"z":-9.0}}
SPORT_SAMPLE {"ack":10,"actor":0,"ball":{"r":1.1,"vx":0.0,"vz":0.0,"x":0.0,"y":1.1,"z":0.0},"camera":[-41.0,5.0,-8.99816703796387],"engaged":false,"focused":true,"phase":"kickoff","render":[-32.0,0.0,-9.0],"seconds":0.751698666666667,"seq":15,"stage":-1,"v":{"altitude":0.0,"driver":0.0,"flight":false,"gunner":null,"health":300.0,"heat":0.0,"id":0.0,"kind":"puma","maxHealth":300.0,"overheated":false,"passengers":[],"pitchBody":0.0,"respawnTimer":0.0,"roll":0.0,"turretYaw":0.0,"vx":0.0,"vy":0.0,"vz":0.0,"x":-32.0,"y":0.0,"yaw":1.571,"z":-9.0}}
SPORT_SAMPLE {"ack":14,"actor":0,"ball":{"r":1.1,"vx":0.0,"vz":0.0,"x":0.0,"y":1.1,"z":0.0},"camera":[-41.0,5.0,-8.99816703796387],"engaged":false,"focused":true,"phase":"kickoff","render":[-32.0,0.0,-9.0],"seconds":0.957968666666667,"seq":21,"stage":-1,"v":{"altitude":0.0,"driver":0.0,"flight":false,"gunner":null,"health":300.0,"heat":0.0,"id":0.0,"kind":"puma","maxHealth":300.0,"overheated":false,"passengers":[],"pitchBody":0.0,"respawnTimer":0.0,"roll":0.0,"turretYaw":0.0,"vx":0.0,"vy":0.0,"vz":0.0,"x":-32.0,"y":0.0,"yaw":1.571,"z":-9.0}}
SPORT_SAMPLE {"ack":19,"actor":0,"ball":{"r":1.1,"vx":0.0,"vz":0.0,"x":0.0,"y":1.1,"z":0.0},"camera":[-41.0,5.0,-8.99816703796387],"engaged":false,"focused":true,"phase":"kickoff","render":[-32.0,0.0,-9.0],"seconds":1.16461266666667,"seq":28,"stage":-1,"v":{"altitude":0.0,"driver":0.0,"flight":false,"gunner":null,"health":300.0,"heat":0.0,"id":0.0,"kind":"puma","maxHealth":300.0,"overheated":false,"passengers":[],"pitchBody":0.0,"respawnTimer":0.0,"roll":0.0,"turretYaw":0.0,"vx":0.0,"vy":0.0,"vz":0.0,"x":-32.0,"y":0.0,"yaw":1.571,"z":-9.0}}
SPORT_SAMPLE {"ack":23,"actor":0,"ball":{"r":1.1,"vx":0.0,"vz":0.0,"x":0.0,"y":1.1,"z":0.0},"camera":[-41.0,5.0,-8.99816703796387],"engaged":false,"focused":true,"phase":"kickoff","render":[-32.0,0.0,-9.0],"seconds":1.37115633333333,"seq":34,"stage":-1,"v":{"altitude":0.0,"driver":0.0,"flight":false,"gunner":null,"health":300.0,"heat":0.0,"id":0.0,"kind":"puma","maxHealth":300.0,"overheated":false,"passengers":[],"pitchBody":0.0,"respawnTimer":0.0,"roll":0.0,"turretYaw":0.0,"vx":0.0,"vy":0.0,"vz":0.0,"x":-32.0,"y":0.0,"yaw":1.571,"z":-9.0}}
SPORT_SAMPLE {"ack":27,"actor":0,"ball":{"r":1.1,"vx":0.0,"vz":0.0,"x":0.0,"y":1.1,"z":0.0},"camera":[-41.0,5.0,-8.99816703796387],"engaged":false,"focused":true,"phase":"kickoff","render":[-32.0,0.0,-9.0],"seconds":1.57708333333333,"seq":40,"stage":-1,"v":{"altitude":0.0,"driver":0.0,"flight":false,"gunner":null,"health":300.0,"heat":0.0,"id":0.0,"kind":"puma","maxHealth":300.0,"overheated":false,"passengers":[],"pitchBody":0.0,"respawnTimer":0.0,"roll":0.0,"turretYaw":0.0,"vx":0.0,"vy":0.0,"vz":0.0,"x":-32.0,"y":0.0,"yaw":1.571,"z":-9.0}}
SPORT_SAMPLE {"ack":32,"actor":0,"ball":{"r":1.1,"vx":0.0,"vz":0.0,"x":0.0,"y":1.1,"z":0.0},"camera":[-41.0,5.0,-8.99816703796387],"engaged":false,"focused":true,"phase":"kickoff","render":[-32.0,0.0,-9.0],"seconds":1.78333333333333,"seq":46,"stage":-1,"v":{"altitude":0.0,"driver":0.0,"flight":false,"gunner":null,"health":300.0,"heat":0.0,"id":0.0,"kind":"puma","maxHealth":300.0,"overheated":false,"passengers":[],"pitchBody":0.0,"respawnTimer":0.0,"roll":0.0,"turretYaw":0.0,"vx":0.0,"vy":0.0,"vz":0.0,"x":-32.0,"y":0.0,"yaw":1.571,"z":-9.0}}
SPORT_SAMPLE {"ack":37,"actor":0,"ball":{"r":1.1,"vx":0.0,"vz":0.0,"x":0.0,"y":1.1,"z":0.0},"camera":[-41.0,5.0,-8.99816703796387],"engaged":false,"focused":true,"phase":"kickoff","render":[-32.0,0.0,-9.0],"seconds":1.98958333333333,"seq":53,"stage":-1,"v":{"altitude":0.0,"driver":0.0,"flight":false,"gunner":null,"health":300.0,"heat":0.0,"id":0.0,"kind":"puma","maxHealth":300.0,"overheated":false,"passengers":[],"pitchBody":0.0,"respawnTimer":0.0,"roll":0.0,"turretYaw":0.0,"vx":0.0,"vy":0.0,"vz":0.0,"x":-32.0,"y":0.0,"yaw":1.571,"z":-9.0}}
SPORT_SAMPLE {"ack":41,"actor":0,"ball":{"r":1.1,"vx":0.0,"vz":0.0,"x":0.0,"y":1.1,"z":0.0},"camera":[-41.0,5.0,-8.99816703796387],"engaged":false,"focused":true,"phase":"kickoff","render":[-32.0,0.0,-9.0],"seconds":2.19431818181818,"seq":59,"stage":-1,"v":{"altitude":0.0,"driver":0.0,"flight":false,"gunner":null,"health":300.0,"heat":0.0,"id":0.0,"kind":"puma","maxHealth":300.0,"overheated":false,"passengers":[],"pitchBody":0.0,"respawnTimer":0.0,"roll":0.0,"turretYaw":0.0,"vx":0.0,"vy":0.0,"vz":0.0,"x":-32.0,"y":0.0,"yaw":1.571,"z":-9.0}}
SPORT_SAMPLE {"ack":46,"actor":0,"ball":{"r":1.1,"vx":0.0,"vz":0.0,"x":0.0,"y":1.1,"z":0.0},"camera":[-41.0,5.0,-8.99816703796387],"engaged":false,"focused":true,"phase":"kickoff","render":[-32.0,0.0,-9.0],"seconds":2.39848484848485,"seq":65,"stage":-1,"v":{"altitude":0.0,"driver":0.0,"flight":false,"gunner":null,"health":300.0,"heat":0.0,"id":0.0,"kind":"puma","maxHealth":300.0,"overheated":false,"passengers":[],"pitchBody":0.0,"respawnTimer":0.0,"roll":0.0,"turretYaw":0.0,"vx":0.0,"vy":0.0,"vz":0.0,"x":-32.0,"y":0.0,"yaw":1.571,"z":-9.0}}
SPORT_SAMPLE {"ack":50,"actor":0,"ball":{"r":1.1,"vx":0.0,"vz":0.0,"x":0.0,"y":1.1,"z":0.0},"camera":[-41.0,5.0,-8.99816703796387],"engaged":false,"focused":true,"phase":"kickoff","render":[-32.0,0.0,-9.0],"seconds":2.60303030303031,"seq":71,"stage":-1,"v":{"altitude":0.0,"driver":0.0,"flight":false,"gunner":null,"health":300.0,"heat":0.0,"id":0.0,"kind":"puma","maxHealth":300.0,"overheated":false,"passengers":[],"pitchBody":0.0,"respawnTimer":0.0,"roll":0.0,"turretYaw":0.0,"vx":0.0,"vy":0.0,"vz":0.0,"x":-32.0,"y":0.0,"yaw":1.571,"z":-9.0}}
SPORT_SAMPLE {"ack":55,"actor":0,"ball":{"r":1.1,"vx":0.0,"vz":0.0,"x":0.0,"y":1.1,"z":0.0},"camera":[-41.0,5.0,-8.99816703796387],"engaged":false,"focused":true,"phase":"kickoff","render":[-32.0,0.0,-9.0],"seconds":2.80757575757577,"seq":77,"stage":-1,"v":{"altitude":0.0,"driver":0.0,"flight":false,"gunner":null,"health":300.0,"heat":0.0,"id":0.0,"kind":"puma","maxHealth":300.0,"overheated":false,"passengers":[],"pitchBody":0.0,"respawnTimer":0.0,"roll":0.0,"turretYaw":0.0,"vx":0.0,"vy":0.0,"vz":0.0,"x":-32.0,"y":0.0,"yaw":1.571,"z":-9.0}}
SPORT_SAMPLE {"ack":59,"actor":0,"ball":{"r":1.1,"vx":0.0,"vz":0.0,"x":0.0,"y":1.1,"z":0.0},"camera":[-41.0,5.0,-8.99816703796387],"engaged":false,"focused":true,"phase":"kickoff","render":[-32.0,0.0,-9.0],"seconds":3.01175024242425,"seq":83,"stage":-1,"v":{"altitude":0.0,"driver":0.0,"flight":false,"gunner":null,"health":300.0,"heat":0.0,"id":0.0,"kind":"puma","maxHealth":300.0,"overheated":false,"passengers":[],"pitchBody":0.0,"respawnTimer":0.0,"roll":0.0,"turretYaw":0.0,"vx":0.0,"vy":0.0,"vz":0.0,"x":-32.0,"y":0.0,"yaw":1.571,"z":-9.0}}
SPORT_EVENT {"key":87,"pressed":false,"seconds":3.21666666666668}
SPORT_EVENT {"key":83,"pressed":false,"seconds":3.21666666666668}
SPORT_EVENT {"key":65,"pressed":false,"seconds":3.21666666666668}
SPORT_EVENT {"key":68,"pressed":false,"seconds":3.21666666666668}
SPORT_EVENT {"key":32,"pressed":false,"seconds":3.21666666666668}
SPORT_EVENT {"key":4194325,"pressed":false,"seconds":3.21666666666668}
SPORT_EVENT {"key":82,"pressed":false,"seconds":3.21666666666668}
SPORT_EVENT {"key":4194309,"pressed":true,"seconds":3.21666666666668}
SPORT_EVENT {"key":4194309,"pressed":false,"seconds":3.21666666666668}
SPORT_EVENT {"key":87,"pressed":true,"seconds":3.21666666666668}
SPORT_STAGE {"seconds":3.21666666666668,"stage":0}
SPORT_SAMPLE {"ack":67,"actor":0,"ball":{"r":1.1,"vx":0.0,"vz":0.0,"x":0.0,"y":1.1,"z":0.0},"camera":[-40.9901275634766,5.0,-8.99816703796387],"engaged":true,"focused":true,"phase":"playing","render":[-31.9610004425049,0.0,-9.0],"seconds":3.37575757575759,"seq":94,"stage":0,"v":{"altitude":0.0,"driver":0.0,"flight":false,"gunner":null,"health":300.0,"heat":0.0,"id":0.0,"kind":"puma","maxHealth":300.0,"overheated":false,"passengers":[],"pitchBody":0.035,"respawnTimer":0.0,"roll":0.0,"turretYaw":0.0,"vx":0.933,"vy":0.0,"vz":0.0,"x":-31.961,"y":0.0,"yaw":1.571,"z":-9.0}}
SPORT_SAMPLE {"ack":72,"actor":0,"ball":{"r":1.1,"vx":0.0,"vz":0.0,"x":0.0,"y":1.1,"z":0.0},"camera":[-40.7178192138672,5.0,-8.99816703796387],"engaged":true,"focused":true,"phase":"playing","render":[-31.3400001525879,0.0,-9.0],"seconds":3.57989727272729,"seq":101,"stage":0,"v":{"altitude":0.0,"driver":0.0,"flight":false,"gunner":null,"health":300.0,"heat":0.0,"id":0.0,"kind":"puma","maxHealth":300.0,"overheated":false,"passengers":[],"pitchBody":0.075,"respawnTimer":0.0,"roll":0.0,"turretYaw":0.0,"vx":4.144,"vy":0.0,"vz":0.0,"x":-31.34,"y":0.0,"yaw":1.571,"z":-9.0}}
SPORT_SAMPLE {"ack":76,"actor":0,"ball":{"r":1.1,"vx":0.0,"vz":0.0,"x":0.0,"y":1.1,"z":0.0},"camera":[-39.802059173584,5.0,-8.99816703796387],"engaged":true,"focused":true,"phase":"playing","render":[-30.2259998321533,0.0,-9.0],"seconds":3.78520030303032,"seq":107,"stage":0,"v":{"altitude":0.0,"driver":0.0,"flight":false,"gunner":null,"health":300.0,"heat":0.0,"id":0.0,"kind":"puma","maxHealth":300.0,"overheated":false,"passengers":[],"pitchBody":0.077,"respawnTimer":0.0,"roll":0.0,"turretYaw":0.0,"vx":6.74,"vy":0.0,"vz":0.0,"x":-30.226,"y":0.0,"yaw":1.571,"z":-9.0}}
SPORT_SAMPLE {"ack":81,"actor":0,"ball":{"r":1.1,"vx":0.0,"vz":0.0,"x":0.0,"y":1.1,"z":0.0},"camera":[-38.3553085327148,5.0,-8.99816703796387],"engaged":true,"focused":true,"phase":"playing","render":[-28.3050003051758,0.0,-9.0],"seconds":3.99145030303032,"seq":114,"stage":0,"v":{"altitude":0.0,"driver":0.0,"flight":false,"gunner":null,"health":300.0,"heat":0.0,"id":0.0,"kind":"puma","maxHealth":300.0,"overheated":false,"passengers":[],"pitchBody":0.07,"respawnTimer":0.0,"roll":0.0,"turretYaw":0.0,"vx":9.474,"vy":0.0,"vz":0.0,"x":-28.305,"y":0.0,"yaw":1.571,"z":-9.0}}
SPORT_SAMPLE {"ack":85,"actor":0,"ball":{"r":1.1,"vx":0.0,"vz":0.0,"x":0.0,"y":1.1,"z":0.0},"camera":[-36.3750076293945,5.0,-8.99816703796387],"engaged":true,"focused":true,"phase":"playing","render":[-26.1849994659424,0.0,-9.0],"seconds":4.19790500000001,"seq":120,"stage":0,"v":{"altitude":0.0,"driver":0.0,"flight":false,"gunner":null,"health":300.0,"heat":0.0,"id":0.0,"kind":"puma","maxHealth":300.0,"overheated":false,"passengers":[],"pitchBody":0.062,"respawnTimer":0.0,"roll":0.0,"turretYaw":0.0,"vx":11.509,"vy":0.0,"vz":0.0,"x":-26.185,"y":0.0,"yaw":1.571,"z":-9.0}}
SPORT_SAMPLE {"ack":90,"actor":0,"ball":{"r":1.1,"vx":0.0,"vz":0.0,"x":0.0,"y":1.1,"z":0.0},"camera":[-33.9076499938965,5.0,-8.99816703796387],"engaged":true,"focused":true,"phase":"playing","render":[-23.242000579834,0.0,-9.0],"seconds":4.40562533333334,"seq":127,"stage":0,"v":{"altitude":0.0,"driver":0.0,"flight":false,"gunner":null,"health":300.0,"heat":0.0,"id":0.0,"kind":"puma","maxHealth":300.0,"overheated":false,"passengers":[],"pitchBody":0.052,"respawnTimer":0.0,"roll":0.0,"turretYaw":0.0,"vx":13.504,"vy":0.0,"vz":0.0,"x":-23.242,"y":0.0,"yaw":1.571,"z":-9.0}}
SPORT_SAMPLE {"ack":94,"actor":0,"ball":{"r":1.1,"vx":0.0,"vz":0.0,"x":0.0,"y":1.1,"z":0.0},"camera":[-31.0979557037354,5.0,-8.99816703796387],"engaged":true,"focused":true,"phase":"playing","render":[-20.3859996795654,0.0,-9.0],"seconds":4.61613966666668,"seq":133,"stage":0,"v":{"altitude":0.0,"driver":0.0,"flight":false,"gunner":null,"health":300.0,"heat":0.0,"id":0.0,"kind":"puma","maxHealth":300.0,"overheated":false,"passengers":[],"pitchBody":0.043,"respawnTimer":0.0,"roll":0.0,"turretYaw":0.0,"vx":14.898,"vy":0.0,"vz":0.0,"x":-20.386,"y":0.0,"yaw":1.571,"z":-9.0}}
SPORT_EVENT {"key":87,"pressed":false,"seconds":4.70968466666668}
SPORT_EVENT {"key":83,"pressed":false,"seconds":4.70968466666668}
SPORT_EVENT {"key":65,"pressed":false,"seconds":4.70968466666668}
SPORT_EVENT {"key":68,"pressed":false,"seconds":4.70968466666668}
SPORT_EVENT {"key":32,"pressed":false,"seconds":4.70968466666668}
SPORT_EVENT {"key":4194325,"pressed":false,"seconds":4.70968466666668}
SPORT_EVENT {"key":82,"pressed":false,"seconds":4.70968466666668}
SPORT_EVENT {"key":87,"pressed":true,"seconds":4.70968466666668}
SPORT_EVENT {"key":68,"pressed":true,"seconds":4.70968466666668}
SPORT_STAGE {"seconds":4.70968466666668,"stage":1}
SPORT_SAMPLE {"ack":100,"actor":0,"ball":{"r":1.1,"vx":0.0,"vz":0.0,"x":0.0,"y":1.1,"z":0.0},"camera":[-26.9109306335449,5.0,-8.06059646606445],"engaged":true,"focused":true,"phase":"playing","render":[-16.2080001831055,0.0,-9.07800006866455],"seconds":4.87767300000001,"seq":141,"stage":1,"v":{"altitude":0.0,"driver":0.0,"flight":false,"gunner":null,"health":300.0,"heat":0.0,"id":0.0,"kind":"puma","maxHealth":300.0,"overheated":false,"passengers":[],"pitchBody":0.017,"respawnTimer":0.0,"roll":-0.212,"turretYaw":0.0,"vx":16.063,"vy":0.0,"vz":-1.64,"x":-16.208,"y":0.0,"yaw":1.87,"z":-9.078}}
SPORT_SAMPLE {"ack":104,"actor":0,"ball":{"r":1.1,"vx":0.0,"vz":0.0,"x":0.0,"y":1.1,"z":0.0},"camera":[-22.4510631561279,5.0,-5.29851388931274],"engaged":true,"focused":true,"phase":"playing","render":[-13.1569995880127,0.0,-9.98200035095215],"seconds":5.09206985714287,"seq":147,"stage":1,"v":{"altitude":0.0,"driver":0.0,"flight":false,"gunner":null,"health":300.0,"heat":0.0,"id":0.0,"kind":"puma","maxHealth":300.0,"overheated":false,"passengers":[],"pitchBody":-0.008,"respawnTimer":0.0,"roll":-0.322,"turretYaw":0.0,"vx":14.184,"vy":0.0,"vz":-6.888,"x":-13.157,"y":0.0,"yaw":2.244,"z":-9.982}}
SPORT_SAMPLE {"ack":109,"actor":0,"ball":{"r":1.1,"vx":0.0,"vz":0.0,"x":0.0,"y":1.1,"z":0.0},"camera":[-17.5468330383301,5.0,-4.27225589752197],"engaged":true,"focused":true,"phase":"playing","render":[-10.3570003509521,0.0,-12.1820001602173],"seconds":5.30560811111112,"seq":154,"stage":1,"v":{"altitude":0.0,"driver":0.0,"flight":false,"gunner":null,"health":300.0,"heat":0.0,"id":0.0,"kind":"puma","maxHealth":300.0,"overheated":false,"passengers":[],"pitchBody":-0.018,"respawnTimer":0.0,"roll":-0.346,"turretYaw":0.0,"vx":9.856,"vy":0.0,"vz":-11.309,"x":-10.357,"y":0.0,"yaw":2.646,"z":-12.182}}
SPORT_SAMPLE {"ack":113,"actor":0,"ball":{"r":1.1,"vx":0.0,"vz":0.0,"x":0.0,"y":1.1,"z":0.0},"camera":[-12.3442888259888,5.0,-4.91508436203003],"engaged":true,"focused":true,"phase":"playing","render":[-8.91100025177002,0.0,-14.710000038147],"seconds":5.51805555555557,"seq":160,"stage":1,"v":{"altitude":0.0,"driver":0.0,"flight":false,"gunner":null,"health":300.0,"heat":0.0,"id":0.0,"kind":"puma","maxHealth":300.0,"overheated":false,"passengers":[],"pitchBody":-0.02,"respawnTimer":0.0,"roll":-0.349,"turretYaw":0.0,"vx":4.801,"vy":0.0,"vz":-13.554,"x":-8.911,"y":0.0,"yaw":3.062,"z":-14.71}}
SPORT_SAMPLE {"ack":117,"actor":0,"ball":{"r":1.1,"vx":5.511,"vz":-1.488,"x":0.0,"y":1.1,"z":0.0},"camera":[-7.40333795547485,5.0,-7.48261737823486],"engaged":true,"focused":true,"phase":"playing","render":[-8.61100006103516,0.0,-17.5130004882812],"seconds":5.72822533333334,"seq":166,"stage":1,"v":{"altitude":0.0,"driver":0.0,"flight":false,"gunner":null,"health":300.0,"heat":0.0,"id":0.0,"kind":"puma","maxHealth":300.0,"overheated":false,"passengers":[],"pitchBody":-0.007,"respawnTimer":0.0,"roll":-0.35,"turretYaw":0.0,"vx":-1.332,"vy":0.0,"vz":-14.077,"x":-8.611,"y":0.0,"yaw":3.491,"z":-17.513}}
SPORT_SAMPLE {"ack":123,"actor":0,"ball":{"r":1.1,"vx":13.355,"vz":-25.295,"x":3.547,"y":1.1,"z":-6.89},"camera":[-4.56290054321289,5.0,-11.5200757980347],"engaged":true,"focused":true,"phase":"playing","render":[-9.67899990081787,0.0,-20.6070003509521],"seconds":5.94454333333334,"seq":173,"stage":1,"v":{"altitude":0.0,"driver":0.0,"flight":false,"gunner":null,"health":300.0,"heat":0.0,"id":0.0,"kind":"puma","maxHealth":300.0,"overheated":false,"passengers":[],"pitchBody":0.001,"respawnTimer":0.0,"roll":-0.35,"turretYaw":0.0,"vx":-7.031,"vy":0.0,"vz":-12.248,"x":-9.679,"y":0.0,"yaw":3.863,"z":-20.607}}
SPORT_SAMPLE {"ack":128,"actor":0,"ball":{"r":1.1,"vx":11.602,"vz":-21.975,"x":6.439,"y":1.1,"z":-12.368},"camera":[-3.44218873977661,5.0,-15.6333484649658],"engaged":true,"focused":true,"phase":"playing","render":[-10.5509996414185,0.0,-21.8010005950928],"seconds":6.16004700000001,"seq":180,"stage":1,"v":{"altitude":0.0,"driver":0.0,"flight":false,"gunner":null,"health":300.0,"heat":0.0,"id":0.0,"kind":"puma","maxHealth":300.0,"overheated":false,"passengers":[],"pitchBody":0.028,"respawnTimer":0.0,"roll":-0.131,"turretYaw":0.0,"vx":-0.92,"vy":0.0,"vz":-0.626,"x":-10.551,"y":0.0,"yaw":4.175,"z":-21.801}}
SPORT_EVENT {"key":87,"pressed":false,"seconds":6.20500000000001}
SPORT_EVENT {"key":83,"pressed":false,"seconds":6.20500000000001}
SPORT_EVENT {"key":65,"pressed":false,"seconds":6.20500000000001}
SPORT_EVENT {"key":68,"pressed":false,"seconds":6.20500000000001}
SPORT_EVENT {"key":32,"pressed":false,"seconds":6.20500000000001}
SPORT_EVENT {"key":4194325,"pressed":false,"seconds":6.20500000000001}
SPORT_EVENT {"key":82,"pressed":false,"seconds":6.20500000000001}
SPORT_EVENT {"key":32,"pressed":true,"seconds":6.20500000000001}
SPORT_STAGE {"seconds":6.20500000000001,"stage":2}
SPORT_SAMPLE {"ack":133,"actor":0,"ball":{"r":1.1,"vx":10.079,"vz":-19.091,"x":8.952,"y":1.1,"z":-17.127},"camera":[-2.53450155258179,5.0,-18.0708160400391],"engaged":true,"focused":true,"phase":"playing","render":[-10.7259998321533,0.0,-21.9029998779297],"seconds":6.38222222222223,"seq":187,"stage":2,"v":{"altitude":0.0,"driver":0.0,"flight":false,"gunner":null,"health":300.0,"heat":0.0,"id":0.0,"kind":"puma","maxHealth":300.0,"overheated":false,"passengers":[],"pitchBody":0.011,"respawnTimer":0.0,"roll":-0.032,"turretYaw":0.0,"vx":0.0,"vy":0.0,"vz":0.0,"x":-10.726,"y":0.0,"yaw":4.335,"z":-21.903}}
SPORT_SAMPLE {"ack":137,"actor":0,"ball":{"r":1.1,"vx":8.934,"vz":-16.922,"x":10.841,"y":1.1,"z":-20.706},"camera":[-2.38303709030151,5.0,-18.516752243042],"engaged":true,"focused":true,"phase":"playing","render":[-10.7259998321533,0.0,-21.9029998779297],"seconds":6.58222222222223,"seq":193,"stage":2,"v":{"altitude":0.0,"driver":0.0,"flight":false,"gunner":null,"health":300.0,"heat":0.0,"id":0.0,"kind":"puma","maxHealth":300.0,"overheated":false,"passengers":[],"pitchBody":0.002,"respawnTimer":0.0,"roll":-0.007,"turretYaw":0.0,"vx":0.0,"vy":0.0,"vz":0.0,"x":-10.726,"y":0.0,"yaw":4.335,"z":-21.903}}
SPORT_SAMPLE {"ack":142,"actor":0,"ball":{"r":1.1,"vx":7.919,"vz":8.249,"x":12.516,"y":1.1,"z":-22.483},"camera":[-2.3624050617218,5.0,-18.5774955749512],"engaged":true,"focused":true,"phase":"playing","render":[-10.7259998321533,0.0,-21.9029998779297],"seconds":6.78697530303031,"seq":199,"stage":2,"v":{"altitude":0.0,"driver":0.0,"flight":false,"gunner":null,"health":300.0,"heat":0.0,"id":0.0,"kind":"puma","maxHealth":300.0,"overheated":false,"passengers":[],"pitchBody":0.0,"respawnTimer":0.0,"roll":-0.001,"turretYaw":0.0,"vx":0.0,"vy":0.0,"vz":0.0,"x":-10.726,"y":0.0,"yaw":4.335,"z":-21.903}}
SPORT_SAMPLE {"ack":146,"actor":0,"ball":{"r":1.1,"vx":7.019,"vz":7.312,"x":14.0,"y":1.1,"z":-20.937},"camera":[-2.35975122451782,5.0,-18.5853099822998],"engaged":true,"focused":true,"phase":"playing","render":[-10.7259998321533,0.0,-21.9029998779297],"seconds":6.98809266666667,"seq":205,"stage":2,"v":{"altitude":0.0,"driver":0.0,"flight":false,"gunner":null,"health":300.0,"heat":0.0,"id":0.0,"kind":"puma","maxHealth":300.0,"overheated":false,"passengers":[],"pitchBody":0.0,"respawnTimer":0.0,"roll":0.0,"turretYaw":0.0,"vx":0.0,"vy":0.0,"vz":0.0,"x":-10.726,"y":0.0,"yaw":4.335,"z":-21.903}}
SPORT_SAMPLE {"ack":150,"actor":0,"ball":{"r":1.1,"vx":6.098,"vz":6.352,"x":15.52,"y":1.1,"z":-19.353},"camera":[-2.35937452316284,5.0,-18.5864181518555],"engaged":true,"focused":true,"phase":"playing","render":[-10.7259998321533,0.0,-21.9029998779297],"seconds":7.21309266666668,"seq":212,"stage":2,"v":{"altitude":0.0,"driver":0.0,"flight":false,"gunner":null,"health":300.0,"heat":0.0,"id":0.0,"kind":"puma","maxHealth":300.0,"overheated":false,"passengers":[],"pitchBody":0.0,"respawnTimer":0.0,"roll":0.0,"turretYaw":0.0,"vx":0.0,"vy":0.0,"vz":0.0,"x":-10.726,"y":0.0,"yaw":4.335,"z":-21.903}}
SPORT_SAMPLE {"ack":155,"actor":0,"ball":{"r":1.1,"vx":5.405,"vz":5.631,"x":16.664,"y":1.1,"z":-18.162},"camera":[-2.35933542251587,5.0,-18.5865345001221],"engaged":true,"focused":true,"phase":"playing","render":[-10.7259998321533,0.0,-21.9029998779297],"seconds":7.42667418181819,"seq":218,"stage":2,"v":{"altitude":0.0,"driver":0.0,"flight":false,"gunner":null,"health":300.0,"heat":0.0,"id":0.0,"kind":"puma","maxHealth":300.0,"overheated":false,"passengers":[],"pitchBody":0.0,"respawnTimer":0.0,"roll":0.0,"turretYaw":0.0,"vx":0.0,"vy":0.0,"vz":0.0,"x":-10.726,"y":0.0,"yaw":4.335,"z":-21.903}}
SPORT_SAMPLE {"ack":159,"actor":0,"ball":{"r":1.1,"vx":4.791,"vz":4.991,"x":17.677,"y":1.1,"z":-17.107},"camera":[-2.35933065414429,5.0,-18.5865459442139],"engaged":true,"focused":true,"phase":"playing","render":[-10.7259998321533,0.0,-21.9029998779297],"seconds":7.63147533333335,"seq":224,"stage":2,"v":{"altitude":0.0,"driver":0.0,"flight":false,"gunner":null,"health":300.0,"heat":0.0,"id":0.0,"kind":"puma","maxHealth":300.0,"overheated":false,"passengers":[],"pitchBody":0.0,"respawnTimer":0.0,"roll":0.0,"turretYaw":0.0,"vx":0.0,"vy":0.0,"vz":0.0,"x":-10.726,"y":0.0,"yaw":4.335,"z":-21.903}}
SPORT_EVENT {"key":87,"pressed":false,"seconds":7.69722933333335}
SPORT_EVENT {"key":83,"pressed":false,"seconds":7.69722933333335}
SPORT_EVENT {"key":65,"pressed":false,"seconds":7.69722933333335}
SPORT_EVENT {"key":68,"pressed":false,"seconds":7.69722933333335}
SPORT_EVENT {"key":32,"pressed":false,"seconds":7.69722933333335}
SPORT_EVENT {"key":4194325,"pressed":false,"seconds":7.69722933333335}
SPORT_EVENT {"key":82,"pressed":false,"seconds":7.69722933333335}
SPORT_EVENT {"key":83,"pressed":true,"seconds":7.69722933333335}
SPORT_STAGE {"seconds":7.69722933333335,"stage":3}
SPORT_SAMPLE {"ack":163,"actor":0,"ball":{"r":1.1,"vx":4.247,"vz":4.424,"x":18.575,"y":1.1,"z":-16.171},"camera":[-2.35633254051208,5.0,-18.585470199585],"engaged":true,"focused":true,"phase":"playing","render":[-10.7180004119873,0.0,-21.8999996185303],"seconds":7.8527848888889,"seq":230,"stage":3,"v":{"altitude":0.0,"driver":0.0,"flight":false,"gunner":null,"health":300.0,"heat":0.0,"id":0.0,"kind":"puma","maxHealth":300.0,"overheated":false,"passengers":[],"pitchBody":-0.01,"respawnTimer":0.0,"roll":0.0,"turretYaw":0.0,"vx":0.228,"vy":0.0,"vz":0.09,"x":-10.718,"y":0.0,"yaw":4.335,"z":-21.9}}
SPORT_SAMPLE {"ack":169,"actor":0,"ball":{"r":1.1,"vx":3.689,"vz":3.843,"x":19.495,"y":1.1,"z":-15.213},"camera":[-2.2756335735321,5.0,-18.5537662506104],"engaged":true,"focused":true,"phase":"playing","render":[-10.5329999923706,0.0,-21.8269996643066],"seconds":8.0527848888889,"seq":237,"stage":3,"v":{"altitude":0.0,"driver":0.0,"flight":false,"gunner":null,"health":300.0,"heat":0.0,"id":0.0,"kind":"puma","maxHealth":300.0,"overheated":false,"passengers":[],"pitchBody":-0.026,"respawnTimer":0.0,"roll":0.0,"turretYaw":0.0,"vx":1.285,"vy":0.0,"vz":0.509,"x":-10.533,"y":0.0,"yaw":4.335,"z":-21.827}}
SPORT_SCREENSHOT 0
SPORT_SAMPLE {"ack":173,"actor":0,"ball":{"r":1.1,"vx":3.337,"vz":3.476,"x":20.077,"y":1.1,"z":-14.607},"camera":[-2.06426239013672,5.0,-18.4701557159424],"engaged":true,"focused":true,"phase":"playing","render":[-10.25,0.0,-21.7150001525879],"seconds":8.35000000000001,"seq":242,"stage":3,"v":{"altitude":0.0,"driver":0.0,"flight":false,"gunner":null,"health":300.0,"heat":0.0,"id":0.0,"kind":"puma","maxHealth":300.0,"overheated":false,"passengers":[],"pitchBody":-0.028,"respawnTimer":0.0,"roll":0.0,"turretYaw":0.0,"vx":2.028,"vy":0.0,"vz":0.803,"x":-10.25,"y":0.0,"yaw":4.335,"z":-21.715}}
SPORT_SAMPLE {"ack":178,"actor":0,"ball":{"r":1.1,"vx":2.621,"vz":2.731,"x":21.257,"y":1.1,"z":-13.378},"camera":[-1.13915836811066,5.0,-18.1033782958984],"engaged":true,"focused":true,"phase":"playing","render":[-9.08100032806396,0.0,-21.2520008087158],"seconds":8.56697533333335,"seq":254,"stage":3,"v":{"altitude":0.0,"driver":0.0,"flight":false,"gunner":null,"health":300.0,"heat":0.0,"id":0.0,"kind":"puma","maxHealth":300.0,"overheated":false,"passengers":[],"pitchBody":-0.027,"respawnTimer":0.0,"roll":0.0,"turretYaw":0.0,"vx":3.724,"vy":0.0,"vz":1.475,"x":-9.081,"y":0.0,"yaw":4.335,"z":-21.252}}
SPORT_SAMPLE {"ack":182,"actor":0,"ball":{"r":1.1,"vx":2.324,"vz":2.421,"x":21.748,"y":1.1,"z":-12.866},"camera":[-0.295075803995132,5.0,-17.7691688537598],"engaged":true,"focused":true,"phase":"playing","render":[-8.25,0.0,-20.9220008850098],"seconds":8.77664900000002,"seq":260,"stage":3,"v":{"altitude":0.0,"driver":0.0,"flight":false,"gunner":null,"health":300.0,"heat":0.0,"id":0.0,"kind":"puma","maxHealth":300.0,"overheated":false,"passengers":[],"pitchBody":-0.025,"respawnTimer":0.0,"roll":0.0,"turretYaw":0.0,"vx":4.509,"vy":0.0,"vz":1.786,"x":-8.25,"y":0.0,"yaw":4.335,"z":-20.922}}
SPORT_SAMPLE {"ack":187,"actor":0,"ball":{"r":1.1,"vx":2.019,"vz":2.103,"x":22.251,"y":1.1,"z":-12.341},"camera":[0.65436053276062,5.0,-17.3926887512207],"engaged":true,"focused":true,"phase":"playing","render":[-7.09000015258789,0.0,-20.4629993438721],"seconds":8.98583333333335,"seq":267,"stage":3,"v":{"altitude":0.0,"driver":0.0,"flight":false,"gunner":null,"health":300.0,"heat":0.0,"id":0.0,"kind":"puma","maxHealth":300.0,"overheated":false,"passengers":[],"pitchBody":-0.024,"respawnTimer":0.0,"roll":0.0,"turretYaw":0.0,"vx":5.359,"vy":0.0,"vz":2.124,"x":-7.09,"y":0.0,"yaw":4.335,"z":-20.463}}
SPORT_EVENT {"key":87,"pressed":false,"seconds":9.19541666666668}
SPORT_EVENT {"key":83,"pressed":false,"seconds":9.19541666666668}
SPORT_EVENT {"key":65,"pressed":false,"seconds":9.19541666666668}
SPORT_EVENT {"key":68,"pressed":false,"seconds":9.19541666666668}
SPORT_EVENT {"key":32,"pressed":false,"seconds":9.19541666666668}
SPORT_EVENT {"key":4194325,"pressed":false,"seconds":9.19541666666668}
SPORT_EVENT {"key":82,"pressed":false,"seconds":9.19541666666668}
SPORT_EVENT {"key":4194305,"pressed":true,"seconds":9.19541666666668}
SPORT_EVENT {"key":4194305,"pressed":false,"seconds":9.19541666666668}
SPORT_EVENT {"key":87,"pressed":true,"seconds":9.19541666666668}
SPORT_STAGE {"seconds":9.19541666666668,"stage":4}
SPORT_SAMPLE {"ack":195,"actor":0,"ball":{"r":1.1,"vx":-0.695,"vz":22.07,"x":23.021,"y":1.1,"z":-8.191},"camera":[2.66596865653992,5.0,-16.5957355499268],"engaged":false,"focused":true,"phase":"playing","render":[-5.07399988174438,0.0,-19.6639995574951],"seconds":9.35625000000002,"seq":278,"stage":4,"v":{"altitude":0.0,"driver":0.0,"flight":false,"gunner":null,"health":300.0,"heat":0.0,"id":0.0,"kind":"puma","maxHealth":300.0,"overheated":false,"passengers":[],"pitchBody":0.01,"respawnTimer":0.0,"roll":0.0,"turretYaw":0.0,"vx":5.232,"vy":0.0,"vz":2.073,"x":-5.074,"y":0.0,"yaw":4.335,"z":-19.664}}
SPORT_SAMPLE {"ack":199,"actor":0,"ball":{"r":1.1,"vx":-0.616,"vz":19.563,"x":22.891,"y":1.1,"z":-4.053},"camera":[3.67985820770264,5.0,-16.1941604614258],"engaged":false,"focused":true,"phase":"playing","render":[-4.08799982070923,0.0,-19.2730007171631],"seconds":9.55930300000002,"seq":284,"stage":4,"v":{"altitude":0.0,"driver":0.0,"flight":false,"gunner":null,"health":300.0,"heat":0.0,"id":0.0,"kind":"puma","maxHealth":300.0,"overheated":false,"passengers":[],"pitchBody":0.016,"respawnTimer":0.0,"roll":0.0,"turretYaw":0.0,"vx":4.673,"vy":0.0,"vz":1.852,"x":-4.088,"y":0.0,"yaw":4.335,"z":-19.273}}
SPORT_SAMPLE {"ack":204,"actor":0,"ball":{"r":1.1,"vx":-0.546,"vz":17.34,"x":22.776,"y":1.1,"z":-0.386},"camera":[4.71050071716309,5.0,-15.785737991333],"engaged":false,"focused":true,"phase":"playing","render":[-3.21099996566772,0.0,-18.9260005950928],"seconds":9.77590366666669,"seq":290,"stage":4,"v":{"altitude":0.0,"driver":0.0,"flight":false,"gunner":null,"health":300.0,"heat":0.0,"id":0.0,"kind":"puma","maxHealth":300.0,"overheated":false,"passengers":[],"pitchBody":0.017,"respawnTimer":0.0,"roll":0.0,"turretYaw":0.0,"vx":4.154,"vy":0.0,"vz":1.646,"x":-3.211,"y":0.0,"yaw":4.335,"z":-18.926}}
SPORT_SAMPLE {"ack":209,"actor":0,"ball":{"r":1.1,"vx":-0.474,"vz":15.064,"x":22.658,"y":1.1,"z":3.369},"camera":[5.58501482009888,5.0,-15.4392576217651],"engaged":false,"focused":true,"phase":"playing","render":[-2.31299996376038,0.0,-18.5699996948242],"seconds":9.98581533333336,"seq":297,"stage":4,"v":{"altitude":0.0,"driver":0.0,"flight":false,"gunner":null,"health":300.0,"heat":0.0,"id":0.0,"kind":"puma","maxHealth":300.0,"overheated":false,"passengers":[],"pitchBody":0.016,"respawnTimer":0.0,"roll":0.0,"turretYaw":0.0,"vx":3.587,"vy":0.0,"vz":1.421,"x":-2.313,"y":0.0,"yaw":4.335,"z":-18.57}}
SPORT_SAMPLE {"ack":214,"actor":0,"ball":{"r":1.1,"vx":-0.42,"vz":13.353,"x":22.569,"y":1.1,"z":6.193},"camera":[6.37635660171509,5.0,-15.1257667541504],"engaged":false,"focused":true,"phase":"playing","render":[-1.64600002765656,0.0,-18.3059997558594],"seconds":10.1984848484849,"seq":303,"stage":4,"v":{"altitude":0.0,"driver":0.0,"flight":false,"gunner":null,"health":300.0,"heat":0.0,"id":0.0,"kind":"puma","maxHealth":300.0,"overheated":false,"passengers":[],"pitchBody":0.015,"respawnTimer":0.0,"roll":0.0,"turretYaw":0.0,"vx":3.129,"vy":0.0,"vz":1.24,"x":-1.646,"y":0.0,"yaw":4.335,"z":-18.306}}
SPORT_SAMPLE {"ack":219,"actor":0,"ball":{"r":1.1,"vx":-0.365,"vz":11.6,"x":22.478,"y":1.1,"z":9.085},"camera":[7.05564117431641,5.0,-14.8562202453613],"engaged":false,"focused":true,"phase":"playing","render":[-0.980000019073486,0.0,-18.0419998168945],"seconds":10.4106060606061,"seq":310,"stage":4,"v":{"altitude":0.0,"driver":0.0,"flight":false,"gunner":null,"health":300.0,"heat":0.0,"id":0.0,"kind":"puma","maxHealth":300.0,"overheated":false,"passengers":[],"pitchBody":0.014,"respawnTimer":0.0,"roll":0.0,"turretYaw":0.0,"vx":2.621,"vy":0.0,"vz":1.039,"x":-0.98,"y":0.0,"yaw":4.335,"z":-18.042}}
SPORT_SAMPLE {"ack":224,"actor":0,"ball":{"r":1.1,"vx":-0.324,"vz":10.282,"x":22.409,"y":1.1,"z":11.26},"camera":[7.62299203872681,5.0,-14.6315937042236],"engaged":false,"focused":true,"phase":"playing","render":[-0.500999987125397,0.0,-17.8519992828369],"seconds":10.6227272727273,"seq":316,"stage":4,"v":{"altitude":0.0,"driver":0.0,"flight":false,"gunner":null,"health":300.0,"heat":0.0,"id":0.0,"kind":"puma","maxHealth":300.0,"overheated":false,"passengers":[],"pitchBody":0.014,"respawnTimer":0.0,"roll":0.0,"turretYaw":0.0,"vx":2.205,"vy":0.0,"vz":0.874,"x":-0.501,"y":0.0,"yaw":4.335,"z":-17.852}}
SPORT_EVENT {"key":87,"pressed":false,"seconds":10.7075757575758}
SPORT_EVENT {"key":83,"pressed":false,"seconds":10.7075757575758}
SPORT_EVENT {"key":65,"pressed":false,"seconds":10.7075757575758}
SPORT_EVENT {"key":68,"pressed":false,"seconds":10.7075757575758}
SPORT_EVENT {"key":32,"pressed":false,"seconds":10.7075757575758}
SPORT_EVENT {"key":4194325,"pressed":false,"seconds":10.7075757575758}
SPORT_EVENT {"key":82,"pressed":false,"seconds":10.7075757575758}
SPORT_EVENT {"key":4194309,"pressed":true,"seconds":10.7075757575758}
SPORT_EVENT {"key":4194309,"pressed":false,"seconds":10.7075757575758}
SPORT_EVENT {"key":87,"pressed":true,"seconds":10.7075757575758}
SPORT_EVENT {"key":4194325,"pressed":true,"seconds":10.7075757575758}
SPORT_STAGE {"seconds":10.7075757575758,"stage":5}
SPORT_SAMPLE {"ack":230,"actor":0,"ball":{"r":1.1,"vx":-3.802,"vz":16.054,"x":21.939,"y":1.1,"z":14.409},"camera":[8.12801647186279,5.0,-14.431586265564],"engaged":true,"focused":true,"phase":"playing","render":[-0.146999999880791,0.0,-17.7119998931885],"seconds":10.8772727272728,"seq":324,"stage":5,"v":{"altitude":0.0,"driver":0.0,"flight":false,"gunner":null,"health":300.0,"heat":0.0,"id":0.0,"kind":"puma","maxHealth":300.0,"overheated":false,"passengers":[],"pitchBody":0.078,"respawnTimer":0.0,"roll":0.0,"turretYaw":0.0,"vx":-0.706,"vy":0.0,"vz":-0.28,"x":-0.147,"y":0.0,"yaw":4.335,"z":-17.712}}
SPORT_SAMPLE {"ack":235,"actor":0,"ball":{"r":1.1,"vx":-3.804,"vz":21.63,"x":21.274,"y":1.1,"z":17.995},"camera":[7.95997667312622,5.0,-14.4981861114502],"engaged":true,"focused":true,"phase":"playing","render":[-0.76800000667572,0.0,-17.9580001831055],"seconds":11.0889453333334,"seq":330,"stage":5,"v":{"altitude":0.0,"driver":0.0,"flight":false,"gunner":null,"health":300.0,"heat":0.0,"id":0.0,"kind":"puma","maxHealth":300.0,"overheated":false,"passengers":[],"pitchBody":0.112,"respawnTimer":0.0,"roll":0.0,"turretYaw":0.0,"vx":-5.1,"vy":0.0,"vz":-2.021,"x":-0.768,"y":0.0,"yaw":4.335,"z":-17.958}}
SPORT_SAMPLE {"ack":240,"actor":0,"ball":{"r":1.1,"vx":-3.372,"vz":19.173,"x":20.56,"y":1.1,"z":22.049},"camera":[6.87300729751587,5.0,-14.9289312362671],"engaged":true,"focused":true,"phase":"playing","render":[-2.23699998855591,0.0,-18.5400009155273],"seconds":11.2983644848485,"seq":336,"stage":5,"v":{"altitude":0.0,"driver":0.0,"flight":false,"gunner":null,"health":300.0,"heat":0.0,"id":0.0,"kind":"puma","maxHealth":300.0,"overheated":false,"passengers":[],"pitchBody":0.118,"respawnTimer":0.0,"roll":0.0,"turretYaw":0.0,"vx":-9.183,"vy":0.0,"vz":-3.638,"x":-2.237,"y":0.0,"yaw":4.335,"z":-18.54}}
SPORT_SAMPLE {"ack":245,"actor":0,"ball":{"r":1.1,"vx":3.461,"vz":-2.495,"x":21.567,"y":1.1,"z":22.644},"camera":[4.82086515426636,5.0,-15.7418298721313],"engaged":true,"focused":true,"phase":"playing","render":[-4.90799999237061,0.0,-19.5979995727539],"seconds":11.5093493333334,"seq":343,"stage":5,"v":{"altitude":0.0,"driver":0.0,"flight":false,"gunner":null,"health":300.0,"heat":0.0,"id":0.0,"kind":"puma","maxHealth":300.0,"overheated":false,"passengers":[],"pitchBody":0.111,"respawnTimer":0.0,"roll":0.0,"turretYaw":0.0,"vx":-13.283,"vy":0.0,"vz":-5.263,"x":-4.908,"y":0.0,"yaw":4.335,"z":-19.598}}
SPORT_SAMPLE {"ack":250,"actor":0,"ball":{"r":1.1,"vx":-0.344,"vz":-1.234,"x":21.388,"y":1.1,"z":22.363},"camera":[1.87936818599701,5.0,-16.9074726104736],"engaged":true,"focused":true,"phase":"playing","render":[-8.43099975585938,0.0,-20.9939994812012],"seconds":11.7229256666667,"seq":350,"stage":5,"v":{"altitude":0.0,"driver":0.0,"flight":false,"gunner":null,"health":300.0,"heat":0.0,"id":0.0,"kind":"puma","maxHealth":300.0,"overheated":false,"passengers":[],"pitchBody":0.09,"respawnTimer":0.0,"roll":0.0,"turretYaw":0.0,"vx":-16.54,"vy":0.0,"vz":-6.554,"x":-8.431,"y":0.0,"yaw":4.335,"z":-20.994}}
SPORT_SAMPLE {"ack":255,"actor":0,"ball":{"r":1.1,"vx":-0.091,"vz":-0.936,"x":21.377,"y":1.1,"z":22.175},"camera":[-1.42230212688446,5.0,-18.2157688140869],"engaged":true,"focused":true,"phase":"playing","render":[-10.7569999694824,0.0,-21.9160003662109],"seconds":11.9367026666667,"seq":356,"stage":5,"v":{"altitude":0.0,"driver":0.0,"flight":false,"gunner":null,"health":300.0,"heat":0.0,"id":0.0,"kind":"puma","maxHealth":300.0,"overheated":false,"passengers":[],"pitchBody":0.034,"respawnTimer":0.0,"roll":0.0,"turretYaw":0.0,"vx":0.0,"vy":0.0,"vz":0.0,"x":-10.757,"y":0.0,"yaw":4.335,"z":-21.916}}
SPORT_SAMPLE {"ack":259,"actor":0,"ball":{"r":1.1,"vx":-0.049,"vz":-0.571,"x":21.375,"y":1.1,"z":22.15},"camera":[-2.27259182929993,5.0,-18.5528717041016],"engaged":true,"focused":true,"phase":"playing","render":[-10.7569999694824,0.0,-21.9160003662109],"seconds":12.1472222222223,"seq":362,"stage":5,"v":{"altitude":0.0,"driver":0.0,"flight":false,"gunner":null,"health":300.0,"heat":0.0,"id":0.0,"kind":"puma","maxHealth":300.0,"overheated":false,"passengers":[],"pitchBody":0.007,"respawnTimer":0.0,"roll":0.0,"turretYaw":0.0,"vx":0.0,"vy":0.0,"vz":0.0,"x":-10.757,"y":0.0,"yaw":4.335,"z":-21.916}}
SPORT_EVENT {"key":87,"pressed":false,"seconds":12.2180555555556}
SPORT_EVENT {"key":83,"pressed":false,"seconds":12.2180555555556}
SPORT_EVENT {"key":65,"pressed":false,"seconds":12.2180555555556}
SPORT_EVENT {"key":68,"pressed":false,"seconds":12.2180555555556}
SPORT_EVENT {"key":32,"pressed":false,"seconds":12.2180555555556}
SPORT_EVENT {"key":4194325,"pressed":false,"seconds":12.2180555555556}
SPORT_EVENT {"key":82,"pressed":false,"seconds":12.2180555555556}
SPORT_EVENT {"key":87,"pressed":true,"seconds":12.2180555555556}
SPORT_STAGE {"seconds":12.2180555555556,"stage":6}
SPORT_SAMPLE {"ack":264,"actor":0,"ball":{"r":1.1,"vx":-0.031,"vz":-0.315,"x":21.379,"y":1.1,"z":22.191},"camera":[-2.37913274765015,5.0,-18.5951118469238],"engaged":false,"focused":false,"phase":"playing","render":[-10.7569999694824,0.0,-21.9160003662109],"seconds":12.3822222222223,"seq":369,"stage":6,"v":{"altitude":0.0,"driver":0.0,"flight":false,"gunner":null,"health":300.0,"heat":0.0,"id":0.0,"kind":"puma","maxHealth":300.0,"overheated":false,"passengers":[],"pitchBody":0.001,"respawnTimer":0.0,"roll":0.0,"turretYaw":0.0,"vx":0.0,"vy":0.0,"vz":0.0,"x":-10.757,"y":0.0,"yaw":4.335,"z":-21.916}}
SPORT_SAMPLE {"ack":268,"actor":0,"ball":{"r":1.1,"vx":-0.026,"vz":-0.263,"x":21.377,"y":1.1,"z":22.176},"camera":[-2.38895916938782,5.0,-18.599006652832],"engaged":false,"focused":false,"phase":"playing","render":[-10.7569999694824,0.0,-21.9160003662109],"seconds":12.5908143333334,"seq":375,"stage":6,"v":{"altitude":0.0,"driver":0.0,"flight":false,"gunner":null,"health":300.0,"heat":0.0,"id":0.0,"kind":"puma","maxHealth":300.0,"overheated":false,"passengers":[],"pitchBody":0.0,"respawnTimer":0.0,"roll":0.0,"turretYaw":0.0,"vx":0.0,"vy":0.0,"vz":0.0,"x":-10.757,"y":0.0,"yaw":4.335,"z":-21.916}}
SPORT_SAMPLE {"ack":273,"actor":0,"ball":{"r":1.1,"vx":-0.801,"vz":-1.097,"x":21.284,"y":1.1,"z":22.153},"camera":[-2.39015221595764,5.0,-18.599479675293],"engaged":false,"focused":false,"phase":"playing","render":[-10.7569999694824,0.0,-21.9160003662109],"seconds":12.7954043333334,"seq":381,"stage":6,"v":{"altitude":0.0,"driver":0.0,"flight":false,"gunner":null,"health":300.0,"heat":0.0,"id":0.0,"kind":"puma","maxHealth":300.0,"overheated":false,"passengers":[],"pitchBody":0.0,"respawnTimer":0.0,"roll":0.0,"turretYaw":0.0,"vx":0.0,"vy":0.0,"vz":0.0,"x":-10.757,"y":0.0,"yaw":4.335,"z":-21.916}}
SPORT_SAMPLE {"ack":278,"actor":0,"ball":{"r":1.1,"vx":-1.96,"vz":-2.691,"x":21.027,"y":1.1,"z":22.316},"camera":[-2.39030766487122,5.0,-18.5995407104492],"engaged":false,"focused":false,"phase":"playing","render":[-10.7569999694824,0.0,-21.9160003662109],"seconds":13.0020833333334,"seq":388,"stage":6,"v":{"altitude":0.0,"driver":0.0,"flight":false,"gunner":null,"health":300.0,"heat":0.0,"id":0.0,"kind":"puma","maxHealth":300.0,"overheated":false,"passengers":[],"pitchBody":0.0,"respawnTimer":0.0,"roll":0.0,"turretYaw":0.0,"vx":0.0,"vy":0.0,"vz":0.0,"x":-10.757,"y":0.0,"yaw":4.335,"z":-21.916}}
SPORT_SAMPLE {"ack":282,"actor":0,"ball":{"r":1.1,"vx":-2.284,"vz":-0.858,"x":20.786,"y":1.1,"z":22.65},"camera":[-2.3903272151947,5.0,-18.5995464324951],"engaged":false,"focused":false,"phase":"playing","render":[-10.7569999694824,0.0,-21.9160003662109],"seconds":13.2047047777778,"seq":393,"stage":6,"v":{"altitude":0.0,"driver":0.0,"flight":false,"gunner":null,"health":300.0,"heat":0.0,"id":0.0,"kind":"puma","maxHealth":300.0,"overheated":false,"passengers":[],"pitchBody":0.0,"respawnTimer":0.0,"roll":0.0,"turretYaw":0.0,"vx":0.0,"vy":0.0,"vz":0.0,"x":-10.757,"y":0.0,"yaw":4.335,"z":-21.916}}
SPORT_SAMPLE {"ack":287,"actor":0,"ball":{"r":1.1,"vx":-0.783,"vz":0.468,"x":20.423,"y":1.1,"z":22.822},"camera":[-2.39032983779907,5.0,-18.5995464324951],"engaged":false,"focused":false,"phase":"playing","render":[-10.7569999694824,0.0,-21.9160003662109],"seconds":13.4075757575758,"seq":400,"stage":6,"v":{"altitude":0.0,"driver":0.0,"flight":false,"gunner":null,"health":300.0,"heat":0.0,"id":0.0,"kind":"puma","maxHealth":300.0,"overheated":false,"passengers":[],"pitchBody":0.0,"respawnTimer":0.0,"roll":0.0,"turretYaw":0.0,"vx":0.0,"vy":0.0,"vz":0.0,"x":-10.757,"y":0.0,"yaw":4.335,"z":-21.916}}
SPORT_SAMPLE {"ack":291,"actor":0,"ball":{"r":1.1,"vx":1.685,"vz":-1.092,"x":20.588,"y":1.1,"z":22.9},"camera":[-2.39032983779907,5.0,-18.5995464324951],"engaged":false,"focused":false,"phase":"playing","render":[-10.7569999694824,0.0,-21.9160003662109],"seconds":13.6121212121213,"seq":406,"stage":6,"v":{"altitude":0.0,"driver":0.0,"flight":false,"gunner":null,"health":300.0,"heat":0.0,"id":0.0,"kind":"puma","maxHealth":300.0,"overheated":false,"passengers":[],"pitchBody":0.0,"respawnTimer":0.0,"roll":0.0,"turretYaw":0.0,"vx":0.0,"vy":0.0,"vz":0.0,"x":-10.757,"y":0.0,"yaw":4.335,"z":-21.916}}
SPORT_EVENT {"key":87,"pressed":false,"seconds":13.7030303030304}
SPORT_EVENT {"key":83,"pressed":false,"seconds":13.7030303030304}
SPORT_EVENT {"key":65,"pressed":false,"seconds":13.7030303030304}
SPORT_EVENT {"key":68,"pressed":false,"seconds":13.7030303030304}
SPORT_EVENT {"key":32,"pressed":false,"seconds":13.7030303030304}
SPORT_EVENT {"key":4194325,"pressed":false,"seconds":13.7030303030304}
SPORT_EVENT {"key":82,"pressed":false,"seconds":13.7030303030304}
SPORT_EVENT {"key":87,"pressed":true,"seconds":13.7030303030304}
SPORT_STAGE {"seconds":13.7030303030304,"stage":7}
SPORT_SAMPLE {"ack":297,"actor":0,"ball":{"r":1.1,"vx":0.074,"vz":-0.085,"x":20.85,"y":1.1,"z":22.9},"camera":[-2.39032983779907,5.0,-18.5995464324951],"engaged":false,"focused":true,"phase":"playing","render":[-10.7569999694824,0.0,-21.9160003662109],"seconds":13.8621212121213,"seq":414,"stage":7,"v":{"altitude":0.0,"driver":0.0,"flight":false,"gunner":null,"health":300.0,"heat":0.0,"id":0.0,"kind":"puma","maxHealth":300.0,"overheated":false,"passengers":[],"pitchBody":0.0,"respawnTimer":0.0,"roll":0.0,"turretYaw":0.0,"vx":0.0,"vy":0.0,"vz":0.0,"x":-10.757,"y":0.0,"yaw":4.335,"z":-21.916}}
SPORT_SAMPLE {"ack":301,"actor":0,"ball":{"r":1.1,"vx":0.0,"vz":0.0,"x":20.85,"y":1.1,"z":22.9},"camera":[-2.39032983779907,5.0,-18.5995464324951],"engaged":false,"focused":true,"phase":"playing","render":[-10.7569999694824,0.0,-21.9160003662109],"seconds":14.0659340000001,"seq":420,"stage":7,"v":{"altitude":0.0,"driver":0.0,"flight":false,"gunner":null,"health":300.0,"heat":0.0,"id":0.0,"kind":"puma","maxHealth":300.0,"overheated":false,"passengers":[],"pitchBody":0.0,"respawnTimer":0.0,"roll":0.0,"turretYaw":0.0,"vx":0.0,"vy":0.0,"vz":0.0,"x":-10.757,"y":0.0,"yaw":4.335,"z":-21.916}}
SPORT_SAMPLE {"ack":305,"actor":0,"ball":{"r":1.1,"vx":0.0,"vz":0.0,"x":20.85,"y":1.1,"z":22.9},"camera":[-2.39032983779907,5.0,-18.5995464324951],"engaged":false,"focused":true,"phase":"playing","render":[-10.7569999694824,0.0,-21.9160003662109],"seconds":14.2695990909092,"seq":426,"stage":7,"v":{"altitude":0.0,"driver":0.0,"flight":false,"gunner":null,"health":300.0,"heat":0.0,"id":0.0,"kind":"puma","maxHealth":300.0,"overheated":false,"passengers":[],"pitchBody":0.0,"respawnTimer":0.0,"roll":0.0,"turretYaw":0.0,"vx":0.0,"vy":0.0,"vz":0.0,"x":-10.757,"y":0.0,"yaw":4.335,"z":-21.916}}
SPORT_SAMPLE {"ack":310,"actor":0,"ball":{"r":1.1,"vx":0.0,"vz":0.0,"x":20.85,"y":1.1,"z":22.9},"camera":[-2.39032983779907,5.0,-18.5995464324951],"engaged":false,"focused":true,"phase":"playing","render":[-10.7569999694824,0.0,-21.9160003662109],"seconds":14.4742424242425,"seq":432,"stage":7,"v":{"altitude":0.0,"driver":0.0,"flight":false,"gunner":null,"health":300.0,"heat":0.0,"id":0.0,"kind":"puma","maxHealth":300.0,"overheated":false,"passengers":[],"pitchBody":0.0,"respawnTimer":0.0,"roll":0.0,"turretYaw":0.0,"vx":0.0,"vy":0.0,"vz":0.0,"x":-10.757,"y":0.0,"yaw":4.335,"z":-21.916}}
SPORT_SAMPLE {"ack":315,"actor":0,"ball":{"r":1.1,"vx":0.0,"vz":0.0,"x":20.85,"y":1.1,"z":22.9},"camera":[-2.39032983779907,5.0,-18.5995464324951],"engaged":false,"focused":true,"phase":"playing","render":[-10.7569999694824,0.0,-21.9160003662109],"seconds":14.6827276666667,"seq":439,"stage":7,"v":{"altitude":0.0,"driver":0.0,"flight":false,"gunner":null,"health":300.0,"heat":0.0,"id":0.0,"kind":"puma","maxHealth":300.0,"overheated":false,"passengers":[],"pitchBody":0.0,"respawnTimer":0.0,"roll":0.0,"turretYaw":0.0,"vx":0.0,"vy":0.0,"vz":0.0,"x":-10.757,"y":0.0,"yaw":4.335,"z":-21.916}}
SPORT_SAMPLE {"ack":319,"actor":0,"ball":{"r":1.1,"vx":-0.378,"vz":-0.128,"x":20.826,"y":1.1,"z":22.9},"camera":[-2.39032983779907,5.0,-18.5995464324951],"engaged":false,"focused":true,"phase":"playing","render":[-10.7569999694824,0.0,-21.9160003662109],"seconds":14.8958856666667,"seq":445,"stage":7,"v":{"altitude":0.0,"driver":0.0,"flight":false,"gunner":null,"health":300.0,"heat":0.0,"id":0.0,"kind":"puma","maxHealth":300.0,"overheated":false,"passengers":[],"pitchBody":0.0,"respawnTimer":0.0,"roll":0.0,"turretYaw":0.0,"vx":0.0,"vy":0.0,"vz":0.0,"x":-10.757,"y":0.0,"yaw":4.335,"z":-21.916}}
SPORT_SAMPLE {"ack":324,"actor":0,"ball":{"r":1.1,"vx":-0.914,"vz":-0.438,"x":20.76,"y":1.1,"z":22.9},"camera":[-2.39032983779907,5.0,-18.5995464324951],"engaged":false,"focused":true,"phase":"playing","render":[-10.7569999694824,0.0,-21.9160003662109],"seconds":15.1104976666667,"seq":452,"stage":7,"v":{"altitude":0.0,"driver":0.0,"flight":false,"gunner":null,"health":300.0,"heat":0.0,"id":0.0,"kind":"puma","maxHealth":300.0,"overheated":false,"passengers":[],"pitchBody":0.0,"respawnTimer":0.0,"roll":0.0,"turretYaw":0.0,"vx":0.0,"vy":0.0,"vz":0.0,"x":-10.757,"y":0.0,"yaw":4.335,"z":-21.916}}
SPORT_EVENT {"key":87,"pressed":false,"seconds":15.2124466666667}
SPORT_EVENT {"key":83,"pressed":false,"seconds":15.2124466666667}
SPORT_EVENT {"key":65,"pressed":false,"seconds":15.2124466666667}
SPORT_EVENT {"key":68,"pressed":false,"seconds":15.2124466666667}
SPORT_EVENT {"key":32,"pressed":false,"seconds":15.2124466666667}
SPORT_EVENT {"key":4194325,"pressed":false,"seconds":15.2124466666667}
SPORT_EVENT {"key":82,"pressed":false,"seconds":15.2124466666667}
SPORT_EVENT {"key":4194309,"pressed":true,"seconds":15.2124466666667}
SPORT_EVENT {"key":4194309,"pressed":false,"seconds":15.2124466666667}
SPORT_EVENT {"key":87,"pressed":true,"seconds":15.2124466666667}
SPORT_STAGE {"seconds":15.2124466666667,"stage":8}
SPORT_SAMPLE {"ack":328,"actor":0,"ball":{"r":1.1,"vx":-1.401,"vz":-0.766,"x":20.662,"y":1.1,"z":22.9},"camera":[-2.39032983779907,5.0,-18.5995464324951],"engaged":true,"focused":true,"phase":"playing","render":[-10.7569999694824,0.0,-21.9160003662109],"seconds":15.3627976666667,"seq":459,"stage":8,"v":{"altitude":0.0,"driver":0.0,"flight":false,"gunner":null,"health":300.0,"heat":0.0,"id":0.0,"kind":"puma","maxHealth":300.0,"overheated":false,"passengers":[],"pitchBody":0.0,"respawnTimer":0.0,"roll":0.0,"turretYaw":0.0,"vx":0.0,"vy":0.0,"vz":0.0,"x":-10.757,"y":0.0,"yaw":4.335,"z":-21.916}}
SPORT_SAMPLE {"ack":333,"actor":0,"ball":{"r":1.1,"vx":0.004,"vz":-0.042,"x":20.503,"y":1.1,"z":22.9},"camera":[-2.39032983779907,5.0,-18.5995464324951],"engaged":true,"focused":true,"phase":"playing","render":[-10.7569999694824,0.0,-21.9160003662109],"seconds":15.5738742424243,"seq":466,"stage":8,"v":{"altitude":0.0,"driver":0.0,"flight":false,"gunner":null,"health":300.0,"heat":0.0,"id":0.0,"kind":"puma","maxHealth":300.0,"overheated":false,"passengers":[],"pitchBody":0.0,"respawnTimer":0.0,"roll":0.0,"turretYaw":0.0,"vx":0.0,"vy":0.0,"vz":0.0,"x":-10.757,"y":0.0,"yaw":4.335,"z":-21.916}}
SPORT_SAMPLE {"ack":336,"actor":0,"ball":{"r":1.1,"vx":1.367,"vz":-0.575,"x":20.535,"y":1.1,"z":22.881},"camera":[-2.39032983779907,5.0,-18.5995464324951],"engaged":true,"focused":true,"phase":"playing","render":[-10.7569999694824,0.0,-21.9160003662109],"seconds":15.7750000000001,"seq":471,"stage":8,"v":{"altitude":0.0,"driver":0.0,"flight":false,"gunner":null,"health":300.0,"heat":0.0,"id":0.0,"kind":"puma","maxHealth":300.0,"overheated":false,"passengers":[],"pitchBody":0.0,"respawnTimer":0.0,"roll":0.0,"turretYaw":0.0,"vx":0.0,"vy":0.0,"vz":0.0,"x":-10.757,"y":0.0,"yaw":4.335,"z":-21.916}}
SPORT_SAMPLE {"ack":341,"actor":0,"ball":{"r":1.1,"vx":0.572,"vz":-0.798,"x":20.695,"y":1.1,"z":22.9},"camera":[-2.39032983779907,5.0,-18.5995464324951],"engaged":true,"focused":true,"phase":"playing","render":[-10.7569999694824,0.0,-21.9160003662109],"seconds":15.9849843333334,"seq":478,"stage":8,"v":{"altitude":0.0,"driver":0.0,"flight":false,"gunner":null,"health":300.0,"heat":0.0,"id":0.0,"kind":"puma","maxHealth":300.0,"overheated":false,"passengers":[],"pitchBody":0.0,"respawnTimer":0.0,"roll":0.0,"turretYaw":0.0,"vx":0.0,"vy":0.0,"vz":0.0,"x":-10.757,"y":0.0,"yaw":4.335,"z":-21.916}}
SPORT_SAMPLE {"ack":345,"actor":0,"ball":{"r":1.1,"vx":-0.199,"vz":-0.221,"x":20.78,"y":1.1,"z":22.9},"camera":[-2.39032983779907,5.0,-18.5995464324951],"engaged":true,"focused":true,"phase":"playing","render":[-10.7569999694824,0.0,-21.9160003662109],"seconds":16.1943543333334,"seq":484,"stage":8,"v":{"altitude":0.0,"driver":0.0,"flight":false,"gunner":null,"health":300.0,"heat":0.0,"id":0.0,"kind":"puma","maxHealth":300.0,"overheated":false,"passengers":[],"pitchBody":0.0,"respawnTimer":0.0,"roll":0.0,"turretYaw":0.0,"vx":0.0,"vy":0.0,"vz":0.0,"x":-10.757,"y":0.0,"yaw":4.335,"z":-21.916}}
SPORT_SAMPLE {"ack":350,"actor":0,"ball":{"r":1.1,"vx":0.0,"vz":0.0,"x":20.787,"y":1.1,"z":22.9},"camera":[-2.39032983779907,5.0,-18.5995464324951],"engaged":true,"focused":true,"phase":"playing","render":[-10.7569999694824,0.0,-21.9160003662109],"seconds":16.4020833333334,"seq":491,"stage":8,"v":{"altitude":0.0,"driver":0.0,"flight":false,"gunner":null,"health":300.0,"heat":0.0,"id":0.0,"kind":"puma","maxHealth":300.0,"overheated":false,"passengers":[],"pitchBody":0.0,"respawnTimer":0.0,"roll":0.0,"turretYaw":0.0,"vx":0.0,"vy":0.0,"vz":0.0,"x":-10.757,"y":0.0,"yaw":4.335,"z":-21.916}}
SPORT_SAMPLE {"ack":355,"actor":0,"ball":{"r":1.1,"vx":0.053,"vz":-0.018,"x":20.788,"y":1.1,"z":22.9},"camera":[-2.39032983779907,5.0,-18.5995464324951],"engaged":true,"focused":true,"phase":"playing","render":[-10.7569999694824,0.0,-21.9160003662109],"seconds":16.6181206666667,"seq":498,"stage":8,"v":{"altitude":0.0,"driver":0.0,"flight":false,"gunner":null,"health":300.0,"heat":0.0,"id":0.0,"kind":"puma","maxHealth":300.0,"overheated":false,"passengers":[],"pitchBody":0.0,"respawnTimer":0.0,"roll":0.0,"turretYaw":0.0,"vx":0.0,"vy":0.0,"vz":0.0,"x":-10.757,"y":0.0,"yaw":4.335,"z":-21.916}}
SPORT_EVENT {"key":87,"pressed":false,"seconds":16.714416962963}
SPORT_EVENT {"key":83,"pressed":false,"seconds":16.714416962963}
SPORT_EVENT {"key":65,"pressed":false,"seconds":16.714416962963}
SPORT_EVENT {"key":68,"pressed":false,"seconds":16.714416962963}
SPORT_EVENT {"key":32,"pressed":false,"seconds":16.714416962963}
SPORT_EVENT {"key":4194325,"pressed":false,"seconds":16.714416962963}
SPORT_EVENT {"key":82,"pressed":false,"seconds":16.714416962963}
SPORT_EVENT {"key":82,"pressed":true,"seconds":16.714416962963}
SPORT_STAGE {"seconds":16.714416962963,"stage":9}
SPORT_SAMPLE {"ack":360,"actor":0,"ball":{"r":1.1,"vx":0.11,"vz":-0.036,"x":20.789,"y":1.1,"z":22.9},"camera":[-2.39032983779907,5.0,-18.5995464324951],"engaged":true,"focused":true,"phase":"playing","render":[-10.7569999694824,0.0,-21.9160003662109],"seconds":16.8809523809525,"seq":505,"stage":9,"v":{"altitude":0.0,"driver":0.0,"flight":false,"gunner":null,"health":300.0,"heat":0.0,"id":0.0,"kind":"puma","maxHealth":300.0,"overheated":false,"passengers":[],"pitchBody":0.0,"respawnTimer":0.0,"roll":0.0,"turretYaw":0.0,"vx":0.0,"vy":0.0,"vz":0.0,"x":-10.757,"y":0.0,"yaw":4.335,"z":-21.916}}
SPORT_SAMPLE {"ack":365,"actor":0,"ball":{"r":1.1,"vx":0.105,"vz":-0.037,"x":20.788,"y":1.1,"z":22.9},"camera":[-2.39032983779907,5.0,-18.5995464324951],"engaged":true,"focused":true,"phase":"playing","render":[-10.7569999694824,0.0,-21.9160003662109],"seconds":17.0970899470901,"seq":512,"stage":9,"v":{"altitude":0.0,"driver":0.0,"flight":false,"gunner":null,"health":300.0,"heat":0.0,"id":0.0,"kind":"puma","maxHealth":300.0,"overheated":false,"passengers":[],"pitchBody":0.0,"respawnTimer":0.0,"roll":0.0,"turretYaw":0.0,"vx":0.0,"vy":0.0,"vz":0.0,"x":-10.757,"y":0.0,"yaw":4.335,"z":-21.916}}
SPORT_SAMPLE {"ack":369,"actor":0,"ball":{"r":1.1,"vx":0.014,"vz":-0.041,"x":20.785,"y":1.1,"z":22.9},"camera":[-2.39032983779907,5.0,-18.5995464324951],"engaged":true,"focused":true,"phase":"playing","render":[-10.7569999694824,0.0,-21.9160003662109],"seconds":17.3121693121694,"seq":518,"stage":9,"v":{"altitude":0.0,"driver":0.0,"flight":false,"gunner":null,"health":300.0,"heat":0.0,"id":0.0,"kind":"puma","maxHealth":300.0,"overheated":false,"passengers":[],"pitchBody":0.0,"respawnTimer":0.0,"roll":0.0,"turretYaw":0.0,"vx":0.0,"vy":0.0,"vz":0.0,"x":-10.757,"y":0.0,"yaw":4.335,"z":-21.916}}
SPORT_SAMPLE {"ack":374,"actor":0,"ball":{"r":1.1,"vx":-0.264,"vz":-0.309,"x":20.763,"y":1.1,"z":22.9},"camera":[-2.39032983779907,5.0,-18.5995464324951],"engaged":true,"focused":true,"phase":"playing","render":[-10.7569999694824,0.0,-21.9160003662109],"seconds":17.5296296296298,"seq":525,"stage":9,"v":{"altitude":0.0,"driver":0.0,"flight":false,"gunner":null,"health":300.0,"heat":0.0,"id":0.0,"kind":"puma","maxHealth":300.0,"overheated":false,"passengers":[],"pitchBody":0.0,"respawnTimer":0.0,"roll":0.0,"turretYaw":0.0,"vx":0.0,"vy":0.0,"vz":0.0,"x":-10.757,"y":0.0,"yaw":4.335,"z":-21.916}}
SPORT_SAMPLE {"ack":378,"actor":0,"ball":{"r":1.1,"vx":-0.41,"vz":-0.515,"x":20.717,"y":1.1,"z":22.9},"camera":[-2.39032983779907,5.0,-18.5995464324951],"engaged":true,"focused":true,"phase":"playing","render":[-10.7569999694824,0.0,-21.9160003662109],"seconds":17.7454625714287,"seq":531,"stage":9,"v":{"altitude":0.0,"driver":0.0,"flight":false,"gunner":null,"health":300.0,"heat":0.0,"id":0.0,"kind":"puma","maxHealth":300.0,"overheated":false,"passengers":[],"pitchBody":0.0,"respawnTimer":0.0,"roll":0.0,"turretYaw":0.0,"vx":0.0,"vy":0.0,"vz":0.0,"x":-10.757,"y":0.0,"yaw":4.335,"z":-21.916}}
SPORT_SAMPLE {"ack":383,"actor":0,"ball":{"r":1.1,"vx":-0.35,"vz":-0.487,"x":20.636,"y":1.1,"z":22.841},"camera":[-2.39032983779907,5.0,-18.5995464324951],"engaged":true,"focused":true,"phase":"playing","render":[-10.7569999694824,0.0,-21.9160003662109],"seconds":17.9597433333335,"seq":538,"stage":9,"v":{"altitude":0.0,"driver":0.0,"flight":false,"gunner":null,"health":300.0,"heat":0.0,"id":0.0,"kind":"puma","maxHealth":300.0,"overheated":false,"passengers":[],"pitchBody":0.0,"respawnTimer":0.0,"roll":0.0,"turretYaw":0.0,"vx":0.0,"vy":0.0,"vz":0.0,"x":-10.757,"y":0.0,"yaw":4.335,"z":-21.916}}
SPORT_SAMPLE {"ack":387,"actor":0,"ball":{"r":1.1,"vx":-3.811,"vz":0.529,"x":20.626,"y":1.1,"z":22.82},"camera":[-2.39032983779907,5.0,-18.5995464324951],"engaged":true,"focused":true,"phase":"playing","render":[-10.7569999694824,0.0,-21.9160003662109],"seconds":18.1666666666668,"seq":544,"stage":9,"v":{"altitude":0.0,"driver":0.0,"flight":false,"gunner":null,"health":300.0,"heat":0.0,"id":0.0,"kind":"puma","maxHealth":300.0,"overheated":false,"passengers":[],"pitchBody":0.0,"respawnTimer":0.0,"roll":0.0,"turretYaw":0.0,"vx":0.0,"vy":0.0,"vz":0.0,"x":-10.757,"y":0.0,"yaw":4.335,"z":-21.916}}
SPORT_EVENT {"key":87,"pressed":false,"seconds":18.2128893333335}
SPORT_EVENT {"key":83,"pressed":false,"seconds":18.2128893333335}
SPORT_EVENT {"key":65,"pressed":false,"seconds":18.2128893333335}
SPORT_EVENT {"key":68,"pressed":false,"seconds":18.2128893333335}
SPORT_EVENT {"key":32,"pressed":false,"seconds":18.2128893333335}
SPORT_EVENT {"key":4194325,"pressed":false,"seconds":18.2128893333335}
SPORT_EVENT {"key":82,"pressed":false,"seconds":18.2128893333335}
SPORT_EVENT {"key":4194305,"pressed":true,"seconds":18.2128893333335}
SPORT_EVENT {"key":4194305,"pressed":false,"seconds":18.2128893333335}
SPORT_STAGE {"seconds":18.2128893333335,"stage":10}
SPORT_SAMPLE {"ack":391,"actor":0,"ball":{"r":1.1,"vx":0.388,"vz":-0.689,"x":20.656,"y":1.1,"z":22.9},"camera":[-2.39032983779907,5.0,-18.5995464324951],"engaged":false,"focused":true,"phase":"playing","render":[-10.7569999694824,0.0,-21.9160003662109],"seconds":18.3766666666668,"seq":550,"stage":10,"v":{"altitude":0.0,"driver":0.0,"flight":false,"gunner":null,"health":300.0,"heat":0.0,"id":0.0,"kind":"puma","maxHealth":300.0,"overheated":false,"passengers":[],"pitchBody":0.0,"respawnTimer":0.0,"roll":0.0,"turretYaw":0.0,"vx":0.0,"vy":0.0,"vz":0.0,"x":-10.757,"y":0.0,"yaw":4.335,"z":-21.916}}
SPORT_SAMPLE {"ack":396,"actor":0,"ball":{"r":1.1,"vx":-0.653,"vz":-0.372,"x":20.764,"y":1.1,"z":22.9},"camera":[-2.39032983779907,5.0,-18.5995464324951],"engaged":false,"focused":true,"phase":"playing","render":[-10.7569999694824,0.0,-21.9160003662109],"seconds":18.5902777777779,"seq":557,"stage":10,"v":{"altitude":0.0,"driver":0.0,"flight":false,"gunner":null,"health":300.0,"heat":0.0,"id":0.0,"kind":"puma","maxHealth":300.0,"overheated":false,"passengers":[],"pitchBody":0.0,"respawnTimer":0.0,"roll":0.0,"turretYaw":0.0,"vx":0.0,"vy":0.0,"vz":0.0,"x":-10.757,"y":0.0,"yaw":4.335,"z":-21.916}}
SPORT_SAMPLE {"ack":401,"actor":0,"ball":{"r":1.1,"vx":-0.177,"vz":-0.075,"x":20.848,"y":1.1,"z":22.9},"camera":[-2.39032983779907,5.0,-18.5995464324951],"engaged":false,"focused":true,"phase":"playing","render":[-10.7569999694824,0.0,-21.9160003662109],"seconds":18.802777777778,"seq":564,"stage":10,"v":{"altitude":0.0,"driver":0.0,"flight":false,"gunner":null,"health":300.0,"heat":0.0,"id":0.0,"kind":"puma","maxHealth":300.0,"overheated":false,"passengers":[],"pitchBody":0.0,"respawnTimer":0.0,"roll":0.0,"turretYaw":0.0,"vx":0.0,"vy":0.0,"vz":0.0,"x":-10.757,"y":0.0,"yaw":4.335,"z":-21.916}}
SPORT_SAMPLE {"ack":405,"actor":0,"ball":{"r":1.1,"vx":0.658,"vz":-0.499,"x":20.819,"y":1.1,"z":22.9},"camera":[-2.39032983779907,5.0,-18.5995464324951],"engaged":false,"focused":true,"phase":"playing","render":[-10.7569999694824,0.0,-21.9160003662109],"seconds":19.0131890000002,"seq":570,"stage":10,"v":{"altitude":0.0,"driver":0.0,"flight":false,"gunner":null,"health":300.0,"heat":0.0,"id":0.0,"kind":"puma","maxHealth":300.0,"overheated":false,"passengers":[],"pitchBody":0.0,"respawnTimer":0.0,"roll":0.0,"turretYaw":0.0,"vx":0.0,"vy":0.0,"vz":0.0,"x":-10.757,"y":0.0,"yaw":4.335,"z":-21.916}}
SPORT_SAMPLE {"ack":410,"actor":0,"ball":{"r":1.1,"vx":2.003,"vz":-0.845,"x":20.786,"y":1.1,"z":22.9},"camera":[-2.39032983779907,5.0,-18.5995464324951],"engaged":false,"focused":true,"phase":"playing","render":[-10.7569999694824,0.0,-21.9160003662109],"seconds":19.2231890000002,"seq":576,"stage":10,"v":{"altitude":0.0,"driver":0.0,"flight":false,"gunner":null,"health":300.0,"heat":0.0,"id":0.0,"kind":"puma","maxHealth":300.0,"overheated":false,"passengers":[],"pitchBody":0.0,"respawnTimer":0.0,"roll":0.0,"turretYaw":0.0,"vx":0.0,"vy":0.0,"vz":0.0,"x":-10.757,"y":0.0,"yaw":4.335,"z":-21.916}}
SPORT_SAMPLE {"ack":414,"actor":0,"ball":{"r":1.1,"vx":0.0,"vz":0.0,"x":20.793,"y":1.1,"z":22.9},"camera":[-2.39032983779907,5.0,-18.5995464324951],"engaged":false,"focused":true,"phase":"playing","render":[-10.7569999694824,0.0,-21.9160003662109],"seconds":19.4292053333335,"seq":582,"stage":10,"v":{"altitude":0.0,"driver":0.0,"flight":false,"gunner":null,"health":300.0,"heat":0.0,"id":0.0,"kind":"puma","maxHealth":300.0,"overheated":false,"passengers":[],"pitchBody":0.0,"respawnTimer":0.0,"roll":0.0,"turretYaw":0.0,"vx":0.0,"vy":0.0,"vz":0.0,"x":-10.757,"y":0.0,"yaw":4.335,"z":-21.916}}
SPORT_SAMPLE {"ack":419,"actor":0,"ball":{"r":1.1,"vx":-0.151,"vz":-0.17,"x":20.787,"y":1.1,"z":22.9},"camera":[-2.39032983779907,5.0,-18.5995464324951],"engaged":false,"focused":true,"phase":"playing","render":[-10.7569999694824,0.0,-21.9160003662109],"seconds":19.6354166666668,"seq":589,"stage":10,"v":{"altitude":0.0,"driver":0.0,"flight":false,"gunner":null,"health":300.0,"heat":0.0,"id":0.0,"kind":"puma","maxHealth":300.0,"overheated":false,"passengers":[],"pitchBody":0.0,"respawnTimer":0.0,"roll":0.0,"turretYaw":0.0,"vx":0.0,"vy":0.0,"vz":0.0,"x":-10.757,"y":0.0,"yaw":4.335,"z":-21.916}}
SPORT_SAMPLE {"ack":423,"actor":0,"ball":{"r":1.1,"vx":-0.328,"vz":-0.383,"x":20.767,"y":1.1,"z":22.9},"camera":[-2.39032983779907,5.0,-18.5995464324951],"engaged":false,"focused":true,"phase":"playing","render":[-10.7569999694824,0.0,-21.9160003662109],"seconds":19.8416666666668,"seq":595,"stage":10,"v":{"altitude":0.0,"driver":0.0,"flight":false,"gunner":null,"health":300.0,"heat":0.0,"id":0.0,"kind":"puma","maxHealth":300.0,"overheated":false,"passengers":[],"pitchBody":0.0,"respawnTimer":0.0,"roll":0.0,"turretYaw":0.0,"vx":0.0,"vy":0.0,"vz":0.0,"x":-10.757,"y":0.0,"yaw":4.335,"z":-21.916}}
SPORT_SAMPLE {"ack":427,"actor":0,"ball":{"r":1.1,"vx":-0.398,"vz":-0.508,"x":20.726,"y":1.1,"z":22.9},"camera":[-2.39032983779907,5.0,-18.5995464324951],"engaged":false,"focused":true,"phase":"playing","render":[-10.7569999694824,0.0,-21.9160003662109],"seconds":20.0500000000002,"seq":601,"stage":10,"v":{"altitude":0.0,"driver":0.0,"flight":false,"gunner":null,"health":300.0,"heat":0.0,"id":0.0,"kind":"puma","maxHealth":300.0,"overheated":false,"passengers":[],"pitchBody":0.0,"respawnTimer":0.0,"roll":0.0,"turretYaw":0.0,"vx":0.0,"vy":0.0,"vz":0.0,"x":-10.757,"y":0.0,"yaw":4.335,"z":-21.916}}
SPORT_OBSERVATION_ENDED no_native_completion_marker=true
