Godot Engine v4.5.2.stable.official.6ce3de25a - https://godotengine.org
WARNING: Could not set V-Sync mode, as changing V-Sync mode is not supported by the graphics driver.
     at: set_use_vsync (platform/linuxbsd/x11/gl_manager_x11.cpp:364)
OpenGL API 4.5 (Core Profile) Mesa 25.2.8-0ubuntu0.25.10.2 - Compatibility - Using Device: Mesa - llvmpipe (LLVM 20.1.8, 256 bits)

SPORT_SAMPLE {"ack":0,"actor":0,"ball":null,"camera":[65.0,48.0,70.0],"engaged":false,"focused":true,"phase":"countdown","render":[-44.0,0.0,-71.0],"seconds":0.355536,"seq":1,"stage":-1,"v":{"altitude":0.0,"driver":0.0,"flight":false,"gunner":null,"health":300.0,"heat":0.0,"id":0.0,"kind":"puma","maxHealth":300.0,"overheated":false,"passengers":[],"pitchBody":0.0,"respawnTimer":0.0,"roll":0.0,"turretYaw":0.0,"vx":0.0,"vy":0.0,"vz":0.0,"x":-44.0,"y":0.0,"yaw":1.571,"z":-71.0}}
SPORT_SAMPLE {"ack":3,"actor":0,"ball":null,"camera":[-53.0,5.0,-70.9981689453125],"engaged":false,"focused":true,"phase":"countdown","render":[-44.0,0.0,-71.0],"seconds":0.558849,"seq":7,"stage":-1,"v":{"altitude":0.0,"driver":0.0,"flight":false,"gunner":null,"health":300.0,"heat":0.0,"id":0.0,"kind":"puma","maxHealth":300.0,"overheated":false,"passengers":[],"pitchBody":0.0,"respawnTimer":0.0,"roll":0.0,"turretYaw":0.0,"vx":0.0,"vy":0.0,"vz":0.0,"x":-44.0,"y":0.0,"yaw":1.571,"z":-71.0}}
SPORT_SAMPLE {"ack":6,"actor":0,"ball":null,"camera":[-53.0,5.0,-70.9981689453125],"engaged":false,"focused":true,"phase":"countdown","render":[-44.0,0.0,-71.0],"seconds":0.767525,"seq":13,"stage":-1,"v":{"altitude":0.0,"driver":0.0,"flight":false,"gunner":null,"health":300.0,"heat":0.0,"id":0.0,"kind":"puma","maxHealth":300.0,"overheated":false,"passengers":[],"pitchBody":0.0,"respawnTimer":0.0,"roll":0.0,"turretYaw":0.0,"vx":0.0,"vy":0.0,"vz":0.0,"x":-44.0,"y":0.0,"yaw":1.571,"z":-71.0}}
SPORT_SAMPLE {"ack":10,"actor":0,"ball":null,"camera":[-53.0,5.0,-70.9981689453125],"engaged":false,"focused":true,"phase":"countdown","render":[-44.0,0.0,-71.0],"seconds":0.974207,"seq":20,"stage":-1,"v":{"altitude":0.0,"driver":0.0,"flight":false,"gunner":null,"health":300.0,"heat":0.0,"id":0.0,"kind":"puma","maxHealth":300.0,"overheated":false,"passengers":[],"pitchBody":0.0,"respawnTimer":0.0,"roll":0.0,"turretYaw":0.0,"vx":0.0,"vy":0.0,"vz":0.0,"x":-44.0,"y":0.0,"yaw":1.571,"z":-71.0}}
SPORT_SAMPLE {"ack":14,"actor":0,"ball":null,"camera":[-53.0,5.0,-70.9981689453125],"engaged":false,"focused":true,"phase":"countdown","render":[-44.0,0.0,-71.0],"seconds":1.2,"seq":27,"stage":-1,"v":{"altitude":0.0,"driver":0.0,"flight":false,"gunner":null,"health":300.0,"heat":0.0,"id":0.0,"kind":"puma","maxHealth":300.0,"overheated":false,"passengers":[],"pitchBody":0.0,"respawnTimer":0.0,"roll":0.0,"turretYaw":0.0,"vx":0.0,"vy":0.0,"vz":0.0,"x":-44.0,"y":0.0,"yaw":1.571,"z":-71.0}}
SPORT_SAMPLE {"ack":18,"actor":0,"ball":null,"camera":[-53.0,5.0,-70.9981689453125],"engaged":false,"focused":true,"phase":"countdown","render":[-44.0,0.0,-71.0],"seconds":1.42666666666667,"seq":34,"stage":-1,"v":{"altitude":0.0,"driver":0.0,"flight":false,"gunner":null,"health":300.0,"heat":0.0,"id":0.0,"kind":"puma","maxHealth":300.0,"overheated":false,"passengers":[],"pitchBody":0.0,"respawnTimer":0.0,"roll":0.0,"turretYaw":0.0,"vx":0.0,"vy":0.0,"vz":0.0,"x":-44.0,"y":0.0,"yaw":1.571,"z":-71.0}}
SPORT_SAMPLE {"ack":22,"actor":0,"ball":null,"camera":[-53.0,5.0,-70.9981689453125],"engaged":false,"focused":true,"phase":"countdown","render":[-44.0,0.0,-71.0],"seconds":1.63966633333333,"seq":40,"stage":-1,"v":{"altitude":0.0,"driver":0.0,"flight":false,"gunner":null,"health":300.0,"heat":0.0,"id":0.0,"kind":"puma","maxHealth":300.0,"overheated":false,"passengers":[],"pitchBody":0.0,"respawnTimer":0.0,"roll":0.0,"turretYaw":0.0,"vx":0.0,"vy":0.0,"vz":0.0,"x":-44.0,"y":0.0,"yaw":1.571,"z":-71.0}}
SPORT_SAMPLE {"ack":25,"actor":0,"ball":null,"camera":[-53.0,5.0,-70.9981689453125],"engaged":false,"focused":true,"phase":"countdown","render":[-44.0,0.0,-71.0],"seconds":1.85906909523809,"seq":47,"stage":-1,"v":{"altitude":0.0,"driver":0.0,"flight":false,"gunner":null,"health":300.0,"heat":0.0,"id":0.0,"kind":"puma","maxHealth":300.0,"overheated":false,"passengers":[],"pitchBody":0.0,"respawnTimer":0.0,"roll":0.0,"turretYaw":0.0,"vx":0.0,"vy":0.0,"vz":0.0,"x":-44.0,"y":0.0,"yaw":1.571,"z":-71.0}}
SPORT_SAMPLE {"ack":29,"actor":0,"ball":null,"camera":[-53.0,5.0,-70.9981689453125],"engaged":false,"focused":true,"phase":"countdown","render":[-44.0,0.0,-71.0],"seconds":2.068024,"seq":53,"stage":-1,"v":{"altitude":0.0,"driver":0.0,"flight":false,"gunner":null,"health":300.0,"heat":0.0,"id":0.0,"kind":"puma","maxHealth":300.0,"overheated":false,"passengers":[],"pitchBody":0.0,"respawnTimer":0.0,"roll":0.0,"turretYaw":0.0,"vx":0.0,"vy":0.0,"vz":0.0,"x":-44.0,"y":0.0,"yaw":1.571,"z":-71.0}}
SPORT_SAMPLE {"ack":32,"actor":0,"ball":null,"camera":[-53.0,5.0,-70.9981689453125],"engaged":false,"focused":true,"phase":"countdown","render":[-44.0,0.0,-71.0],"seconds":2.27726362962963,"seq":59,"stage":-1,"v":{"altitude":0.0,"driver":0.0,"flight":false,"gunner":null,"health":300.0,"heat":0.0,"id":0.0,"kind":"puma","maxHealth":300.0,"overheated":false,"passengers":[],"pitchBody":0.0,"respawnTimer":0.0,"roll":0.0,"turretYaw":0.0,"vx":0.0,"vy":0.0,"vz":0.0,"x":-44.0,"y":0.0,"yaw":1.571,"z":-71.0}}
SPORT_SAMPLE {"ack":36,"actor":0,"ball":null,"camera":[-53.0,5.0,-70.9981689453125],"engaged":false,"focused":true,"phase":"countdown","render":[-44.0,0.0,-71.0],"seconds":2.48333333333333,"seq":66,"stage":-1,"v":{"altitude":0.0,"driver":0.0,"flight":false,"gunner":null,"health":300.0,"heat":0.0,"id":0.0,"kind":"puma","maxHealth":300.0,"overheated":false,"passengers":[],"pitchBody":0.0,"respawnTimer":0.0,"roll":0.0,"turretYaw":0.0,"vx":0.0,"vy":0.0,"vz":0.0,"x":-44.0,"y":0.0,"yaw":1.571,"z":-71.0}}
SPORT_SAMPLE {"ack":39,"actor":0,"ball":null,"camera":[-53.0,5.0,-70.9981689453125],"engaged":false,"focused":true,"phase":"countdown","render":[-44.0,0.0,-71.0],"seconds":2.69074074074074,"seq":72,"stage":-1,"v":{"altitude":0.0,"driver":0.0,"flight":false,"gunner":null,"health":300.0,"heat":0.0,"id":0.0,"kind":"puma","maxHealth":300.0,"overheated":false,"passengers":[],"pitchBody":0.0,"respawnTimer":0.0,"roll":0.0,"turretYaw":0.0,"vx":0.0,"vy":0.0,"vz":0.0,"x":-44.0,"y":0.0,"yaw":1.571,"z":-71.0}}
SPORT_SAMPLE {"ack":43,"actor":0,"ball":null,"camera":[-53.0,5.0,-70.9981689453125],"engaged":false,"focused":true,"phase":"countdown","render":[-44.0,0.0,-71.0],"seconds":2.89814814814815,"seq":79,"stage":-1,"v":{"altitude":0.0,"driver":0.0,"flight":false,"gunner":null,"health":300.0,"heat":0.0,"id":0.0,"kind":"puma","maxHealth":300.0,"overheated":false,"passengers":[],"pitchBody":0.0,"respawnTimer":0.0,"roll":0.0,"turretYaw":0.0,"vx":0.0,"vy":0.0,"vz":0.0,"x":-44.0,"y":0.0,"yaw":1.571,"z":-71.0}}
SPORT_SAMPLE {"ack":46,"actor":0,"ball":null,"camera":[-53.0,5.0,-70.9981689453125],"engaged":false,"focused":true,"phase":"countdown","render":[-44.0,0.0,-71.0],"seconds":3.10555555555555,"seq":85,"stage":-1,"v":{"altitude":0.0,"driver":0.0,"flight":false,"gunner":null,"health":300.0,"heat":0.0,"id":0.0,"kind":"puma","maxHealth":300.0,"overheated":false,"passengers":[],"pitchBody":0.0,"respawnTimer":0.0,"roll":0.0,"turretYaw":0.0,"vx":0.0,"vy":0.0,"vz":0.0,"x":-44.0,"y":0.0,"yaw":1.571,"z":-71.0}}
SPORT_EVENT {"key":87,"pressed":false,"seconds":3.28333333333333}
SPORT_EVENT {"key":83,"pressed":false,"seconds":3.28333333333333}
SPORT_EVENT {"key":65,"pressed":false,"seconds":3.28333333333333}
SPORT_EVENT {"key":68,"pressed":false,"seconds":3.28333333333333}
SPORT_EVENT {"key":32,"pressed":false,"seconds":3.28333333333333}
SPORT_EVENT {"key":4194325,"pressed":false,"seconds":3.28333333333333}
SPORT_EVENT {"key":82,"pressed":false,"seconds":3.28333333333333}
SPORT_EVENT {"key":4194309,"pressed":true,"seconds":3.28333333333333}
SPORT_EVENT {"key":4194309,"pressed":false,"seconds":3.28333333333333}
SPORT_EVENT {"key":87,"pressed":true,"seconds":3.28333333333333}
SPORT_STAGE {"seconds":3.28333333333333,"stage":0}
SPORT_SAMPLE {"ack":52,"actor":0,"ball":null,"camera":[-52.9724006652832,5.0,-70.9981689453125],"engaged":true,"focused":true,"phase":"racing","render":[-43.8699989318848,0.0,-71.0],"seconds":3.458985,"seq":96,"stage":0,"v":{"altitude":0.0,"driver":0.0,"flight":false,"gunner":null,"health":300.0,"heat":0.0,"id":0.0,"kind":"puma","maxHealth":300.0,"overheated":false,"passengers":[],"pitchBody":0.051,"respawnTimer":0.0,"roll":0.0,"turretYaw":0.0,"vx":1.732,"vy":0.0,"vz":0.0,"x":-43.87,"y":0.0,"yaw":1.571,"z":-71.0}}
SPORT_SAMPLE {"ack":56,"actor":0,"ball":null,"camera":[-52.6413917541504,5.0,-70.9981689453125],"engaged":true,"focused":true,"phase":"racing","render":[-43.2470016479492,0.0,-71.0],"seconds":3.66016887878788,"seq":102,"stage":0,"v":{"altitude":0.0,"driver":0.0,"flight":false,"gunner":null,"health":300.0,"heat":0.0,"id":0.0,"kind":"puma","maxHealth":300.0,"overheated":false,"passengers":[],"pitchBody":0.071,"respawnTimer":0.0,"roll":0.0,"turretYaw":0.0,"vx":4.273,"vy":0.0,"vz":0.0,"x":-43.247,"y":0.0,"yaw":1.571,"z":-71.0}}
SPORT_SAMPLE {"ack":59,"actor":0,"ball":null,"camera":[-51.8175354003906,5.0,-70.9981689453125],"engaged":true,"focused":true,"phase":"racing","render":[-42.1290016174316,0.0,-71.0],"seconds":3.86212121212121,"seq":108,"stage":0,"v":{"altitude":0.0,"driver":0.0,"flight":false,"gunner":null,"health":300.0,"heat":0.0,"id":0.0,"kind":"puma","maxHealth":300.0,"overheated":false,"passengers":[],"pitchBody":0.071,"respawnTimer":0.0,"roll":0.0,"turretYaw":0.0,"vx":6.671,"vy":0.0,"vz":0.0,"x":-42.129,"y":0.0,"yaw":1.571,"z":-71.0}}
SPORT_SAMPLE {"ack":63,"actor":0,"ball":null,"camera":[-50.4720916748047,5.0,-70.9981689453125],"engaged":true,"focused":true,"phase":"racing","render":[-40.5540008544922,0.0,-71.0],"seconds":4.06666666666667,"seq":114,"stage":0,"v":{"altitude":0.0,"driver":0.0,"flight":false,"gunner":null,"health":300.0,"heat":0.0,"id":0.0,"kind":"puma","maxHealth":300.0,"overheated":false,"passengers":[],"pitchBody":0.066,"respawnTimer":0.0,"roll":0.0,"turretYaw":0.0,"vx":8.858,"vy":0.0,"vz":0.0,"x":-40.554,"y":0.0,"yaw":1.571,"z":-71.0}}
SPORT_SAMPLE {"ack":66,"actor":0,"ball":null,"camera":[-48.6116561889648,5.0,-70.9981689453125],"engaged":true,"focused":true,"phase":"racing","render":[-38.5690002441406,0.0,-71.0],"seconds":4.26982087878788,"seq":120,"stage":0,"v":{"altitude":0.0,"driver":0.0,"flight":false,"gunner":null,"health":300.0,"heat":0.0,"id":0.0,"kind":"puma","maxHealth":300.0,"overheated":false,"passengers":[],"pitchBody":0.059,"respawnTimer":0.0,"roll":0.0,"turretYaw":0.0,"vx":10.792,"vy":0.0,"vz":0.0,"x":-38.569,"y":0.0,"yaw":1.571,"z":-71.0}}
SPORT_SAMPLE {"ack":70,"actor":0,"ball":null,"camera":[-46.3424263000488,5.0,-70.9981689453125],"engaged":true,"focused":true,"phase":"racing","render":[-35.8040008544922,0.0,-71.0],"seconds":4.47183254545454,"seq":127,"stage":0,"v":{"altitude":0.0,"driver":0.0,"flight":false,"gunner":null,"health":300.0,"heat":0.0,"id":0.0,"kind":"puma","maxHealth":300.0,"overheated":false,"passengers":[],"pitchBody":0.05,"respawnTimer":0.0,"roll":0.0,"turretYaw":0.0,"vx":12.707,"vy":0.0,"vz":0.0,"x":-35.804,"y":0.0,"yaw":1.571,"z":-71.0}}
SPORT_SAMPLE {"ack":73,"actor":0,"ball":null,"camera":[-43.8125762939453,5.0,-70.9981689453125],"engaged":true,"focused":true,"phase":"racing","render":[-33.1110000610352,0.0,-71.0],"seconds":4.67272727272727,"seq":133,"stage":0,"v":{"altitude":0.0,"driver":0.0,"flight":false,"gunner":null,"health":300.0,"heat":0.0,"id":0.0,"kind":"puma","maxHealth":300.0,"overheated":false,"passengers":[],"pitchBody":0.042,"respawnTimer":0.0,"roll":0.0,"turretYaw":0.0,"vx":14.063,"vy":0.0,"vz":0.0,"x":-33.111,"y":0.0,"yaw":1.571,"z":-71.0}}
SPORT_EVENT {"key":87,"pressed":false,"seconds":4.7590909090909}
SPORT_EVENT {"key":83,"pressed":false,"seconds":4.7590909090909}
SPORT_EVENT {"key":65,"pressed":false,"seconds":4.7590909090909}
SPORT_EVENT {"key":68,"pressed":false,"seconds":4.7590909090909}
SPORT_EVENT {"key":32,"pressed":false,"seconds":4.7590909090909}
SPORT_EVENT {"key":4194325,"pressed":false,"seconds":4.7590909090909}
SPORT_EVENT {"key":82,"pressed":false,"seconds":4.7590909090909}
SPORT_EVENT {"key":87,"pressed":true,"seconds":4.7590909090909}
SPORT_EVENT {"key":68,"pressed":true,"seconds":4.7590909090909}
SPORT_STAGE {"seconds":4.7590909090909,"stage":1}
SPORT_SAMPLE {"ack":78,"actor":0,"ball":null,"camera":[-40.0251388549805,5.0,-70.6322402954102],"engaged":true,"focused":true,"phase":"racing","render":[-29.1520004272461,0.0,-71.0270004272461],"seconds":4.93257575757575,"seq":141,"stage":1,"v":{"altitude":0.0,"driver":0.0,"flight":false,"gunner":null,"health":300.0,"heat":0.0,"id":0.0,"kind":"puma","maxHealth":300.0,"overheated":false,"passengers":[],"pitchBody":0.025,"respawnTimer":0.0,"roll":-0.17,"turretYaw":0.0,"vx":15.405,"vy":0.0,"vz":-0.792,"x":-29.152,"y":0.0,"yaw":1.783,"z":-71.027}}
SPORT_SAMPLE {"ack":82,"actor":0,"ball":null,"camera":[-36.0094337463379,5.0,-67.8234252929688],"engaged":true,"focused":true,"phase":"racing","render":[-26.1660003662109,0.0,-71.7089996337891],"seconds":5.13647099999999,"seq":147,"stage":1,"v":{"altitude":0.0,"driver":0.0,"flight":false,"gunner":null,"health":300.0,"heat":0.0,"id":0.0,"kind":"puma","maxHealth":300.0,"overheated":false,"passengers":[],"pitchBody":-0.004,"respawnTimer":0.0,"roll":-0.314,"turretYaw":0.0,"vx":14.127,"vy":0.0,"vz":-5.688,"x":-26.166,"y":0.0,"yaw":2.169,"z":-71.709}}
SPORT_SAMPLE {"ack":86,"actor":0,"ball":null,"camera":[-31.3560085296631,5.0,-66.3994369506836],"engaged":true,"focused":true,"phase":"racing","render":[-23.6499996185303,0.0,-73.2979965209961],"seconds":5.34292199999999,"seq":153,"stage":1,"v":{"altitude":0.0,"driver":0.0,"flight":false,"gunner":null,"health":300.0,"heat":0.0,"id":0.0,"kind":"puma","maxHealth":300.0,"overheated":false,"passengers":[],"pitchBody":-0.014,"respawnTimer":0.0,"roll":-0.343,"turretYaw":0.0,"vx":11.08,"vy":0.0,"vz":-9.642,"x":-23.65,"y":0.0,"yaw":2.496,"z":-73.298}}
SPORT_SAMPLE {"ack":92,"actor":0,"ball":null,"camera":[-26.3847408294678,5.0,-66.5514678955078],"engaged":true,"focused":true,"phase":"racing","render":[-21.6609992980957,0.0,-75.9520034790039],"seconds":5.55501199999999,"seq":160,"stage":1,"v":{"altitude":0.0,"driver":0.0,"flight":false,"gunner":null,"health":300.0,"heat":0.0,"id":0.0,"kind":"puma","maxHealth":300.0,"overheated":false,"passengers":[],"pitchBody":-0.019,"respawnTimer":0.0,"roll":-0.349,"turretYaw":0.0,"vx":6.056,"vy":0.0,"vz":-12.618,"x":-21.661,"y":0.0,"yaw":2.935,"z":-75.952}}
SPORT_SAMPLE {"ack":97,"actor":0,"ball":null,"camera":[-21.1454544067383,5.0,-68.5267028808594],"engaged":true,"focused":true,"phase":"racing","render":[-21.0400009155273,0.0,-78.6230010986328],"seconds":5.76944444444444,"seq":166,"stage":1,"v":{"altitude":0.0,"driver":0.0,"flight":false,"gunner":null,"health":300.0,"heat":0.0,"id":0.0,"kind":"puma","maxHealth":300.0,"overheated":false,"passengers":[],"pitchBody":-0.01,"respawnTimer":0.0,"roll":-0.35,"turretYaw":0.0,"vx":0.448,"vy":0.0,"vz":-13.725,"x":-21.04,"y":0.0,"yaw":3.373,"z":-78.623}}
SPORT_SAMPLE {"ack":103,"actor":0,"ball":null,"camera":[-17.8045768737793,5.0,-70.7926254272461],"engaged":true,"focused":true,"phase":"racing","render":[-21.0690002441406,0.0,-79.3140029907227],"seconds":5.98333333333333,"seq":173,"stage":1,"v":{"altitude":0.0,"driver":0.0,"flight":false,"gunner":null,"health":300.0,"heat":0.0,"id":0.0,"kind":"puma","maxHealth":300.0,"overheated":false,"passengers":[],"pitchBody":-0.006,"respawnTimer":0.0,"roll":-0.081,"turretYaw":0.0,"vx":0.0,"vy":0.0,"vz":0.0,"x":-21.069,"y":0.0,"yaw":3.668,"z":-79.314}}
SPORT_SAMPLE {"ack":108,"actor":0,"ball":null,"camera":[-15.866135597229,5.0,-72.0171356201172],"engaged":true,"focused":true,"phase":"racing","render":[-21.0709991455078,0.0,-79.3160018920898],"seconds":6.19888466666666,"seq":179,"stage":1,"v":{"altitude":0.0,"driver":0.0,"flight":false,"gunner":null,"health":300.0,"heat":0.0,"id":0.0,"kind":"puma","maxHealth":300.0,"overheated":false,"passengers":[],"pitchBody":-0.002,"respawnTimer":0.0,"roll":-0.017,"turretYaw":0.0,"vx":0.0,"vy":0.0,"vz":0.0,"x":-21.071,"y":0.0,"yaw":3.863,"z":-79.316}}
SPORT_EVENT {"key":87,"pressed":false,"seconds":6.25758508080808}
SPORT_EVENT {"key":83,"pressed":false,"seconds":6.25758508080808}
SPORT_EVENT {"key":65,"pressed":false,"seconds":6.25758508080808}
SPORT_EVENT {"key":68,"pressed":false,"seconds":6.25758508080808}
SPORT_EVENT {"key":32,"pressed":false,"seconds":6.25758508080808}
SPORT_EVENT {"key":4194325,"pressed":false,"seconds":6.25758508080808}
SPORT_EVENT {"key":82,"pressed":false,"seconds":6.25758508080808}
SPORT_EVENT {"key":32,"pressed":true,"seconds":6.25758508080808}
SPORT_STAGE {"seconds":6.25758508080808,"stage":2}
SPORT_SAMPLE {"ack":114,"actor":0,"ball":null,"camera":[-14.6308031082153,5.0,-73.0669784545898],"engaged":true,"focused":true,"phase":"racing","render":[-21.0709991455078,0.0,-79.3160018920898],"seconds":6.41372982828283,"seq":186,"stage":2,"v":{"altitude":0.0,"driver":0.0,"flight":false,"gunner":null,"health":300.0,"heat":0.0,"id":0.0,"kind":"puma","maxHealth":300.0,"overheated":false,"passengers":[],"pitchBody":0.0,"respawnTimer":0.0,"roll":-0.003,"turretYaw":0.0,"vx":0.0,"vy":0.0,"vz":0.0,"x":-21.071,"y":0.0,"yaw":3.979,"z":-79.316}}
SPORT_SAMPLE {"ack":119,"actor":0,"ball":null,"camera":[-14.413348197937,5.0,-73.2654342651367],"engaged":true,"focused":true,"phase":"racing","render":[-21.0709991455078,0.0,-79.3160018920898],"seconds":6.62887485858586,"seq":192,"stage":2,"v":{"altitude":0.0,"driver":0.0,"flight":false,"gunner":null,"health":300.0,"heat":0.0,"id":0.0,"kind":"puma","maxHealth":300.0,"overheated":false,"passengers":[],"pitchBody":0.0,"respawnTimer":0.0,"roll":-0.001,"turretYaw":0.0,"vx":0.0,"vy":0.0,"vz":0.0,"x":-21.071,"y":0.0,"yaw":3.979,"z":-79.316}}
SPORT_SAMPLE {"ack":125,"actor":0,"ball":null,"camera":[-14.3881635665894,5.0,-73.2884140014648],"engaged":true,"focused":true,"phase":"racing","render":[-21.0709991455078,0.0,-79.3160018920898],"seconds":6.84320630303031,"seq":199,"stage":2,"v":{"altitude":0.0,"driver":0.0,"flight":false,"gunner":null,"health":300.0,"heat":0.0,"id":0.0,"kind":"puma","maxHealth":300.0,"overheated":false,"passengers":[],"pitchBody":0.0,"respawnTimer":0.0,"roll":0.0,"turretYaw":0.0,"vx":0.0,"vy":0.0,"vz":0.0,"x":-21.071,"y":0.0,"yaw":3.979,"z":-79.316}}
SPORT_SAMPLE {"ack":130,"actor":0,"ball":null,"camera":[-14.385199546814,5.0,-73.2911224365234],"engaged":true,"focused":true,"phase":"racing","render":[-21.0709991455078,0.0,-79.3160018920898],"seconds":7.0581052929293,"seq":205,"stage":2,"v":{"altitude":0.0,"driver":0.0,"flight":false,"gunner":null,"health":300.0,"heat":0.0,"id":0.0,"kind":"puma","maxHealth":300.0,"overheated":false,"passengers":[],"pitchBody":0.0,"respawnTimer":0.0,"roll":0.0,"turretYaw":0.0,"vx":0.0,"vy":0.0,"vz":0.0,"x":-21.071,"y":0.0,"yaw":3.979,"z":-79.316}}
SPORT_SAMPLE {"ack":136,"actor":0,"ball":null,"camera":[-14.3848543167114,5.0,-73.2914352416992],"engaged":true,"focused":true,"phase":"racing","render":[-21.0709991455078,0.0,-79.3160018920898],"seconds":7.27237666666667,"seq":212,"stage":2,"v":{"altitude":0.0,"driver":0.0,"flight":false,"gunner":null,"health":300.0,"heat":0.0,"id":0.0,"kind":"puma","maxHealth":300.0,"overheated":false,"passengers":[],"pitchBody":0.0,"respawnTimer":0.0,"roll":0.0,"turretYaw":0.0,"vx":0.0,"vy":0.0,"vz":0.0,"x":-21.071,"y":0.0,"yaw":3.979,"z":-79.316}}
SPORT_SAMPLE {"ack":142,"actor":0,"ball":null,"camera":[-14.3848133087158,5.0,-73.2914657592773],"engaged":true,"focused":true,"phase":"racing","render":[-21.0709991455078,0.0,-79.3160018920898],"seconds":7.48904333333334,"seq":219,"stage":2,"v":{"altitude":0.0,"driver":0.0,"flight":false,"gunner":null,"health":300.0,"heat":0.0,"id":0.0,"kind":"puma","maxHealth":300.0,"overheated":false,"passengers":[],"pitchBody":0.0,"respawnTimer":0.0,"roll":0.0,"turretYaw":0.0,"vx":0.0,"vy":0.0,"vz":0.0,"x":-21.071,"y":0.0,"yaw":3.979,"z":-79.316}}
SPORT_SAMPLE {"ack":147,"actor":0,"ball":null,"camera":[-14.3848094940186,5.0,-73.2914657592773],"engaged":true,"focused":true,"phase":"racing","render":[-21.0709991455078,0.0,-79.3160018920898],"seconds":7.70571,"seq":225,"stage":2,"v":{"altitude":0.0,"driver":0.0,"flight":false,"gunner":null,"health":300.0,"heat":0.0,"id":0.0,"kind":"puma","maxHealth":300.0,"overheated":false,"passengers":[],"pitchBody":0.0,"respawnTimer":0.0,"roll":0.0,"turretYaw":0.0,"vx":0.0,"vy":0.0,"vz":0.0,"x":-21.071,"y":0.0,"yaw":3.979,"z":-79.316}}
SPORT_EVENT {"key":87,"pressed":false,"seconds":7.76480090909091}
SPORT_EVENT {"key":83,"pressed":false,"seconds":7.76480090909091}
SPORT_EVENT {"key":65,"pressed":false,"seconds":7.76480090909091}
SPORT_EVENT {"key":68,"pressed":false,"seconds":7.76480090909091}
SPORT_EVENT {"key":32,"pressed":false,"seconds":7.76480090909091}
SPORT_EVENT {"key":4194325,"pressed":false,"seconds":7.76480090909091}
SPORT_EVENT {"key":82,"pressed":false,"seconds":7.76480090909091}
SPORT_EVENT {"key":83,"pressed":true,"seconds":7.76480090909091}
SPORT_STAGE {"seconds":7.76480090909091,"stage":3}
SPORT_SAMPLE {"ack":153,"actor":0,"ball":null,"camera":[-14.382040977478,5.0,-73.2890625],"engaged":true,"focused":true,"phase":"racing","render":[-21.048999786377,0.0,-79.2969970703125],"seconds":7.92237666666667,"seq":232,"stage":3,"v":{"altitude":0.0,"driver":0.0,"flight":false,"gunner":null,"health":300.0,"heat":0.0,"id":0.0,"kind":"puma","maxHealth":300.0,"overheated":false,"passengers":[],"pitchBody":-0.016,"respawnTimer":0.0,"roll":0.0,"turretYaw":0.0,"vx":0.364,"vy":0.0,"vz":0.328,"x":-21.049,"y":0.0,"yaw":3.979,"z":-79.297}}
SPORT_SAMPLE {"ack":158,"actor":0,"ball":null,"camera":[-14.3024759292603,5.0,-73.2176361083984],"engaged":true,"focused":true,"phase":"racing","render":[-20.8980007171631,0.0,-79.161003112793],"seconds":8.12261433333333,"seq":238,"stage":3,"v":{"altitude":0.0,"driver":0.0,"flight":false,"gunner":null,"health":300.0,"heat":0.0,"id":0.0,"kind":"puma","maxHealth":300.0,"overheated":false,"passengers":[],"pitchBody":-0.027,"respawnTimer":0.0,"roll":0.0,"turretYaw":0.0,"vx":1.087,"vy":0.0,"vz":0.98,"x":-20.898,"y":0.0,"yaw":3.979,"z":-79.161}}
SPORT_SCREENSHOT 0
SPORT_SAMPLE {"ack":162,"actor":0,"ball":null,"camera":[-14.1426200866699,5.0,-73.073371887207],"engaged":true,"focused":true,"phase":"racing","render":[-20.6630001068115,0.0,-78.947998046875],"seconds":8.394423,"seq":243,"stage":3,"v":{"altitude":0.0,"driver":0.0,"flight":false,"gunner":null,"health":300.0,"heat":0.0,"id":0.0,"kind":"puma","maxHealth":300.0,"overheated":false,"passengers":[],"pitchBody":-0.028,"respawnTimer":0.0,"roll":0.0,"turretYaw":0.0,"vx":1.678,"vy":0.0,"vz":1.514,"x":-20.663,"y":0.0,"yaw":3.979,"z":-78.948}}
SPORT_SAMPLE {"ack":166,"actor":0,"ball":null,"camera":[-13.4230194091797,5.0,-72.4247283935547],"engaged":true,"focused":true,"phase":"racing","render":[-19.8059997558594,0.0,-78.1760025024414],"seconds":8.59919595238095,"seq":254,"stage":3,"v":{"altitude":0.0,"driver":0.0,"flight":false,"gunner":null,"health":300.0,"heat":0.0,"id":0.0,"kind":"puma","maxHealth":300.0,"overheated":false,"passengers":[],"pitchBody":-0.027,"respawnTimer":0.0,"roll":0.0,"turretYaw":0.0,"vx":2.921,"vy":0.0,"vz":2.634,"x":-19.806,"y":0.0,"yaw":3.979,"z":-78.176}}
SPORT_SAMPLE {"ack":172,"actor":0,"ball":null,"camera":[-12.754919052124,5.0,-71.8223037719727],"engaged":true,"focused":true,"phase":"racing","render":[-19.0319995880127,0.0,-77.4779968261719],"seconds":8.80991023809523,"seq":261,"stage":3,"v":{"altitude":0.0,"driver":0.0,"flight":false,"gunner":null,"health":300.0,"heat":0.0,"id":0.0,"kind":"puma","maxHealth":300.0,"overheated":false,"passengers":[],"pitchBody":-0.025,"respawnTimer":0.0,"roll":0.0,"turretYaw":0.0,"vx":3.652,"vy":0.0,"vz":3.293,"x":-19.032,"y":0.0,"yaw":3.979,"z":-77.478}}
SPORT_SAMPLE {"ack":177,"actor":0,"ball":null,"camera":[-11.9651670455933,5.0,-71.1099700927734],"engaged":true,"focused":true,"phase":"racing","render":[-18.238000869751,0.0,-76.7620010375977],"seconds":9.0206516031746,"seq":267,"stage":3,"v":{"altitude":0.0,"driver":0.0,"flight":false,"gunner":null,"health":300.0,"heat":0.0,"id":0.0,"kind":"puma","maxHealth":300.0,"overheated":false,"passengers":[],"pitchBody":-0.024,"respawnTimer":0.0,"roll":0.0,"turretYaw":0.0,"vx":4.235,"vy":0.0,"vz":3.819,"x":-18.238,"y":0.0,"yaw":3.979,"z":-76.762}}
SPORT_SAMPLE {"ack":183,"actor":0,"ball":null,"camera":[-11.0747671127319,5.0,-70.306884765625],"engaged":true,"focused":true,"phase":"racing","render":[-17.2049999237061,0.0,-75.8310012817383],"seconds":9.2301754126984,"seq":274,"stage":3,"v":{"altitude":0.0,"driver":0.0,"flight":false,"gunner":null,"health":300.0,"heat":0.0,"id":0.0,"kind":"puma","maxHealth":300.0,"overheated":false,"passengers":[],"pitchBody":-0.007,"respawnTimer":0.0,"roll":0.0,"turretYaw":0.0,"vx":4.456,"vy":0.0,"vz":4.018,"x":-17.205,"y":0.0,"yaw":3.979,"z":-75.831}}
SPORT_EVENT {"key":87,"pressed":false,"seconds":9.26827065079364}
SPORT_EVENT {"key":83,"pressed":false,"seconds":9.26827065079364}
SPORT_EVENT {"key":65,"pressed":false,"seconds":9.26827065079364}
SPORT_EVENT {"key":68,"pressed":false,"seconds":9.26827065079364}
SPORT_EVENT {"key":32,"pressed":false,"seconds":9.26827065079364}
SPORT_EVENT {"key":4194325,"pressed":false,"seconds":9.26827065079364}
SPORT_EVENT {"key":82,"pressed":false,"seconds":9.26827065079364}
SPORT_EVENT {"key":4194305,"pressed":true,"seconds":9.26827065079364}
SPORT_EVENT {"key":4194305,"pressed":false,"seconds":9.26827065079364}
SPORT_EVENT {"key":87,"pressed":true,"seconds":9.26827065079364}
SPORT_STAGE {"seconds":9.26827065079364,"stage":4}
SPORT_SAMPLE {"ack":189,"actor":0,"ball":null,"camera":[-10.1450214385986,5.0,-69.4685668945312],"engaged":false,"focused":true,"phase":"racing","render":[-16.3379993438721,0.0,-75.0479965209961],"seconds":9.43917433333332,"seq":280,"stage":4,"v":{"altitude":0.0,"driver":0.0,"flight":false,"gunner":null,"health":300.0,"heat":0.0,"id":0.0,"kind":"puma","maxHealth":300.0,"overheated":false,"passengers":[],"pitchBody":0.011,"respawnTimer":0.0,"roll":0.0,"turretYaw":0.0,"vx":4.141,"vy":0.0,"vz":3.734,"x":-16.338,"y":0.0,"yaw":3.979,"z":-75.048}}
SPORT_SAMPLE {"ack":194,"actor":0,"ball":null,"camera":[-9.28282451629639,5.0,-68.691291809082],"engaged":false,"focused":true,"phase":"racing","render":[-15.5579996109009,0.0,-74.3450012207031],"seconds":9.64473833333332,"seq":286,"stage":4,"v":{"altitude":0.0,"driver":0.0,"flight":false,"gunner":null,"health":300.0,"heat":0.0,"id":0.0,"kind":"puma","maxHealth":300.0,"overheated":false,"passengers":[],"pitchBody":0.016,"respawnTimer":0.0,"roll":0.0,"turretYaw":0.0,"vx":3.698,"vy":0.0,"vz":3.334,"x":-15.558,"y":0.0,"yaw":3.979,"z":-74.345}}
SPORT_SAMPLE {"ack":199,"actor":0,"ball":null,"camera":[-8.51840019226074,5.0,-68.0020065307617],"engaged":false,"focused":true,"phase":"racing","render":[-14.8640003204346,0.0,-73.7190017700195],"seconds":9.84788433333333,"seq":292,"stage":4,"v":{"altitude":0.0,"driver":0.0,"flight":false,"gunner":null,"health":300.0,"heat":0.0,"id":0.0,"kind":"puma","maxHealth":300.0,"overheated":false,"passengers":[],"pitchBody":0.017,"respawnTimer":0.0,"roll":0.0,"turretYaw":0.0,"vx":3.284,"vy":0.0,"vz":2.962,"x":-14.864,"y":0.0,"yaw":3.979,"z":-73.719}}
SPORT_SAMPLE {"ack":205,"actor":0,"ball":null,"camera":[-7.85858869552612,5.0,-67.4067993164062],"engaged":false,"focused":true,"phase":"racing","render":[-14.1549997329712,0.0,-73.0800018310547],"seconds":10.0483533333333,"seq":299,"stage":4,"v":{"altitude":0.0,"driver":0.0,"flight":false,"gunner":null,"health":300.0,"heat":0.0,"id":0.0,"kind":"puma","maxHealth":300.0,"overheated":false,"passengers":[],"pitchBody":0.016,"respawnTimer":0.0,"roll":0.0,"turretYaw":0.0,"vx":2.834,"vy":0.0,"vz":2.556,"x":-14.155,"y":0.0,"yaw":3.979,"z":-73.08}}
SPORT_SAMPLE {"ack":211,"actor":0,"ball":null,"camera":[-7.22299766540527,5.0,-66.8336410522461],"engaged":false,"focused":true,"phase":"racing","render":[-13.6280002593994,0.0,-72.6039962768555],"seconds":10.2644173333333,"seq":305,"stage":4,"v":{"altitude":0.0,"driver":0.0,"flight":false,"gunner":null,"health":300.0,"heat":0.0,"id":0.0,"kind":"puma","maxHealth":300.0,"overheated":false,"passengers":[],"pitchBody":0.015,"respawnTimer":0.0,"roll":0.0,"turretYaw":0.0,"vx":2.47,"vy":0.0,"vz":2.227,"x":-13.628,"y":0.0,"yaw":3.979,"z":-72.604}}
SPORT_SAMPLE {"ack":217,"actor":0,"ball":null,"camera":[-6.68876123428345,5.0,-66.3518753051758],"engaged":false,"focused":true,"phase":"racing","render":[-13.1020002365112,0.0,-72.129997253418],"seconds":10.4721175555555,"seq":312,"stage":4,"v":{"altitude":0.0,"driver":0.0,"flight":false,"gunner":null,"health":300.0,"heat":0.0,"id":0.0,"kind":"puma","maxHealth":300.0,"overheated":false,"passengers":[],"pitchBody":0.014,"respawnTimer":0.0,"roll":0.0,"turretYaw":0.0,"vx":2.066,"vy":0.0,"vz":1.863,"x":-13.102,"y":0.0,"yaw":3.979,"z":-72.13}}
SPORT_SAMPLE {"ack":223,"actor":0,"ball":null,"camera":[-6.22387933731079,5.0,-65.9328002929688],"engaged":false,"focused":true,"phase":"racing","render":[-12.7250003814697,0.0,-71.7900009155273],"seconds":10.6861906666667,"seq":318,"stage":4,"v":{"altitude":0.0,"driver":0.0,"flight":false,"gunner":null,"health":300.0,"heat":0.0,"id":0.0,"kind":"puma","maxHealth":300.0,"overheated":false,"passengers":[],"pitchBody":0.013,"respawnTimer":0.0,"roll":0.0,"turretYaw":0.0,"vx":1.734,"vy":0.0,"vz":1.564,"x":-12.725,"y":0.0,"yaw":3.979,"z":-71.79}}
SPORT_EVENT {"key":87,"pressed":false,"seconds":10.755615}
SPORT_EVENT {"key":83,"pressed":false,"seconds":10.755615}
SPORT_EVENT {"key":65,"pressed":false,"seconds":10.755615}
SPORT_EVENT {"key":68,"pressed":false,"seconds":10.755615}
SPORT_EVENT {"key":32,"pressed":false,"seconds":10.755615}
SPORT_EVENT {"key":4194325,"pressed":false,"seconds":10.755615}
SPORT_EVENT {"key":82,"pressed":false,"seconds":10.755615}
SPORT_EVENT {"key":4194309,"pressed":true,"seconds":10.755615}
SPORT_EVENT {"key":4194309,"pressed":false,"seconds":10.755615}
SPORT_EVENT {"key":87,"pressed":true,"seconds":10.755615}
SPORT_EVENT {"key":4194325,"pressed":true,"seconds":10.755615}
SPORT_STAGE {"seconds":10.755615,"stage":5}
SPORT_SAMPLE {"ack":230,"actor":0,"ball":null,"camera":[-5.85292625427246,5.0,-65.5984878540039],"engaged":true,"focused":true,"phase":"racing","render":[-12.4619998931885,0.0,-71.5530014038086],"seconds":10.915912,"seq":326,"stage":5,"v":{"altitude":0.0,"driver":0.0,"flight":false,"gunner":null,"health":300.0,"heat":0.0,"id":0.0,"kind":"puma","maxHealth":300.0,"overheated":false,"passengers":[],"pitchBody":0.083,"respawnTimer":0.0,"roll":0.0,"turretYaw":0.0,"vx":-0.541,"vy":0.0,"vz":-0.487,"x":-12.462,"y":0.0,"yaw":3.979,"z":-71.553}}
SPORT_SAMPLE {"ack":235,"actor":0,"ball":null,"camera":[-5.98121547698975,5.0,-65.7141036987305],"engaged":true,"focused":true,"phase":"racing","render":[-12.9010000228882,0.0,-71.9499969482422],"seconds":11.130351,"seq":332,"stage":5,"v":{"altitude":0.0,"driver":0.0,"flight":false,"gunner":null,"health":300.0,"heat":0.0,"id":0.0,"kind":"puma","maxHealth":300.0,"overheated":false,"passengers":[],"pitchBody":0.113,"respawnTimer":0.0,"roll":0.0,"turretYaw":0.0,"vx":-3.581,"vy":0.0,"vz":-3.229,"x":-12.901,"y":0.0,"yaw":3.979,"z":-71.95}}
SPORT_SAMPLE {"ack":242,"actor":0,"ball":null,"camera":[-6.75989627838135,5.0,-66.4163818359375],"engaged":true,"focused":true,"phase":"racing","render":[-14.1560001373291,0.0,-73.0810012817383],"seconds":11.3460073333333,"seq":339,"stage":5,"v":{"altitude":0.0,"driver":0.0,"flight":false,"gunner":null,"health":300.0,"heat":0.0,"id":0.0,"kind":"puma","maxHealth":300.0,"overheated":false,"passengers":[],"pitchBody":0.112,"respawnTimer":0.0,"roll":0.0,"turretYaw":0.0,"vx":-6.877,"vy":0.0,"vz":-6.201,"x":-14.156,"y":0.0,"yaw":3.979,"z":-73.081}}
SPORT_SAMPLE {"ack":247,"actor":0,"ball":null,"camera":[-8.15358352661133,5.0,-67.672966003418],"engaged":true,"focused":true,"phase":"racing","render":[-15.8050003051758,0.0,-74.568000793457],"seconds":11.5497886666667,"seq":345,"stage":5,"v":{"altitude":0.0,"driver":0.0,"flight":false,"gunner":null,"health":300.0,"heat":0.0,"id":0.0,"kind":"puma","maxHealth":300.0,"overheated":false,"passengers":[],"pitchBody":0.101,"respawnTimer":0.0,"roll":0.0,"turretYaw":0.0,"vx":-9.346,"vy":0.0,"vz":-8.428,"x":-15.805,"y":0.0,"yaw":3.979,"z":-74.568}}
SPORT_SAMPLE {"ack":253,"actor":0,"ball":null,"camera":[-10.0419054031372,5.0,-69.3754730224609],"engaged":true,"focused":true,"phase":"racing","render":[-17.9060001373291,0.0,-76.4619979858398],"seconds":11.7561426666667,"seq":351,"stage":5,"v":{"altitude":0.0,"driver":0.0,"flight":false,"gunner":null,"health":300.0,"heat":0.0,"id":0.0,"kind":"puma","maxHealth":300.0,"overheated":false,"passengers":[],"pitchBody":0.086,"respawnTimer":0.0,"roll":0.0,"turretYaw":0.0,"vx":-11.42,"vy":0.0,"vz":-10.298,"x":-17.906,"y":0.0,"yaw":3.979,"z":-76.462}}
SPORT_SAMPLE {"ack":258,"actor":0,"ball":null,"camera":[-12.5167064666748,5.0,-71.6076049804688],"engaged":true,"focused":true,"phase":"racing","render":[-20.8199996948242,0.0,-79.0899963378906],"seconds":11.9679035873016,"seq":358,"stage":5,"v":{"altitude":0.0,"driver":0.0,"flight":false,"gunner":null,"health":300.0,"heat":0.0,"id":0.0,"kind":"puma","maxHealth":300.0,"overheated":false,"passengers":[],"pitchBody":0.067,"respawnTimer":0.0,"roll":0.0,"turretYaw":0.0,"vx":-13.335,"vy":0.0,"vz":-12.025,"x":-20.82,"y":0.0,"yaw":3.979,"z":-79.09}}
SPORT_SAMPLE {"ack":263,"actor":0,"ball":null,"camera":[-14.1217622756958,5.0,-73.0550384521484],"engaged":true,"focused":true,"phase":"racing","render":[-21.0699996948242,0.0,-79.3160018920898],"seconds":12.173091037037,"seq":364,"stage":5,"v":{"altitude":0.0,"driver":0.0,"flight":false,"gunner":null,"health":300.0,"heat":0.0,"id":0.0,"kind":"puma","maxHealth":300.0,"overheated":false,"passengers":[],"pitchBody":0.02,"respawnTimer":0.0,"roll":0.0,"turretYaw":0.0,"vx":0.0,"vy":0.0,"vz":0.0,"x":-21.07,"y":0.0,"yaw":3.979,"z":-79.316}}
SPORT_EVENT {"key":87,"pressed":false,"seconds":12.2545725185185}
SPORT_EVENT {"key":83,"pressed":false,"seconds":12.2545725185185}
SPORT_EVENT {"key":65,"pressed":false,"seconds":12.2545725185185}
SPORT_EVENT {"key":68,"pressed":false,"seconds":12.2545725185185}
SPORT_EVENT {"key":32,"pressed":false,"seconds":12.2545725185185}
SPORT_EVENT {"key":4194325,"pressed":false,"seconds":12.2545725185185}
SPORT_EVENT {"key":82,"pressed":false,"seconds":12.2545725185185}
SPORT_EVENT {"key":87,"pressed":true,"seconds":12.2545725185185}
SPORT_STAGE {"seconds":12.2545725185185,"stage":6}
SPORT_SAMPLE {"ack":269,"actor":0,"ball":null,"camera":[-14.3609848022461,5.0,-73.2708892822266],"engaged":false,"focused":false,"phase":"racing","render":[-21.0699996948242,0.0,-79.3160018920898],"seconds":12.4171651111111,"seq":371,"stage":6,"v":{"altitude":0.0,"driver":0.0,"flight":false,"gunner":null,"health":300.0,"heat":0.0,"id":0.0,"kind":"puma","maxHealth":300.0,"overheated":false,"passengers":[],"pitchBody":0.003,"respawnTimer":0.0,"roll":0.0,"turretYaw":0.0,"vx":0.0,"vy":0.0,"vz":0.0,"x":-21.07,"y":0.0,"yaw":3.979,"z":-79.316}}
SPORT_SAMPLE {"ack":275,"actor":0,"ball":null,"camera":[-14.3812885284424,5.0,-73.2892074584961],"engaged":false,"focused":false,"phase":"racing","render":[-21.0699996948242,0.0,-79.3160018920898],"seconds":12.6371651111111,"seq":378,"stage":6,"v":{"altitude":0.0,"driver":0.0,"flight":false,"gunner":null,"health":300.0,"heat":0.0,"id":0.0,"kind":"puma","maxHealth":300.0,"overheated":false,"passengers":[],"pitchBody":0.0,"respawnTimer":0.0,"roll":0.0,"turretYaw":0.0,"vx":0.0,"vy":0.0,"vz":0.0,"x":-21.07,"y":0.0,"yaw":3.979,"z":-79.316}}
SPORT_SAMPLE {"ack":280,"actor":0,"ball":null,"camera":[-14.383526802063,5.0,-73.2912216186523],"engaged":false,"focused":false,"phase":"racing","render":[-21.0699996948242,0.0,-79.3160018920898],"seconds":12.8553933333333,"seq":384,"stage":6,"v":{"altitude":0.0,"driver":0.0,"flight":false,"gunner":null,"health":300.0,"heat":0.0,"id":0.0,"kind":"puma","maxHealth":300.0,"overheated":false,"passengers":[],"pitchBody":0.0,"respawnTimer":0.0,"roll":0.0,"turretYaw":0.0,"vx":0.0,"vy":0.0,"vz":0.0,"x":-21.07,"y":0.0,"yaw":3.979,"z":-79.316}}
SPORT_SAMPLE {"ack":286,"actor":0,"ball":null,"camera":[-14.3837757110596,5.0,-73.2914505004883],"engaged":false,"focused":false,"phase":"racing","render":[-21.0699996948242,0.0,-79.3160018920898],"seconds":13.0727272727273,"seq":391,"stage":6,"v":{"altitude":0.0,"driver":0.0,"flight":false,"gunner":null,"health":300.0,"heat":0.0,"id":0.0,"kind":"puma","maxHealth":300.0,"overheated":false,"passengers":[],"pitchBody":0.0,"respawnTimer":0.0,"roll":0.0,"turretYaw":0.0,"vx":0.0,"vy":0.0,"vz":0.0,"x":-21.07,"y":0.0,"yaw":3.979,"z":-79.316}}
SPORT_SAMPLE {"ack":291,"actor":0,"ball":null,"camera":[-14.3838043212891,5.0,-73.2914657592773],"engaged":false,"focused":false,"phase":"racing","render":[-21.0699996948242,0.0,-79.3160018920898],"seconds":13.2896647878788,"seq":398,"stage":6,"v":{"altitude":0.0,"driver":0.0,"flight":false,"gunner":null,"health":300.0,"heat":0.0,"id":0.0,"kind":"puma","maxHealth":300.0,"overheated":false,"passengers":[],"pitchBody":0.0,"respawnTimer":0.0,"roll":0.0,"turretYaw":0.0,"vx":0.0,"vy":0.0,"vz":0.0,"x":-21.07,"y":0.0,"yaw":3.979,"z":-79.316}}
SPORT_SAMPLE {"ack":296,"actor":0,"ball":null,"camera":[-14.3838062286377,5.0,-73.2914657592773],"engaged":false,"focused":false,"phase":"racing","render":[-21.0699996948242,0.0,-79.3160018920898],"seconds":13.5063314545454,"seq":404,"stage":6,"v":{"altitude":0.0,"driver":0.0,"flight":false,"gunner":null,"health":300.0,"heat":0.0,"id":0.0,"kind":"puma","maxHealth":300.0,"overheated":false,"passengers":[],"pitchBody":0.0,"respawnTimer":0.0,"roll":0.0,"turretYaw":0.0,"vx":0.0,"vy":0.0,"vz":0.0,"x":-21.07,"y":0.0,"yaw":3.979,"z":-79.316}}
SPORT_SAMPLE {"ack":302,"actor":0,"ball":null,"camera":[-14.3838062286377,5.0,-73.2914657592773],"engaged":false,"focused":false,"phase":"racing","render":[-21.0699996948242,0.0,-79.3160018920898],"seconds":13.7229981212121,"seq":411,"stage":6,"v":{"altitude":0.0,"driver":0.0,"flight":false,"gunner":null,"health":300.0,"heat":0.0,"id":0.0,"kind":"puma","maxHealth":300.0,"overheated":false,"passengers":[],"pitchBody":0.0,"respawnTimer":0.0,"roll":0.0,"turretYaw":0.0,"vx":0.0,"vy":0.0,"vz":0.0,"x":-21.07,"y":0.0,"yaw":3.979,"z":-79.316}}
SPORT_EVENT {"key":87,"pressed":false,"seconds":13.762392060606}
SPORT_EVENT {"key":83,"pressed":false,"seconds":13.762392060606}
SPORT_EVENT {"key":65,"pressed":false,"seconds":13.762392060606}
SPORT_EVENT {"key":68,"pressed":false,"seconds":13.762392060606}
SPORT_EVENT {"key":32,"pressed":false,"seconds":13.762392060606}
SPORT_EVENT {"key":4194325,"pressed":false,"seconds":13.762392060606}
SPORT_EVENT {"key":82,"pressed":false,"seconds":13.762392060606}
SPORT_EVENT {"key":87,"pressed":true,"seconds":13.762392060606}
SPORT_STAGE {"seconds":13.762392060606,"stage":7}
SPORT_SAMPLE {"ack":308,"actor":0,"ball":null,"camera":[-14.3838062286377,5.0,-73.2914657592773],"engaged":false,"focused":true,"phase":"racing","render":[-21.0699996948242,0.0,-79.3160018920898],"seconds":13.9402708484848,"seq":418,"stage":7,"v":{"altitude":0.0,"driver":0.0,"flight":false,"gunner":null,"health":300.0,"heat":0.0,"id":0.0,"kind":"puma","maxHealth":300.0,"overheated":false,"passengers":[],"pitchBody":0.0,"respawnTimer":0.0,"roll":0.0,"turretYaw":0.0,"vx":0.0,"vy":0.0,"vz":0.0,"x":-21.07,"y":0.0,"yaw":3.979,"z":-79.316}}
SPORT_SAMPLE {"ack":313,"actor":0,"ball":null,"camera":[-14.3838062286377,5.0,-73.2914657592773],"engaged":false,"focused":true,"phase":"racing","render":[-21.0699996948242,0.0,-79.3160018920898],"seconds":14.159415,"seq":424,"stage":7,"v":{"altitude":0.0,"driver":0.0,"flight":false,"gunner":null,"health":300.0,"heat":0.0,"id":0.0,"kind":"puma","maxHealth":300.0,"overheated":false,"passengers":[],"pitchBody":0.0,"respawnTimer":0.0,"roll":0.0,"turretYaw":0.0,"vx":0.0,"vy":0.0,"vz":0.0,"x":-21.07,"y":0.0,"yaw":3.979,"z":-79.316}}
SPORT_SAMPLE {"ack":318,"actor":0,"ball":null,"camera":[-14.3838062286377,5.0,-73.2914657592773],"engaged":false,"focused":true,"phase":"racing","render":[-21.0699996948242,0.0,-79.3160018920898],"seconds":14.379415,"seq":431,"stage":7,"v":{"altitude":0.0,"driver":0.0,"flight":false,"gunner":null,"health":300.0,"heat":0.0,"id":0.0,"kind":"puma","maxHealth":300.0,"overheated":false,"passengers":[],"pitchBody":0.0,"respawnTimer":0.0,"roll":0.0,"turretYaw":0.0,"vx":0.0,"vy":0.0,"vz":0.0,"x":-21.07,"y":0.0,"yaw":3.979,"z":-79.316}}
SPORT_SAMPLE {"ack":324,"actor":0,"ball":null,"camera":[-14.3838062286377,5.0,-73.2914657592773],"engaged":false,"focused":true,"phase":"racing","render":[-21.0699996948242,0.0,-79.3160018920898],"seconds":14.599273,"seq":438,"stage":7,"v":{"altitude":0.0,"driver":0.0,"flight":false,"gunner":null,"health":300.0,"heat":0.0,"id":0.0,"kind":"puma","maxHealth":300.0,"overheated":false,"passengers":[],"pitchBody":0.0,"respawnTimer":0.0,"roll":0.0,"turretYaw":0.0,"vx":0.0,"vy":0.0,"vz":0.0,"x":-21.07,"y":0.0,"yaw":3.979,"z":-79.316}}
SPORT_SAMPLE {"ack":329,"actor":0,"ball":null,"camera":[-14.3838062286377,5.0,-73.2914657592773],"engaged":false,"focused":true,"phase":"racing","render":[-21.0699996948242,0.0,-79.3160018920898],"seconds":14.8151515151515,"seq":444,"stage":7,"v":{"altitude":0.0,"driver":0.0,"flight":false,"gunner":null,"health":300.0,"heat":0.0,"id":0.0,"kind":"puma","maxHealth":300.0,"overheated":false,"passengers":[],"pitchBody":0.0,"respawnTimer":0.0,"roll":0.0,"turretYaw":0.0,"vx":0.0,"vy":0.0,"vz":0.0,"x":-21.07,"y":0.0,"yaw":3.979,"z":-79.316}}
SPORT_SAMPLE {"ack":335,"actor":0,"ball":null,"camera":[-14.3838062286377,5.0,-73.2914657592773],"engaged":false,"focused":true,"phase":"racing","render":[-21.0699996948242,0.0,-79.3160018920898],"seconds":15.0318181818182,"seq":451,"stage":7,"v":{"altitude":0.0,"driver":0.0,"flight":false,"gunner":null,"health":300.0,"heat":0.0,"id":0.0,"kind":"puma","maxHealth":300.0,"overheated":false,"passengers":[],"pitchBody":0.0,"respawnTimer":0.0,"roll":0.0,"turretYaw":0.0,"vx":0.0,"vy":0.0,"vz":0.0,"x":-21.07,"y":0.0,"yaw":3.979,"z":-79.316}}
SPORT_SAMPLE {"ack":341,"actor":0,"ball":null,"camera":[-14.3838062286377,5.0,-73.2914657592773],"engaged":false,"focused":true,"phase":"racing","render":[-21.0699996948242,0.0,-79.3160018920898],"seconds":15.2484848484848,"seq":457,"stage":7,"v":{"altitude":0.0,"driver":0.0,"flight":false,"gunner":null,"health":300.0,"heat":0.0,"id":0.0,"kind":"puma","maxHealth":300.0,"overheated":false,"passengers":[],"pitchBody":0.0,"respawnTimer":0.0,"roll":0.0,"turretYaw":0.0,"vx":0.0,"vy":0.0,"vz":0.0,"x":-21.07,"y":0.0,"yaw":3.979,"z":-79.316}}
SPORT_EVENT {"key":87,"pressed":false,"seconds":15.2681818181818}
SPORT_EVENT {"key":83,"pressed":false,"seconds":15.2681818181818}
SPORT_EVENT {"key":65,"pressed":false,"seconds":15.2681818181818}
SPORT_EVENT {"key":68,"pressed":false,"seconds":15.2681818181818}
SPORT_EVENT {"key":32,"pressed":false,"seconds":15.2681818181818}
SPORT_EVENT {"key":4194325,"pressed":false,"seconds":15.2681818181818}
SPORT_EVENT {"key":82,"pressed":false,"seconds":15.2681818181818}
SPORT_EVENT {"key":4194309,"pressed":true,"seconds":15.2681818181818}
SPORT_EVENT {"key":4194309,"pressed":false,"seconds":15.2681818181818}
SPORT_EVENT {"key":87,"pressed":true,"seconds":15.2681818181818}
SPORT_STAGE {"seconds":15.2681818181818,"stage":8}
SPORT_SAMPLE {"ack":346,"actor":0,"ball":null,"camera":[-14.3838062286377,5.0,-73.2914657592773],"engaged":true,"focused":true,"phase":"racing","render":[-21.0699996948242,0.0,-79.3160018920898],"seconds":15.4651515151515,"seq":463,"stage":8,"v":{"altitude":0.0,"driver":0.0,"flight":false,"gunner":null,"health":300.0,"heat":0.0,"id":0.0,"kind":"puma","maxHealth":300.0,"overheated":false,"passengers":[],"pitchBody":0.0,"respawnTimer":0.0,"roll":0.0,"turretYaw":0.0,"vx":0.0,"vy":0.0,"vz":0.0,"x":-21.07,"y":0.0,"yaw":3.979,"z":-79.316}}
SPORT_SAMPLE {"ack":352,"actor":0,"ball":null,"camera":[-14.3838062286377,5.0,-73.2914657592773],"engaged":true,"focused":true,"phase":"racing","render":[-21.0699996948242,0.0,-79.3160018920898],"seconds":15.6818181818181,"seq":470,"stage":8,"v":{"altitude":0.0,"driver":0.0,"flight":false,"gunner":null,"health":300.0,"heat":0.0,"id":0.0,"kind":"puma","maxHealth":300.0,"overheated":false,"passengers":[],"pitchBody":0.0,"respawnTimer":0.0,"roll":0.0,"turretYaw":0.0,"vx":0.0,"vy":0.0,"vz":0.0,"x":-21.07,"y":0.0,"yaw":3.979,"z":-79.316}}
SPORT_SAMPLE {"ack":357,"actor":0,"ball":null,"camera":[-14.3838062286377,5.0,-73.2914657592773],"engaged":true,"focused":true,"phase":"racing","render":[-21.0699996948242,0.0,-79.3160018920898],"seconds":15.8973851212121,"seq":477,"stage":8,"v":{"altitude":0.0,"driver":0.0,"flight":false,"gunner":null,"health":300.0,"heat":0.0,"id":0.0,"kind":"puma","maxHealth":300.0,"overheated":false,"passengers":[],"pitchBody":0.0,"respawnTimer":0.0,"roll":0.0,"turretYaw":0.0,"vx":0.0,"vy":0.0,"vz":0.0,"x":-21.07,"y":0.0,"yaw":3.979,"z":-79.316}}
SPORT_SAMPLE {"ack":362,"actor":0,"ball":null,"camera":[-14.3838062286377,5.0,-73.2914657592773],"engaged":true,"focused":true,"phase":"racing","render":[-21.0699996948242,0.0,-79.3160018920898],"seconds":16.1140517878788,"seq":483,"stage":8,"v":{"altitude":0.0,"driver":0.0,"flight":false,"gunner":null,"health":300.0,"heat":0.0,"id":0.0,"kind":"puma","maxHealth":300.0,"overheated":false,"passengers":[],"pitchBody":0.0,"respawnTimer":0.0,"roll":0.0,"turretYaw":0.0,"vx":0.0,"vy":0.0,"vz":0.0,"x":-21.07,"y":0.0,"yaw":3.979,"z":-79.316}}
SPORT_SAMPLE {"ack":368,"actor":0,"ball":null,"camera":[-14.3838062286377,5.0,-73.2914657592773],"engaged":true,"focused":true,"phase":"racing","render":[-21.0699996948242,0.0,-79.3160018920898],"seconds":16.3307184545454,"seq":490,"stage":8,"v":{"altitude":0.0,"driver":0.0,"flight":false,"gunner":null,"health":300.0,"heat":0.0,"id":0.0,"kind":"puma","maxHealth":300.0,"overheated":false,"passengers":[],"pitchBody":0.0,"respawnTimer":0.0,"roll":0.0,"turretYaw":0.0,"vx":0.0,"vy":0.0,"vz":0.0,"x":-21.07,"y":0.0,"yaw":3.979,"z":-79.316}}
SPORT_SAMPLE {"ack":374,"actor":0,"ball":null,"camera":[-14.3838062286377,5.0,-73.2914657592773],"engaged":true,"focused":true,"phase":"racing","render":[-21.0699996948242,0.0,-79.3160018920898],"seconds":16.5504154242424,"seq":497,"stage":8,"v":{"altitude":0.0,"driver":0.0,"flight":false,"gunner":null,"health":300.0,"heat":0.0,"id":0.0,"kind":"puma","maxHealth":300.0,"overheated":false,"passengers":[],"pitchBody":0.0,"respawnTimer":0.0,"roll":0.0,"turretYaw":0.0,"vx":0.0,"vy":0.0,"vz":0.0,"x":-21.07,"y":0.0,"yaw":3.979,"z":-79.316}}
SPORT_EVENT {"key":87,"pressed":false,"seconds":16.7704154242424}
SPORT_EVENT {"key":83,"pressed":false,"seconds":16.7704154242424}
SPORT_EVENT {"key":65,"pressed":false,"seconds":16.7704154242424}
SPORT_EVENT {"key":68,"pressed":false,"seconds":16.7704154242424}
SPORT_EVENT {"key":32,"pressed":false,"seconds":16.7704154242424}
SPORT_EVENT {"key":4194325,"pressed":false,"seconds":16.7704154242424}
SPORT_EVENT {"key":82,"pressed":false,"seconds":16.7704154242424}
SPORT_EVENT {"key":82,"pressed":true,"seconds":16.7704154242424}
SPORT_STAGE {"seconds":16.7704154242424,"stage":9}
SPORT_SAMPLE {"ack":382,"actor":0,"ball":null,"camera":[-44.5,5.0,-67.9981689453125],"engaged":true,"focused":true,"phase":"racing","render":[-35.5,0.0,-68.0],"seconds":16.9224556666666,"seq":508,"stage":9,"v":{"altitude":0.0,"driver":0.0,"flight":false,"gunner":null,"health":300.0,"heat":0.0,"id":0.0,"kind":"puma","maxHealth":300.0,"overheated":false,"passengers":[],"pitchBody":0.0,"respawnTimer":0.0,"roll":0.0,"turretYaw":0.0,"vx":0.0,"vy":0.0,"vz":0.0,"x":-35.5,"y":0.0,"yaw":1.571,"z":-68.0}}
SPORT_SAMPLE {"ack":386,"actor":0,"ball":null,"camera":[-44.5,5.0,-67.9981689453125],"engaged":true,"focused":true,"phase":"racing","render":[-35.5,0.0,-68.0],"seconds":17.1333333333333,"seq":514,"stage":9,"v":{"altitude":0.0,"driver":0.0,"flight":false,"gunner":null,"health":300.0,"heat":0.0,"id":0.0,"kind":"puma","maxHealth":300.0,"overheated":false,"passengers":[],"pitchBody":0.0,"respawnTimer":0.0,"roll":0.0,"turretYaw":0.0,"vx":0.0,"vy":0.0,"vz":0.0,"x":-35.5,"y":0.0,"yaw":1.571,"z":-68.0}}
SPORT_SAMPLE {"ack":389,"actor":0,"ball":null,"camera":[-44.5,5.0,-67.9981689453125],"engaged":true,"focused":true,"phase":"racing","render":[-35.5,0.0,-68.0],"seconds":17.3433333333333,"seq":521,"stage":9,"v":{"altitude":0.0,"driver":0.0,"flight":false,"gunner":null,"health":300.0,"heat":0.0,"id":0.0,"kind":"puma","maxHealth":300.0,"overheated":false,"passengers":[],"pitchBody":0.0,"respawnTimer":0.0,"roll":0.0,"turretYaw":0.0,"vx":0.0,"vy":0.0,"vz":0.0,"x":-35.5,"y":0.0,"yaw":1.571,"z":-68.0}}
SPORT_SAMPLE {"ack":393,"actor":0,"ball":null,"camera":[-44.5,5.0,-67.9981689453125],"engaged":true,"focused":true,"phase":"racing","render":[-35.5,0.0,-68.0],"seconds":17.5601386666666,"seq":527,"stage":9,"v":{"altitude":0.0,"driver":0.0,"flight":false,"gunner":null,"health":300.0,"heat":0.0,"id":0.0,"kind":"puma","maxHealth":300.0,"overheated":false,"passengers":[],"pitchBody":0.0,"respawnTimer":0.0,"roll":0.0,"turretYaw":0.0,"vx":0.0,"vy":0.0,"vz":0.0,"x":-35.5,"y":0.0,"yaw":1.571,"z":-68.0}}
SPORT_SAMPLE {"ack":396,"actor":0,"ball":null,"camera":[-44.5,5.0,-67.9981689453125],"engaged":true,"focused":true,"phase":"racing","render":[-35.5,0.0,-68.0],"seconds":17.7757936507936,"seq":534,"stage":9,"v":{"altitude":0.0,"driver":0.0,"flight":false,"gunner":null,"health":300.0,"heat":0.0,"id":0.0,"kind":"puma","maxHealth":300.0,"overheated":false,"passengers":[],"pitchBody":0.0,"respawnTimer":0.0,"roll":0.0,"turretYaw":0.0,"vx":0.0,"vy":0.0,"vz":0.0,"x":-35.5,"y":0.0,"yaw":1.571,"z":-68.0}}
SPORT_SAMPLE {"ack":399,"actor":0,"ball":null,"camera":[-44.5,5.0,-67.9981689453125],"engaged":true,"focused":true,"phase":"racing","render":[-35.5,0.0,-68.0],"seconds":17.990873015873,"seq":540,"stage":9,"v":{"altitude":0.0,"driver":0.0,"flight":false,"gunner":null,"health":300.0,"heat":0.0,"id":0.0,"kind":"puma","maxHealth":300.0,"overheated":false,"passengers":[],"pitchBody":0.0,"respawnTimer":0.0,"roll":0.0,"turretYaw":0.0,"vx":0.0,"vy":0.0,"vz":0.0,"x":-35.5,"y":0.0,"yaw":1.571,"z":-68.0}}
SPORT_SAMPLE {"ack":403,"actor":0,"ball":null,"camera":[-44.5,5.0,-67.9981689453125],"engaged":true,"focused":true,"phase":"racing","render":[-35.5,0.0,-68.0],"seconds":18.204714,"seq":547,"stage":9,"v":{"altitude":0.0,"driver":0.0,"flight":false,"gunner":null,"health":300.0,"heat":0.0,"id":0.0,"kind":"puma","maxHealth":300.0,"overheated":false,"passengers":[],"pitchBody":0.0,"respawnTimer":0.0,"roll":0.0,"turretYaw":0.0,"vx":0.0,"vy":0.0,"vz":0.0,"x":-35.5,"y":0.0,"yaw":1.571,"z":-68.0}}
SPORT_EVENT {"key":87,"pressed":false,"seconds":18.2640893333333}
SPORT_EVENT {"key":83,"pressed":false,"seconds":18.2640893333333}
SPORT_EVENT {"key":65,"pressed":false,"seconds":18.2640893333333}
SPORT_EVENT {"key":68,"pressed":false,"seconds":18.2640893333333}
SPORT_EVENT {"key":32,"pressed":false,"seconds":18.2640893333333}
SPORT_EVENT {"key":4194325,"pressed":false,"seconds":18.2640893333333}
SPORT_EVENT {"key":82,"pressed":false,"seconds":18.2640893333333}
SPORT_EVENT {"key":4194305,"pressed":true,"seconds":18.2640893333333}
SPORT_EVENT {"key":4194305,"pressed":false,"seconds":18.2640893333333}
SPORT_STAGE {"seconds":18.2640893333333,"stage":10}
SPORT_SAMPLE {"ack":407,"actor":0,"ball":null,"camera":[-44.5,5.0,-67.9981689453125],"engaged":false,"focused":true,"phase":"racing","render":[-35.5,0.0,-68.0],"seconds":18.4167035555555,"seq":553,"stage":10,"v":{"altitude":0.0,"driver":0.0,"flight":false,"gunner":null,"health":300.0,"heat":0.0,"id":0.0,"kind":"puma","maxHealth":300.0,"overheated":false,"passengers":[],"pitchBody":0.0,"respawnTimer":0.0,"roll":0.0,"turretYaw":0.0,"vx":0.0,"vy":0.0,"vz":0.0,"x":-35.5,"y":0.0,"yaw":1.571,"z":-68.0}}
SPORT_SAMPLE {"ack":410,"actor":0,"ball":null,"camera":[-44.5,5.0,-67.9981689453125],"engaged":false,"focused":true,"phase":"racing","render":[-35.5,0.0,-68.0],"seconds":18.6230573333333,"seq":560,"stage":10,"v":{"altitude":0.0,"driver":0.0,"flight":false,"gunner":null,"health":300.0,"heat":0.0,"id":0.0,"kind":"puma","maxHealth":300.0,"overheated":false,"passengers":[],"pitchBody":0.0,"respawnTimer":0.0,"roll":0.0,"turretYaw":0.0,"vx":0.0,"vy":0.0,"vz":0.0,"x":-35.5,"y":0.0,"yaw":1.571,"z":-68.0}}
SPORT_SAMPLE {"ack":414,"actor":0,"ball":null,"camera":[-44.5,5.0,-67.9981689453125],"engaged":false,"focused":true,"phase":"racing","render":[-35.5,0.0,-68.0],"seconds":18.8260656666666,"seq":566,"stage":10,"v":{"altitude":0.0,"driver":0.0,"flight":false,"gunner":null,"health":300.0,"heat":0.0,"id":0.0,"kind":"puma","maxHealth":300.0,"overheated":false,"passengers":[],"pitchBody":0.0,"respawnTimer":0.0,"roll":0.0,"turretYaw":0.0,"vx":0.0,"vy":0.0,"vz":0.0,"x":-35.5,"y":0.0,"yaw":1.571,"z":-68.0}}
SPORT_SAMPLE {"ack":417,"actor":0,"ball":null,"camera":[-44.5,5.0,-67.9981689453125],"engaged":false,"focused":true,"phase":"racing","render":[-35.5,0.0,-68.0],"seconds":19.0351851851851,"seq":573,"stage":10,"v":{"altitude":0.0,"driver":0.0,"flight":false,"gunner":null,"health":300.0,"heat":0.0,"id":0.0,"kind":"puma","maxHealth":300.0,"overheated":false,"passengers":[],"pitchBody":0.0,"respawnTimer":0.0,"roll":0.0,"turretYaw":0.0,"vx":0.0,"vy":0.0,"vz":0.0,"x":-35.5,"y":0.0,"yaw":1.571,"z":-68.0}}
SPORT_SAMPLE {"ack":421,"actor":0,"ball":null,"camera":[-44.5,5.0,-67.9981689453125],"engaged":false,"focused":true,"phase":"racing","render":[-35.5,0.0,-68.0],"seconds":19.2420386666666,"seq":579,"stage":10,"v":{"altitude":0.0,"driver":0.0,"flight":false,"gunner":null,"health":300.0,"heat":0.0,"id":0.0,"kind":"puma","maxHealth":300.0,"overheated":false,"passengers":[],"pitchBody":0.0,"respawnTimer":0.0,"roll":0.0,"turretYaw":0.0,"vx":0.0,"vy":0.0,"vz":0.0,"x":-35.5,"y":0.0,"yaw":1.571,"z":-68.0}}
SPORT_SAMPLE {"ack":424,"actor":0,"ball":null,"camera":[-44.5,5.0,-67.9981689453125],"engaged":false,"focused":true,"phase":"racing","render":[-35.5,0.0,-68.0],"seconds":19.4466682962962,"seq":585,"stage":10,"v":{"altitude":0.0,"driver":0.0,"flight":false,"gunner":null,"health":300.0,"heat":0.0,"id":0.0,"kind":"puma","maxHealth":300.0,"overheated":false,"passengers":[],"pitchBody":0.0,"respawnTimer":0.0,"roll":0.0,"turretYaw":0.0,"vx":0.0,"vy":0.0,"vz":0.0,"x":-35.5,"y":0.0,"yaw":1.571,"z":-68.0}}
SPORT_SAMPLE {"ack":428,"actor":0,"ball":null,"camera":[-44.5,5.0,-67.9981689453125],"engaged":false,"focused":true,"phase":"racing","render":[-35.5,0.0,-68.0],"seconds":19.6508349629629,"seq":591,"stage":10,"v":{"altitude":0.0,"driver":0.0,"flight":false,"gunner":null,"health":300.0,"heat":0.0,"id":0.0,"kind":"puma","maxHealth":300.0,"overheated":false,"passengers":[],"pitchBody":0.0,"respawnTimer":0.0,"roll":0.0,"turretYaw":0.0,"vx":0.0,"vy":0.0,"vz":0.0,"x":-35.5,"y":0.0,"yaw":1.571,"z":-68.0}}
SPORT_SAMPLE {"ack":431,"actor":0,"ball":null,"camera":[-44.5,5.0,-67.9981689453125],"engaged":false,"focused":true,"phase":"racing","render":[-35.5,0.0,-68.0],"seconds":19.8550016296295,"seq":598,"stage":10,"v":{"altitude":0.0,"driver":0.0,"flight":false,"gunner":null,"health":300.0,"heat":0.0,"id":0.0,"kind":"puma","maxHealth":300.0,"overheated":false,"passengers":[],"pitchBody":0.0,"respawnTimer":0.0,"roll":0.0,"turretYaw":0.0,"vx":0.0,"vy":0.0,"vz":0.0,"x":-35.5,"y":0.0,"yaw":1.571,"z":-68.0}}
SPORT_SAMPLE {"ack":435,"actor":0,"ball":null,"camera":[-44.5,5.0,-67.9981689453125],"engaged":false,"focused":true,"phase":"racing","render":[-35.5,0.0,-68.0],"seconds":20.0591682962962,"seq":604,"stage":10,"v":{"altitude":0.0,"driver":0.0,"flight":false,"gunner":null,"health":300.0,"heat":0.0,"id":0.0,"kind":"puma","maxHealth":300.0,"overheated":false,"passengers":[],"pitchBody":0.0,"respawnTimer":0.0,"roll":0.0,"turretYaw":0.0,"vx":0.0,"vy":0.0,"vz":0.0,"x":-35.5,"y":0.0,"yaw":1.571,"z":-68.0}}
SPORT_OBSERVATION_ENDED no_native_completion_marker=true
SPORT_SAMPLE {"ack":438,"actor":0,"ball":null,"camera":[-44.5,5.0,-67.9981689453125],"engaged":false,"focused":true,"phase":"racing","render":[-35.5,0.0,-68.0],"seconds":20.2624999999999,"seq":610,"stage":10,"v":{"altitude":0.0,"driver":0.0,"flight":false,"gunner":null,"health":300.0,"heat":0.0,"id":0.0,"kind":"puma","maxHealth":300.0,"overheated":false,"passengers":[],"pitchBody":0.0,"respawnTimer":0.0,"roll":0.0,"turretYaw":0.0,"vx":0.0,"vy":0.0,"vz":0.0,"x":-35.5,"y":0.0,"yaw":1.571,"z":-68.0}}
