Godot Engine v4.5.2.stable.official.6ce3de25a - https://godotengine.org
WARNING: Could not set V-Sync mode, as changing V-Sync mode is not supported by the graphics driver.
     at: set_use_vsync (platform/linuxbsd/x11/gl_manager_x11.cpp:364)
OpenGL API 4.5 (Core Profile) Mesa 25.2.8-0ubuntu0.25.10.2 - Compatibility - Using Device: Mesa - llvmpipe (LLVM 20.1.8, 256 bits)

MENU_READY {"categories":5,"debug":false,"routes":22,"version":1}
PRODUCT_JOURNEY_CAPTURE {"name":"home-1280x800","path":"/home/mojo/.tmp-on-disk/cocs-player-flow-verify-20260929/.port-runtime/product-journeys/attempt-xHoGEL/home-1280x800.png","scale":100,"source_route":"","window":[1280,800]}
PRODUCT_JOURNEY_CAPTURE {"name":"home-760x520","path":"/home/mojo/.tmp-on-disk/cocs-player-flow-verify-20260929/.port-runtime/product-journeys/attempt-xHoGEL/home-760x520.png","scale":100,"source_route":"","window":[760,520]}
PRODUCT_JOURNEY_CAPTURE {"name":"home-760x520-scale150","path":"/home/mojo/.tmp-on-disk/cocs-player-flow-verify-20260929/.port-runtime/product-journeys/attempt-xHoGEL/home-760x520-scale150.png","scale":150,"source_route":"","window":[760,520]}
PRODUCT_JOURNEY_CAPTURE {"name":"career-home-1280x800","path":"/home/mojo/.tmp-on-disk/cocs-player-flow-verify-20260929/.port-runtime/product-journeys/attempt-xHoGEL/career-home-1280x800.png","scale":100,"source_route":"","window":[1280,800]}
PRODUCT_JOURNEY_CAPTURE {"name":"career-home-760x520","path":"/home/mojo/.tmp-on-disk/cocs-player-flow-verify-20260929/.port-runtime/product-journeys/attempt-xHoGEL/career-home-760x520.png","scale":100,"source_route":"","window":[760,520]}
PRODUCT_JOURNEY_CAPTURE {"name":"career-home-760x520-scale150","path":"/home/mojo/.tmp-on-disk/cocs-player-flow-verify-20260929/.port-runtime/product-journeys/attempt-xHoGEL/career-home-760x520-scale150.png","scale":150,"source_route":"","window":[760,520]}
PRODUCT_JOURNEY_CAREER {"bounds":true,"has_profile":false,"route":"home"}
PRODUCT_JOURNEY_HOME {"route":"lobby","visit":1,"volume":40}
MENU_ROUTE {"args":["--experience=lobby","--map=meridian-exchange","--mode=deathmatch"]}
Owned local server ready at ws://127.0.0.1:45281; lobby
Godot Engine v4.5.2.stable.official.6ce3de25a - https://godotengine.org
WARNING: Could not set V-Sync mode, as changing V-Sync mode is not supported by the graphics driver.
     at: set_use_vsync (platform/linuxbsd/x11/gl_manager_x11.cpp:364)
OpenGL API 4.5 (Core Profile) Mesa 25.2.8-0ubuntu0.25.10.2 - Compatibility - Using Device: Mesa - llvmpipe (LLVM 20.1.8, 256 bits)

PRODUCT_JOURNEY_CAPTURE {"name":"flow-room-browser","path":"/home/mojo/.tmp-on-disk/cocs-player-flow-verify-20260929/.port-runtime/product-journeys/attempt-xHoGEL/flow-room-browser.png","scale":100,"source_route":"lobby","window":[1280,800]}
ERROR: PRODUCT_JOURNEY player flow: source echoed the legal 60-second deathmatch preset
   at: push_error (core/variant/variant_utility.cpp:1024)
   GDScript backtrace (most recent call first):
       [0] require_value (res://tests/product_journey/driver.gd:21)
       [1] flow_check (res://tests/product_journey/driver.gd:360)
       [2] player_flow_step (res://tests/product_journey/driver.gd:419)
       [3] flow_wait (res://tests/product_journey/driver.gd:370)
Godot Engine v4.5.2.stable.official.6ce3de25a - https://godotengine.org
WARNING: Could not set V-Sync mode, as changing V-Sync mode is not supported by the graphics driver.
     at: set_use_vsync (platform/linuxbsd/x11/gl_manager_x11.cpp:364)
OpenGL API 4.5 (Core Profile) Mesa 25.2.8-0ubuntu0.25.10.2 - Compatibility - Using Device: Mesa - llvmpipe (LLVM 20.1.8, 256 bits)

MENU_READY {"categories":5,"debug":false,"routes":22,"version":1}
PRODUCT_JOURNEY_CAREER {"bounds":true,"has_profile":false,"route":"home"}
PRODUCT_JOURNEY_COMPLETE {"career_home_checks":2,"career_live_checks":0.0,"cycles":1.0,"expected_volume":40.0,"itinerary":[{"options":{},"route":"lobby"}],"options":{},"player_flow":true,"route":"lobby","visits":1.0}
MENU_QUIT
