Godot Engine v4.5.2.stable.official.6ce3de25a - https://godotengine.org

[   0% ] [90m[1mfirst_scan_filesystem[22m | Started Project initialization (5 steps)[39m[0m
[   0% ] [90m[1mfirst_scan_filesystem[22m | Scanning file structure...[39m[0m
[  16% ] [90m[1mfirst_scan_filesystem[22m | Loading global class names...[39m[0m
[  33% ] [90m[1mfirst_scan_filesystem[22m | Verifying GDExtensions...[39m[0m
[  50% ] [90m[1mfirst_scan_filesystem[22m | Creating autoload scripts...[39m[0m
[  66% ] [90m[1mfirst_scan_filesystem[22m | Initializing plugins...[39m[0m
[  83% ] [90m[1mfirst_scan_filesystem[22m | Starting file scan...[39m[0m
[92m[ DONE ][39m [1mfirst_scan_filesystem[22m
[0m
[   0% ] [90m[1mreimport[22m | Started (Re)Importing Assets (25 steps)[39m[0m
[   0% ] [90m[1mreimport[22m | Preparing files to reimport...[39m[0m
[   3% ] [90m[1mreimport[22m | Preparing files to reimport...[39m[0m
[   7% ] [90m[1mreimport[22m | Preparing files to reimport...[39m[0m
[  11% ] [90m[1mreimport[22m | Preparing files to reimport...[39m[0m
[  15% ] [90m[1mreimport[22m | Preparing files to reimport...[39m[0m
[  19% ] [90m[1mreimport[22m | Preparing files to reimport...[39m[0m
[  23% ] [90m[1mreimport[22m | Preparing files to reimport...[39m[0m
[  26% ] [90m[1mreimport[22m | Preparing files to reimport...[39m[0m
[  30% ] [90m[1mreimport[22m | Preparing files to reimport...[39m[0m
[  34% ] [90m[1mreimport[22m | Preparing files to reimport...[39m[0m
[  38% ] [90m[1mreimport[22m | Preparing files to reimport...[39m[0m
[  42% ] [90m[1mreimport[22m | Preparing files to reimport...[39m[0m
[  46% ] [90m[1mreimport[22m | Preparing files to reimport...[39m[0m
[  50% ] [90m[1mreimport[22m | Preparing files to reimport...[39m[0m
[  53% ] [90m[1mreimport[22m | Preparing files to reimport...[39m[0m
[  57% ] [90m[1mreimport[22m | Preparing files to reimport...[39m[0m
[  61% ] [90m[1mreimport[22m | Preparing files to reimport...[39m[0m
[  65% ] [90m[1mreimport[22m | Preparing files to reimport...[39m[0m
[  69% ] [90m[1mreimport[22m | Preparing files to reimport...[39m[0m
[  73% ] [90m[1mreimport[22m | Preparing files to reimport...[39m[0m
[  76% ] [90m[1mreimport[22m | Preparing files to reimport...[39m[0m
[  80% ] [90m[1mreimport[22m | Preparing files to reimport...[39m[0m
[  84% ] [90m[1mreimport[22m | Preparing files to reimport...[39m[0m
[  88% ] [90m[1mreimport[22m | Preparing files to reimport...[39m[0m
[  92% ] [90m[1mreimport[22m | Preparing files to reimport...[39m[0m
[   0% ] [90m[1mreimport[22m | Executing pre-reimport operations...[39m[0m
[   0% ] [90m[1mpreload_reimporting_scene[22m | Started Preparing scenes for reload (1 steps)[39m[0m
[   0% ] [90m[1mpreload_reimporting_scene[22m | Analyzing scene [empty][39m[0m
[  50% ] [90m[1mpreload_reimporting_scene[22m | Preparation done.[39m[0m
[92m[ DONE ][39m [1mpreload_reimporting_scene[22m
[0m
[   0% ] [90m[1mreimport[22m | candidate_frosted-glass-normal.png[39m[0m
[   3% ] [90m[1mreimport[22m | candidate_frosted-glass-roughness.png[39m[0m
[   7% ] [90m[1mreimport[22m | candidate_frosted-glass-albedo-srgb.png[39m[0m
[  11% ] [90m[1mreimport[22m | candidate_trim-wear-normal.png[39m[0m
[  15% ] [90m[1mreimport[22m | candidate_trim-wear-roughness.png[39m[0m
[  19% ] [90m[1mreimport[22m | candidate_trim-wear-albedo-srgb.png[39m[0m
[  23% ] [90m[1mreimport[22m | candidate_salt-limestone-normal.png[39m[0m
[  26% ] [90m[1mreimport[22m | candidate_salt-limestone-roughness.png[39m[0m
[  30% ] [90m[1mreimport[22m | candidate_salt-limestone-albedo-srgb.png[39m[0m
[  34% ] [90m[1mreimport[22m | candidate_basalt-strata-normal.png[39m[0m
[  38% ] [90m[1mreimport[22m | candidate_basalt-strata-roughness.png[39m[0m
[  42% ] [90m[1mreimport[22m | candidate_basalt-strata-albedo-srgb.png[39m[0m
[  46% ] [90m[1mreimport[22m | candidate_optical-mirror-opaque-normal.png[39m[0m
[  50% ] [90m[1mreimport[22m | candidate_optical-mirror-opaque-roughness.png[39m[0m
[  53% ] [90m[1mreimport[22m | candidate_optical-mirror-opaque-albedo-srgb.png[39m[0m
[  57% ] [90m[1mreimport[22m | candidate_anodized-brush-normal.png[39m[0m
[  61% ] [90m[1mreimport[22m | candidate_anodized-brush-roughness.png[39m[0m
[  65% ] [90m[1mreimport[22m | candidate_anodized-brush-albedo-srgb.png[39m[0m
[  69% ] [90m[1mreimport[22m | candidate_ceramic-enamel-normal.png[39m[0m
[  73% ] [90m[1mreimport[22m | candidate_ceramic-enamel-roughness.png[39m[0m
[  76% ] [90m[1mreimport[22m | candidate_ceramic-enamel-albedo-srgb.png[39m[0m
[  80% ] [90m[1mreimport[22m | candidate_etched-coating-haze-normal.png[39m[0m
[  84% ] [90m[1mreimport[22m | candidate_etched-coating-haze-roughness.png[39m[0m
[  88% ] [90m[1mreimport[22m | candidate_etched-coating-haze-albedo-srgb.png[39m[0m
[  92% ] [90m[1mreimport[22m | candidate.glb[39m[0m
[   0% ] [90m[1mimport[22m | Started Import Scene (104 steps)[39m[0m
[   0% ] [90m[1mimport[22m | Importing Scene...[39m[0m
[   1% ] [90m[1mimport[22m | Running Custom Script...[39m[0m
[  99% ] [90m[1mimport[22m | Saving...[39m[0m
[92m[ DONE ][39m [1mimport[22m
[0m
[  96% ] [90m[1mreimport[22m | Finalizing Asset Import...[39m[0m
[92m[ DONE ][39m [1mreimport[22m
[0m
[   0% ] [90m[1mreimport[22m | Started (Re)Importing Assets (25 steps)[39m[0m
[   0% ] [90m[1mreimport[22m | Executing post-reimport operations...[39m[0m
[92m[ DONE ][39m [1mreimport[22m
[0m
[   0% ] [90m[1mloading_editor_layout[22m | Started Loading editor (5 steps)[39m[0m
[   0% ] [90m[1mloading_editor_layout[22m | Loading editor layout...[39m[0m
[92m[ DONE ][39m [1mloading_editor_layout[22m
[0m
