Info: No new files have been packed
Info: Saved as "parallax-observatory-tangent.blend"
INFO Draco mesh compression is available, use library at /home/mojo/.tmp-on-disk/cocs-blender-toolchain/blender-4.5.14-linux-x64/4.5/scripts/addons_core/io_scene_gltf2/libextern_draco.so
19:16:36 | INFO: Starting glTF 2.0 export
19:16:36 | INFO: Extracting primitive: archive-cluster.console0.001
19:16:36 | INFO: Primitives created: 1
19:16:36 | INFO: Extracting primitive: archive-cluster.rack0.001
19:16:37 | INFO: Primitives created: 1
19:16:37 | INFO: Extracting primitive: art.accepted-craft.metal.001
19:16:37 | INFO: Primitives created: 1
19:16:37 | INFO: Extracting primitive: art.accepted-craft.mirror.001
19:16:37 | INFO: Primitives created: 1
19:16:37 | INFO: Extracting primitive: art.accepted-craft.ochre.003
19:16:37 | INFO: Primitives created: 1
19:16:37 | INFO: Extracting primitive: art.accepted-craft.ochre.004
19:16:37 | INFO: Primitives created: 1
19:16:37 | INFO: Extracting primitive: art.accepted-craft.ochre.005
19:16:37 | INFO: Primitives created: 1
19:16:37 | INFO: Extracting primitive: art.accepted-craft.paving.002
19:16:37 | INFO: Primitives created: 1
19:16:37 | INFO: Extracting primitive: art.accepted-craft.paving.003
19:16:37 | INFO: Primitives created: 1
19:16:37 | INFO: Extracting primitive: art.accepted-craft.saltstone.001
19:16:37 | INFO: Primitives created: 1
19:16:37 | INFO: Extracting primitive: art.accepted-craft.sea.001
19:16:37 | INFO: Primitives created: 1
19:16:37 | INFO: Extracting primitive: authority.surface.cistern.001
19:16:37 | INFO: Primitives created: 1
19:16:37 | INFO: Extracting primitive: authority.wall.parallax.enamel.001
19:16:37 | INFO: Primitives created: 1
19:16:37 | INFO: Extracting primitive: authority.wall.parallax.etch.001
19:16:37 | INFO: Primitives created: 1
19:16:37 | INFO: Extracting primitive: authority.wall.parallax.instrument-alloy.001
19:16:37 | INFO: Primitives created: 1
19:16:37 | INFO: Extracting primitive: authority.wall.parallax.optics.001
19:16:37 | INFO: Primitives created: 1
19:16:37 | INFO: Extracting primitive: authority.wall.parallax.stone.001
19:16:37 | INFO: Primitives created: 1
19:16:37 | INFO: Extracting primitive: authority.wall.parallax.trim.001
19:16:37 | INFO: Primitives created: 1
19:16:37 | INFO: Extracting primitive: calibration-column-east.crown.001
19:16:37 | INFO: Primitives created: 1
19:16:37 | INFO: Extracting primitive: calibration-column-east.plinth.001
19:16:37 | INFO: Primitives created: 1
19:16:37 | INFO: Extracting primitive: instrument-dish-0.dish-inner.001
19:16:37 | INFO: Primitives created: 1
19:16:37 | INFO: Extracting primitive: instrument-dish-0.dish-mid.001
19:16:37 | INFO: Primitives created: 1
19:16:37 | INFO: Extracting primitive: instrument-tower-0.crown.001
19:16:37 | INFO: Primitives created: 1
19:16:37 | INFO: Extracting primitive: instrument-tower-0.plinth.001
19:16:37 | INFO: Primitives created: 1
19:16:37 | INFO: Extracting primitive: lightwell-oculus.glazing.001
19:16:37 | INFO: Primitives created: 1
19:16:37 | INFO: Extracting primitive: lightwell-oculus.inner-ring.001
19:16:37 | INFO: Primitives created: 1
19:16:37 | INFO: Extracting primitive: optics-cluster.rack0.001
19:16:37 | INFO: Primitives created: 1
19:16:37 | INFO: Extracting primitive: pump-cluster.rack0.001
19:16:37 | INFO: Primitives created: 1
19:16:37 | INFO: Extracting primitive: wing-crest-0.cap.001
19:16:37 | INFO: Primitives created: 1
19:16:37 | INFO: Extracting primitive: wing-crest-0.tier0.001
19:16:37 | INFO: Primitives created: 1
19:16:37 | INFO: Extracting primitive: wing-crest-1.tier0.001
19:16:37 | INFO: Primitives created: 1
19:16:37 | INFO: Extracting primitive: wayfinding-0
19:16:37 | INFO: Primitives created: 1
19:16:37 | INFO: Extracting primitive: wayfinding-1
19:16:37 | INFO: Primitives created: 1
19:16:37 | INFO: Extracting primitive: wayfinding-2
19:16:37 | INFO: Primitives created: 1
19:16:37 | INFO: Extracting primitive: wayfinding-3
19:16:37 | INFO: Primitives created: 1
19:16:37 | INFO: Extracting primitive: wayfinding-4
19:16:37 | INFO: Primitives created: 1
19:16:37 | INFO: Extracting primitive: wayfinding-5
19:16:37 | INFO: Primitives created: 1
19:16:37 | INFO: Extracting primitive: wayfinding-6
19:16:37 | INFO: Primitives created: 1
19:16:37 | INFO: Extracting primitive: wayfinding-7
19:16:37 | INFO: Primitives created: 1
19:16:37 | INFO: Finished glTF 2.0 export in 0.5468020439147949 s

Blender 4.5.14 LTS (hash 62c1db4208e8 built 2026-09-15 01:31:19)
Read blend: "/home/mojo/.tmp-on-disk/cocs-parallax-tangent-native-AA-20261003/tools/godot-multiplayer/new-maps/botanical-correction/runs/x-03/parallax-observatory/masters/parallax-observatory.blend"

Blender quit
