host-setup PASS
lobby-menu PASS
lobby-external PASS
lobby-external-interrupt PASS
combat PASS
lattice-world PASS
domination PASS
koth PASS
combined-arms PASS
arms-race PASS
race PASS
soccer PASS
interrupt PASS
native-crash PASS
horde PASS
horde-native-crash PASS
horde-product-meridian-exchange-960 PASS
horde-product-meridian-exchange-1280 PASS
horde-product-verdant-reliquary-960 PASS
horde-product-verdant-reliquary-1280 PASS
horde-product-ember-crucible-960 PASS
horde-product-ember-crucible-1280 PASS
PACKAGE_VERIFY_OK /tmp/opencode/horde-route-package/verification-1
