Godot Engine v4.5.2.stable.official.6ce3de25a - https://godotengine.org

GUEST_SAMPLE {"ack":0,"actor":-1,"error":"","phase":11,"phase_seconds":0.391905666666666,"pose":false,"seconds":0.506394999999999,"snapshots":0,"starts":0}
GUEST_SAMPLE {"ack":0,"actor":-1,"error":"","phase":11,"phase_seconds":0.895582666666666,"pose":false,"seconds":1.010096,"snapshots":0,"starts":0}
CORRELATION_OBSERVE {"actor":1,"event":"start","mapId":"meridian-exchange","roundRevision":1.0}
CORRELATION_OBSERVE {"ack":0,"actor":1,"dead":0.0,"event":"snapshot","health":100.0,"seq":1.0}
CORRELATION_OBSERVE {"ack":2,"actor":1,"dead":0.0,"event":"snapshot","health":100.0,"seq":2.0}
CORRELATION_OBSERVE {"ack":4,"actor":1,"dead":0.0,"event":"snapshot","health":100.0,"seq":3.0}
CORRELATION_OBSERVE {"ack":6,"actor":1,"dead":0.0,"event":"snapshot","health":100.0,"seq":4.0}
CORRELATION_OBSERVE {"ack":8,"actor":1,"dead":0.0,"event":"snapshot","health":100.0,"seq":5.0}
CORRELATION_OBSERVE {"ack":9,"actor":1,"dead":0.0,"event":"snapshot","health":100.0,"seq":6.0}
CORRELATION_OBSERVE {"ack":12,"actor":1,"dead":0.0,"event":"snapshot","health":100.0,"seq":7.0}
CORRELATION_OBSERVE {"ack":14,"actor":1,"dead":0.0,"event":"snapshot","health":100.0,"seq":8.0}
CORRELATION_OBSERVE {"ack":15,"actor":1,"dead":0.0,"event":"snapshot","health":100.0,"seq":9.0}
CORRELATION_OBSERVE {"ack":17,"actor":1,"dead":0.0,"event":"snapshot","health":100.0,"seq":10.0}
CORRELATION_OBSERVE {"ack":19,"actor":1,"dead":0.0,"event":"snapshot","health":100.0,"seq":11.0}
GUEST_SAMPLE {"ack":19,"actor":1,"error":"","phase":3,"phase_seconds":0.0,"pose":true,"seconds":1.513796,"snapshots":11,"starts":1}
CORRELATION_OBSERVE {"ack":21,"actor":1,"dead":0.0,"event":"snapshot","health":100.0,"seq":12.0}
CORRELATION_OBSERVE {"ack":23,"actor":1,"dead":0.0,"event":"snapshot","health":100.0,"seq":13.0}
CORRELATION_OBSERVE {"ack":25,"actor":1,"dead":0.0,"event":"snapshot","health":100.0,"seq":14.0}
CORRELATION_OBSERVE {"ack":27,"actor":1,"dead":0.0,"event":"snapshot","health":100.0,"seq":15.0}
CORRELATION_OBSERVE {"ack":29,"actor":1,"dead":0.0,"event":"snapshot","health":100.0,"seq":16.0}
CORRELATION_OBSERVE {"ack":31,"actor":1,"dead":0.0,"event":"snapshot","health":100.0,"seq":17.0}
CORRELATION_OBSERVE {"ack":33,"actor":1,"dead":0.0,"event":"snapshot","health":100.0,"seq":18.0}
CORRELATION_OBSERVE {"ack":35,"actor":1,"dead":0.0,"event":"snapshot","health":100.0,"seq":19.0}
CORRELATION_OBSERVE {"ack":36,"actor":1,"dead":0.0,"event":"snapshot","health":100.0,"seq":20.0}
CORRELATION_OBSERVE {"ack":38,"actor":1,"dead":0.0,"event":"snapshot","health":100.0,"seq":21.0}
CORRELATION_OBSERVE {"ack":40,"actor":1,"dead":0.0,"event":"snapshot","health":100.0,"seq":22.0}
CORRELATION_OBSERVE {"ack":43,"actor":1,"dead":0.0,"event":"snapshot","health":100.0,"seq":23.0}
CORRELATION_OBSERVE {"ack":44,"actor":1,"dead":0.0,"event":"snapshot","health":100.0,"seq":24.0}
CORRELATION_OBSERVE {"ack":46,"actor":1,"dead":0.0,"event":"snapshot","health":100.0,"seq":25.0}
CORRELATION_OBSERVE {"ack":48,"actor":1,"dead":0.0,"event":"snapshot","health":100.0,"seq":26.0}
CORRELATION_OBSERVE {"ack":50,"actor":1,"dead":0.0,"event":"snapshot","health":100.0,"seq":27.0}
GUEST_SAMPLE {"ack":50,"actor":1,"error":"","phase":3,"phase_seconds":0.0,"pose":true,"seconds":2.01749,"snapshots":27,"starts":1}
CORRELATION_OBSERVE {"ack":52,"actor":1,"dead":0.0,"event":"snapshot","health":100.0,"seq":28.0}
CORRELATION_OBSERVE {"ack":54,"actor":1,"dead":0.0,"event":"snapshot","health":100.0,"seq":29.0}
CORRELATION_OBSERVE {"ack":56,"actor":1,"dead":0.0,"event":"snapshot","health":100.0,"seq":30.0}
CORRELATION_OBSERVE {"ack":58,"actor":1,"dead":0.0,"event":"snapshot","health":100.0,"seq":31.0}
CORRELATION_OBSERVE {"ack":60,"actor":1,"dead":0.0,"event":"snapshot","health":100.0,"seq":32.0}
CORRELATION_OBSERVE {"ack":62,"actor":1,"dead":0.0,"event":"snapshot","health":100.0,"seq":33.0}
CORRELATION_OBSERVE {"ack":64,"actor":1,"dead":0.0,"event":"snapshot","health":100.0,"seq":34.0}
CORRELATION_OBSERVE {"ack":66,"actor":1,"dead":0.0,"event":"snapshot","health":100.0,"seq":35.0}
CORRELATION_OBSERVE {"ack":68,"actor":1,"dead":0.0,"event":"snapshot","health":100.0,"seq":36.0}
CORRELATION_OBSERVE {"ack":69,"actor":1,"dead":0.0,"event":"snapshot","health":100.0,"seq":37.0}
CORRELATION_OBSERVE {"ack":72,"actor":1,"dead":0.0,"event":"snapshot","health":100.0,"seq":38.0}
CORRELATION_OBSERVE {"ack":74,"actor":1,"dead":0.0,"event":"snapshot","health":100.0,"seq":39.0}
CORRELATION_OBSERVE {"ack":76,"actor":1,"dead":0.0,"event":"snapshot","health":100.0,"seq":40.0}
CORRELATION_OBSERVE {"ack":77,"actor":1,"dead":0.0,"event":"snapshot","health":100.0,"seq":41.0}
CORRELATION_OBSERVE {"ack":79,"actor":1,"dead":0.0,"event":"snapshot","health":100.0,"seq":42.0}
GUEST_SAMPLE {"ack":79,"actor":1,"error":"","phase":3,"phase_seconds":0.0,"pose":true,"seconds":2.52127988888889,"snapshots":42,"starts":1}
CORRELATION_OBSERVE {"ack":81,"actor":1,"dead":0.0,"event":"snapshot","health":100.0,"seq":43.0}
CORRELATION_OBSERVE {"ack":83,"actor":1,"dead":0.0,"event":"snapshot","health":100.0,"seq":44.0}
CORRELATION_OBSERVE {"ack":85,"actor":1,"dead":0.0,"event":"snapshot","health":100.0,"seq":45.0}
CORRELATION_OBSERVE {"ack":87,"actor":1,"dead":0.0,"event":"snapshot","health":100.0,"seq":46.0}
CORRELATION_OBSERVE {"ack":89,"actor":1,"dead":0.0,"event":"snapshot","health":100.0,"seq":47.0}
CORRELATION_OBSERVE {"ack":91,"actor":1,"dead":0.0,"event":"snapshot","health":100.0,"seq":48.0}
CORRELATION_OBSERVE {"ack":93,"actor":1,"dead":0.0,"event":"snapshot","health":100.0,"seq":49.0}
CORRELATION_OBSERVE {"ack":95,"actor":1,"dead":0.0,"event":"snapshot","health":100.0,"seq":50.0}
CORRELATION_OBSERVE {"ack":97,"actor":1,"dead":0.0,"event":"snapshot","health":100.0,"seq":51.0}
CORRELATION_OBSERVE {"ack":99,"actor":1,"dead":0.0,"event":"snapshot","health":100.0,"seq":52.0}
CORRELATION_OBSERVE {"ack":101,"actor":1,"dead":0.0,"event":"snapshot","health":100.0,"seq":53.0}
CORRELATION_OBSERVE {"ack":103,"actor":1,"dead":0.0,"event":"snapshot","health":100.0,"seq":54.0}
CORRELATION_OBSERVE {"ack":105,"actor":1,"dead":0.0,"event":"snapshot","health":100.0,"seq":55.0}
CORRELATION_OBSERVE {"ack":107,"actor":1,"dead":0.0,"event":"snapshot","health":100.0,"seq":56.0}
CORRELATION_OBSERVE {"ack":109,"actor":1,"dead":0.0,"event":"snapshot","health":100.0,"seq":57.0}
CORRELATION_OBSERVE {"ack":110,"actor":1,"dead":0.0,"event":"snapshot","health":100.0,"seq":58.0}
GUEST_SAMPLE {"ack":110,"actor":1,"error":"","phase":3,"phase_seconds":0.0,"pose":true,"seconds":3.024888,"snapshots":58,"starts":1}
CORRELATION_OBSERVE {"ack":113,"actor":1,"dead":0.0,"event":"snapshot","health":100.0,"seq":59.0}
CORRELATION_OBSERVE {"ack":115,"actor":1,"dead":0.0,"event":"snapshot","health":100.0,"seq":60.0}
CORRELATION_OBSERVE {"ack":116,"actor":1,"dead":0.0,"event":"snapshot","health":100.0,"seq":61.0}
CORRELATION_OBSERVE {"ack":118,"actor":1,"dead":0.0,"event":"snapshot","health":100.0,"seq":62.0}
CORRELATION_OBSERVE {"ack":120,"actor":1,"dead":0.0,"event":"snapshot","health":100.0,"seq":63.0}
CORRELATION_OBSERVE {"ack":122,"actor":1,"dead":0.0,"event":"snapshot","health":100.0,"seq":64.0}
CORRELATION_OBSERVE {"ack":124,"actor":1,"dead":0.0,"event":"snapshot","health":100.0,"seq":65.0}
CORRELATION_OBSERVE {"ack":126,"actor":1,"dead":0.0,"event":"snapshot","health":100.0,"seq":66.0}
CORRELATION_OBSERVE {"ack":128,"actor":1,"dead":0.0,"event":"snapshot","health":100.0,"seq":67.0}
CORRELATION_OBSERVE {"ack":130,"actor":1,"dead":0.0,"event":"snapshot","health":100.0,"seq":68.0}
CORRELATION_OBSERVE {"ack":132,"actor":1,"dead":0.0,"event":"snapshot","health":100.0,"seq":69.0}
CORRELATION_OBSERVE {"ack":134,"actor":1,"dead":0.0,"event":"snapshot","health":100.0,"seq":70.0}
CORRELATION_OBSERVE {"ack":136,"actor":1,"dead":0.0,"event":"snapshot","health":100.0,"seq":71.0}
CORRELATION_OBSERVE {"ack":138,"actor":1,"dead":0.0,"event":"snapshot","health":100.0,"seq":72.0}
CORRELATION_OBSERVE {"ack":140,"actor":1,"dead":0.0,"event":"snapshot","health":100.0,"seq":73.0}
GUEST_SAMPLE {"ack":140,"actor":1,"error":"","phase":3,"phase_seconds":0.0,"pose":true,"seconds":3.528578,"snapshots":73,"starts":1}
CORRELATION_OBSERVE {"ack":142,"actor":1,"dead":0.0,"event":"snapshot","health":100.0,"seq":74.0}
CORRELATION_OBSERVE {"ack":144,"actor":1,"dead":0.0,"event":"snapshot","health":100.0,"seq":75.0}
CORRELATION_OBSERVE {"ack":146,"actor":1,"dead":0.0,"event":"snapshot","health":100.0,"seq":76.0}
CORRELATION_OBSERVE {"ack":148,"actor":1,"dead":0.0,"event":"snapshot","health":100.0,"seq":77.0}
CORRELATION_OBSERVE {"ack":149,"actor":1,"dead":0.0,"event":"snapshot","health":100.0,"seq":78.0}
CORRELATION_OBSERVE {"ack":151,"actor":1,"dead":0.0,"event":"snapshot","health":100.0,"seq":79.0}
CORRELATION_OBSERVE {"ack":154,"actor":1,"dead":0.0,"event":"snapshot","health":100.0,"seq":80.0}
CORRELATION_OBSERVE {"ack":156,"actor":1,"dead":0.0,"event":"snapshot","health":100.0,"seq":81.0}
CORRELATION_OBSERVE {"ack":157,"actor":1,"dead":0.0,"event":"snapshot","health":100.0,"seq":82.0}
CORRELATION_OBSERVE {"ack":159,"actor":1,"dead":0.0,"event":"snapshot","health":100.0,"seq":83.0}
CORRELATION_OBSERVE {"ack":161,"actor":1,"dead":0.0,"event":"snapshot","health":100.0,"seq":84.0}
CORRELATION_OBSERVE {"ack":163,"actor":1,"dead":0.0,"event":"snapshot","health":100.0,"seq":85.0}
CORRELATION_OBSERVE {"ack":165,"actor":1,"dead":0.0,"event":"snapshot","health":100.0,"seq":86.0}
CORRELATION_OBSERVE {"ack":167,"actor":1,"dead":0.0,"event":"snapshot","health":100.0,"seq":87.0}
CORRELATION_OBSERVE {"ack":169,"actor":1,"dead":0.0,"event":"snapshot","health":100.0,"seq":88.0}
CORRELATION_OBSERVE {"ack":171,"actor":1,"dead":0.0,"event":"snapshot","health":100.0,"seq":89.0}
GUEST_SAMPLE {"ack":171,"actor":1,"error":"","phase":3,"phase_seconds":0.0,"pose":true,"seconds":4.0323608888889,"snapshots":89,"starts":1}
CORRELATION_OBSERVE {"ack":173,"actor":1,"dead":0.0,"event":"snapshot","health":100.0,"seq":90.0}
CORRELATION_OBSERVE {"ack":175,"actor":1,"dead":0.0,"event":"snapshot","health":100.0,"seq":91.0}
CORRELATION_OBSERVE {"ack":177,"actor":1,"dead":0.0,"event":"snapshot","health":100.0,"seq":92.0}
CORRELATION_OBSERVE {"ack":179,"actor":1,"dead":0.0,"event":"snapshot","health":100.0,"seq":93.0}
CORRELATION_OBSERVE {"ack":180,"actor":1,"dead":0.0,"event":"snapshot","health":100.0,"seq":94.0}
CORRELATION_OBSERVE {"ack":182,"actor":1,"dead":0.0,"event":"snapshot","health":100.0,"seq":95.0}
CORRELATION_OBSERVE {"ack":185,"actor":1,"dead":0.0,"event":"snapshot","health":100.0,"seq":96.0}
CORRELATION_OBSERVE {"ack":187,"actor":1,"dead":0.0,"event":"snapshot","health":100.0,"seq":97.0}
CORRELATION_OBSERVE {"ack":188,"actor":1,"dead":0.0,"event":"snapshot","health":100.0,"seq":98.0}
CORRELATION_OBSERVE {"ack":190,"actor":1,"dead":0.0,"event":"snapshot","health":100.0,"seq":99.0}
CORRELATION_OBSERVE {"ack":192,"actor":1,"dead":0.0,"event":"snapshot","health":100.0,"seq":100.0}
CORRELATION_OBSERVE {"ack":194,"actor":1,"dead":0.0,"event":"snapshot","health":100.0,"seq":101.0}
CORRELATION_OBSERVE {"ack":197,"actor":1,"dead":0.0,"event":"snapshot","health":100.0,"seq":102.0}
CORRELATION_OBSERVE {"ack":198,"actor":1,"dead":0.0,"event":"snapshot","health":100.0,"seq":103.0}
CORRELATION_OBSERVE {"ack":200,"actor":1,"dead":0.0,"event":"snapshot","health":100.0,"seq":104.0}
GUEST_SAMPLE {"ack":200,"actor":1,"error":"","phase":3,"phase_seconds":0.0,"pose":true,"seconds":4.53599500000001,"snapshots":104,"starts":1}
CORRELATION_OBSERVE {"ack":202,"actor":1,"dead":0.0,"event":"snapshot","health":100.0,"seq":105.0}
CORRELATION_OBSERVE {"ack":204,"actor":1,"dead":0.0,"event":"snapshot","health":100.0,"seq":106.0}
CORRELATION_OBSERVE {"ack":206,"actor":1,"dead":0.0,"event":"snapshot","health":100.0,"seq":107.0}
CORRELATION_OBSERVE {"ack":208,"actor":1,"dead":0.0,"event":"snapshot","health":100.0,"seq":108.0}
CORRELATION_OBSERVE {"ack":210,"actor":1,"dead":0.0,"event":"snapshot","health":100.0,"seq":109.0}
CORRELATION_OBSERVE {"ack":212,"actor":1,"dead":0.0,"event":"snapshot","health":100.0,"seq":110.0}
CORRELATION_OBSERVE {"ack":214,"actor":1,"dead":0.0,"event":"snapshot","health":100.0,"seq":111.0}
CORRELATION_OBSERVE {"ack":216,"actor":1,"dead":0.0,"event":"snapshot","health":100.0,"seq":112.0}
CORRELATION_OBSERVE {"ack":218,"actor":1,"dead":0.0,"event":"snapshot","health":100.0,"seq":113.0}
CORRELATION_OBSERVE {"ack":220,"actor":1,"dead":0.0,"event":"snapshot","health":100.0,"seq":114.0}
CORRELATION_OBSERVE {"ack":222,"actor":1,"dead":0.0,"event":"snapshot","health":100.0,"seq":115.0}
CORRELATION_OBSERVE {"ack":224,"actor":1,"dead":0.0,"event":"snapshot","health":100.0,"seq":116.0}
CORRELATION_OBSERVE {"ack":226,"actor":1,"dead":0.0,"event":"snapshot","health":100.0,"seq":117.0}
CORRELATION_OBSERVE {"ack":228,"actor":1,"dead":0.0,"event":"snapshot","health":100.0,"seq":118.0}
CORRELATION_OBSERVE {"ack":230,"actor":1,"dead":0.0,"event":"snapshot","health":100.0,"seq":119.0}
CORRELATION_OBSERVE {"ack":231,"actor":1,"dead":0.0,"event":"snapshot","health":100.0,"seq":120.0}
GUEST_SAMPLE {"ack":231,"actor":1,"error":"","phase":3,"phase_seconds":0.0,"pose":true,"seconds":5.03970100000001,"snapshots":120,"starts":1}
CORRELATION_OBSERVE {"ack":233,"actor":1,"dead":0.0,"event":"snapshot","health":100.0,"seq":121.0}
CORRELATION_OBSERVE {"ack":235,"actor":1,"dead":0.0,"event":"snapshot","health":100.0,"seq":122.0}
CORRELATION_OBSERVE {"ack":237,"actor":1,"dead":0.0,"event":"snapshot","health":100.0,"seq":123.0}
CORRELATION_OBSERVE {"ack":239,"actor":1,"dead":0.0,"event":"snapshot","health":100.0,"seq":124.0}
CORRELATION_OBSERVE {"ack":241,"actor":1,"dead":0.0,"event":"snapshot","health":100.0,"seq":125.0}
CORRELATION_OBSERVE {"ack":243,"actor":1,"dead":0.0,"event":"snapshot","health":100.0,"seq":126.0}
CORRELATION_OBSERVE {"ack":245,"actor":1,"dead":0.0,"event":"snapshot","health":100.0,"seq":127.0}
CORRELATION_OBSERVE {"ack":247,"actor":1,"dead":0.0,"event":"snapshot","health":100.0,"seq":128.0}
CORRELATION_OBSERVE {"ack":249,"actor":1,"dead":0.0,"event":"snapshot","health":100.0,"seq":129.0}
CORRELATION_OBSERVE {"ack":251,"actor":1,"dead":0.0,"event":"snapshot","health":100.0,"seq":130.0}
CORRELATION_OBSERVE {"ack":253,"actor":1,"dead":0.0,"event":"snapshot","health":100.0,"seq":131.0}
CORRELATION_OBSERVE {"ack":255,"actor":1,"dead":0.0,"event":"snapshot","health":100.0,"seq":132.0}
CORRELATION_OBSERVE {"ack":257,"actor":1,"dead":0.0,"event":"snapshot","health":100.0,"seq":133.0}
CORRELATION_OBSERVE {"ack":259,"actor":1,"dead":0.0,"event":"snapshot","health":100.0,"seq":134.0}
CORRELATION_OBSERVE {"ack":261,"actor":1,"dead":0.0,"event":"snapshot","health":100.0,"seq":135.0}
GUEST_SAMPLE {"ack":261,"actor":1,"error":"","phase":3,"phase_seconds":0.0,"pose":true,"seconds":5.54337600000001,"snapshots":135,"starts":1}
CORRELATION_OBSERVE {"ack":263,"actor":1,"dead":0.0,"event":"snapshot","health":100.0,"seq":136.0}
CORRELATION_OBSERVE {"ack":264,"actor":1,"dead":0.0,"event":"snapshot","health":100.0,"seq":137.0}
CORRELATION_OBSERVE {"ack":267,"actor":1,"dead":0.0,"event":"snapshot","health":100.0,"seq":138.0}
CORRELATION_OBSERVE {"ack":269,"actor":1,"dead":0.0,"event":"snapshot","health":100.0,"seq":139.0}
CORRELATION_OBSERVE {"ack":271,"actor":1,"dead":0.0,"event":"snapshot","health":100.0,"seq":140.0}
CORRELATION_OBSERVE {"ack":273,"actor":1,"dead":0.0,"event":"snapshot","health":100.0,"seq":141.0}
CORRELATION_OBSERVE {"ack":274,"actor":1,"dead":0.0,"event":"snapshot","health":100.0,"seq":142.0}
CORRELATION_OBSERVE {"ack":276,"actor":1,"dead":0.0,"event":"snapshot","health":100.0,"seq":143.0}
CORRELATION_OBSERVE {"ack":279,"actor":1,"dead":0.0,"event":"snapshot","health":100.0,"seq":144.0}
CORRELATION_OBSERVE {"ack":280,"actor":1,"dead":0.0,"event":"snapshot","health":100.0,"seq":145.0}
CORRELATION_OBSERVE {"ack":282,"actor":1,"dead":0.0,"event":"snapshot","health":100.0,"seq":146.0}
CORRELATION_OBSERVE {"ack":284,"actor":1,"dead":0.0,"event":"snapshot","health":100.0,"seq":147.0}
CORRELATION_OBSERVE {"ack":286,"actor":1,"dead":0.0,"event":"snapshot","health":100.0,"seq":148.0}
CORRELATION_OBSERVE {"ack":288,"actor":1,"dead":0.0,"event":"snapshot","health":100.0,"seq":149.0}
CORRELATION_OBSERVE {"ack":291,"actor":1,"dead":0.0,"event":"snapshot","health":100.0,"seq":150.0}
CORRELATION_OBSERVE {"ack":292,"actor":1,"dead":0.0,"event":"snapshot","health":100.0,"seq":151.0}
GUEST_SAMPLE {"ack":292,"actor":1,"error":"","phase":3,"phase_seconds":0.0,"pose":true,"seconds":6.04708600000001,"snapshots":151,"starts":1}
CORRELATION_OBSERVE {"ack":294,"actor":1,"dead":0.0,"event":"snapshot","health":100.0,"seq":152.0}
CORRELATION_OBSERVE {"ack":296,"actor":1,"dead":0.0,"event":"snapshot","health":100.0,"seq":153.0}
CORRELATION_OBSERVE {"ack":298,"actor":1,"dead":0.0,"event":"snapshot","health":100.0,"seq":154.0}
CORRELATION_OBSERVE {"ack":300,"actor":1,"dead":0.0,"event":"snapshot","health":100.0,"seq":155.0}
CORRELATION_OBSERVE {"ack":303,"actor":1,"dead":0.0,"event":"snapshot","health":100.0,"seq":156.0}
CORRELATION_OBSERVE {"ack":304,"actor":1,"dead":0.0,"event":"snapshot","health":100.0,"seq":157.0}
CORRELATION_OBSERVE {"ack":306,"actor":1,"dead":0.0,"event":"snapshot","health":100.0,"seq":158.0}
CORRELATION_OBSERVE {"ack":308,"actor":1,"dead":0.0,"event":"snapshot","health":100.0,"seq":159.0}
CORRELATION_OBSERVE {"ack":310,"actor":1,"dead":0.0,"event":"snapshot","health":100.0,"seq":160.0}
CORRELATION_OBSERVE {"ack":312,"actor":1,"dead":0.0,"event":"snapshot","health":100.0,"seq":161.0}
CORRELATION_OBSERVE {"ack":314,"actor":1,"dead":0.0,"event":"snapshot","health":100.0,"seq":162.0}
CORRELATION_OBSERVE {"ack":316,"actor":1,"dead":0.0,"event":"snapshot","health":100.0,"seq":163.0}
CORRELATION_OBSERVE {"ack":318,"actor":1,"dead":0.0,"event":"snapshot","health":100.0,"seq":164.0}
CORRELATION_OBSERVE {"ack":320,"actor":1,"dead":0.0,"event":"snapshot","health":100.0,"seq":165.0}
CORRELATION_OBSERVE {"ack":322,"actor":1,"dead":0.0,"event":"snapshot","health":100.0,"seq":166.0}
GUEST_SAMPLE {"ack":322,"actor":1,"error":"","phase":3,"phase_seconds":0.0,"pose":true,"seconds":6.55079000000002,"snapshots":166,"starts":1}
CORRELATION_OBSERVE {"ack":324,"actor":1,"dead":0.0,"event":"snapshot","health":100.0,"seq":167.0}
CORRELATION_OBSERVE {"ack":326,"actor":1,"dead":0.0,"event":"snapshot","health":100.0,"seq":168.0}
CORRELATION_OBSERVE {"ack":327,"actor":1,"dead":0.0,"event":"snapshot","health":100.0,"seq":169.0}
CORRELATION_OBSERVE {"ack":329,"actor":1,"dead":0.0,"event":"snapshot","health":100.0,"seq":170.0}
CORRELATION_OBSERVE {"ack":332,"actor":1,"dead":0.0,"event":"snapshot","health":100.0,"seq":171.0}
CORRELATION_OBSERVE {"ack":334,"actor":1,"dead":0.0,"event":"snapshot","health":100.0,"seq":172.0}
CORRELATION_OBSERVE {"ack":335,"actor":1,"dead":0.0,"event":"snapshot","health":100.0,"seq":173.0}
CORRELATION_OBSERVE {"ack":337,"actor":1,"dead":0.0,"event":"snapshot","health":100.0,"seq":174.0}
CORRELATION_OBSERVE {"ack":339,"actor":1,"dead":0.0,"event":"snapshot","health":100.0,"seq":175.0}
CORRELATION_OBSERVE {"ack":341,"actor":1,"dead":0.0,"event":"snapshot","health":100.0,"seq":176.0}
CORRELATION_OBSERVE {"ack":343,"actor":1,"dead":0.0,"event":"snapshot","health":100.0,"seq":177.0}
CORRELATION_OBSERVE {"ack":345,"actor":1,"dead":0.0,"event":"snapshot","health":100.0,"seq":178.0}
CORRELATION_OBSERVE {"ack":347,"actor":1,"dead":0.0,"event":"snapshot","health":100.0,"seq":179.0}
CORRELATION_OBSERVE {"ack":349,"actor":1,"dead":0.0,"event":"snapshot","health":100.0,"seq":180.0}
CORRELATION_OBSERVE {"ack":351,"actor":1,"dead":0.0,"event":"snapshot","health":100.0,"seq":181.0}
CORRELATION_OBSERVE {"ack":353,"actor":1,"dead":0.0,"event":"snapshot","health":100.0,"seq":182.0}
GUEST_SAMPLE {"ack":353,"actor":1,"error":"","phase":3,"phase_seconds":0.0,"pose":true,"seconds":7.05427500000003,"snapshots":182,"starts":1}
CORRELATION_OBSERVE {"ack":355,"actor":1,"dead":0.0,"event":"snapshot","health":100.0,"seq":183.0}
CORRELATION_OBSERVE {"ack":357,"actor":1,"dead":0.0,"event":"snapshot","health":100.0,"seq":184.0}
CORRELATION_OBSERVE {"ack":358,"actor":1,"dead":0.0,"event":"snapshot","health":100.0,"seq":185.0}
CORRELATION_OBSERVE {"ack":360,"actor":1,"dead":0.0,"event":"snapshot","health":100.0,"seq":186.0}
CORRELATION_OBSERVE {"ack":363,"actor":1,"dead":0.0,"event":"snapshot","health":100.0,"seq":187.0}
CORRELATION_OBSERVE {"ack":365,"actor":1,"dead":0.0,"event":"snapshot","health":100.0,"seq":188.0}
CORRELATION_OBSERVE {"ack":366,"actor":1,"dead":0.0,"event":"snapshot","health":100.0,"seq":189.0}
CORRELATION_OBSERVE {"ack":368,"actor":1,"dead":0.0,"event":"snapshot","health":100.0,"seq":190.0}
CORRELATION_OBSERVE {"ack":370,"actor":1,"dead":0.0,"event":"snapshot","health":100.0,"seq":191.0}
CORRELATION_OBSERVE {"ack":372,"actor":1,"dead":0.0,"event":"snapshot","health":100.0,"seq":192.0}
CORRELATION_OBSERVE {"ack":374,"actor":1,"dead":0.0,"event":"snapshot","health":100.0,"seq":193.0}
CORRELATION_OBSERVE {"ack":376,"actor":1,"dead":0.0,"event":"snapshot","health":100.0,"seq":194.0}
CORRELATION_OBSERVE {"ack":378,"actor":1,"dead":0.0,"event":"snapshot","health":100.0,"seq":195.0}
CORRELATION_OBSERVE {"ack":380,"actor":1,"dead":0.0,"event":"snapshot","health":100.0,"seq":196.0}
CORRELATION_OBSERVE {"ack":382,"actor":1,"dead":0.0,"event":"snapshot","health":100.0,"seq":197.0}
GUEST_SAMPLE {"ack":382,"actor":1,"error":"","phase":3,"phase_seconds":0.0,"pose":true,"seconds":7.55768300000005,"snapshots":197,"starts":1}
CORRELATION_OBSERVE {"ack":384,"actor":1,"dead":0.0,"event":"snapshot","health":100.0,"seq":198.0}
CORRELATION_OBSERVE {"ack":386,"actor":1,"dead":0.0,"event":"snapshot","health":100.0,"seq":199.0}
CORRELATION_OBSERVE {"ack":387,"actor":1,"dead":0.0,"event":"snapshot","health":100.0,"seq":200.0}
CORRELATION_OBSERVE {"ack":389,"actor":1,"dead":0.0,"event":"snapshot","health":100.0,"seq":201.0}
CORRELATION_OBSERVE {"ack":392,"actor":1,"dead":0.0,"event":"snapshot","health":100.0,"seq":202.0}
CORRELATION_OBSERVE {"ack":393,"actor":1,"dead":0.0,"event":"snapshot","health":100.0,"seq":203.0}
CORRELATION_OBSERVE {"ack":395,"actor":1,"dead":0.0,"event":"snapshot","health":100.0,"seq":204.0}
CORRELATION_OBSERVE {"ack":397,"actor":1,"dead":0.0,"event":"snapshot","health":100.0,"seq":205.0}
CORRELATION_OBSERVE {"ack":399,"actor":1,"dead":0.0,"event":"snapshot","health":100.0,"seq":206.0}
CORRELATION_OBSERVE {"ack":401,"actor":1,"dead":0.0,"event":"snapshot","health":100.0,"seq":207.0}
CORRELATION_OBSERVE {"ack":403,"actor":1,"dead":0.0,"event":"snapshot","health":100.0,"seq":208.0}
CORRELATION_OBSERVE {"ack":405,"actor":1,"dead":0.0,"event":"snapshot","health":100.0,"seq":209.0}
CORRELATION_OBSERVE {"ack":407,"actor":1,"dead":0.0,"event":"snapshot","health":100.0,"seq":210.0}
CORRELATION_OBSERVE {"ack":409,"actor":1,"dead":0.0,"event":"snapshot","health":100.0,"seq":211.0}
CORRELATION_OBSERVE {"ack":411,"actor":1,"dead":0.0,"event":"snapshot","health":100.0,"seq":212.0}
CORRELATION_OBSERVE {"ack":413,"actor":1,"dead":0.0,"event":"snapshot","health":100.0,"seq":213.0}
GUEST_SAMPLE {"ack":413,"actor":1,"error":"","phase":3,"phase_seconds":0.0,"pose":true,"seconds":8.06109100000006,"snapshots":213,"starts":1}
CORRELATION_OBSERVE {"ack":415,"actor":1,"dead":0.0,"event":"snapshot","health":100.0,"seq":214.0}
CORRELATION_OBSERVE {"ack":416,"actor":1,"dead":0.0,"event":"snapshot","health":100.0,"seq":215.0}
CORRELATION_OBSERVE {"ack":418,"actor":1,"dead":0.0,"event":"snapshot","health":100.0,"seq":216.0}
CORRELATION_OBSERVE {"ack":420,"actor":1,"dead":0.0,"event":"snapshot","health":100.0,"seq":217.0}
CORRELATION_OBSERVE {"ack":423,"actor":1,"dead":0.0,"event":"snapshot","health":100.0,"seq":218.0}
CORRELATION_OBSERVE {"ack":424,"actor":1,"dead":0.0,"event":"snapshot","health":100.0,"seq":219.0}
CORRELATION_OBSERVE {"ack":426,"actor":1,"dead":0.0,"event":"snapshot","health":100.0,"seq":220.0}
CORRELATION_OBSERVE {"ack":428,"actor":1,"dead":0.0,"event":"snapshot","health":100.0,"seq":221.0}
CORRELATION_OBSERVE {"ack":430,"actor":1,"dead":0.0,"event":"snapshot","health":100.0,"seq":222.0}
CORRELATION_OBSERVE {"ack":432,"actor":1,"dead":0.0,"event":"snapshot","health":100.0,"seq":223.0}
CORRELATION_OBSERVE {"ack":434,"actor":1,"dead":0.0,"event":"snapshot","health":100.0,"seq":224.0}
CORRELATION_OBSERVE {"ack":436,"actor":1,"dead":0.0,"event":"snapshot","health":100.0,"seq":225.0}
CORRELATION_OBSERVE {"ack":438,"actor":1,"dead":0.0,"event":"snapshot","health":100.0,"seq":226.0}
CORRELATION_OBSERVE {"ack":440,"actor":1,"dead":0.0,"event":"snapshot","health":100.0,"seq":227.0}
CORRELATION_OBSERVE {"ack":442,"actor":1,"dead":0.0,"event":"snapshot","health":100.0,"seq":228.0}
CORRELATION_OBSERVE {"ack":444,"actor":1,"dead":0.0,"event":"snapshot","health":100.0,"seq":229.0}
GUEST_SAMPLE {"ack":444,"actor":1,"error":"","phase":3,"phase_seconds":0.0,"pose":true,"seconds":8.56449900000001,"snapshots":229,"starts":1}
CORRELATION_OBSERVE {"ack":445,"actor":1,"dead":0.0,"event":"snapshot","health":100.0,"seq":230.0}
CORRELATION_OBSERVE {"ack":447,"actor":1,"dead":0.0,"event":"snapshot","health":100.0,"seq":231.0}
CORRELATION_OBSERVE {"ack":449,"actor":1,"dead":0.0,"event":"snapshot","health":100.0,"seq":232.0}
CORRELATION_OBSERVE {"ack":451,"actor":1,"dead":0.0,"event":"snapshot","health":100.0,"seq":233.0}
CORRELATION_OBSERVE {"ack":453,"actor":1,"dead":0.0,"event":"snapshot","health":100.0,"seq":234.0}
CORRELATION_OBSERVE {"ack":455,"actor":1,"dead":0.0,"event":"snapshot","health":100.0,"seq":235.0}
CORRELATION_OBSERVE {"ack":457,"actor":1,"dead":0.0,"event":"snapshot","health":100.0,"seq":236.0}
CORRELATION_OBSERVE {"ack":459,"actor":1,"dead":0.0,"event":"snapshot","health":100.0,"seq":237.0}
CORRELATION_OBSERVE {"ack":461,"actor":1,"dead":0.0,"event":"snapshot","health":100.0,"seq":238.0}
CORRELATION_OBSERVE {"ack":463,"actor":1,"dead":0.0,"event":"snapshot","health":100.0,"seq":239.0}
CORRELATION_OBSERVE {"ack":465,"actor":1,"dead":0.0,"event":"snapshot","health":100.0,"seq":240.0}
CORRELATION_OBSERVE {"ack":467,"actor":1,"dead":0.0,"event":"snapshot","health":100.0,"seq":241.0}
CORRELATION_OBSERVE {"ack":469,"actor":1,"dead":0.0,"event":"snapshot","health":100.0,"seq":242.0}
CORRELATION_OBSERVE {"ack":471,"actor":1,"dead":0.0,"event":"snapshot","health":100.0,"seq":243.0}
CORRELATION_OBSERVE {"ack":473,"actor":1,"dead":0.0,"event":"snapshot","health":100.0,"seq":244.0}
GUEST_SAMPLE {"ack":473,"actor":1,"error":"","phase":3,"phase_seconds":0.0,"pose":true,"seconds":9.06790699999996,"snapshots":244,"starts":1}
CORRELATION_OBSERVE {"ack":475,"actor":1,"dead":0.0,"event":"snapshot","health":100.0,"seq":245.0}
CORRELATION_OBSERVE {"ack":477,"actor":1,"dead":0.0,"event":"snapshot","health":100.0,"seq":246.0}
CORRELATION_OBSERVE {"ack":478,"actor":1,"dead":0.0,"event":"snapshot","health":100.0,"seq":247.0}
CORRELATION_OBSERVE {"ack":480,"actor":1,"dead":0.0,"event":"snapshot","health":100.0,"seq":248.0}
CORRELATION_OBSERVE {"ack":483,"actor":1,"dead":0.0,"event":"snapshot","health":100.0,"seq":249.0}
CORRELATION_OBSERVE {"ack":485,"actor":1,"dead":0.0,"event":"snapshot","health":100.0,"seq":250.0}
CORRELATION_OBSERVE {"ack":486,"actor":1,"dead":0.0,"event":"snapshot","health":100.0,"seq":251.0}
CORRELATION_OBSERVE {"ack":488,"actor":1,"dead":0.0,"event":"snapshot","health":100.0,"seq":252.0}
CORRELATION_OBSERVE {"ack":490,"actor":1,"dead":0.0,"event":"snapshot","health":100.0,"seq":253.0}
CORRELATION_OBSERVE {"ack":492,"actor":1,"dead":0.0,"event":"snapshot","health":100.0,"seq":254.0}
CORRELATION_OBSERVE {"ack":494,"actor":1,"dead":0.0,"event":"snapshot","health":100.0,"seq":255.0}
CORRELATION_OBSERVE {"ack":496,"actor":1,"dead":0.0,"event":"snapshot","health":100.0,"seq":256.0}
CORRELATION_OBSERVE {"ack":498,"actor":1,"dead":0.0,"event":"snapshot","health":100.0,"seq":257.0}
CORRELATION_OBSERVE {"ack":500,"actor":1,"dead":0.0,"event":"snapshot","health":100.0,"seq":258.0}
CORRELATION_OBSERVE {"ack":502,"actor":1,"dead":0.0,"event":"snapshot","health":100.0,"seq":259.0}
CORRELATION_OBSERVE {"ack":504,"actor":1,"dead":0.0,"event":"snapshot","health":100.0,"seq":260.0}
GUEST_SAMPLE {"ack":504,"actor":1,"error":"","phase":3,"phase_seconds":0.0,"pose":true,"seconds":9.57131499999991,"snapshots":260,"starts":1}
CORRELATION_OBSERVE {"ack":506,"actor":1,"dead":0.0,"event":"snapshot","health":100.0,"seq":261.0}
CORRELATION_OBSERVE {"ack":508,"actor":1,"dead":0.0,"event":"snapshot","health":100.0,"seq":262.0}
CORRELATION_OBSERVE {"ack":510,"actor":1,"dead":0.0,"event":"snapshot","health":100.0,"seq":263.0}
CORRELATION_OBSERVE {"ack":512,"actor":1,"dead":0.0,"event":"snapshot","health":100.0,"seq":264.0}
CORRELATION_OBSERVE {"ack":514,"actor":1,"dead":0.0,"event":"snapshot","health":100.0,"seq":265.0}
CORRELATION_OBSERVE {"ack":516,"actor":1,"dead":0.0,"event":"snapshot","health":100.0,"seq":266.0}
CORRELATION_OBSERVE {"ack":517,"actor":1,"dead":0.0,"event":"snapshot","health":100.0,"seq":267.0}
CORRELATION_OBSERVE {"ack":519,"actor":1,"dead":0.0,"event":"snapshot","health":100.0,"seq":268.0}
CORRELATION_OBSERVE {"ack":521,"actor":1,"dead":0.0,"event":"snapshot","health":100.0,"seq":269.0}
CORRELATION_OBSERVE {"ack":523,"actor":1,"dead":0.0,"event":"snapshot","health":100.0,"seq":270.0}
CORRELATION_OBSERVE {"ack":525,"actor":1,"dead":0.0,"event":"snapshot","health":100.0,"seq":271.0}
CORRELATION_OBSERVE {"ack":527,"actor":1,"dead":0.0,"event":"snapshot","health":100.0,"seq":272.0}
CORRELATION_OBSERVE {"ack":529,"actor":1,"dead":0.0,"event":"snapshot","health":100.0,"seq":273.0}
CORRELATION_OBSERVE {"ack":531,"actor":1,"dead":0.0,"event":"snapshot","health":100.0,"seq":274.0}
CORRELATION_OBSERVE {"ack":533,"actor":1,"dead":0.0,"event":"snapshot","health":100.0,"seq":275.0}
GUEST_SAMPLE {"ack":533,"actor":1,"error":"","phase":3,"phase_seconds":0.0,"pose":true,"seconds":10.0747229999999,"snapshots":275,"starts":1}
CORRELATION_OBSERVE {"ack":535,"actor":1,"dead":0.0,"event":"snapshot","health":100.0,"seq":276.0}
CORRELATION_OBSERVE {"ack":537,"actor":1,"dead":0.0,"event":"snapshot","health":100.0,"seq":277.0}
CORRELATION_OBSERVE {"ack":538,"actor":1,"dead":0.0,"event":"snapshot","health":100.0,"seq":278.0}
CORRELATION_OBSERVE {"ack":540,"actor":1,"dead":0.0,"event":"snapshot","health":100.0,"seq":279.0}
CORRELATION_OBSERVE {"ack":543,"actor":1,"dead":0.0,"event":"snapshot","health":100.0,"seq":280.0}
CORRELATION_OBSERVE {"ack":544,"actor":1,"dead":0.0,"event":"snapshot","health":100.0,"seq":281.0}
CORRELATION_OBSERVE {"ack":546,"actor":1,"dead":0.0,"event":"snapshot","health":100.0,"seq":282.0}
CORRELATION_OBSERVE {"ack":548,"actor":1,"dead":0.0,"event":"snapshot","health":100.0,"seq":283.0}
CORRELATION_OBSERVE {"ack":550,"actor":1,"dead":0.0,"event":"snapshot","health":100.0,"seq":284.0}
CORRELATION_OBSERVE {"ack":552,"actor":1,"dead":0.0,"event":"snapshot","health":100.0,"seq":285.0}
CORRELATION_OBSERVE {"ack":554,"actor":1,"dead":0.0,"event":"snapshot","health":100.0,"seq":286.0}
CORRELATION_OBSERVE {"ack":556,"actor":1,"dead":0.0,"event":"snapshot","health":100.0,"seq":287.0}
CORRELATION_OBSERVE {"ack":558,"actor":1,"dead":0.0,"event":"snapshot","health":100.0,"seq":288.0}
CORRELATION_OBSERVE {"ack":560,"actor":1,"dead":0.0,"event":"snapshot","health":100.0,"seq":289.0}
CORRELATION_OBSERVE {"ack":562,"actor":1,"dead":0.0,"event":"snapshot","health":100.0,"seq":290.0}
CORRELATION_OBSERVE {"ack":564,"actor":1,"dead":0.0,"event":"snapshot","health":100.0,"seq":291.0}
GUEST_SAMPLE {"ack":564,"actor":1,"error":"","phase":3,"phase_seconds":0.0,"pose":true,"seconds":10.5781309999998,"snapshots":291,"starts":1}
CORRELATION_OBSERVE {"ack":566,"actor":1,"dead":0.0,"event":"snapshot","health":100.0,"seq":292.0}
CORRELATION_OBSERVE {"ack":567,"actor":1,"dead":0.0,"event":"snapshot","health":100.0,"seq":293.0}
CORRELATION_OBSERVE {"ack":569,"actor":1,"dead":0.0,"event":"snapshot","health":100.0,"seq":294.0}
CORRELATION_OBSERVE {"ack":572,"actor":1,"dead":0.0,"event":"snapshot","health":100.0,"seq":295.0}
CORRELATION_OBSERVE {"ack":573,"actor":1,"dead":0.0,"event":"snapshot","health":100.0,"seq":296.0}
CORRELATION_OBSERVE {"ack":575,"actor":1,"dead":0.0,"event":"snapshot","health":100.0,"seq":297.0}
CORRELATION_OBSERVE {"ack":577,"actor":1,"dead":0.0,"event":"snapshot","health":100.0,"seq":298.0}
CORRELATION_OBSERVE {"ack":579,"actor":1,"dead":0.0,"event":"snapshot","health":100.0,"seq":299.0}
CORRELATION_OBSERVE {"ack":581,"actor":1,"dead":0.0,"event":"snapshot","health":100.0,"seq":300.0}
CORRELATION_OBSERVE {"ack":583,"actor":1,"dead":0.0,"event":"snapshot","health":100.0,"seq":301.0}
CORRELATION_OBSERVE {"ack":585,"actor":1,"dead":0.0,"event":"snapshot","health":100.0,"seq":302.0}
CORRELATION_OBSERVE {"ack":587,"actor":1,"dead":0.0,"event":"snapshot","health":100.0,"seq":303.0}
CORRELATION_OBSERVE {"ack":589,"actor":1,"dead":0.0,"event":"snapshot","health":100.0,"seq":304.0}
CORRELATION_OBSERVE {"ack":591,"actor":1,"dead":0.0,"event":"snapshot","health":100.0,"seq":305.0}
CORRELATION_OBSERVE {"ack":593,"actor":1,"dead":0.0,"event":"snapshot","health":100.0,"seq":306.0}
CORRELATION_OBSERVE {"ack":595,"actor":1,"dead":0.0,"event":"snapshot","health":100.0,"seq":307.0}
GUEST_SAMPLE {"ack":595,"actor":1,"error":"","phase":3,"phase_seconds":0.0,"pose":true,"seconds":11.0815389999998,"snapshots":307,"starts":1}
CORRELATION_OBSERVE {"ack":597,"actor":1,"dead":0.0,"event":"snapshot","health":100.0,"seq":308.0}
CORRELATION_OBSERVE {"ack":599,"actor":1,"dead":0.0,"event":"snapshot","health":100.0,"seq":309.0}
CORRELATION_OBSERVE {"ack":600,"actor":1,"dead":0.0,"event":"snapshot","health":100.0,"seq":310.0}
CORRELATION_OBSERVE {"ack":603,"actor":1,"dead":0.0,"event":"snapshot","health":100.0,"seq":311.0}
CORRELATION_OBSERVE {"ack":605,"actor":1,"dead":0.0,"event":"snapshot","health":100.0,"seq":312.0}
CORRELATION_OBSERVE {"ack":606,"actor":1,"dead":0.0,"event":"snapshot","health":100.0,"seq":313.0}
CORRELATION_OBSERVE {"ack":608,"actor":1,"dead":0.0,"event":"snapshot","health":100.0,"seq":314.0}
CORRELATION_OBSERVE {"ack":610,"actor":1,"dead":0.0,"event":"snapshot","health":100.0,"seq":315.0}
CORRELATION_OBSERVE {"ack":612,"actor":1,"dead":0.0,"event":"snapshot","health":100.0,"seq":316.0}
CORRELATION_OBSERVE {"ack":614,"actor":1,"dead":0.0,"event":"snapshot","health":100.0,"seq":317.0}
CORRELATION_OBSERVE {"ack":616,"actor":1,"dead":0.0,"event":"snapshot","health":100.0,"seq":318.0}
CORRELATION_OBSERVE {"ack":618,"actor":1,"dead":0.0,"event":"snapshot","health":100.0,"seq":319.0}
CORRELATION_OBSERVE {"ack":620,"actor":1,"dead":0.0,"event":"snapshot","health":100.0,"seq":320.0}
CORRELATION_OBSERVE {"ack":622,"actor":1,"dead":0.0,"event":"snapshot","health":100.0,"seq":321.0}
CORRELATION_OBSERVE {"ack":624,"actor":1,"dead":0.0,"event":"snapshot","health":100.0,"seq":322.0}
GUEST_SAMPLE {"ack":624,"actor":1,"error":"","phase":3,"phase_seconds":0.0,"pose":true,"seconds":11.5849469999997,"snapshots":322,"starts":1}
CORRELATION_OBSERVE {"ack":626,"actor":1,"dead":0.0,"event":"snapshot","health":100.0,"seq":323.0}
CORRELATION_OBSERVE {"ack":627,"actor":1,"dead":0.0,"event":"snapshot","health":100.0,"seq":324.0}
CORRELATION_OBSERVE {"ack":629,"actor":1,"dead":0.0,"event":"snapshot","health":100.0,"seq":325.0}
CORRELATION_OBSERVE {"ack":632,"actor":1,"dead":0.0,"event":"snapshot","health":100.0,"seq":326.0}
CORRELATION_OBSERVE {"ack":633,"actor":1,"dead":0.0,"event":"snapshot","health":100.0,"seq":327.0}
CORRELATION_OBSERVE {"ack":635,"actor":1,"dead":0.0,"event":"snapshot","health":100.0,"seq":328.0}
CORRELATION_OBSERVE {"ack":637,"actor":1,"dead":0.0,"event":"snapshot","health":100.0,"seq":329.0}
CORRELATION_OBSERVE {"ack":639,"actor":1,"dead":0.0,"event":"snapshot","health":100.0,"seq":330.0}
CORRELATION_OBSERVE {"ack":641,"actor":1,"dead":0.0,"event":"snapshot","health":100.0,"seq":331.0}
CORRELATION_OBSERVE {"ack":643,"actor":1,"dead":0.0,"event":"snapshot","health":100.0,"seq":332.0}
CORRELATION_OBSERVE {"ack":645,"actor":1,"dead":0.0,"event":"snapshot","health":100.0,"seq":333.0}
CORRELATION_OBSERVE {"ack":647,"actor":1,"dead":0.0,"event":"snapshot","health":100.0,"seq":334.0}
CORRELATION_OBSERVE {"ack":649,"actor":1,"dead":0.0,"event":"snapshot","health":100.0,"seq":335.0}
