Godot Engine v4.5.2.stable.official.6ce3de25a - https://godotengine.org

ERROR: Invalid status code. Got: '503', expected '101'.
   at: _verify_server_response (modules/websocket/wsl_peer.cpp:428)
   GDScript backtrace (most recent call first):
       [0] _process (res://net/client.gd:190)
ERROR: Invalid response headers.
   at: _do_client_handshake (modules/websocket/wsl_peer.cpp:404)
   GDScript backtrace (most recent call first):
       [0] _process (res://net/client.gd:190)
GUEST_SAMPLE {"ack":0,"actor":-1,"error":"","phase":0,"phase_seconds":0.499275666666666,"pose":false,"seconds":0.505942333333333,"snapshots":0,"starts":0}
GUEST_SAMPLE {"ack":0,"actor":-1,"error":"","phase":0,"phase_seconds":1.000692,"pose":false,"seconds":1.007588,"snapshots":0,"starts":0}
GUEST_SAMPLE {"ack":0,"actor":-1,"error":"","phase":0,"phase_seconds":1.504389,"pose":false,"seconds":1.51129,"snapshots":0,"starts":0}
GUEST_SAMPLE {"ack":0,"actor":-1,"error":"","phase":0,"phase_seconds":2.008107,"pose":false,"seconds":2.01501,"snapshots":0,"starts":0}
GUEST_SAMPLE {"ack":0,"actor":-1,"error":"","phase":0,"phase_seconds":2.511789,"pose":false,"seconds":2.518691,"snapshots":0,"starts":0}
GUEST_SAMPLE {"ack":0,"actor":-1,"error":"","phase":0,"phase_seconds":3.01549700000001,"pose":false,"seconds":3.02239100000001,"snapshots":0,"starts":0}
GUEST_SAMPLE {"ack":0,"actor":-1,"error":"","phase":0,"phase_seconds":3.51918900000001,"pose":false,"seconds":3.52609300000001,"snapshots":0,"starts":0}
GUEST_SAMPLE {"ack":0,"actor":-1,"error":"","phase":0,"phase_seconds":4.02290600000001,"pose":false,"seconds":4.02980600000001,"snapshots":0,"starts":0}
GUEST_SAMPLE {"ack":0,"actor":-1,"error":"","phase":0,"phase_seconds":4.52658800000001,"pose":false,"seconds":4.53349000000001,"snapshots":0,"starts":0}
GUEST_SAMPLE {"ack":0,"actor":-1,"error":"","phase":0,"phase_seconds":5.03030900000001,"pose":false,"seconds":5.03720700000001,"snapshots":0,"starts":0}
GUEST_SAMPLE {"ack":0,"actor":-1,"error":"","phase":0,"phase_seconds":5.53399300000001,"pose":false,"seconds":5.54089300000001,"snapshots":0,"starts":0}
GUEST_SAMPLE {"ack":0,"actor":-1,"error":"","phase":0,"phase_seconds":6.03770600000001,"pose":false,"seconds":6.04460500000001,"snapshots":0,"starts":0}
GUEST_SAMPLE {"ack":0,"actor":-1,"error":"","phase":0,"phase_seconds":6.54139600000001,"pose":false,"seconds":6.54830600000001,"snapshots":0,"starts":0}
GUEST_SAMPLE {"ack":0,"actor":-1,"error":"","phase":0,"phase_seconds":7.04493500000002,"pose":false,"seconds":7.05183100000002,"snapshots":0,"starts":0}
GUEST_SAMPLE {"ack":0,"actor":-1,"error":"","phase":0,"phase_seconds":7.54834300000004,"pose":false,"seconds":7.55523900000004,"snapshots":0,"starts":0}
GUEST_SAMPLE {"ack":0,"actor":-1,"error":"","phase":0,"phase_seconds":8.05175100000005,"pose":false,"seconds":8.05864700000005,"snapshots":0,"starts":0}
GUEST_SAMPLE {"ack":0,"actor":-1,"error":"","phase":0,"phase_seconds":8.55515900000001,"pose":false,"seconds":8.562055,"snapshots":0,"starts":0}
GUEST_SAMPLE {"ack":0,"actor":-1,"error":"","phase":0,"phase_seconds":9.05856699999996,"pose":false,"seconds":9.06546299999996,"snapshots":0,"starts":0}
GUEST_SAMPLE {"ack":0,"actor":-1,"error":"","phase":0,"phase_seconds":9.56197499999991,"pose":false,"seconds":9.56887099999991,"snapshots":0,"starts":0}
GUEST_SAMPLE {"ack":0,"actor":-1,"error":"","phase":0,"phase_seconds":10.0653829999999,"pose":false,"seconds":10.0722789999999,"snapshots":0,"starts":0}
GUEST_SAMPLE {"ack":0,"actor":-1,"error":"","phase":0,"phase_seconds":10.5687909999998,"pose":false,"seconds":10.5756869999998,"snapshots":0,"starts":0}
GUEST_SAMPLE {"ack":0,"actor":-1,"error":"","phase":0,"phase_seconds":11.0721989999998,"pose":false,"seconds":11.0790949999998,"snapshots":0,"starts":0}
GUEST_SAMPLE {"ack":0,"actor":-1,"error":"","phase":0,"phase_seconds":11.5756069999997,"pose":false,"seconds":11.5825029999997,"snapshots":0,"starts":0}
GUEST_SAMPLE {"ack":0,"actor":-1,"error":"","phase":0,"phase_seconds":12.0790149999997,"pose":false,"seconds":12.0859109999997,"snapshots":0,"starts":0}
GUEST_SAMPLE {"ack":0,"actor":-1,"error":"","phase":0,"phase_seconds":12.5824229999996,"pose":false,"seconds":12.5893189999996,"snapshots":0,"starts":0}
GUEST_SAMPLE {"ack":0,"actor":-1,"error":"","phase":0,"phase_seconds":13.0858309999996,"pose":false,"seconds":13.0927269999996,"snapshots":0,"starts":0}
GUEST_SAMPLE {"ack":0,"actor":-1,"error":"","phase":0,"phase_seconds":13.5892389999995,"pose":false,"seconds":13.5961349999995,"snapshots":0,"starts":0}
GUEST_SAMPLE {"ack":0,"actor":-1,"error":"","phase":0,"phase_seconds":14.0926469999995,"pose":false,"seconds":14.0995429999995,"snapshots":0,"starts":0}
GUEST_SAMPLE {"ack":0,"actor":-1,"error":"","phase":0,"phase_seconds":14.5960549999994,"pose":false,"seconds":14.6029509999994,"snapshots":0,"starts":0}
GUEST_SAMPLE {"ack":0,"actor":-1,"error":"Connection/round-start timed out. Relaunch to reconnect.","phase":-1,"phase_seconds":0.0,"pose":false,"seconds":15.1063589999994,"snapshots":0,"starts":0}
