{
  "map": "meridian-exchange",
  "mode": "teamdeathmatch",
  "startupOnly": false,
  "normalRate": true,
  "input": "Godot engine events; Window.grab_focus/size for test-window management, not OS input",
  "baseline": "f212a8ca404ecc2805fe14c922f51de9f05f50a4",
  "checks": [
    "owned ephemeral port avoids 4332",
    "host menu HUD phase visibility",
    "guest menu HUD phase visibility",
    "no automatic host Start",
    "guest-join role selected via real buttons",
    "connected selectors disabled",
    "expected authoritative map/mode",
    "host start HUD phase visibility",
    "host start leave_button avoids top",
    "host start leave_button avoids score",
    "host start leave_button avoids status",
    "guest start HUD phase visibility",
    "guest start leave_button avoids top",
    "guest start leave_button avoids score",
    "guest start leave_button avoids status",
    "07-host-play HUD phase visibility",
    "07-host-play leave_button avoids top",
    "07-host-play leave_button avoids score",
    "07-host-play leave_button avoids status",
    "08-guest-play HUD phase visibility",
    "08-guest-play leave_button avoids top",
    "08-guest-play leave_button avoids score",
    "08-guest-play leave_button avoids status",
    "guest scoreboard HUD phase visibility",
    "guest scoreboard leave_button avoids top",
    "guest scoreboard leave_button avoids score",
    "guest scoreboard leave_button avoids status",
    "guest scoreboard leave_button avoids board",
    "10-guest-active-leave clean state",
    "10-guest-active-leave no auto reconnect",
    "10-guest-active-leave HUD phase visibility",
    "authority converts departed actor to bot",
    "active rejoin remains non-controlling spectator",
    "11a-host-for-spectator HUD phase visibility",
    "11a-host-for-spectator leave_button avoids top",
    "11a-host-for-spectator leave_button avoids score",
    "11a-host-for-spectator leave_button avoids status",
    "source actually assigned spectator",
    "11c-spectator-explicit-leave clean state",
    "11c-spectator-explicit-leave no auto reconnect",
    "11c-spectator-explicit-leave HUD phase visibility",
    "results 960x640 HUD phase visibility",
    "results 960x640 leave_button avoids top",
    "results 960x640 leave_button avoids score",
    "results 960x640 leave_button avoids status",
    "results 960x640 leave_button avoids board",
    "results 960x640 restart_button avoids top",
    "results 960x640 restart_button avoids score",
    "results 960x640 restart_button avoids status",
    "results 960x640 restart_button avoids board",
    "results 960x640 actions separate",
    "results 1280x800 HUD phase visibility",
    "results 1280x800 leave_button avoids top",
    "results 1280x800 leave_button avoids score",
    "results 1280x800 leave_button avoids status",
    "results 1280x800 leave_button avoids board",
    "results 1280x800 restart_button avoids top",
    "results 1280x800 restart_button avoids score",
    "results 1280x800 restart_button avoids status",
    "results 1280x800 restart_button avoids board",
    "results 1280x800 actions separate",
    "guest cannot restart",
    "both restart uncaptured",
    "16-guest-fresh-recapture HUD phase visibility",
    "16-guest-fresh-recapture leave_button avoids top",
    "16-guest-fresh-recapture leave_button avoids score",
    "16-guest-fresh-recapture leave_button avoids status",
    "17-guest-final-active-leave clean state",
    "17-guest-final-active-leave no auto reconnect",
    "17-guest-final-active-leave HUD phase visibility",
    "18-host-final-active-leave clean state",
    "18-host-final-active-leave no auto reconnect",
    "18-host-final-active-leave HUD phase visibility",
    "guest authority boundary 1",
    "guest authority boundary 2",
    "guest authority boundary 3",
    "natural source clock",
    "host no lobby popups",
    "host no parent callbacks accumulated",
    "guest no lobby popups",
    "guest no parent callbacks accumulated",
    "no native engine errors"
  ],
  "milestones": [
    "01-host-menu-960x640",
    "02-guest-menu-1280x800",
    "03-host-created",
    "04-guest-roster",
    "05-host-start",
    "06-guest-start",
    "07-host-play-captured",
    "07-host-play-paused",
    "08-guest-play-captured",
    "08-guest-play-paused",
    "09-guest-scoreboard",
    "10-guest-active-leave",
    "11-active-rejoin-spectator",
    "11a-host-for-spectator-captured",
    "11a-host-for-spectator-paused",
    "11b-spectator-results",
    "11c-spectator-explicit-leave",
    "12-host-results-960x640",
    "13-host-results-1280x800",
    "14-guest-post-results-wait",
    "15-guest-restarted-uncaptured",
    "16-guest-fresh-recapture-captured",
    "16-guest-fresh-recapture-paused",
    "17-guest-final-active-leave",
    "18-host-final-active-leave"
  ],
  "cleanup": [
    {
      "name": "guest",
      "pid": 3817561,
      "reaped": true,
      "exitCode": null,
      "signal": "SIGTERM"
    },
    {
      "name": "host",
      "pid": 3817134,
      "reaped": true,
      "exitCode": null,
      "signal": "SIGTERM"
    },
    {
      "name": "xvfb",
      "pid": 3817131,
      "reaped": true,
      "exitCode": 0,
      "signal": null
    }
  ],
  "manifestSha256": "14fb45cdf63030a6f1ee0545cb4afe6ccc1cc0daa04aca8d067bbc9900cc5b07",
  "manifestFiles": 111,
  "runtimeModules": 84,
  "artifact": "/tmp/opencode/lobby-popup-free-package/builds/1790055896590242802/cocs-native-linux",
  "binary": "/tmp/opencode/lobby-popup-free-package/builds/1790055896590242802/cocs-native-linux/cocs.x86_64",
  "binarySha256": "3c0994716982c2f557f7738a789269074520ac0c0a3f11bb7a84a34ee96c683d",
  "pckSha256": "49eb359b24c85bf20f258c8a2523cb7d170ab8b4256fff4d759c7e8d886afc8e",
  "observerSha256": "ae370498ceb8f3f6418190a87a46911c414fa4026b47bf9a50bba33891f4159b",
  "runnerSha256": "cde90950f5e35dc41f6c5c10b58782f0bbc75a378afb5ebfc52466d7f52eb7b3",
  "source": "unchanged packaged authority",
  "godot": "4.5.2.stable.official.6ce3de25a",
  "display": ":0",
  "port": 45237,
  "room": "SVAL",
  "originalGuestPeer": 2,
  "originalGuestActor": 1,
  "sourceResultsTime": 60.01666666666454,
  "status": "PASS",
  "serverClosed": true,
  "sockets": 0,
  "wire.jsonl": {
    "bytes": 7339218,
    "sha256": "843b354ab597aa126fbdb9d593baaafb81e042a568d75c3fa376b87bb7c1fc08"
  },
  "actions.jsonl": {
    "bytes": 17841,
    "sha256": "12a6eeeab0d9062ab5e96f88cb3d1ee3c8e650f3cf6174ee40efead9687f5481"
  },
  "witnesses.jsonl": {
    "bytes": 172583,
    "sha256": "e7753be9f370bc21d2499adb78bf310b34bac8157a494648e8fc4f8976662bcc"
  },
  "packageBytesUnchanged": true,
  "nativeErrorLines": [],
  "cleanLogs": true,
  "tempRemoved": true,
  "wallMs": 93792
}
