Godot Engine v4.5.2.stable.official.6ce3de25a - https://godotengine.org
WARNING: Could not set V-Sync mode, as changing V-Sync mode is not supported by the graphics driver.
     at: set_use_vsync (platform/linuxbsd/x11/gl_manager_x11.cpp:364)
OpenGL API 4.5 (Core Profile) Mesa 25.2.8-0ubuntu0.25.10.2 - Compatibility - Using Device: Mesa - llvmpipe (LLVM 20.1.8, 256 bits)

WORLD_COMMANDS {"ackHighWater":1,"actor":0,"event":"check","inputSeq":2,"message":"ordinary world host ready","ms":4520,"ok":true,"peer":1,"snapshotSeq":2}
WORLD_COMMANDS {"ackHighWater":1,"actor":0,"event":"check","inputSeq":2,"message":"actual co-op world and shared movement socket","ms":4520,"ok":true,"peer":1,"snapshotSeq":2}
WORLD_COMMANDS {"ackHighWater":9,"actor":0,"event":"opened","inputSeq":11,"ms":5410,"peer":1,"snapshotSeq":50}
WORLD_COMMANDS {"ackHighWater":9,"actor":0,"event":"check","inputSeq":11,"message":"C releases pointer with W/fire held","ms":5411,"ok":true,"peer":1,"snapshotSeq":50}
WORLD_COMMANDS {"ackHighWater":21,"actor":0,"event":"overlay-settled","inputSeq":22,"ms":5888,"peer":1,"snapshotSeq":70}
WORLD_COMMANDS {"ackHighWater":30,"actor":0,"event":"check","inputSeq":31,"message":"overlay stops authoritative motion with W/fire held","ms":6294,"ok":true,"peer":1,"snapshotSeq":82}
WORLD_COMMANDS {"ackHighWater":31,"actor":0,"event":"check","inputSeq":32,"message":"own frontier listed","ms":6380,"ok":true,"peer":1,"snapshotSeq":83}
WORLD_COMMANDS {"ackHighWater":33,"actor":0,"event":"check","inputSeq":34,"message":"selection submits nothing","ms":6473,"ok":true,"peer":1,"snapshotSeq":86}
WORLD_COMMANDS {"ackHighWater":37,"actor":0,"event":"check","inputSeq":38,"message":"one HOLD accepted by source (running or already settled)","ms":6643,"ok":true,"peer":1,"snapshotSeq":91}
WORLD_COMMANDS {"ackHighWater":37,"actions":[{"actionSeq":1,"cardId":"native-r1-p1-s1","kind":"hold","reason":null,"roundRev":1,"status":"pending (server accepted)","target":"front-0"}],"actor":0,"command":{"executor":0.0,"flux":124.55,"humans":1.0,"lease":{"chief":false,"executor":0.0,"humans":1.0,"requestable":false,"requests":[],"slot":0.0,"start":0.0,"until":600.0},"leaseUntil":600.0,"policy":{"0":null},"route":{"0":null},"seat":{"0":null},"slicePerPlayer":2.0,"slices":[{"allowance":62.0,"id":0.0,"remaining":62.0,"spent":0.0}],"spent":{},"threads":{"cap":2.0,"used":0.0},"votes":{"0":[]}},"consent":false,"event":"hold-receipt","gate":"Repeated activation suppressed","inputSeq":38,"ms":6643,"peer":1,"recruitment":{"open":false,"peer":1,"phase":"build_up","sink":{"affordable":true,"available":true,"cost":50.0,"enabled":false},"spawned":0.0,"wave":1.0},"req":0.0,"round":1,"snapshotSeq":91,"spent":0.0}
WORLD_COMMANDS {"ackHighWater":37,"actor":0,"event":"check","inputSeq":38,"message":"initial deployment recruitment closed","ms":6643,"ok":true,"peer":1,"snapshotSeq":91}
WORLD_COMMANDS {"ackHighWater":38,"actor":0,"event":"check","inputSeq":39,"message":"saved waiting-window","ms":6793,"ok":true,"peer":1,"snapshotSeq":92}
WORLD_COMMANDS {"ackHighWater":3746,"actor":0,"event":"check","inputSeq":3747,"message":"natural intermission permits recruitment","ms":135173,"ok":true,"peer":1,"snapshotSeq":3990}
WORLD_COMMANDS {"ackHighWater":3746,"actions":[{"actionSeq":1,"cardId":"native-r1-p1-s1","kind":"hold","reason":"replaced","roundRev":1,"status":"confirmed","target":"front-0"}],"actor":0,"command":{"executor":0.0,"flux":300.0,"humans":1.0,"lease":{"chief":false,"executor":0.0,"humans":1.0,"requestable":false,"requests":[],"slot":0.0,"start":7800.0,"until":8400.0},"leaseUntil":8400.0,"policy":{"0":null},"route":{"0":null},"seat":{"0":null},"slicePerPlayer":2.0,"slices":[{"allowance":150.0,"id":0.0,"remaining":150.0,"spent":0.0}],"spent":{},"threads":{"cap":2.0,"used":0.0},"votes":{"0":[]}},"consent":false,"event":"window-open","gate":"Recipient permission available. Authorize, then purchase once.","inputSeq":3747,"ms":135173,"peer":1,"recruitment":{"open":true,"peer":1,"phase":"intermission","sink":{"affordable":true,"available":true,"cost":50.0,"enabled":true},"spawned":0.0,"wave":1.0},"req":0.0,"round":1,"snapshotSeq":3990,"spent":28.0}
WORLD_COMMANDS {"ackHighWater":3746,"actor":0,"event":"check","inputSeq":3747,"message":"natural window needs explicit 50-FLUX consent","ms":135173,"ok":true,"peer":1,"snapshotSeq":3990}
WORLD_COMMANDS {"ackHighWater":3747,"actor":0,"event":"check","inputSeq":3749,"message":"purchase without consent sends nothing","ms":135212,"ok":true,"peer":1,"snapshotSeq":3991}
WORLD_COMMANDS {"ackHighWater":3750,"actor":0,"event":"check","inputSeq":3751,"message":"engine click authorizes expiring lease","ms":135265,"ok":true,"peer":1,"snapshotSeq":3993}
WORLD_COMMANDS {"ackHighWater":3750,"actions":[{"actionSeq":1,"cardId":"native-r1-p1-s1","kind":"hold","reason":"replaced","roundRev":1,"status":"confirmed","target":"front-0"}],"actor":0,"command":{"executor":0.0,"flux":300.0,"humans":1.0,"lease":{"chief":false,"executor":0.0,"humans":1.0,"requestable":false,"requests":[],"slot":0.0,"start":7800.0,"until":8400.0},"leaseUntil":8400.0,"policy":{"0":null},"route":{"0":null},"seat":{"0":null},"slicePerPlayer":2.0,"slices":[{"allowance":150.0,"id":0.0,"remaining":150.0,"spent":0.0}],"spent":{},"threads":{"cap":2.0,"used":0.0},"votes":{"0":[]}},"consent":true,"event":"old-consent","gate":"Recipient permission available. Authorize, then purchase once.","inputSeq":3751,"ms":135265,"peer":1,"recruitment":{"open":true,"peer":1,"phase":"intermission","sink":{"affordable":true,"available":true,"cost":50.0,"enabled":true},"spawned":0.0,"wave":1.0},"req":0.0,"round":1,"snapshotSeq":3993,"spent":28.0}
WORLD_COMMANDS {"ackHighWater":3751,"actor":0,"event":"check","inputSeq":3752,"message":"saved authorized-old-lease","ms":135375,"ok":true,"peer":1,"snapshotSeq":3994}
WORLD_COMMANDS {"ackHighWater":4039,"actor":0,"event":"check","inputSeq":4040,"message":"source lease expires naturally","ms":142002,"ok":true,"peer":1,"snapshotSeq":4200}
WORLD_COMMANDS {"ackHighWater":4039,"actions":[{"actionSeq":1,"cardId":"native-r1-p1-s1","kind":"hold","reason":"replaced","roundRev":1,"status":"confirmed","target":"front-0"}],"actor":0,"command":{"executor":0.0,"flux":299.993,"humans":1.0,"lease":{"chief":false,"executor":0.0,"humans":1.0,"requestable":false,"requests":[],"slot":0.0,"start":8400.0,"until":9000.0},"leaseUntil":9000.0,"policy":{"0":null},"route":{"0":null},"seat":{"0":null},"slicePerPlayer":2.0,"slices":[{"allowance":149.0,"id":0.0,"remaining":149.0,"spent":0.0}],"spent":{},"threads":{"cap":2.0,"used":1.0},"votes":{"0":[]}},"consent":false,"event":"lease-rotated","gate":"Recipient permission available. Authorize, then purchase once.","inputSeq":4040,"ms":142002,"peer":1,"recruitment":{"open":true,"peer":1,"phase":"intermission","sink":{"affordable":true,"available":true,"cost":50.0,"enabled":true},"spawned":0.0,"wave":1.0},"req":0.0,"round":1,"snapshotSeq":4200,"spent":35.0}
WORLD_COMMANDS {"ackHighWater":4039,"actor":0,"event":"check","inputSeq":4040,"message":"natural epoch change drops old consent","ms":142002,"ok":true,"peer":1,"snapshotSeq":4200}
WORLD_COMMANDS {"ackHighWater":4055,"actor":0,"event":"check","inputSeq":4056,"message":"old consent cannot purchase after natural lease expiration","ms":142351,"ok":true,"peer":1,"snapshotSeq":4211}
WORLD_COMMANDS {"ackHighWater":4055,"actions":[{"actionSeq":1,"cardId":"native-r1-p1-s1","kind":"hold","reason":"replaced","roundRev":1,"status":"confirmed","target":"front-0"}],"actor":0,"command":{"executor":0.0,"flux":299.993,"humans":1.0,"lease":{"chief":false,"executor":0.0,"humans":1.0,"requestable":false,"requests":[],"slot":0.0,"start":8400.0,"until":9000.0},"leaseUntil":9000.0,"policy":{"0":null},"route":{"0":null},"seat":{"0":null},"slicePerPlayer":2.0,"slices":[{"allowance":149.0,"id":0.0,"remaining":149.0,"spent":0.0}],"spent":{},"threads":{"cap":2.0,"used":1.0},"votes":{"0":[]}},"consent":false,"event":"old-consent-blocked","gate":"Recipient permission available. Authorize, then purchase once.","inputSeq":4056,"ms":142351,"peer":1,"recruitment":{"open":true,"peer":1,"phase":"intermission","sink":{"affordable":true,"available":true,"cost":50.0,"enabled":true},"spawned":0.0,"wave":1.0},"req":0.0,"round":1,"snapshotSeq":4211,"spent":35.0}
WORLD_COMMANDS {"ackHighWater":4055,"actor":0,"event":"check","inputSeq":4056,"message":"saved expired-consent","ms":142454,"ok":true,"peer":1,"snapshotSeq":4211}
WORLD_COMMANDS {"ackHighWater":4055,"actor":0,"event":"check","inputSeq":4056,"message":"same natural window still permits new consent","ms":142454,"ok":true,"peer":1,"snapshotSeq":4211}
WORLD_COMMANDS {"ackHighWater":4055,"actions":[{"actionSeq":1,"cardId":"native-r1-p1-s1","kind":"hold","reason":"replaced","roundRev":1,"status":"confirmed","target":"front-0"}],"actor":0,"command":{"executor":0.0,"flux":299.993,"humans":1.0,"lease":{"chief":false,"executor":0.0,"humans":1.0,"requestable":false,"requests":[],"slot":0.0,"start":8400.0,"until":9000.0},"leaseUntil":9000.0,"policy":{"0":null},"route":{"0":null},"seat":{"0":null},"slicePerPlayer":2.0,"slices":[{"allowance":149.0,"id":0.0,"remaining":149.0,"spent":0.0}],"spent":{},"threads":{"cap":2.0,"used":1.0},"votes":{"0":[]}},"consent":false,"event":"before-purchase","gate":"Recipient permission available. Authorize, then purchase once.","inputSeq":4056,"ms":142454,"peer":1,"recruitment":{"open":true,"peer":1,"phase":"intermission","sink":{"affordable":true,"available":true,"cost":50.0,"enabled":true},"spawned":0.0,"wave":1.0},"req":0.0,"round":1,"snapshotSeq":4211,"spent":35.0}
WORLD_COMMANDS {"ackHighWater":4056,"actor":0,"event":"check","inputSeq":4057,"message":"new deliberate consent for current lease","ms":142487,"ok":true,"peer":1,"snapshotSeq":4214}
WORLD_COMMANDS {"ackHighWater":4056,"actions":[{"actionSeq":1,"cardId":"native-r1-p1-s1","kind":"hold","reason":"replaced","roundRev":1,"status":"confirmed","target":"front-0"}],"actor":0,"command":{"executor":0.0,"flux":299.993,"humans":1.0,"lease":{"chief":false,"executor":0.0,"humans":1.0,"requestable":false,"requests":[],"slot":0.0,"start":8400.0,"until":9000.0},"leaseUntil":9000.0,"policy":{"0":null},"route":{"0":null},"seat":{"0":null},"slicePerPlayer":2.0,"slices":[{"allowance":149.0,"id":0.0,"remaining":149.0,"spent":0.0}],"spent":{},"threads":{"cap":2.0,"used":1.0},"votes":{"0":[]}},"consent":true,"event":"fresh-consent","gate":"Recipient permission available. Authorize, then purchase once.","inputSeq":4057,"ms":142487,"peer":1,"recruitment":{"open":true,"peer":1,"phase":"intermission","sink":{"affordable":true,"available":true,"cost":50.0,"enabled":true},"spawned":0.0,"wave":1.0},"req":0.0,"round":1,"snapshotSeq":4214,"spent":35.0}
WORLD_COMMANDS {"ackHighWater":4057,"actor":0,"event":"check","inputSeq":4059,"message":"Tab focuses REINFORCE","ms":142537,"ok":true,"peer":1,"snapshotSeq":4216}
WORLD_COMMANDS {"ackHighWater":4064,"actor":0,"event":"check","inputSeq":4065,"message":"Enter and repeated clicks consume one consent","ms":142689,"ok":true,"peer":1,"snapshotSeq":4221}
WORLD_COMMANDS {"ackHighWater":4064,"actor":0,"event":"check","inputSeq":4065,"message":"matching source done receipt","ms":142689,"ok":true,"peer":1,"snapshotSeq":4221}
WORLD_COMMANDS {"ackHighWater":4064,"actor":0,"event":"check","inputSeq":4065,"message":"recipient cumulative spent +50 and spawned +1","ms":142690,"ok":true,"peer":1,"snapshotSeq":4221}
WORLD_COMMANDS {"ackHighWater":4064,"actions":[{"actionSeq":1,"cardId":"native-r1-p1-s1","kind":"hold","reason":"replaced","roundRev":1,"status":"confirmed","target":"front-0"},{"actionSeq":2,"cardId":"native-r1-p1-s2","kind":"reinforce","reason":null,"roundRev":1,"status":"confirmed","target":""}],"actor":0,"command":{"executor":0.0,"flux":250.322,"humans":1.0,"lease":{"chief":false,"executor":0.0,"humans":1.0,"requestable":false,"requests":[],"slot":0.0,"start":8400.0,"until":9000.0},"leaseUntil":9000.0,"policy":{"0":null},"route":{"0":null},"seat":{"0":null},"slicePerPlayer":2.0,"slices":[{"allowance":125.0,"id":0.0,"remaining":75.0,"spent":50.0}],"spent":{"0":50.0},"threads":{"cap":3.0,"used":2.0},"votes":{"0":[]}},"consent":false,"event":"purchase-receipt","gate":"Repeated activation suppressed","inputSeq":4065,"ms":142690,"peer":1,"recruitment":{"open":true,"peer":1,"phase":"intermission","sink":{"affordable":true,"available":true,"cost":50.0,"enabled":true},"spawned":1.0,"wave":1.0},"req":0.0,"round":1,"snapshotSeq":4221,"spent":85.0}
WORLD_COMMANDS {"ackHighWater":4065,"actor":0,"event":"check","inputSeq":4066,"message":"saved purchase-receipt","ms":142801,"ok":true,"peer":1,"snapshotSeq":4222}
WORLD_COMMANDS {"ackHighWater":4065,"actor":0,"event":"check","inputSeq":4066,"message":"panel fits viewport","ms":142801,"ok":true,"peer":1,"snapshotSeq":4222}
WORLD_COMMANDS {"ackHighWater":4065,"actor":0,"event":"closing","inputSeq":4066,"ms":142802,"peer":1,"snapshotSeq":4222}
WORLD_COMMANDS {"ackHighWater":4069,"actor":0,"event":"check","inputSeq":4070,"message":"close drops selection and held W blocks recapture","ms":142886,"ok":true,"peer":1,"snapshotSeq":4227}
WORLD_COMMANDS {"ackHighWater":4070,"actor":0,"event":"check","inputSeq":4072,"message":"held mouse still blocks recapture","ms":142927,"ok":true,"peer":1,"snapshotSeq":4228}
WORLD_COMMANDS {"ackHighWater":4073,"actor":0,"event":"check","inputSeq":4074,"message":"releasing controls alone does not resume","ms":142982,"ok":true,"peer":1,"snapshotSeq":4230}
WORLD_COMMANDS {"ackHighWater":4073,"actor":0,"event":"resume-click","inputSeq":4074,"ms":142982,"peer":1,"snapshotSeq":4230}
WORLD_COMMANDS {"ackHighWater":4074,"actor":0,"event":"check","inputSeq":4076,"message":"fresh click recaptures","ms":143027,"ok":true,"peer":1,"snapshotSeq":4231}
WORLD_COMMANDS {"ackHighWater":4074,"actor":0,"event":"movement-start","inputSeq":4076,"ms":143027,"peer":1,"snapshotSeq":4231}
WORLD_COMMANDS {"ackHighWater":4099,"actor":0,"event":"check","inputSeq":4100,"message":"same actor moves after fresh click","ms":143557,"ok":true,"peer":1,"snapshotSeq":4248}
WORLD_COMMANDS {"ackHighWater":4099,"actor":0,"event":"movement-end","inputSeq":4100,"ms":143557,"peer":1,"snapshotSeq":4248}
WORLD_COMMANDS {"ackHighWater":4101,"actor":0,"event":"reopened","inputSeq":4103,"ms":143594,"peer":1,"snapshotSeq":4249}
WORLD_COMMANDS {"ackHighWater":4101,"actor":0,"event":"check","inputSeq":4103,"message":"reopening restores no stale consent","ms":143594,"ok":true,"peer":1,"snapshotSeq":4249}
WORLD_COMMANDS {"ackHighWater":4139,"actor":0,"event":"check","inputSeq":4141,"message":"reopened repeated purchase cannot duplicate","ms":144438,"ok":true,"peer":1,"snapshotSeq":4275}
WORLD_COMMANDS {"ackHighWater":4139,"actions":[{"actionSeq":1,"cardId":"native-r1-p1-s1","kind":"hold","reason":"replaced","roundRev":1,"status":"confirmed","target":"front-0"},{"actionSeq":2,"cardId":"native-r1-p1-s2","kind":"reinforce","reason":null,"roundRev":1,"status":"confirmed","target":""}],"actor":0,"command":{"executor":0.0,"flux":262.85,"humans":1.0,"lease":{"chief":false,"executor":0.0,"humans":1.0,"requestable":false,"requests":[],"slot":0.0,"start":8400.0,"until":9000.0},"leaseUntil":9000.0,"policy":{"0":null},"route":{"0":null},"seat":{"0":null},"slicePerPlayer":2.0,"slices":[{"allowance":131.0,"id":0.0,"remaining":81.0,"spent":50.0}],"spent":{"0":50.0},"threads":{"cap":3.0,"used":2.0},"votes":{"0":[]}},"consent":false,"event":"final-receipt","gate":"Recipient permission available. Authorize, then purchase once.","inputSeq":4141,"ms":144438,"peer":1,"recruitment":{"open":true,"peer":1,"phase":"intermission","sink":{"affordable":true,"available":true,"cost":50.0,"enabled":true},"spawned":1.0,"wave":1.0},"req":0.0,"round":1,"snapshotSeq":4275,"spent":85.0}
WORLD_COMMANDS {"ackHighWater":4139,"actor":0,"event":"check","inputSeq":4141,"message":"saved reopened","ms":144529,"ok":true,"peer":1,"snapshotSeq":4275}
WORLD_COMMANDS {"ackHighWater":0,"actor":-1,"event":"check","inputSeq":0,"message":"disconnect clears controls and consent","ms":144583,"ok":true,"peer":-1,"snapshotSeq":-1}
WORLD_COMMANDS {"ackHighWater":0,"actor":-1,"checks":35,"event":"result","failures":0,"input":"engine key/mouse events; not OS/human input","inputSeq":0,"ms":144583,"peer":-1,"snapshotSeq":-1}
