Godot Engine v4.5.2.stable.official.6ce3de25a - https://godotengine.org

ERROR: Parse JSON failed. Error at line 0: Unknown error getting token
   at: parse_string (core/io/json.cpp:604)
   GDScript backtrace (most recent call first):
       [0] open (res://world/catalog.gd:12)
       [1] run (res://tests/protocol/presentation.gd:18)
ERROR: catalog
   at: push_error (core/variant/variant_utility.cpp:1024)
   GDScript backtrace (most recent call first):
       [0] check (res://tests/protocol/presentation.gd:9)
       [1] run (res://tests/protocol/presentation.gd:18)
SCRIPT ERROR: Assertion failed: catalog
          at: check (res://tests/protocol/presentation.gd:11)
          GDScript backtrace (most recent call first):
              [0] check (res://tests/protocol/presentation.gd:11)
              [1] run (res://tests/protocol/presentation.gd:18)
ERROR: decode
   at: push_error (core/variant/variant_utility.cpp:1024)
   GDScript backtrace (most recent call first):
       [0] check (res://tests/protocol/presentation.gd:9)
       [1] run (res://tests/protocol/presentation.gd:33)
SCRIPT ERROR: Assertion failed: decode
          at: check (res://tests/protocol/presentation.gd:11)
          GDScript backtrace (most recent call first):
              [0] check (res://tests/protocol/presentation.gd:11)
              [1] run (res://tests/protocol/presentation.gd:33)
ERROR: decode
   at: push_error (core/variant/variant_utility.cpp:1024)
   GDScript backtrace (most recent call first):
       [0] check (res://tests/protocol/presentation.gd:9)
       [1] run (res://tests/protocol/presentation.gd:33)
SCRIPT ERROR: Assertion failed: decode
          at: check (res://tests/protocol/presentation.gd:11)
          GDScript backtrace (most recent call first):
              [0] check (res://tests/protocol/presentation.gd:11)
              [1] run (res://tests/protocol/presentation.gd:33)
ERROR: decode
   at: push_error (core/variant/variant_utility.cpp:1024)
   GDScript backtrace (most recent call first):
       [0] check (res://tests/protocol/presentation.gd:9)
       [1] run (res://tests/protocol/presentation.gd:33)
SCRIPT ERROR: Assertion failed: decode
          at: check (res://tests/protocol/presentation.gd:11)
          GDScript backtrace (most recent call first):
              [0] check (res://tests/protocol/presentation.gd:11)
              [1] run (res://tests/protocol/presentation.gd:33)
ERROR: decode
   at: push_error (core/variant/variant_utility.cpp:1024)
   GDScript backtrace (most recent call first):
       [0] check (res://tests/protocol/presentation.gd:9)
       [1] run (res://tests/protocol/presentation.gd:33)
SCRIPT ERROR: Assertion failed: decode
          at: check (res://tests/protocol/presentation.gd:11)
          GDScript backtrace (most recent call first):
              [0] check (res://tests/protocol/presentation.gd:11)
              [1] run (res://tests/protocol/presentation.gd:33)
ERROR: actor count
   at: push_error (core/variant/variant_utility.cpp:1024)
   GDScript backtrace (most recent call first):
       [0] check (res://tests/protocol/presentation.gd:9)
       [1] run (res://tests/protocol/presentation.gd:37)
SCRIPT ERROR: Assertion failed: actor count
          at: check (res://tests/protocol/presentation.gd:11)
          GDScript backtrace (most recent call first):
              [0] check (res://tests/protocol/presentation.gd:11)
              [1] run (res://tests/protocol/presentation.gd:37)
SCRIPT ERROR: Out of bounds get index '0' (on base: 'Dictionary')
          at: run (res://tests/protocol/presentation.gd:39)
          GDScript backtrace (most recent call first):
              [0] run (res://tests/protocol/presentation.gd:39)
WARNING: ObjectDB instances leaked at exit (run with --verbose for details).
     at: cleanup (core/object/object.cpp:2514)
ERROR: 2 resources still in use at exit (run with --verbose for details).
   at: clear (core/io/resource.cpp:804)
