Godot Engine v4.5.2.stable.official.6ce3de25a - https://godotengine.org

[   0% ] [90m[1mfirst_scan_filesystem[22m | Started Project initialization (5 steps)[39m[0m
[   0% ] [90m[1mfirst_scan_filesystem[22m | Scanning file structure...[39m[0m
[  16% ] [90m[1mfirst_scan_filesystem[22m | Loading global class names...[39m[0m
[  33% ] [90m[1mfirst_scan_filesystem[22m | Verifying GDExtensions...[39m[0m
[  50% ] [90m[1mfirst_scan_filesystem[22m | Creating autoload scripts...[39m[0m
[  66% ] [90m[1mfirst_scan_filesystem[22m | Initializing plugins...[39m[0m
[  83% ] [90m[1mfirst_scan_filesystem[22m | Starting file scan...[39m[0m
[92m[ DONE ][39m [1mfirst_scan_filesystem[22m
[0m
WARNING: Missing .uid file for path "res://tests/protocol/audio_feedback.gd". The file was re-created from cache.
     at: _process_file_system (editor/file_system/editor_file_system.cpp:1363)
WARNING: Missing .uid file for path "res://tests/protocol/entity_visuals.gd". The file was re-created from cache.
     at: _process_file_system (editor/file_system/editor_file_system.cpp:1363)
WARNING: Missing .uid file for path "res://tests/vehicles/test_puma.gd". The file was re-created from cache.
     at: _process_file_system (editor/file_system/editor_file_system.cpp:1363)
WARNING: Missing .uid file for path "res://vehicles/demo.gd". The file was re-created from cache.
     at: _process_file_system (editor/file_system/editor_file_system.cpp:1363)
WARNING: Missing .uid file for path "res://vehicles/puma.gd". The file was re-created from cache.
     at: _process_file_system (editor/file_system/editor_file_system.cpp:1363)
WARNING: Missing .uid file for path "res://vehicles/renderer.gd". The file was re-created from cache.
     at: _process_file_system (editor/file_system/editor_file_system.cpp:1363)
WARNING: Missing .uid file for path "res://world/actor_visual.gd". The file was re-created from cache.
     at: _process_file_system (editor/file_system/editor_file_system.cpp:1363)
WARNING: Missing .uid file for path "res://world/audio_feedback.gd". The file was re-created from cache.
     at: _process_file_system (editor/file_system/editor_file_system.cpp:1363)
WARNING: Missing .uid file for path "res://world/combat_overlay.gd". The file was re-created from cache.
     at: _process_file_system (editor/file_system/editor_file_system.cpp:1363)
WARNING: Missing .uid file for path "res://world/pickup_visual.gd". The file was re-created from cache.
     at: _process_file_system (editor/file_system/editor_file_system.cpp:1363)
[   0% ] [90m[1mloading_editor_layout[22m | Started Loading editor (5 steps)[39m[0m
[   0% ] [90m[1mloading_editor_layout[22m | Loading editor layout...[39m[0m
[92m[ DONE ][39m [1mloading_editor_layout[22m
[0m
